empty            16 KiB, 1000000 batches x 4096 loads
random           36 KiB, 1000000 batches x 4096 loads
sequential       44 KiB, 1000000 batches x 4096 loads
random           96 KiB, 1000000 batches x 4096 loads
random           44 KiB, 1000000 batches x 4096 loads
sequential       24 KiB, 1000000 batches x 4096 loads
sequential       48 KiB, 1000000 batches x 4096 loads
random          128 KiB, 1000000 batches x 4096 loads
sequential       96 KiB, 1000000 batches x 4096 loads
random           60 KiB, 1000000 batches x 4096 loads
sequential       56 KiB, 1000000 batches x 4096 loads
random          112 KiB, 1000000 batches x 4096 loads
sequential       16 KiB, 1000000 batches x 4096 loads
random           56 KiB, 1000000 batches x 4096 loads
sequential       64 KiB, 1000000 batches x 4096 loads
sequential      112 KiB, 1000000 batches x 4096 loads
sequential       52 KiB, 1000000 batches x 4096 loads
random           80 KiB, 1000000 batches x 4096 loads
sequential       36 KiB, 1000000 batches x 4096 loads
sequential       40 KiB, 1000000 batches x 4096 loads
sequential       80 KiB, 1000000 batches x 4096 loads
random           16 KiB, 1000000 batches x 4096 loads
sequential       32 KiB, 1000000 batches x 4096 loads
random           40 KiB, 1000000 batches x 4096 loads
sequential       60 KiB, 1000000 batches x 4096 loads
random           32 KiB, 1000000 batches x 4096 loads
random           64 KiB, 1000000 batches x 4096 loads
sequential      128 KiB, 1000000 batches x 4096 loads
random           24 KiB, 1000000 batches x 4096 loads
sequential       28 KiB, 1000000 batches x 4096 loads
random           52 KiB, 1000000 batches x 4096 loads
random           48 KiB, 1000000 batches x 4096 loads
random           28 KiB, 1000000 batches x 4096 loads
Saved refine-small. Analyze with: python3 capacity.py plot refine-small
empty           512 KiB, 1000000 batches x 4096 loads
sequential      512 KiB, 1000000 batches x 4096 loads
sequential     2304 KiB, 1000000 batches x 4096 loads
random         1536 KiB, 1000000 batches x 4096 loads
sequential     1536 KiB, 1000000 batches x 4096 loads
sequential     3072 KiB, 1000000 batches x 4096 loads
sequential     3584 KiB, 1000000 batches x 4096 loads
random         4096 KiB, 1000000 batches x 4096 loads
sequential     2560 KiB, 1000000 batches x 4096 loads
sequential     2816 KiB, 1000000 batches x 4096 loads
sequential     1792 KiB, 1000000 batches x 4096 loads
sequential      768 KiB, 1000000 batches x 4096 loads
random         3072 KiB, 1000000 batches x 4096 loads
sequential     2048 KiB, 1000000 batches x 4096 loads
random         2048 KiB, 1000000 batches x 4096 loads
random         3584 KiB, 1000000 batches x 4096 loads
random         2816 KiB, 1000000 batches x 4096 loads
random          512 KiB, 1000000 batches x 4096 loads
sequential     1280 KiB, 1000000 batches x 4096 loads
random         1792 KiB, 1000000 batches x 4096 loads
random         1280 KiB, 1000000 batches x 4096 loads
random         1024 KiB, 1000000 batches x 4096 loads
sequential     4096 KiB, 1000000 batches x 4096 loads
sequential     1024 KiB, 1000000 batches x 4096 loads
random         2560 KiB, 1000000 batches x 4096 loads
random         2304 KiB, 1000000 batches x 4096 loads
random          768 KiB, 1000000 batches x 4096 loads
Saved refine-middle. Analyze with: python3 capacity.py plot refine-middle
empty          8192 KiB, 1000000 batches x 4096 loads
sequential    32768 KiB, 1000000 batches x 4096 loads
random       131072 KiB, 1000000 batches x 4096 loads
sequential    36864 KiB, 1000000 batches x 4096 loads
random        24576 KiB, 1000000 batches x 4096 loads
random        49152 KiB, 1000000 batches x 4096 loads
sequential    65536 KiB, 1000000 batches x 4096 loads
random        32768 KiB, 1000000 batches x 4096 loads
random        98304 KiB, 1000000 batches x 4096 loads
sequential     8192 KiB, 1000000 batches x 4096 loads
sequential    49152 KiB, 1000000 batches x 4096 loads
sequential    57344 KiB, 1000000 batches x 4096 loads
random        65536 KiB, 1000000 batches x 4096 loads
sequential    40960 KiB, 1000000 batches x 4096 loads
sequential    98304 KiB, 1000000 batches x 4096 loads
sequential    12288 KiB, 1000000 batches x 4096 loads
sequential    24576 KiB, 1000000 batches x 4096 loads
sequential    28672 KiB, 1000000 batches x 4096 loads
random        57344 KiB, 1000000 batches x 4096 loads
random         8192 KiB, 1000000 batches x 4096 loads
sequential    20480 KiB, 1000000 batches x 4096 loads
random        28672 KiB, 1000000 batches x 4096 loads
random        20480 KiB, 1000000 batches x 4096 loads
random        16384 KiB, 1000000 batches x 4096 loads
sequential   131072 KiB, 1000000 batches x 4096 loads
sequential    16384 KiB, 1000000 batches x 4096 loads
random        40960 KiB, 1000000 batches x 4096 loads
random        36864 KiB, 1000000 batches x 4096 loads
random        12288 KiB, 1000000 batches x 4096 loads
Saved refine-large. Analyze with: python3 capacity.py plot refine-large
All refinement groups collected for artemisia
