{"constraint": "genoa", "complete": true, "verified_points": 360, "issues": 0, "coverage_issues": 0, "plan_ready": true, "missing_inputs": []}
{"record": "/gpfs_common/share04/ece592f26/hlee58/tmp/hazel-phase3-20260911/submissions/genoa/page-20260912T041719.876681Z.json", "returncode": 0, "job_id": "811209", "stderr": ""}
{"record": "/gpfs_common/share04/ece592f26/hlee58/tmp/hazel-phase3-20260911/submissions/genoa/indep-20260912T041720.016063Z.json", "returncode": 0, "job_id": "811210", "stderr": ""}
{"record": "/gpfs_common/share04/ece592f26/hlee58/tmp/hazel-phase3-20260911/submissions/genoa/followup-smoke-20260912T041720.133601Z.json", "returncode": 0, "job_id": "811211", "stderr": ""}

------------------------------------------------------------
Resource usage summary:

    Job ID            : 811206
    Job name          : hz-genoa-analysis
    User / Account    : hlee58 / ece592f26_cpu
    Partition / QOS   : compute / normal
    Submitted         : 2026-09-12T00:15:44
    Started           : 2026-09-12T00:16:06
    Wait time         : 22 sec
    Elapsed (wall)    : 00:01:15
    Nodes             : 1 (c207n02)
    CPUs allocated    : 1
    Tasks             : 1
    CPU time (total)  : 48.61 sec  (user 47.74, sys 0.87)
    CPU efficiency    : 64.8%
    Memory in use     : 69.43 MB  (sampled at job end; see seff for peak)
    Memory requested  : 4G
    Working directory : /gpfs_common/share04/ece592f26/hlee58/tmp/hazel-phase3-20260911/suite
    Exit code         : 0:0

    For final accounting (Slurm's MaxRSS, billing, etc.):  seff 811206
------------------------------------------------------------
