{"time": "2026-09-12T03:40:05.188258+00:00", "constraint": "genoa", "watched_job": "810673", "caretaker_job": "810870", "action": "submit_continuation", "command": ["python3", "/gpfs_common/share04/ece592f26/hlee58/tmp/hazel-phase3-20260911/suite/submit.py", "genoa", "full"], "returncode": 1, "stdout": "", "stderr": "Refusing duplicate active job: 811148|RUNNING|n0398\n"}

------------------------------------------------------------
Resource usage summary:

    Job ID            : 810870
    Job name          : hz-care-810673
    User / Account    : hlee58 / ece592f26_cpu
    Partition / QOS   : compute / normal
    Submitted         : 2026-09-11T22:34:45
    Started           : 2026-09-11T23:40:04
    Wait time         : 3919 sec
    Elapsed (wall)    : 00:00:02
    Nodes             : 1 (c207n02)
    CPUs allocated    : 1
    Tasks             : 1
    CPU time (total)  : 0.20 sec  (user 0.14, sys 0.07)
    CPU efficiency    : 10.0%
    Memory in use     : 20.03 MB  (sampled at job end; see seff for peak)
    Memory requested  : 512M
    Working directory : /gpfs_common/share03/rotenberg/hlee58/ECE592_proj1
    Exit code         : 0:0

    For final accounting (Slurm's MaxRSS, billing, etc.):  seff 810870
------------------------------------------------------------
