{"event": "point_passed", "family": "spatial_alignment", "params": {"mode": "spatial", "bytes": 524288, "stride": 512, "offset": 120, "batch": 512, "seed": 5922026, "order": "random", "align": 0, "page": "base", "address_list": "-", "extra_args": [0, "base", "-", -1]}, "median": 19.5}
{"event": "point_passed", "family": "spatial_alignment", "params": {"mode": "spatial", "bytes": 524288, "stride": 512, "offset": 32, "batch": 512, "seed": 5922026, "order": "random", "align": 0, "page": "base", "address_list": "-", "extra_args": [0, "base", "-", -1]}, "median": 15.421875}
{"event": "point_passed", "family": "spatial_alignment", "params": {"mode": "spatial", "bytes": 524288, "stride": 512, "offset": 104, "batch": 512, "seed": 5922026, "order": "random", "align": 0, "page": "base", "address_list": "-", "extra_args": [0, "base", "-", -1]}, "median": 20.8125}
{"event": "point_passed", "family": "spatial_alignment", "params": {"mode": "spatial", "bytes": 524288, "stride": 512, "offset": 56, "batch": 512, "seed": 5922026, "order": "random", "align": 0, "page": "base", "address_list": "-", "extra_args": [0, "base", "-", -1]}, "median": 15.421875}
{"event": "point_passed", "family": "spatial_alignment", "params": {"mode": "spatial", "bytes": 524288, "stride": 512, "offset": 88, "batch": 512, "seed": 5922026, "order": "random", "align": 0, "page": "base", "address_list": "-", "extra_args": [0, "base", "-", -1]}, "median": 19.546875}
{"event": "point_passed", "family": "spatial_alignment", "params": {"mode": "spatial", "bytes": 524288, "stride": 512, "offset": 8, "batch": 512, "seed": 5922026, "order": "random", "align": 0, "page": "base", "address_list": "-", "extra_args": [0, "base", "-", -1]}, "median": 15.796875}
{"event": "point_passed", "family": "spatial_alignment", "params": {"mode": "spatial", "bytes": 524288, "stride": 512, "offset": 16, "batch": 512, "seed": 5922026, "order": "random", "align": 0, "page": "base", "address_list": "-", "extra_args": [0, "base", "-", -1]}, "median": 15.46875}
{"event": "point_passed", "family": "spatial_alignment", "params": {"mode": "spatial", "bytes": 524288, "stride": 512, "offset": 96, "batch": 512, "seed": 5922026, "order": "random", "align": 0, "page": "base", "address_list": "-", "extra_args": [0, "base", "-", -1]}, "median": 19.875}
{"event": "point_passed", "family": "spatial_alignment", "params": {"mode": "spatial", "bytes": 524288, "stride": 512, "offset": 40, "batch": 512, "seed": 5922026, "order": "random", "align": 0, "page": "base", "address_list": "-", "extra_args": [0, "base", "-", -1]}, "median": 16.171875}
{"event": "point_passed", "family": "spatial_alignment", "params": {"mode": "spatial", "bytes": 524288, "stride": 512, "offset": 24, "batch": 512, "seed": 5922026, "order": "random", "align": 0, "page": "base", "address_list": "-", "extra_args": [0, "base", "-", -1]}, "median": 15.421875}
{"event": "point_passed", "family": "spatial_alignment", "params": {"mode": "spatial", "bytes": 524288, "stride": 512, "offset": 112, "batch": 512, "seed": 5922026, "order": "random", "align": 0, "page": "base", "address_list": "-", "extra_args": [0, "base", "-", -1]}, "median": 19.875}
{"event": "point_passed", "family": "spatial_alignment", "params": {"mode": "spatial", "bytes": 524288, "stride": 512, "offset": 136, "batch": 512, "seed": 5922026, "order": "random", "align": 0, "page": "base", "address_list": "-", "extra_args": [0, "base", "-", -1]}, "median": 20.484375}
{"event": "point_passed", "family": "spatial_alignment", "params": {"mode": "spatial", "bytes": 524288, "stride": 512, "offset": 80, "batch": 512, "seed": 5922026, "order": "random", "align": 0, "page": "base", "address_list": "-", "extra_args": [0, "base", "-", -1]}, "median": 19.734375}
{"event": "point_passed", "family": "spatial_alignment", "params": {"mode": "spatial", "bytes": 524288, "stride": 512, "offset": 64, "batch": 512, "seed": 5922026, "order": "random", "align": 0, "page": "base", "address_list": "-", "extra_args": [0, "base", "-", -1]}, "median": 19.59375}
{"event": "point_passed", "family": "spatial_alignment", "params": {"mode": "spatial", "bytes": 524288, "stride": 512, "offset": 48, "batch": 512, "seed": 5922026, "order": "random", "align": 0, "page": "base", "address_list": "-", "extra_args": [0, "base", "-", -1]}, "median": 14.8125}
{"event": "point_passed", "family": "spatial_alignment", "params": {"mode": "spatial", "bytes": 524288, "stride": 512, "offset": 72, "batch": 512, "seed": 5922026, "order": "random", "align": 0, "page": "base", "address_list": "-", "extra_args": [0, "base", "-", -1]}, "median": 19.21875}
{"event": "point_passed", "family": "spatial_alignment", "params": {"mode": "spatial", "bytes": 524288, "stride": 512, "offset": 128, "batch": 512, "seed": 5922026, "order": "random", "align": 0, "page": "base", "address_list": "-", "extra_args": [0, "base", "-", -1]}, "median": 18.46875}
{"event": "point_passed", "family": "spatial_alignment", "params": {"mode": "spatial", "bytes": 524288, "stride": 512, "offset": 104, "batch": 512, "seed": 5922050, "order": "random", "align": 24, "page": "base", "address_list": "-", "extra_args": [24, "base", "-", -1]}, "median": 18.515625}
{"event": "point_passed", "family": "spatial_alignment", "params": {"mode": "spatial", "bytes": 524288, "stride": 512, "offset": 16, "batch": 512, "seed": 5922050, "order": "random", "align": 24, "page": "base", "address_list": "-", "extra_args": [24, "base", "-", -1]}, "median": 15.1875}
{"event": "point_passed", "family": "spatial_alignment", "params": {"mode": "spatial", "bytes": 524288, "stride": 512, "offset": 112, "batch": 512, "seed": 5922050, "order": "random", "align": 24, "page": "base", "address_list": "-", "extra_args": [24, "base", "-", -1]}, "median": 18.5625}
{"event": "point_passed", "family": "spatial_alignment", "params": {"mode": "spatial", "bytes": 524288, "stride": 512, "offset": 40, "batch": 512, "seed": 5922050, "order": "random", "align": 24, "page": "base", "address_list": "-", "extra_args": [24, "base", "-", -1]}, "median": 19.21875}
{"event": "point_passed", "family": "spatial_alignment", "params": {"mode": "spatial", "bytes": 524288, "stride": 512, "offset": 24, "batch": 512, "seed": 5922050, "order": "random", "align": 24, "page": "base", "address_list": "-", "extra_args": [24, "base", "-", -1]}, "median": 14.390625}
{"event": "point_passed", "family": "spatial_alignment", "params": {"mode": "spatial", "bytes": 524288, "stride": 512, "offset": 32, "batch": 512, "seed": 5922050, "order": "random", "align": 24, "page": "base", "address_list": "-", "extra_args": [24, "base", "-", -1]}, "median": 14.34375}
{"event": "point_passed", "family": "spatial_alignment", "params": {"mode": "spatial", "bytes": 524288, "stride": 512, "offset": 128, "batch": 512, "seed": 5922050, "order": "random", "align": 24, "page": "base", "address_list": "-", "extra_args": [24, "base", "-", -1]}, "median": 18.5625}
{"event": "point_passed", "family": "spatial_alignment", "params": {"mode": "spatial", "bytes": 524288, "stride": 512, "offset": 88, "batch": 512, "seed": 5922050, "order": "random", "align": 24, "page": "base", "address_list": "-", "extra_args": [24, "base", "-", -1]}, "median": 20.25}
{"event": "point_passed", "family": "spatial_alignment", "params": {"mode": "spatial", "bytes": 524288, "stride": 512, "offset": 136, "batch": 512, "seed": 5922050, "order": "random", "align": 24, "page": "base", "address_list": "-", "extra_args": [24, "base", "-", -1]}, "median": 19.6875}
{"event": "point_passed", "family": "spatial_alignment", "params": {"mode": "spatial", "bytes": 524288, "stride": 512, "offset": 48, "batch": 512, "seed": 5922050, "order": "random", "align": 24, "page": "base", "address_list": "-", "extra_args": [24, "base", "-", -1]}, "median": 18.515625}
{"event": "point_passed", "family": "spatial_alignment", "params": {"mode": "spatial", "bytes": 524288, "stride": 512, "offset": 72, "batch": 512, "seed": 5922050, "order": "random", "align": 24, "page": "base", "address_list": "-", "extra_args": [24, "base", "-", -1]}, "median": 19.921875}
{"event": "point_passed", "family": "spatial_alignment", "params": {"mode": "spatial", "bytes": 524288, "stride": 512, "offset": 8, "batch": 512, "seed": 5922050, "order": "random", "align": 24, "page": "base", "address_list": "-", "extra_args": [24, "base", "-", -1]}, "median": 15.421875}
{"event": "point_passed", "family": "spatial_alignment", "params": {"mode": "spatial", "bytes": 524288, "stride": 512, "offset": 64, "batch": 512, "seed": 5922050, "order": "random", "align": 24, "page": "base", "address_list": "-", "extra_args": [24, "base", "-", -1]}, "median": 18.515625}
{"event": "point_passed", "family": "spatial_alignment", "params": {"mode": "spatial", "bytes": 524288, "stride": 512, "offset": 96, "batch": 512, "seed": 5922050, "order": "random", "align": 24, "page": "base", "address_list": "-", "extra_args": [24, "base", "-", -1]}, "median": 19.546875}
{"event": "point_passed", "family": "spatial_alignment", "params": {"mode": "spatial", "bytes": 524288, "stride": 512, "offset": 80, "batch": 512, "seed": 5922050, "order": "random", "align": 24, "page": "base", "address_list": "-", "extra_args": [24, "base", "-", -1]}, "median": 19.59375}
{"event": "point_passed", "family": "spatial_alignment", "params": {"mode": "spatial", "bytes": 524288, "stride": 512, "offset": 56, "batch": 512, "seed": 5922050, "order": "random", "align": 24, "page": "base", "address_list": "-", "extra_args": [24, "base", "-", -1]}, "median": 19.265625}
{"event": "point_passed", "family": "spatial_alignment", "params": {"mode": "spatial", "bytes": 524288, "stride": 512, "offset": 120, "batch": 512, "seed": 5922050, "order": "random", "align": 24, "page": "base", "address_list": "-", "extra_args": [24, "base", "-", -1]}, "median": 19.875}
{"event": "point_passed", "family": "spatial_alignment", "params": {"mode": "spatial", "bytes": 2097152, "stride": 512, "offset": 104, "batch": 512, "seed": 5922026, "order": "random", "align": 0, "page": "base", "address_list": "-", "extra_args": [0, "base", "-", -1]}, "median": 39.28125}
{"event": "point_passed", "family": "spatial_alignment", "params": {"mode": "spatial", "bytes": 2097152, "stride": 512, "offset": 136, "batch": 512, "seed": 5922026, "order": "random", "align": 0, "page": "base", "address_list": "-", "extra_args": [0, "base", "-", -1]}, "median": 42.65625}
{"event": "point_passed", "family": "spatial_alignment", "params": {"mode": "spatial", "bytes": 2097152, "stride": 512, "offset": 72, "batch": 512, "seed": 5922026, "order": "random", "align": 0, "page": "base", "address_list": "-", "extra_args": [0, "base", "-", -1]}, "median": 39.09375}
{"event": "point_passed", "family": "spatial_alignment", "params": {"mode": "spatial", "bytes": 2097152, "stride": 512, "offset": 40, "batch": 512, "seed": 5922026, "order": "random", "align": 0, "page": "base", "address_list": "-", "extra_args": [0, "base", "-", -1]}, "median": 34.875}
{"event": "point_passed", "family": "spatial_alignment", "params": {"mode": "spatial", "bytes": 2097152, "stride": 512, "offset": 80, "batch": 512, "seed": 5922026, "order": "random", "align": 0, "page": "base", "address_list": "-", "extra_args": [0, "base", "-", -1]}, "median": 38.90625}
{"event": "point_passed", "family": "spatial_alignment", "params": {"mode": "spatial", "bytes": 2097152, "stride": 512, "offset": 24, "batch": 512, "seed": 5922026, "order": "random", "align": 0, "page": "base", "address_list": "-", "extra_args": [0, "base", "-", -1]}, "median": 35.15625}
{"event": "point_passed", "family": "spatial_alignment", "params": {"mode": "spatial", "bytes": 2097152, "stride": 512, "offset": 56, "batch": 512, "seed": 5922026, "order": "random", "align": 0, "page": "base", "address_list": "-", "extra_args": [0, "base", "-", -1]}, "median": 35.296875}
{"event": "point_passed", "family": "spatial_alignment", "params": {"mode": "spatial", "bytes": 2097152, "stride": 512, "offset": 120, "batch": 512, "seed": 5922026, "order": "random", "align": 0, "page": "base", "address_list": "-", "extra_args": [0, "base", "-", -1]}, "median": 39.46875}
{"event": "point_passed", "family": "spatial_alignment", "params": {"mode": "spatial", "bytes": 2097152, "stride": 512, "offset": 64, "batch": 512, "seed": 5922026, "order": "random", "align": 0, "page": "base", "address_list": "-", "extra_args": [0, "base", "-", -1]}, "median": 39.421875}
{"event": "point_passed", "family": "spatial_alignment", "params": {"mode": "spatial", "bytes": 2097152, "stride": 512, "offset": 32, "batch": 512, "seed": 5922026, "order": "random", "align": 0, "page": "base", "address_list": "-", "extra_args": [0, "base", "-", -1]}, "median": 35.296875}
{"event": "point_passed", "family": "spatial_alignment", "params": {"mode": "spatial", "bytes": 2097152, "stride": 512, "offset": 96, "batch": 512, "seed": 5922026, "order": "random", "align": 0, "page": "base", "address_list": "-", "extra_args": [0, "base", "-", -1]}, "median": 39.28125}
{"event": "point_passed", "family": "spatial_alignment", "params": {"mode": "spatial", "bytes": 2097152, "stride": 512, "offset": 128, "batch": 512, "seed": 5922026, "order": "random", "align": 0, "page": "base", "address_list": "-", "extra_args": [0, "base", "-", -1]}, "median": 42.9375}
{"event": "point_passed", "family": "spatial_alignment", "params": {"mode": "spatial", "bytes": 2097152, "stride": 512, "offset": 88, "batch": 512, "seed": 5922026, "order": "random", "align": 0, "page": "base", "address_list": "-", "extra_args": [0, "base", "-", -1]}, "median": 39.1875}
{"event": "point_passed", "family": "spatial_alignment", "params": {"mode": "spatial", "bytes": 2097152, "stride": 512, "offset": 48, "batch": 512, "seed": 5922026, "order": "random", "align": 0, "page": "base", "address_list": "-", "extra_args": [0, "base", "-", -1]}, "median": 34.96875}
{"event": "point_passed", "family": "spatial_alignment", "params": {"mode": "spatial", "bytes": 2097152, "stride": 512, "offset": 16, "batch": 512, "seed": 5922026, "order": "random", "align": 0, "page": "base", "address_list": "-", "extra_args": [0, "base", "-", -1]}, "median": 35.109375}
{"event": "point_passed", "family": "spatial_alignment", "params": {"mode": "spatial", "bytes": 2097152, "stride": 512, "offset": 112, "batch": 512, "seed": 5922026, "order": "random", "align": 0, "page": "base", "address_list": "-", "extra_args": [0, "base", "-", -1]}, "median": 39.28125}
{"event": "point_passed", "family": "spatial_alignment", "params": {"mode": "spatial", "bytes": 2097152, "stride": 512, "offset": 8, "batch": 512, "seed": 5922026, "order": "random", "align": 0, "page": "base", "address_list": "-", "extra_args": [0, "base", "-", -1]}, "median": 35.25}
{"event": "point_passed", "family": "spatial_alignment", "params": {"mode": "spatial", "bytes": 2097152, "stride": 512, "offset": 136, "batch": 512, "seed": 5922050, "order": "random", "align": 24, "page": "base", "address_list": "-", "extra_args": [24, "base", "-", -1]}, "median": 43.5}
{"event": "point_passed", "family": "spatial_alignment", "params": {"mode": "spatial", "bytes": 2097152, "stride": 512, "offset": 48, "batch": 512, "seed": 5922050, "order": "random", "align": 24, "page": "base", "address_list": "-", "extra_args": [24, "base", "-", -1]}, "median": 39.1875}
{"event": "point_passed", "family": "spatial_alignment", "params": {"mode": "spatial", "bytes": 2097152, "stride": 512, "offset": 32, "batch": 512, "seed": 5922050, "order": "random", "align": 24, "page": "base", "address_list": "-", "extra_args": [24, "base", "-", -1]}, "median": 35.25}
{"event": "point_passed", "family": "spatial_alignment", "params": {"mode": "spatial", "bytes": 2097152, "stride": 512, "offset": 96, "batch": 512, "seed": 5922050, "order": "random", "align": 24, "page": "base", "address_list": "-", "extra_args": [24, "base", "-", -1]}, "median": 39.375}
{"event": "point_passed", "family": "spatial_alignment", "params": {"mode": "spatial", "bytes": 2097152, "stride": 512, "offset": 104, "batch": 512, "seed": 5922050, "order": "random", "align": 24, "page": "base", "address_list": "-", "extra_args": [24, "base", "-", -1]}, "median": 42.984375}
{"event": "point_passed", "family": "spatial_alignment", "params": {"mode": "spatial", "bytes": 2097152, "stride": 512, "offset": 80, "batch": 512, "seed": 5922050, "order": "random", "align": 24, "page": "base", "address_list": "-", "extra_args": [24, "base", "-", -1]}, "median": 39.515625}
{"event": "point_passed", "family": "spatial_alignment", "params": {"mode": "spatial", "bytes": 2097152, "stride": 512, "offset": 8, "batch": 512, "seed": 5922050, "order": "random", "align": 24, "page": "base", "address_list": "-", "extra_args": [24, "base", "-", -1]}, "median": 35.25}
{"event": "point_passed", "family": "spatial_alignment", "params": {"mode": "spatial", "bytes": 2097152, "stride": 512, "offset": 72, "batch": 512, "seed": 5922050, "order": "random", "align": 24, "page": "base", "address_list": "-", "extra_args": [24, "base", "-", -1]}, "median": 39.375}
{"event": "point_passed", "family": "spatial_alignment", "params": {"mode": "spatial", "bytes": 2097152, "stride": 512, "offset": 120, "batch": 512, "seed": 5922050, "order": "random", "align": 24, "page": "base", "address_list": "-", "extra_args": [24, "base", "-", -1]}, "median": 42.46875}
{"event": "point_passed", "family": "spatial_alignment", "params": {"mode": "spatial", "bytes": 2097152, "stride": 512, "offset": 128, "batch": 512, "seed": 5922050, "order": "random", "align": 24, "page": "base", "address_list": "-", "extra_args": [24, "base", "-", -1]}, "median": 42.609375}
{"event": "point_passed", "family": "spatial_alignment", "params": {"mode": "spatial", "bytes": 2097152, "stride": 512, "offset": 16, "batch": 512, "seed": 5922050, "order": "random", "align": 24, "page": "base", "address_list": "-", "extra_args": [24, "base", "-", -1]}, "median": 35.015625}
{"event": "point_passed", "family": "spatial_alignment", "params": {"mode": "spatial", "bytes": 2097152, "stride": 512, "offset": 64, "batch": 512, "seed": 5922050, "order": "random", "align": 24, "page": "base", "address_list": "-", "extra_args": [24, "base", "-", -1]}, "median": 39.703125}
{"event": "point_passed", "family": "spatial_alignment", "params": {"mode": "spatial", "bytes": 2097152, "stride": 512, "offset": 40, "batch": 512, "seed": 5922050, "order": "random", "align": 24, "page": "base", "address_list": "-", "extra_args": [24, "base", "-", -1]}, "median": 39.515625}
{"event": "point_passed", "family": "spatial_alignment", "params": {"mode": "spatial", "bytes": 2097152, "stride": 512, "offset": 56, "batch": 512, "seed": 5922050, "order": "random", "align": 24, "page": "base", "address_list": "-", "extra_args": [24, "base", "-", -1]}, "median": 39.421875}
{"event": "point_passed", "family": "spatial_alignment", "params": {"mode": "spatial", "bytes": 2097152, "stride": 512, "offset": 24, "batch": 512, "seed": 5922050, "order": "random", "align": 24, "page": "base", "address_list": "-", "extra_args": [24, "base", "-", -1]}, "median": 35.4375}
{"event": "point_passed", "family": "spatial_alignment", "params": {"mode": "spatial", "bytes": 2097152, "stride": 512, "offset": 88, "batch": 512, "seed": 5922050, "order": "random", "align": 24, "page": "base", "address_list": "-", "extra_args": [24, "base", "-", -1]}, "median": 39.515625}
{"event": "point_passed", "family": "spatial_alignment", "params": {"mode": "spatial", "bytes": 2097152, "stride": 512, "offset": 112, "batch": 512, "seed": 5922050, "order": "random", "align": 24, "page": "base", "address_list": "-", "extra_args": [24, "base", "-", -1]}, "median": 42.75}
Follow-up segment job=815977 constraint=genoa stage=spatial status=0 end=2026-09-12T18:37:02-04:00
{"record": "/gpfs_common/share04/ece592f26/hlee58/tmp/hazel-phase3-20260911/submissions/genoa/followup-capacity-20260912T223702.811003Z.json", "returncode": 0, "job_id": "815990", "stderr": ""}

------------------------------------------------------------
Resource usage summary:

    Job ID            : 815977
    Job name          : hz-genoa-f1
    User / Account    : hlee58 / ece592f26_cpu
    Partition / QOS   : compute_partners / short
    Submitted         : 2026-09-12T18:19:13
    Started           : 2026-09-12T18:19:30
    Wait time         : 17 sec
    Elapsed (wall)    : 00:17:33
    Nodes             : 1 (n0399)
    CPUs allocated    : 3
    Tasks             : 1
    CPU time (total)  : 904.19 sec  (user 901.05, sys 3.16)
    CPU efficiency    : 28.6%
    Memory in use     : 74.63 MB  (sampled at job end; see seff for peak)
    Memory requested  : 2G
    Working directory : /gpfs_common/share04/ece592f26/hlee58/tmp/hazel-phase3-20260911/suite
    Exit code         : 0:0

    For final accounting (Slurm's MaxRSS, billing, etc.):  seff 815977
------------------------------------------------------------
