{"event": "point_passed", "family": "followup_overhead", "params": {"mode": "overhead", "bytes": 1024, "stride": 8, "offset": 0, "batch": 512, "seed": 5922026, "order": "random", "align": 0, "page": "base", "address_list": "-", "extra_args": [0, "base", "-", -1], "timed_loads": 1}, "median": 120.0}
{"event": "point_passed", "family": "followup_hot_batch", "params": {"mode": "chase", "bytes": 1024, "stride": 8, "offset": 0, "batch": 512, "seed": 5922026, "order": "random", "align": 0, "page": "base", "address_list": "-", "extra_args": [0, "base", "-", -1]}, "median": 5.0625}
{"event": "point_passed", "family": "spatial_confirmation", "params": {"mode": "spatial", "bytes": 524288, "stride": 512, "offset": 56, "batch": 512, "seed": 5922329, "order": "random", "align": 0, "cohort_repetition": 0, "page": "base", "address_list": "-", "extra_args": [0, "base", "-", -1]}, "median": 14.390625}
{"event": "point_passed", "family": "spatial_confirmation", "params": {"mode": "spatial", "bytes": 524288, "stride": 512, "offset": 64, "batch": 512, "seed": 5922329, "order": "random", "align": 0, "cohort_repetition": 0, "page": "base", "address_list": "-", "extra_args": [0, "base", "-", -1]}, "median": 18.5625}
{"event": "point_passed", "family": "spatial_confirmation", "params": {"mode": "spatial", "bytes": 524288, "stride": 512, "offset": 72, "batch": 512, "seed": 5922329, "order": "random", "align": 0, "cohort_repetition": 0, "page": "base", "address_list": "-", "extra_args": [0, "base", "-", -1]}, "median": 18.5625}
{"event": "point_passed", "family": "spatial_confirmation", "params": {"mode": "spatial", "bytes": 524288, "stride": 512, "offset": 56, "batch": 512, "seed": 5922430, "order": "random", "align": 0, "cohort_repetition": 0, "page": "base", "address_list": "-", "extra_args": [0, "base", "-", -1]}, "median": 14.71875}
{"event": "point_passed", "family": "spatial_confirmation", "params": {"mode": "spatial", "bytes": 524288, "stride": 512, "offset": 64, "batch": 512, "seed": 5922430, "order": "random", "align": 0, "cohort_repetition": 0, "page": "base", "address_list": "-", "extra_args": [0, "base", "-", -1]}, "median": 19.265625}
{"event": "point_passed", "family": "spatial_confirmation", "params": {"mode": "spatial", "bytes": 524288, "stride": 512, "offset": 72, "batch": 512, "seed": 5922430, "order": "random", "align": 0, "cohort_repetition": 0, "page": "base", "address_list": "-", "extra_args": [0, "base", "-", -1]}, "median": 18.515625}
{"event": "point_passed", "family": "spatial_confirmation", "params": {"mode": "spatial", "bytes": 524288, "stride": 512, "offset": 32, "batch": 512, "seed": 5922329, "order": "random", "align": 24, "cohort_repetition": 0, "page": "base", "address_list": "-", "extra_args": [24, "base", "-", -1]}, "median": 14.8125}
{"event": "point_passed", "family": "spatial_confirmation", "params": {"mode": "spatial", "bytes": 524288, "stride": 512, "offset": 48, "batch": 512, "seed": 5922329, "order": "random", "align": 24, "cohort_repetition": 0, "page": "base", "address_list": "-", "extra_args": [24, "base", "-", -1]}, "median": 18.5625}
{"event": "point_passed", "family": "spatial_confirmation", "params": {"mode": "spatial", "bytes": 524288, "stride": 512, "offset": 40, "batch": 512, "seed": 5922329, "order": "random", "align": 24, "cohort_repetition": 0, "page": "base", "address_list": "-", "extra_args": [24, "base", "-", -1]}, "median": 18.5625}
{"event": "point_passed", "family": "spatial_confirmation", "params": {"mode": "spatial", "bytes": 524288, "stride": 512, "offset": 32, "batch": 512, "seed": 5922430, "order": "random", "align": 24, "cohort_repetition": 0, "page": "base", "address_list": "-", "extra_args": [24, "base", "-", -1]}, "median": 14.296875}
{"event": "point_passed", "family": "spatial_confirmation", "params": {"mode": "spatial", "bytes": 524288, "stride": 512, "offset": 40, "batch": 512, "seed": 5922430, "order": "random", "align": 24, "cohort_repetition": 0, "page": "base", "address_list": "-", "extra_args": [24, "base", "-", -1]}, "median": 18.515625}
{"event": "point_passed", "family": "spatial_confirmation", "params": {"mode": "spatial", "bytes": 524288, "stride": 512, "offset": 48, "batch": 512, "seed": 5922430, "order": "random", "align": 24, "cohort_repetition": 0, "page": "base", "address_list": "-", "extra_args": [24, "base", "-", -1]}, "median": 19.6875}
{"event": "point_passed", "family": "spatial_confirmation", "params": {"mode": "spatial", "bytes": 524288, "stride": 512, "offset": 32, "batch": 512, "seed": 5922329, "order": "random", "align": 40, "cohort_repetition": 0, "page": "base", "address_list": "-", "extra_args": [40, "base", "-", -1]}, "median": 19.734375}
{"event": "point_passed", "family": "spatial_confirmation", "params": {"mode": "spatial", "bytes": 524288, "stride": 512, "offset": 24, "batch": 512, "seed": 5922329, "order": "random", "align": 40, "cohort_repetition": 0, "page": "base", "address_list": "-", "extra_args": [40, "base", "-", -1]}, "median": 18.5625}
{"event": "point_passed", "family": "spatial_confirmation", "params": {"mode": "spatial", "bytes": 524288, "stride": 512, "offset": 16, "batch": 512, "seed": 5922329, "order": "random", "align": 40, "cohort_repetition": 0, "page": "base", "address_list": "-", "extra_args": [40, "base", "-", -1]}, "median": 14.390625}
{"event": "point_passed", "family": "spatial_confirmation", "params": {"mode": "spatial", "bytes": 524288, "stride": 512, "offset": 16, "batch": 512, "seed": 5922430, "order": "random", "align": 40, "cohort_repetition": 0, "page": "base", "address_list": "-", "extra_args": [40, "base", "-", -1]}, "median": 14.296875}
{"event": "point_passed", "family": "spatial_confirmation", "params": {"mode": "spatial", "bytes": 524288, "stride": 512, "offset": 24, "batch": 512, "seed": 5922430, "order": "random", "align": 40, "cohort_repetition": 0, "page": "base", "address_list": "-", "extra_args": [40, "base", "-", -1]}, "median": 18.515625}
{"event": "point_passed", "family": "spatial_confirmation", "params": {"mode": "spatial", "bytes": 524288, "stride": 512, "offset": 32, "batch": 512, "seed": 5922430, "order": "random", "align": 40, "cohort_repetition": 0, "page": "base", "address_list": "-", "extra_args": [40, "base", "-", -1]}, "median": 18.46875}
{"event": "point_passed", "family": "spatial_confirmation", "params": {"mode": "spatial", "bytes": 2097152, "stride": 512, "offset": 64, "batch": 512, "seed": 5922329, "order": "random", "align": 0, "cohort_repetition": 0, "page": "base", "address_list": "-", "extra_args": [0, "base", "-", -1]}, "median": 39.65625}
{"event": "point_passed", "family": "spatial_confirmation", "params": {"mode": "spatial", "bytes": 2097152, "stride": 512, "offset": 72, "batch": 512, "seed": 5922329, "order": "random", "align": 0, "cohort_repetition": 0, "page": "base", "address_list": "-", "extra_args": [0, "base", "-", -1]}, "median": 39.65625}
{"event": "point_passed", "family": "spatial_confirmation", "params": {"mode": "spatial", "bytes": 2097152, "stride": 512, "offset": 56, "batch": 512, "seed": 5922329, "order": "random", "align": 0, "cohort_repetition": 0, "page": "base", "address_list": "-", "extra_args": [0, "base", "-", -1]}, "median": 30.890625}
{"event": "point_passed", "family": "spatial_confirmation", "params": {"mode": "spatial", "bytes": 2097152, "stride": 512, "offset": 64, "batch": 512, "seed": 5922430, "order": "random", "align": 0, "cohort_repetition": 0, "page": "base", "address_list": "-", "extra_args": [0, "base", "-", -1]}, "median": 39.421875}
{"event": "point_passed", "family": "spatial_confirmation", "params": {"mode": "spatial", "bytes": 2097152, "stride": 512, "offset": 56, "batch": 512, "seed": 5922430, "order": "random", "align": 0, "cohort_repetition": 0, "page": "base", "address_list": "-", "extra_args": [0, "base", "-", -1]}, "median": 30.9375}
{"event": "point_passed", "family": "spatial_confirmation", "params": {"mode": "spatial", "bytes": 2097152, "stride": 512, "offset": 72, "batch": 512, "seed": 5922430, "order": "random", "align": 0, "cohort_repetition": 0, "page": "base", "address_list": "-", "extra_args": [0, "base", "-", -1]}, "median": 39.65625}
{"event": "point_passed", "family": "spatial_confirmation", "params": {"mode": "spatial", "bytes": 2097152, "stride": 512, "offset": 32, "batch": 512, "seed": 5922329, "order": "random", "align": 24, "cohort_repetition": 0, "page": "base", "address_list": "-", "extra_args": [24, "base", "-", -1]}, "median": 31.078125}
{"event": "point_passed", "family": "spatial_confirmation", "params": {"mode": "spatial", "bytes": 2097152, "stride": 512, "offset": 40, "batch": 512, "seed": 5922329, "order": "random", "align": 24, "cohort_repetition": 0, "page": "base", "address_list": "-", "extra_args": [24, "base", "-", -1]}, "median": 39.796875}
{"event": "point_passed", "family": "spatial_confirmation", "params": {"mode": "spatial", "bytes": 2097152, "stride": 512, "offset": 48, "batch": 512, "seed": 5922329, "order": "random", "align": 24, "cohort_repetition": 0, "page": "base", "address_list": "-", "extra_args": [24, "base", "-", -1]}, "median": 39.890625}
{"event": "point_passed", "family": "spatial_confirmation", "params": {"mode": "spatial", "bytes": 2097152, "stride": 512, "offset": 48, "batch": 512, "seed": 5922430, "order": "random", "align": 24, "cohort_repetition": 0, "page": "base", "address_list": "-", "extra_args": [24, "base", "-", -1]}, "median": 39.984375}
{"event": "point_passed", "family": "spatial_confirmation", "params": {"mode": "spatial", "bytes": 2097152, "stride": 512, "offset": 32, "batch": 512, "seed": 5922430, "order": "random", "align": 24, "cohort_repetition": 0, "page": "base", "address_list": "-", "extra_args": [24, "base", "-", -1]}, "median": 31.171875}
{"event": "point_passed", "family": "spatial_confirmation", "params": {"mode": "spatial", "bytes": 2097152, "stride": 512, "offset": 40, "batch": 512, "seed": 5922430, "order": "random", "align": 24, "cohort_repetition": 0, "page": "base", "address_list": "-", "extra_args": [24, "base", "-", -1]}, "median": 39.9375}
{"event": "point_passed", "family": "spatial_confirmation", "params": {"mode": "spatial", "bytes": 2097152, "stride": 512, "offset": 16, "batch": 512, "seed": 5922329, "order": "random", "align": 40, "cohort_repetition": 0, "page": "base", "address_list": "-", "extra_args": [40, "base", "-", -1]}, "median": 31.21875}
{"event": "point_passed", "family": "spatial_confirmation", "params": {"mode": "spatial", "bytes": 2097152, "stride": 512, "offset": 24, "batch": 512, "seed": 5922329, "order": "random", "align": 40, "cohort_repetition": 0, "page": "base", "address_list": "-", "extra_args": [40, "base", "-", -1]}, "median": 39.75}
{"event": "point_passed", "family": "spatial_confirmation", "params": {"mode": "spatial", "bytes": 2097152, "stride": 512, "offset": 32, "batch": 512, "seed": 5922329, "order": "random", "align": 40, "cohort_repetition": 0, "page": "base", "address_list": "-", "extra_args": [40, "base", "-", -1]}, "median": 39.703125}
{"event": "point_passed", "family": "spatial_confirmation", "params": {"mode": "spatial", "bytes": 2097152, "stride": 512, "offset": 32, "batch": 512, "seed": 5922430, "order": "random", "align": 40, "cohort_repetition": 0, "page": "base", "address_list": "-", "extra_args": [40, "base", "-", -1]}, "median": 39.5625}
{"event": "point_passed", "family": "spatial_confirmation", "params": {"mode": "spatial", "bytes": 2097152, "stride": 512, "offset": 24, "batch": 512, "seed": 5922430, "order": "random", "align": 40, "cohort_repetition": 0, "page": "base", "address_list": "-", "extra_args": [40, "base", "-", -1]}, "median": 39.84375}
{"event": "point_passed", "family": "spatial_confirmation", "params": {"mode": "spatial", "bytes": 2097152, "stride": 512, "offset": 16, "batch": 512, "seed": 5922430, "order": "random", "align": 40, "cohort_repetition": 0, "page": "base", "address_list": "-", "extra_args": [40, "base", "-", -1]}, "median": 30.984375}
Follow-up segment job=816170 constraint=genoa stage=confirm status=0 end=2026-09-12T19:58:37-04:00
{"record": "/gpfs_common/share04/ece592f26/hlee58/tmp/hazel-phase3-20260911/submissions/genoa/followup-conflict-20260912T235837.579454Z.json", "returncode": 0, "job_id": "816178", "stderr": ""}

------------------------------------------------------------
Resource usage summary:

    Job ID            : 816170
    Job name          : hz-genoa-f3
    User / Account    : hlee58 / ece592f26_cpu
    Partition / QOS   : compute_partners / short
    Submitted         : 2026-09-12T19:49:12
    Started           : 2026-09-12T19:49:35
    Wait time         : 23 sec
    Elapsed (wall)    : 00:09:02
    Nodes             : 1 (n0399)
    CPUs allocated    : 3
    Tasks             : 1
    CPU time (total)  : 457.54 sec  (user 455.61, sys 1.94)
    CPU efficiency    : 28.1%
    Memory in use     : 75.69 MB  (sampled at job end; see seff for peak)
    Memory requested  : 2G
    Working directory : /gpfs_common/share04/ece592f26/hlee58/tmp/hazel-phase3-20260911/suite
    Exit code         : 0:0

    For final accounting (Slurm's MaxRSS, billing, etc.):  seff 816170
------------------------------------------------------------
