
------------------------------------------------------------
Resource usage summary:

    Job ID            : 816207
    Job name          : hz-genoa-fverify
    User / Account    : hlee58 / ece592f26_cpu
    Partition / QOS   : compute / normal
    Submitted         : 2026-09-12T20:35:13
    Started           : 2026-09-12T20:35:14
    Wait time         : 1 sec
    Elapsed (wall)    : 00:01:53
    Nodes             : 1 (c207n01)
    CPUs allocated    : 1
    Tasks             : 1
    CPU time (total)  : 79.07 sec  (user 78.01, sys 1.07)
    CPU efficiency    : 70.0%
    Memory in use     : 73.21 MB  (sampled at job end; see seff for peak)
    Memory requested  : 4G
    Working directory : /gpfs_common/share04/ece592f26/hlee58/tmp/hazel-phase3-20260911/suite
    Exit code         : 0:0

    For final accounting (Slurm's MaxRSS, billing, etc.):  seff 816207
------------------------------------------------------------
