{"event": "point_passed", "family": "functional", "params": {"mode": "cross", "bytes": 65536, "stride": 8, "offset": 0, "batch": 32, "seed": 5922026, "order": "random", "align": 0, "page": "base", "address_list": "-", "extra_args": [0, "base", "-", -1], "timed_loads": 1, "paired_core": true}, "median": 120.0}
{"event": "point_passed", "family": "functional", "params": {"mode": "cross", "bytes": 65536, "stride": 8, "offset": 1, "batch": 32, "seed": 5922026, "order": "random", "align": 0, "page": "base", "address_list": "-", "extra_args": [0, "base", "-", -1], "timed_loads": 1, "paired_core": true}, "median": 120.0}
Follow-up segment job=815973 constraint=genoa stage=smoke status=0 end=2026-09-12T18:19:07-04:00
{"record": "/gpfs_common/share04/ece592f26/hlee58/tmp/hazel-phase3-20260911/submissions/genoa/followup-spatial-20260912T221913.810028Z.json", "returncode": 0, "job_id": "815977", "stderr": ""}

------------------------------------------------------------
Resource usage summary:

    Job ID            : 815973
    Job name          : hz-genoa-f0
    User / Account    : hlee58 / ece592f26_cpu
    Partition / QOS   : compute_partners / short
    Submitted         : 2026-09-12T18:18:50
    Started           : 2026-09-12T18:19:00
    Wait time         : 10 sec
    Elapsed (wall)    : 00:00:17
    Nodes             : 1 (n0399)
    CPUs allocated    : 3
    Tasks             : 1
    CPU time (total)  : 1.07 sec  (user 0.66, sys 0.43)
    CPU efficiency    : 2.1%
    Memory in use     : 33.47 MB  (sampled at job end; see seff for peak)
    Memory requested  : 2G
    Working directory : /gpfs_common/share03/rotenberg/hlee58/ECE592_proj1
    Exit code         : 0:0

    For final accounting (Slurm's MaxRSS, billing, etc.):  seff 815973
------------------------------------------------------------
