{"event": "point_passed", "family": "cross_core_reload_final", "params": {"mode": "cross", "bytes": 262144, "stride": 64, "offset": 0, "batch": 1024, "seed": 5924027, "order": "random", "page": "huge", "align": 0, "address_list": "-", "extra_args": [0, "huge", "-", -1], "timed_loads": 1, "paired_core": true}, "median": 120.0}
{"event": "point_passed", "family": "cross_core_reload_final", "params": {"mode": "cross", "bytes": 262144, "stride": 64, "offset": 0, "batch": 1024, "seed": 5924028, "order": "random", "page": "huge", "align": 0, "address_list": "-", "extra_args": [0, "huge", "-", -1], "timed_loads": 1, "paired_core": true}, "median": 120.0}
{"event": "point_passed", "family": "cross_core_reload_final", "params": {"mode": "cross", "bytes": 262144, "stride": 64, "offset": 1, "batch": 1024, "seed": 5924027, "order": "random", "page": "huge", "align": 0, "address_list": "-", "extra_args": [0, "huge", "-", -1], "timed_loads": 1, "paired_core": true}, "median": 120.0}
{"event": "point_passed", "family": "cross_core_reload_final", "params": {"mode": "cross", "bytes": 262144, "stride": 64, "offset": 1, "batch": 1024, "seed": 5924028, "order": "random", "page": "huge", "align": 0, "address_list": "-", "extra_args": [0, "huge", "-", -1], "timed_loads": 1, "paired_core": true}, "median": 120.0}
{"event": "point_passed", "family": "same_core_reload_final", "params": {"mode": "probe", "bytes": 262144, "stride": 64, "offset": 0, "batch": 1024, "seed": 5924029, "order": "random", "page": "huge", "align": 0, "address_list": "-", "extra_args": [0, "huge", "-", -1], "timed_loads": 1}, "median": 144.0}
{"event": "point_passed", "family": "cross_core_reload_final", "params": {"mode": "cross", "bytes": 8388608, "stride": 64, "offset": 0, "batch": 1024, "seed": 5924027, "order": "random", "page": "huge", "align": 0, "address_list": "-", "extra_args": [0, "huge", "-", -1], "timed_loads": 1, "paired_core": true}, "median": 120.0}
{"event": "waiting_for_idle", "family": "cross_core_reload_final", "reason": "No core and complete SMT sibling group passed all idle windows; waiting for a pair", "next_check_seconds": 15}
{"event": "point_passed", "family": "cross_core_reload_final", "params": {"mode": "cross", "bytes": 8388608, "stride": 64, "offset": 0, "batch": 1024, "seed": 5924028, "order": "random", "page": "huge", "align": 0, "address_list": "-", "extra_args": [0, "huge", "-", -1], "timed_loads": 1, "paired_core": true}, "median": 120.0}
{"event": "point_passed", "family": "cross_core_reload_final", "params": {"mode": "cross", "bytes": 8388608, "stride": 64, "offset": 1, "batch": 1024, "seed": 5924027, "order": "random", "page": "huge", "align": 0, "address_list": "-", "extra_args": [0, "huge", "-", -1], "timed_loads": 1, "paired_core": true}, "median": 120.0}
{"event": "point_passed", "family": "cross_core_reload_final", "params": {"mode": "cross", "bytes": 8388608, "stride": 64, "offset": 1, "batch": 1024, "seed": 5924028, "order": "random", "page": "huge", "align": 0, "address_list": "-", "extra_args": [0, "huge", "-", -1], "timed_loads": 1, "paired_core": true}, "median": 120.0}
{"event": "point_passed", "family": "same_core_reload_final", "params": {"mode": "probe", "bytes": 8388608, "stride": 64, "offset": 0, "batch": 1024, "seed": 5924029, "order": "random", "page": "huge", "align": 0, "address_list": "-", "extra_args": [0, "huge", "-", -1], "timed_loads": 1}, "median": 144.0}
{"event": "point_passed", "family": "cross_core_reload_final", "params": {"mode": "cross", "bytes": 67108864, "stride": 64, "offset": 0, "batch": 1024, "seed": 5924027, "order": "random", "page": "huge", "align": 0, "address_list": "-", "extra_args": [0, "huge", "-", -1], "timed_loads": 1, "paired_core": true}, "median": 120.0}
{"event": "point_passed", "family": "cross_core_reload_final", "params": {"mode": "cross", "bytes": 67108864, "stride": 64, "offset": 0, "batch": 1024, "seed": 5924028, "order": "random", "page": "huge", "align": 0, "address_list": "-", "extra_args": [0, "huge", "-", -1], "timed_loads": 1, "paired_core": true}, "median": 120.0}
{"event": "point_passed", "family": "cross_core_reload_final", "params": {"mode": "cross", "bytes": 67108864, "stride": 64, "offset": 1, "batch": 1024, "seed": 5924027, "order": "random", "page": "huge", "align": 0, "address_list": "-", "extra_args": [0, "huge", "-", -1], "timed_loads": 1, "paired_core": true}, "median": 120.0}
{"event": "point_passed", "family": "cross_core_reload_final", "params": {"mode": "cross", "bytes": 67108864, "stride": 64, "offset": 1, "batch": 1024, "seed": 5924028, "order": "random", "page": "huge", "align": 0, "address_list": "-", "extra_args": [0, "huge", "-", -1], "timed_loads": 1, "paired_core": true}, "median": 120.0}
{"event": "point_passed", "family": "same_core_reload_final", "params": {"mode": "probe", "bytes": 67108864, "stride": 64, "offset": 0, "batch": 1024, "seed": 5924029, "order": "random", "page": "huge", "align": 0, "address_list": "-", "extra_args": [0, "huge", "-", -1], "timed_loads": 1}, "median": 144.0}
{"event": "point_passed", "family": "target_hot_final", "params": {"mode": "hot", "bytes": 1024, "stride": 8, "offset": 0, "batch": 512, "seed": 5924030, "order": "random", "align": 0, "page": "base", "address_list": "-", "extra_args": [0, "base", "-", -1], "timed_loads": 1}, "median": 120.0}
Follow-up segment job=816200 constraint=genoa stage=inclusion_final status=0 end=2026-09-12T20:35:13-04:00
{"record": "/gpfs_common/share04/ece592f26/hlee58/tmp/hazel-phase3-20260911/submissions/genoa/followup-analysis-20260913T003513.780142Z.json", "returncode": 0, "job_id": "816207", "stderr": ""}

------------------------------------------------------------
Resource usage summary:

    Job ID            : 816200
    Job name          : hz-genoa-f8
    User / Account    : hlee58 / ece592f26_cpu
    Partition / QOS   : compute_partners / short
    Submitted         : 2026-09-12T20:26:51
    Started           : 2026-09-12T20:26:52
    Wait time         : 1 sec
    Elapsed (wall)    : 00:08:22
    Nodes             : 1 (n0399)
    CPUs allocated    : 3
    Tasks             : 1
    CPU time (total)  : 719.96 sec  (user 718.01, sys 1.96)
    CPU efficiency    : 47.8%
    Memory in use     : 165.11 MB  (sampled at job end; see seff for peak)
    Memory requested  : 2G
    Working directory : /gpfs_common/share04/ece592f26/hlee58/tmp/hazel-phase3-20260911/suite
    Exit code         : 0:0

    For final accounting (Slurm's MaxRSS, billing, etc.):  seff 816200
------------------------------------------------------------
