{"event": "point_passed", "family": "functional", "params": {"mode": "overhead", "bytes": 1024, "stride": 8, "offset": 0, "batch": 512, "seed": 5922026, "order": "random", "align": 0, "page": "base", "address_list": "-", "extra_args": [0, "base", "-", -1], "timed_loads": 1}, "median": 120.0}
{"event": "point_passed", "family": "functional", "params": {"mode": "chase", "bytes": 65536, "stride": 8, "offset": 0, "batch": 512, "seed": 5922026, "order": "random", "align": 0, "page": "base", "address_list": "-", "extra_args": [0, "base", "-", -1]}, "median": 11.859375}
{"event": "point_passed", "family": "functional", "params": {"mode": "spatial", "bytes": 65536, "stride": 512, "offset": 40, "batch": 512, "seed": 5922026, "order": "random", "align": 24, "page": "base", "address_list": "-", "extra_args": [24, "base", "-", -1]}, "median": 17.0625}
{"event": "point_passed", "family": "functional", "params": {"mode": "chase", "bytes": 65536, "stride": 8, "offset": 0, "batch": 512, "seed": 5922026, "order": "random", "page": "huge", "align": 0, "address_list": "-", "extra_args": [0, "huge", "-", -1]}, "median": 11.8125}
{"event": "point_passed", "family": "functional", "params": {"mode": "hot", "bytes": 1024, "stride": 8, "offset": 0, "batch": 512, "seed": 5922026, "order": "random", "align": 0, "page": "base", "address_list": "-", "extra_args": [0, "base", "-", -1], "timed_loads": 1}, "median": 120.0}
{"event": "point_passed", "family": "functional", "params": {"mode": "probe", "bytes": 65536, "stride": 8, "offset": 0, "batch": 32, "seed": 5922026, "order": "random", "align": 0, "page": "base", "address_list": "-", "extra_args": [0, "base", "-", -1], "timed_loads": 1}, "median": 120.0}
{"event": "waiting_for_idle", "family": "functional", "reason": "No pair of idle physical cores in one socket passed every idle window; waiting for a pair", "next_check_seconds": 15}
{"event": "waiting_for_idle", "family": "functional", "reason": "No pair of idle physical cores in one socket passed every idle window; waiting for a pair", "next_check_seconds": 15}
{"event": "waiting_for_idle", "family": "functional", "reason": "No pair of idle physical cores in one socket passed every idle window; waiting for a pair", "next_check_seconds": 15}
{"event": "waiting_for_idle", "family": "functional", "reason": "No pair of idle physical cores in one socket passed every idle window; waiting for a pair", "next_check_seconds": 15}
{"event": "waiting_for_idle", "family": "functional", "reason": "No pair of idle physical cores in one socket passed every idle window; waiting for a pair", "next_check_seconds": 15}
{"event": "waiting_for_idle", "family": "functional", "reason": "No pair of idle physical cores in one socket passed every idle window; waiting for a pair", "next_check_seconds": 15}
{"event": "waiting_for_idle", "family": "functional", "reason": "No pair of idle physical cores in one socket passed every idle window; waiting for a pair", "next_check_seconds": 15}
{"event": "waiting_for_idle", "family": "functional", "reason": "No pair of idle physical cores in one socket passed every idle window; waiting for a pair", "next_check_seconds": 15}
{"event": "waiting_for_idle", "family": "functional", "reason": "No pair of idle physical cores in one socket passed every idle window; waiting for a pair", "next_check_seconds": 15}
{"event": "waiting_for_idle", "family": "functional", "reason": "No pair of idle physical cores in one socket passed every idle window; waiting for a pair", "next_check_seconds": 15}
{"event": "waiting_for_idle", "family": "functional", "reason": "No pair of idle physical cores in one socket passed every idle window; waiting for a pair", "next_check_seconds": 15}
{"event": "waiting_for_idle", "family": "functional", "reason": "No pair of idle physical cores in one socket passed every idle window; waiting for a pair", "next_check_seconds": 15}
{"event": "waiting_for_idle", "family": "functional", "reason": "No pair of idle physical cores in one socket passed every idle window; waiting for a pair", "next_check_seconds": 15}
{"event": "waiting_for_idle", "family": "functional", "reason": "No pair of idle physical cores in one socket passed every idle window; waiting for a pair", "next_check_seconds": 15}
{"event": "waiting_for_idle", "family": "functional", "reason": "No pair of idle physical cores in one socket passed every idle window; waiting for a pair", "next_check_seconds": 15}
{"event": "waiting_for_idle", "family": "functional", "reason": "No pair of idle physical cores in one socket passed every idle window; waiting for a pair", "next_check_seconds": 15}
{"event": "waiting_for_idle", "family": "functional", "reason": "No pair of idle physical cores in one socket passed every idle window; waiting for a pair", "next_check_seconds": 15}
{"event": "waiting_for_idle", "family": "functional", "reason": "No pair of idle physical cores in one socket passed every idle window; waiting for a pair", "next_check_seconds": 15}
{"event": "waiting_for_idle", "family": "functional", "reason": "No pair of idle physical cores in one socket passed every idle window; waiting for a pair", "next_check_seconds": 15}
{"event": "waiting_for_idle", "family": "functional", "reason": "No pair of idle physical cores in one socket passed every idle window; waiting for a pair", "next_check_seconds": 15}
{"event": "waiting_for_idle", "family": "functional", "reason": "No pair of idle physical cores in one socket passed every idle window; waiting for a pair", "next_check_seconds": 15}
{"event": "waiting_for_idle", "family": "functional", "reason": "No pair of idle physical cores in one socket passed every idle window; waiting for a pair", "next_check_seconds": 15}
{"event": "waiting_for_idle", "family": "functional", "reason": "No pair of idle physical cores in one socket passed every idle window; waiting for a pair", "next_check_seconds": 15}
{"event": "waiting_for_idle", "family": "functional", "reason": "No pair of idle physical cores in one socket passed every idle window; waiting for a pair", "next_check_seconds": 15}
{"event": "waiting_for_idle", "family": "functional", "reason": "No pair of idle physical cores in one socket passed every idle window; waiting for a pair", "next_check_seconds": 15}
{"event": "waiting_for_idle", "family": "functional", "reason": "No pair of idle physical cores in one socket passed every idle window; waiting for a pair", "next_check_seconds": 15}
{"event": "waiting_for_idle", "family": "functional", "reason": "No pair of idle physical cores in one socket passed every idle window; waiting for a pair", "next_check_seconds": 15}
{"event": "waiting_for_idle", "family": "functional", "reason": "No pair of idle physical cores in one socket passed every idle window; waiting for a pair", "next_check_seconds": 15}
{"event": "waiting_for_idle", "family": "functional", "reason": "No pair of idle physical cores in one socket passed every idle window; waiting for a pair", "next_check_seconds": 15}
{"event": "waiting_for_idle", "family": "functional", "reason": "No pair of idle physical cores in one socket passed every idle window; waiting for a pair", "next_check_seconds": 15}
{"event": "waiting_for_idle", "family": "functional", "reason": "No pair of idle physical cores in one socket passed every idle window; waiting for a pair", "next_check_seconds": 15}
{"event": "waiting_for_idle", "family": "functional", "reason": "No pair of idle physical cores in one socket passed every idle window; waiting for a pair", "next_check_seconds": 15}
{"event": "waiting_for_idle", "family": "functional", "reason": "No pair of idle physical cores in one socket passed every idle window; waiting for a pair", "next_check_seconds": 15}
{"event": "waiting_for_idle", "family": "functional", "reason": "No pair of idle physical cores in one socket passed every idle window; waiting for a pair", "next_check_seconds": 15}
{"event": "waiting_for_idle", "family": "functional", "reason": "No pair of idle physical cores in one socket passed every idle window; waiting for a pair", "next_check_seconds": 15}
{"event": "waiting_for_idle", "family": "functional", "reason": "No pair of idle physical cores in one socket passed every idle window; waiting for a pair", "next_check_seconds": 15}
{"event": "waiting_for_idle", "family": "functional", "reason": "No pair of idle physical cores in one socket passed every idle window; waiting for a pair", "next_check_seconds": 15}
{"event": "waiting_for_idle", "family": "functional", "reason": "No pair of idle physical cores in one socket passed every idle window; waiting for a pair", "next_check_seconds": 15}
{"event": "waiting_for_idle", "family": "functional", "reason": "No pair of idle physical cores in one socket passed every idle window; waiting for a pair", "next_check_seconds": 15}
{"event": "waiting_for_idle", "family": "functional", "reason": "No pair of idle physical cores in one socket passed every idle window; waiting for a pair", "next_check_seconds": 15}
{"event": "waiting_for_idle", "family": "functional", "reason": "No pair of idle physical cores in one socket passed every idle window; waiting for a pair", "next_check_seconds": 15}
{"event": "waiting_for_idle", "family": "functional", "reason": "No pair of idle physical cores in one socket passed every idle window; waiting for a pair", "next_check_seconds": 15}
{"event": "waiting_for_idle", "family": "functional", "reason": "No pair of idle physical cores in one socket passed every idle window; waiting for a pair", "next_check_seconds": 15}
{"event": "waiting_for_idle", "family": "functional", "reason": "No pair of idle physical cores in one socket passed every idle window; waiting for a pair", "next_check_seconds": 15}
{"event": "waiting_for_idle", "family": "functional", "reason": "No pair of idle physical cores in one socket passed every idle window; waiting for a pair", "next_check_seconds": 15}
{"event": "waiting_for_idle", "family": "functional", "reason": "No pair of idle physical cores in one socket passed every idle window; waiting for a pair", "next_check_seconds": 15}
{"event": "waiting_for_idle", "family": "functional", "reason": "No pair of idle physical cores in one socket passed every idle window; waiting for a pair", "next_check_seconds": 15}
{"event": "waiting_for_idle", "family": "functional", "reason": "No pair of idle physical cores in one socket passed every idle window; waiting for a pair", "next_check_seconds": 15}
{"event": "waiting_for_idle", "family": "functional", "reason": "No pair of idle physical cores in one socket passed every idle window; waiting for a pair", "next_check_seconds": 15}
{"event": "waiting_for_idle", "family": "functional", "reason": "No pair of idle physical cores in one socket passed every idle window; waiting for a pair", "next_check_seconds": 15}
{"event": "waiting_for_idle", "family": "functional", "reason": "No pair of idle physical cores in one socket passed every idle window; waiting for a pair", "next_check_seconds": 15}
{"event": "waiting_for_idle", "family": "functional", "reason": "No pair of idle physical cores in one socket passed every idle window; waiting for a pair", "next_check_seconds": 15}
{"event": "waiting_for_idle", "family": "functional", "reason": "No pair of idle physical cores in one socket passed every idle window; waiting for a pair", "next_check_seconds": 15}
{"event": "waiting_for_idle", "family": "functional", "reason": "No pair of idle physical cores in one socket passed every idle window; waiting for a pair", "next_check_seconds": 15}
{"event": "waiting_for_idle", "family": "functional", "reason": "No pair of idle physical cores in one socket passed every idle window; waiting for a pair", "next_check_seconds": 15}
{"event": "waiting_for_idle", "family": "functional", "reason": "No pair of idle physical cores in one socket passed every idle window; waiting for a pair", "next_check_seconds": 15}
{"event": "waiting_for_idle", "family": "functional", "reason": "No pair of idle physical cores in one socket passed every idle window; waiting for a pair", "next_check_seconds": 15}
{"event": "waiting_for_idle", "family": "functional", "reason": "No pair of idle physical cores in one socket passed every idle window; waiting for a pair", "next_check_seconds": 15}
{"event": "waiting_for_idle", "family": "functional", "reason": "No pair of idle physical cores in one socket passed every idle window; waiting for a pair", "next_check_seconds": 15}
{"event": "waiting_for_idle", "family": "functional", "reason": "No pair of idle physical cores in one socket passed every idle window; waiting for a pair", "next_check_seconds": 15}
{"event": "waiting_for_idle", "family": "functional", "reason": "No pair of idle physical cores in one socket passed every idle window; waiting for a pair", "next_check_seconds": 15}
{"event": "waiting_for_idle", "family": "functional", "reason": "No pair of idle physical cores in one socket passed every idle window; waiting for a pair", "next_check_seconds": 15}
{"event": "waiting_for_idle", "family": "functional", "reason": "No pair of idle physical cores in one socket passed every idle window; waiting for a pair", "next_check_seconds": 15}
{"event": "waiting_for_idle", "family": "functional", "reason": "No pair of idle physical cores in one socket passed every idle window; waiting for a pair", "next_check_seconds": 15}
{"event": "waiting_for_idle", "family": "functional", "reason": "No pair of idle physical cores in one socket passed every idle window; waiting for a pair", "next_check_seconds": 15}
{"event": "waiting_for_idle", "family": "functional", "reason": "No pair of idle physical cores in one socket passed every idle window; waiting for a pair", "next_check_seconds": 15}
{"event": "waiting_for_idle", "family": "functional", "reason": "No pair of idle physical cores in one socket passed every idle window; waiting for a pair", "next_check_seconds": 15}
{"event": "waiting_for_idle", "family": "functional", "reason": "No pair of idle physical cores in one socket passed every idle window; waiting for a pair", "next_check_seconds": 15}
{"event": "waiting_for_idle", "family": "functional", "reason": "No pair of idle physical cores in one socket passed every idle window; waiting for a pair", "next_check_seconds": 15}
{"event": "waiting_for_idle", "family": "functional", "reason": "No pair of idle physical cores in one socket passed every idle window; waiting for a pair", "next_check_seconds": 15}
{"event": "waiting_for_idle", "family": "functional", "reason": "No pair of idle physical cores in one socket passed every idle window; waiting for a pair", "next_check_seconds": 15}
{"event": "waiting_for_idle", "family": "functional", "reason": "No pair of idle physical cores in one socket passed every idle window; waiting for a pair", "next_check_seconds": 15}
{"event": "waiting_for_idle", "family": "functional", "reason": "No pair of idle physical cores in one socket passed every idle window; waiting for a pair", "next_check_seconds": 15}
{"event": "waiting_for_idle", "family": "functional", "reason": "No pair of idle physical cores in one socket passed every idle window; waiting for a pair", "next_check_seconds": 15}
{"event": "waiting_for_idle", "family": "functional", "reason": "No pair of idle physical cores in one socket passed every idle window; waiting for a pair", "next_check_seconds": 15}
{"event": "waiting_for_idle", "family": "functional", "reason": "No pair of idle physical cores in one socket passed every idle window; waiting for a pair", "next_check_seconds": 15}
{"event": "waiting_for_idle", "family": "functional", "reason": "No pair of idle physical cores in one socket passed every idle window; waiting for a pair", "next_check_seconds": 15}
{"event": "waiting_for_idle", "family": "functional", "reason": "No pair of idle physical cores in one socket passed every idle window; waiting for a pair", "next_check_seconds": 15}
{"event": "waiting_for_idle", "family": "functional", "reason": "No pair of idle physical cores in one socket passed every idle window; waiting for a pair", "next_check_seconds": 15}
{"event": "waiting_for_idle", "family": "functional", "reason": "No pair of idle physical cores in one socket passed every idle window; waiting for a pair", "next_check_seconds": 15}
{"event": "waiting_for_idle", "family": "functional", "reason": "No pair of idle physical cores in one socket passed every idle window; waiting for a pair", "next_check_seconds": 15}
{"event": "waiting_for_idle", "family": "functional", "reason": "No pair of idle physical cores in one socket passed every idle window; waiting for a pair", "next_check_seconds": 15}
{"event": "waiting_for_idle", "family": "functional", "reason": "No pair of idle physical cores in one socket passed every idle window; waiting for a pair", "next_check_seconds": 15}
{"event": "waiting_for_idle", "family": "functional", "reason": "No pair of idle physical cores in one socket passed every idle window; waiting for a pair", "next_check_seconds": 15}
{"event": "waiting_for_idle", "family": "functional", "reason": "No pair of idle physical cores in one socket passed every idle window; waiting for a pair", "next_check_seconds": 15}
{"event": "waiting_for_idle", "family": "functional", "reason": "No pair of idle physical cores in one socket passed every idle window; waiting for a pair", "next_check_seconds": 15}
{"event": "waiting_for_idle", "family": "functional", "reason": "No pair of idle physical cores in one socket passed every idle window; waiting for a pair", "next_check_seconds": 15}
{"event": "waiting_for_idle", "family": "functional", "reason": "No pair of idle physical cores in one socket passed every idle window; waiting for a pair", "next_check_seconds": 15}
{"event": "waiting_for_idle", "family": "functional", "reason": "No pair of idle physical cores in one socket passed every idle window; waiting for a pair", "next_check_seconds": 15}
{"event": "waiting_for_idle", "family": "functional", "reason": "No pair of idle physical cores in one socket passed every idle window; waiting for a pair", "next_check_seconds": 15}
{"event": "waiting_for_idle", "family": "functional", "reason": "No pair of idle physical cores in one socket passed every idle window; waiting for a pair", "next_check_seconds": 15}
{"event": "waiting_for_idle", "family": "functional", "reason": "No pair of idle physical cores in one socket passed every idle window; waiting for a pair", "next_check_seconds": 15}
{"event": "waiting_for_idle", "family": "functional", "reason": "No pair of idle physical cores in one socket passed every idle window; waiting for a pair", "next_check_seconds": 15}
{"event": "waiting_for_idle", "family": "functional", "reason": "No pair of idle physical cores in one socket passed every idle window; waiting for a pair", "next_check_seconds": 15}
{"event": "waiting_for_idle", "family": "functional", "reason": "No pair of idle physical cores in one socket passed every idle window; waiting for a pair", "next_check_seconds": 15}
{"event": "waiting_for_idle", "family": "functional", "reason": "No pair of idle physical cores in one socket passed every idle window; waiting for a pair", "next_check_seconds": 15}
{"event": "waiting_for_idle", "family": "functional", "reason": "No pair of idle physical cores in one socket passed every idle window; waiting for a pair", "next_check_seconds": 15}
{"event": "waiting_for_idle", "family": "functional", "reason": "No pair of idle physical cores in one socket passed every idle window; waiting for a pair", "next_check_seconds": 15}
{"event": "waiting_for_idle", "family": "functional", "reason": "No pair of idle physical cores in one socket passed every idle window; waiting for a pair", "next_check_seconds": 15}
{"event": "waiting_for_idle", "family": "functional", "reason": "No pair of idle physical cores in one socket passed every idle window; waiting for a pair", "next_check_seconds": 15}
{"event": "waiting_for_idle", "family": "functional", "reason": "No pair of idle physical cores in one socket passed every idle window; waiting for a pair", "next_check_seconds": 15}
{"event": "waiting_for_idle", "family": "functional", "reason": "No pair of idle physical cores in one socket passed every idle window; waiting for a pair", "next_check_seconds": 15}
{"event": "waiting_for_idle", "family": "functional", "reason": "No pair of idle physical cores in one socket passed every idle window; waiting for a pair", "next_check_seconds": 15}
{"event": "waiting_for_idle", "family": "functional", "reason": "No pair of idle physical cores in one socket passed every idle window; waiting for a pair", "next_check_seconds": 15}
{"event": "waiting_for_idle", "family": "functional", "reason": "No pair of idle physical cores in one socket passed every idle window; waiting for a pair", "next_check_seconds": 15}
{"event": "waiting_for_idle", "family": "functional", "reason": "No pair of idle physical cores in one socket passed every idle window; waiting for a pair", "next_check_seconds": 15}
{"event": "waiting_for_idle", "family": "functional", "reason": "No pair of idle physical cores in one socket passed every idle window; waiting for a pair", "next_check_seconds": 15}
{"event": "waiting_for_idle", "family": "functional", "reason": "No pair of idle physical cores in one socket passed every idle window; waiting for a pair", "next_check_seconds": 15}
{"event": "waiting_for_idle", "family": "functional", "reason": "No pair of idle physical cores in one socket passed every idle window; waiting for a pair", "next_check_seconds": 15}
{"event": "waiting_for_idle", "family": "functional", "reason": "No pair of idle physical cores in one socket passed every idle window; waiting for a pair", "next_check_seconds": 15}
{"event": "waiting_for_idle", "family": "functional", "reason": "No pair of idle physical cores in one socket passed every idle window; waiting for a pair", "next_check_seconds": 15}
{"event": "waiting_for_idle", "family": "functional", "reason": "No pair of idle physical cores in one socket passed every idle window; waiting for a pair", "next_check_seconds": 15}
{"event": "waiting_for_idle", "family": "functional", "reason": "No pair of idle physical cores in one socket passed every idle window; waiting for a pair", "next_check_seconds": 15}
{"event": "waiting_for_idle", "family": "functional", "reason": "No pair of idle physical cores in one socket passed every idle window; waiting for a pair", "next_check_seconds": 15}
{"event": "waiting_for_idle", "family": "functional", "reason": "No pair of idle physical cores in one socket passed every idle window; waiting for a pair", "next_check_seconds": 15}
{"event": "waiting_for_idle", "family": "functional", "reason": "No pair of idle physical cores in one socket passed every idle window; waiting for a pair", "next_check_seconds": 15}
{"event": "waiting_for_idle", "family": "functional", "reason": "No pair of idle physical cores in one socket passed every idle window; waiting for a pair", "next_check_seconds": 15}
{"event": "waiting_for_idle", "family": "functional", "reason": "No pair of idle physical cores in one socket passed every idle window; waiting for a pair", "next_check_seconds": 15}
{"event": "waiting_for_idle", "family": "functional", "reason": "No pair of idle physical cores in one socket passed every idle window; waiting for a pair", "next_check_seconds": 15}
{"event": "waiting_for_idle", "family": "functional", "reason": "No pair of idle physical cores in one socket passed every idle window; waiting for a pair", "next_check_seconds": 15}
{"event": "waiting_for_idle", "family": "functional", "reason": "No pair of idle physical cores in one socket passed every idle window; waiting for a pair", "next_check_seconds": 15}
{"event": "waiting_for_idle", "family": "functional", "reason": "No pair of idle physical cores in one socket passed every idle window; waiting for a pair", "next_check_seconds": 15}
{"event": "waiting_for_idle", "family": "functional", "reason": "No pair of idle physical cores in one socket passed every idle window; waiting for a pair", "next_check_seconds": 15}
{"event": "waiting_for_idle", "family": "functional", "reason": "No pair of idle physical cores in one socket passed every idle window; waiting for a pair", "next_check_seconds": 15}
{"event": "waiting_for_idle", "family": "functional", "reason": "No pair of idle physical cores in one socket passed every idle window; waiting for a pair", "next_check_seconds": 15}
{"event": "waiting_for_idle", "family": "functional", "reason": "No pair of idle physical cores in one socket passed every idle window; waiting for a pair", "next_check_seconds": 15}
{"event": "waiting_for_idle", "family": "functional", "reason": "No core and complete SMT sibling group passed all idle windows; waiting for a pair", "next_check_seconds": 15}
{"event": "waiting_for_idle", "family": "functional", "reason": "No pair of idle physical cores in one socket passed every idle window; waiting for a pair", "next_check_seconds": 15}
{"event": "waiting_for_idle", "family": "functional", "reason": "No pair of idle physical cores in one socket passed every idle window; waiting for a pair", "next_check_seconds": 15}
{"event": "waiting_for_idle", "family": "functional", "reason": "No pair of idle physical cores in one socket passed every idle window; waiting for a pair", "next_check_seconds": 15}
{"event": "waiting_for_idle", "family": "functional", "reason": "No pair of idle physical cores in one socket passed every idle window; waiting for a pair", "next_check_seconds": 15}
{"event": "waiting_for_idle", "family": "functional", "reason": "No pair of idle physical cores in one socket passed every idle window; waiting for a pair", "next_check_seconds": 15}
{"event": "waiting_for_idle", "family": "functional", "reason": "No pair of idle physical cores in one socket passed every idle window; waiting for a pair", "next_check_seconds": 15}
{"event": "waiting_for_idle", "family": "functional", "reason": "No pair of idle physical cores in one socket passed every idle window; waiting for a pair", "next_check_seconds": 15}
{"event": "waiting_for_idle", "family": "functional", "reason": "No pair of idle physical cores in one socket passed every idle window; waiting for a pair", "next_check_seconds": 15}
{"event": "waiting_for_idle", "family": "functional", "reason": "No pair of idle physical cores in one socket passed every idle window; waiting for a pair", "next_check_seconds": 15}
{"event": "waiting_for_idle", "family": "functional", "reason": "No pair of idle physical cores in one socket passed every idle window; waiting for a pair", "next_check_seconds": 15}
{"event": "waiting_for_idle", "family": "functional", "reason": "No pair of idle physical cores in one socket passed every idle window; waiting for a pair", "next_check_seconds": 15}
{"event": "waiting_for_idle", "family": "functional", "reason": "No pair of idle physical cores in one socket passed every idle window; waiting for a pair", "next_check_seconds": 15}
{"event": "waiting_for_idle", "family": "functional", "reason": "No pair of idle physical cores in one socket passed every idle window; waiting for a pair", "next_check_seconds": 15}
{"event": "waiting_for_idle", "family": "functional", "reason": "No pair of idle physical cores in one socket passed every idle window; waiting for a pair", "next_check_seconds": 15}
{"event": "waiting_for_idle", "family": "functional", "reason": "No pair of idle physical cores in one socket passed every idle window; waiting for a pair", "next_check_seconds": 15}
{"event": "waiting_for_idle", "family": "functional", "reason": "No pair of idle physical cores in one socket passed every idle window; waiting for a pair", "next_check_seconds": 15}
{"event": "waiting_for_idle", "family": "functional", "reason": "No pair of idle physical cores in one socket passed every idle window; waiting for a pair", "next_check_seconds": 15}
{"event": "waiting_for_idle", "family": "functional", "reason": "No pair of idle physical cores in one socket passed every idle window; waiting for a pair", "next_check_seconds": 15}
{"event": "waiting_for_idle", "family": "functional", "reason": "No pair of idle physical cores in one socket passed every idle window; waiting for a pair", "next_check_seconds": 15}
{"event": "waiting_for_idle", "family": "functional", "reason": "No pair of idle physical cores in one socket passed every idle window; waiting for a pair", "next_check_seconds": 15}
{"event": "waiting_for_idle", "family": "functional", "reason": "No pair of idle physical cores in one socket passed every idle window; waiting for a pair", "next_check_seconds": 15}
{"event": "waiting_for_idle", "family": "functional", "reason": "No pair of idle physical cores in one socket passed every idle window; waiting for a pair", "next_check_seconds": 15}
{"event": "waiting_for_idle", "family": "functional", "reason": "No pair of idle physical cores in one socket passed every idle window; waiting for a pair", "next_check_seconds": 15}
{"event": "waiting_for_idle", "family": "functional", "reason": "No pair of idle physical cores in one socket passed every idle window; waiting for a pair", "next_check_seconds": 15}
{"event": "waiting_for_idle", "family": "functional", "reason": "No pair of idle physical cores in one socket passed every idle window; waiting for a pair", "next_check_seconds": 15}
{"event": "waiting_for_idle", "family": "functional", "reason": "No pair of idle physical cores in one socket passed every idle window; waiting for a pair", "next_check_seconds": 15}
{"event": "waiting_for_idle", "family": "functional", "reason": "No pair of idle physical cores in one socket passed every idle window; waiting for a pair", "next_check_seconds": 15}
{"event": "waiting_for_idle", "family": "functional", "reason": "No pair of idle physical cores in one socket passed every idle window; waiting for a pair", "next_check_seconds": 15}
{"event": "waiting_for_idle", "family": "functional", "reason": "No pair of idle physical cores in one socket passed every idle window; waiting for a pair", "next_check_seconds": 15}
{"event": "waiting_for_idle", "family": "functional", "reason": "No pair of idle physical cores in one socket passed every idle window; waiting for a pair", "next_check_seconds": 15}
{"event": "waiting_for_idle", "family": "functional", "reason": "No pair of idle physical cores in one socket passed every idle window; waiting for a pair", "next_check_seconds": 15}
{"event": "waiting_for_idle", "family": "functional", "reason": "No pair of idle physical cores in one socket passed every idle window; waiting for a pair", "next_check_seconds": 15}
{"event": "waiting_for_idle", "family": "functional", "reason": "No pair of idle physical cores in one socket passed every idle window; waiting for a pair", "next_check_seconds": 15}
{"event": "waiting_for_idle", "family": "functional", "reason": "No pair of idle physical cores in one socket passed every idle window; waiting for a pair", "next_check_seconds": 15}
{"event": "waiting_for_idle", "family": "functional", "reason": "No pair of idle physical cores in one socket passed every idle window; waiting for a pair", "next_check_seconds": 15}
{"event": "waiting_for_idle", "family": "functional", "reason": "No pair of idle physical cores in one socket passed every idle window; waiting for a pair", "next_check_seconds": 15}
{"event": "waiting_for_idle", "family": "functional", "reason": "No pair of idle physical cores in one socket passed every idle window; waiting for a pair", "next_check_seconds": 15}
{"event": "waiting_for_idle", "family": "functional", "reason": "No pair of idle physical cores in one socket passed every idle window; waiting for a pair", "next_check_seconds": 15}
{"event": "waiting_for_idle", "family": "functional", "reason": "No pair of idle physical cores in one socket passed every idle window; waiting for a pair", "next_check_seconds": 15}
{"event": "waiting_for_idle", "family": "functional", "reason": "No pair of idle physical cores in one socket passed every idle window; waiting for a pair", "next_check_seconds": 15}
{"event": "waiting_for_idle", "family": "functional", "reason": "No pair of idle physical cores in one socket passed every idle window; waiting for a pair", "next_check_seconds": 15}
{"event": "waiting_for_idle", "family": "functional", "reason": "No pair of idle physical cores in one socket passed every idle window; waiting for a pair", "next_check_seconds": 15}
{"event": "waiting_for_idle", "family": "functional", "reason": "No pair of idle physical cores in one socket passed every idle window; waiting for a pair", "next_check_seconds": 15}
{"event": "waiting_for_idle", "family": "functional", "reason": "No pair of idle physical cores in one socket passed every idle window; waiting for a pair", "next_check_seconds": 15}
{"event": "waiting_for_idle", "family": "functional", "reason": "No pair of idle physical cores in one socket passed every idle window; waiting for a pair", "next_check_seconds": 15}
{"event": "waiting_for_idle", "family": "functional", "reason": "No pair of idle physical cores in one socket passed every idle window; waiting for a pair", "next_check_seconds": 15}
{"event": "waiting_for_idle", "family": "functional", "reason": "No pair of idle physical cores in one socket passed every idle window; waiting for a pair", "next_check_seconds": 15}
{"event": "waiting_for_idle", "family": "functional", "reason": "No pair of idle physical cores in one socket passed every idle window; waiting for a pair", "next_check_seconds": 15}
{"event": "waiting_for_idle", "family": "functional", "reason": "No pair of idle physical cores in one socket passed every idle window; waiting for a pair", "next_check_seconds": 15}
{"event": "waiting_for_idle", "family": "functional", "reason": "No pair of idle physical cores in one socket passed every idle window; waiting for a pair", "next_check_seconds": 15}
{"event": "waiting_for_idle", "family": "functional", "reason": "No pair of idle physical cores in one socket passed every idle window; waiting for a pair", "next_check_seconds": 15}
{"event": "waiting_for_idle", "family": "functional", "reason": "No pair of idle physical cores in one socket passed every idle window; waiting for a pair", "next_check_seconds": 15}
{"event": "waiting_for_idle", "family": "functional", "reason": "No pair of idle physical cores in one socket passed every idle window; waiting for a pair", "next_check_seconds": 15}
{"event": "waiting_for_idle", "family": "functional", "reason": "No pair of idle physical cores in one socket passed every idle window; waiting for a pair", "next_check_seconds": 15}
{"event": "waiting_for_idle", "family": "functional", "reason": "No pair of idle physical cores in one socket passed every idle window; waiting for a pair", "next_check_seconds": 15}
{"event": "waiting_for_idle", "family": "functional", "reason": "No pair of idle physical cores in one socket passed every idle window; waiting for a pair", "next_check_seconds": 15}
{"event": "waiting_for_idle", "family": "functional", "reason": "No pair of idle physical cores in one socket passed every idle window; waiting for a pair", "next_check_seconds": 15}
{"event": "waiting_for_idle", "family": "functional", "reason": "No pair of idle physical cores in one socket passed every idle window; waiting for a pair", "next_check_seconds": 15}
{"event": "waiting_for_idle", "family": "functional", "reason": "No pair of idle physical cores in one socket passed every idle window; waiting for a pair", "next_check_seconds": 15}
{"event": "waiting_for_idle", "family": "functional", "reason": "No pair of idle physical cores in one socket passed every idle window; waiting for a pair", "next_check_seconds": 15}
{"event": "waiting_for_idle", "family": "functional", "reason": "No pair of idle physical cores in one socket passed every idle window; waiting for a pair", "next_check_seconds": 15}
{"event": "waiting_for_idle", "family": "functional", "reason": "No pair of idle physical cores in one socket passed every idle window; waiting for a pair", "next_check_seconds": 15}
{"event": "waiting_for_idle", "family": "functional", "reason": "No pair of idle physical cores in one socket passed every idle window; waiting for a pair", "next_check_seconds": 15}
{"event": "waiting_for_idle", "family": "functional", "reason": "No pair of idle physical cores in one socket passed every idle window; waiting for a pair", "next_check_seconds": 15}
{"event": "waiting_for_idle", "family": "functional", "reason": "No pair of idle physical cores in one socket passed every idle window; waiting for a pair", "next_check_seconds": 15}
{"event": "waiting_for_idle", "family": "functional", "reason": "No pair of idle physical cores in one socket passed every idle window; waiting for a pair", "next_check_seconds": 15}
{"event": "waiting_for_idle", "family": "functional", "reason": "No pair of idle physical cores in one socket passed every idle window; waiting for a pair", "next_check_seconds": 15}
{"event": "waiting_for_idle", "family": "functional", "reason": "No pair of idle physical cores in one socket passed every idle window; waiting for a pair", "next_check_seconds": 15}
{"event": "waiting_for_idle", "family": "functional", "reason": "No pair of idle physical cores in one socket passed every idle window; waiting for a pair", "next_check_seconds": 15}
{"event": "waiting_for_idle", "family": "functional", "reason": "No pair of idle physical cores in one socket passed every idle window; waiting for a pair", "next_check_seconds": 15}
{"event": "waiting_for_idle", "family": "functional", "reason": "No pair of idle physical cores in one socket passed every idle window; waiting for a pair", "next_check_seconds": 15}
{"event": "waiting_for_idle", "family": "functional", "reason": "No pair of idle physical cores in one socket passed every idle window; waiting for a pair", "next_check_seconds": 15}
{"event": "waiting_for_idle", "family": "functional", "reason": "No pair of idle physical cores in one socket passed every idle window; waiting for a pair", "next_check_seconds": 15}
{"event": "waiting_for_idle", "family": "functional", "reason": "No pair of idle physical cores in one socket passed every idle window; waiting for a pair", "next_check_seconds": 15}
{"event": "waiting_for_idle", "family": "functional", "reason": "No pair of idle physical cores in one socket passed every idle window; waiting for a pair", "next_check_seconds": 15}
{"event": "waiting_for_idle", "family": "functional", "reason": "No pair of idle physical cores in one socket passed every idle window; waiting for a pair", "next_check_seconds": 15}
{"event": "waiting_for_idle", "family": "functional", "reason": "No pair of idle physical cores in one socket passed every idle window; waiting for a pair", "next_check_seconds": 15}
{"event": "waiting_for_idle", "family": "functional", "reason": "No pair of idle physical cores in one socket passed every idle window; waiting for a pair", "next_check_seconds": 15}
{"event": "waiting_for_idle", "family": "functional", "reason": "No pair of idle physical cores in one socket passed every idle window; waiting for a pair", "next_check_seconds": 15}
{"event": "waiting_for_idle", "family": "functional", "reason": "No pair of idle physical cores in one socket passed every idle window; waiting for a pair", "next_check_seconds": 15}
{"event": "waiting_for_idle", "family": "functional", "reason": "No pair of idle physical cores in one socket passed every idle window; waiting for a pair", "next_check_seconds": 15}
{"event": "waiting_for_idle", "family": "functional", "reason": "No pair of idle physical cores in one socket passed every idle window; waiting for a pair", "next_check_seconds": 15}
{"event": "waiting_for_idle", "family": "functional", "reason": "No pair of idle physical cores in one socket passed every idle window; waiting for a pair", "next_check_seconds": 15}
{"event": "waiting_for_idle", "family": "functional", "reason": "No pair of idle physical cores in one socket passed every idle window; waiting for a pair", "next_check_seconds": 15}
{"event": "waiting_for_idle", "family": "functional", "reason": "No pair of idle physical cores in one socket passed every idle window; waiting for a pair", "next_check_seconds": 15}
{"event": "waiting_for_idle", "family": "functional", "reason": "No pair of idle physical cores in one socket passed every idle window; waiting for a pair", "next_check_seconds": 15}
{"event": "waiting_for_idle", "family": "functional", "reason": "No pair of idle physical cores in one socket passed every idle window; waiting for a pair", "next_check_seconds": 15}
{"event": "waiting_for_idle", "family": "functional", "reason": "No pair of idle physical cores in one socket passed every idle window; waiting for a pair", "next_check_seconds": 15}
{"event": "waiting_for_idle", "family": "functional", "reason": "No pair of idle physical cores in one socket passed every idle window; waiting for a pair", "next_check_seconds": 15}
{"event": "waiting_for_idle", "family": "functional", "reason": "No pair of idle physical cores in one socket passed every idle window; waiting for a pair", "next_check_seconds": 15}
{"event": "waiting_for_idle", "family": "functional", "reason": "No pair of idle physical cores in one socket passed every idle window; waiting for a pair", "next_check_seconds": 15}
{"event": "waiting_for_idle", "family": "functional", "reason": "No pair of idle physical cores in one socket passed every idle window; waiting for a pair", "next_check_seconds": 15}
{"event": "waiting_for_idle", "family": "functional", "reason": "No pair of idle physical cores in one socket passed every idle window; waiting for a pair", "next_check_seconds": 15}
{"event": "waiting_for_idle", "family": "functional", "reason": "No pair of idle physical cores in one socket passed every idle window; waiting for a pair", "next_check_seconds": 15}
{"event": "waiting_for_idle", "family": "functional", "reason": "No pair of idle physical cores in one socket passed every idle window; waiting for a pair", "next_check_seconds": 15}
{"event": "waiting_for_idle", "family": "functional", "reason": "No pair of idle physical cores in one socket passed every idle window; waiting for a pair", "next_check_seconds": 15}
{"event": "waiting_for_idle", "family": "functional", "reason": "No pair of idle physical cores in one socket passed every idle window; waiting for a pair", "next_check_seconds": 15}
{"event": "waiting_for_idle", "family": "functional", "reason": "No pair of idle physical cores in one socket passed every idle window; waiting for a pair", "next_check_seconds": 15}
{"event": "waiting_for_idle", "family": "functional", "reason": "No pair of idle physical cores in one socket passed every idle window; waiting for a pair", "next_check_seconds": 15}
{"event": "waiting_for_idle", "family": "functional", "reason": "No pair of idle physical cores in one socket passed every idle window; waiting for a pair", "next_check_seconds": 15}
{"event": "waiting_for_idle", "family": "functional", "reason": "No pair of idle physical cores in one socket passed every idle window; waiting for a pair", "next_check_seconds": 15}
{"event": "waiting_for_idle", "family": "functional", "reason": "No pair of idle physical cores in one socket passed every idle window; waiting for a pair", "next_check_seconds": 15}
{"event": "waiting_for_idle", "family": "functional", "reason": "No pair of idle physical cores in one socket passed every idle window; waiting for a pair", "next_check_seconds": 15}
{"event": "waiting_for_idle", "family": "functional", "reason": "No pair of idle physical cores in one socket passed every idle window; waiting for a pair", "next_check_seconds": 15}
{"event": "waiting_for_idle", "family": "functional", "reason": "No pair of idle physical cores in one socket passed every idle window; waiting for a pair", "next_check_seconds": 15}
{"event": "waiting_for_idle", "family": "functional", "reason": "No pair of idle physical cores in one socket passed every idle window; waiting for a pair", "next_check_seconds": 15}
{"event": "waiting_for_idle", "family": "functional", "reason": "No pair of idle physical cores in one socket passed every idle window; waiting for a pair", "next_check_seconds": 15}
{"event": "waiting_for_idle", "family": "functional", "reason": "No pair of idle physical cores in one socket passed every idle window; waiting for a pair", "next_check_seconds": 15}
{"event": "waiting_for_idle", "family": "functional", "reason": "No pair of idle physical cores in one socket passed every idle window; waiting for a pair", "next_check_seconds": 15}
{"event": "waiting_for_idle", "family": "functional", "reason": "No pair of idle physical cores in one socket passed every idle window; waiting for a pair", "next_check_seconds": 15}
{"event": "waiting_for_idle", "family": "functional", "reason": "No pair of idle physical cores in one socket passed every idle window; waiting for a pair", "next_check_seconds": 15}
{"event": "waiting_for_idle", "family": "functional", "reason": "No pair of idle physical cores in one socket passed every idle window; waiting for a pair", "next_check_seconds": 15}
{"event": "waiting_for_idle", "family": "functional", "reason": "No pair of idle physical cores in one socket passed every idle window; waiting for a pair", "next_check_seconds": 15}
{"event": "waiting_for_idle", "family": "functional", "reason": "No pair of idle physical cores in one socket passed every idle window; waiting for a pair", "next_check_seconds": 15}
{"event": "waiting_for_idle", "family": "functional", "reason": "No pair of idle physical cores in one socket passed every idle window; waiting for a pair", "next_check_seconds": 15}
{"event": "waiting_for_idle", "family": "functional", "reason": "No pair of idle physical cores in one socket passed every idle window; waiting for a pair", "next_check_seconds": 15}
{"event": "waiting_for_idle", "family": "functional", "reason": "No pair of idle physical cores in one socket passed every idle window; waiting for a pair", "next_check_seconds": 15}
{"event": "waiting_for_idle", "family": "functional", "reason": "No pair of idle physical cores in one socket passed every idle window; waiting for a pair", "next_check_seconds": 15}
{"event": "waiting_for_idle", "family": "functional", "reason": "No pair of idle physical cores in one socket passed every idle window; waiting for a pair", "next_check_seconds": 15}
{"event": "waiting_for_idle", "family": "functional", "reason": "No pair of idle physical cores in one socket passed every idle window; waiting for a pair", "next_check_seconds": 15}
{"event": "waiting_for_idle", "family": "functional", "reason": "No pair of idle physical cores in one socket passed every idle window; waiting for a pair", "next_check_seconds": 15}
{"event": "waiting_for_idle", "family": "functional", "reason": "No pair of idle physical cores in one socket passed every idle window; waiting for a pair", "next_check_seconds": 15}
{"event": "waiting_for_idle", "family": "functional", "reason": "No pair of idle physical cores in one socket passed every idle window; waiting for a pair", "next_check_seconds": 15}
{"event": "waiting_for_idle", "family": "functional", "reason": "No pair of idle physical cores in one socket passed every idle window; waiting for a pair", "next_check_seconds": 15}
{"event": "waiting_for_idle", "family": "functional", "reason": "No pair of idle physical cores in one socket passed every idle window; waiting for a pair", "next_check_seconds": 15}
{"event": "waiting_for_idle", "family": "functional", "reason": "No pair of idle physical cores in one socket passed every idle window; waiting for a pair", "next_check_seconds": 15}
{"event": "waiting_for_idle", "family": "functional", "reason": "No pair of idle physical cores in one socket passed every idle window; waiting for a pair", "next_check_seconds": 15}
{"event": "waiting_for_idle", "family": "functional", "reason": "No pair of idle physical cores in one socket passed every idle window; waiting for a pair", "next_check_seconds": 15}
{"event": "waiting_for_idle", "family": "functional", "reason": "No pair of idle physical cores in one socket passed every idle window; waiting for a pair", "next_check_seconds": 15}
{"event": "waiting_for_idle", "family": "functional", "reason": "No pair of idle physical cores in one socket passed every idle window; waiting for a pair", "next_check_seconds": 15}
{"event": "waiting_for_idle", "family": "functional", "reason": "No pair of idle physical cores in one socket passed every idle window; waiting for a pair", "next_check_seconds": 15}
{"event": "waiting_for_idle", "family": "functional", "reason": "No pair of idle physical cores in one socket passed every idle window; waiting for a pair", "next_check_seconds": 15}
{"event": "waiting_for_idle", "family": "functional", "reason": "No pair of idle physical cores in one socket passed every idle window; waiting for a pair", "next_check_seconds": 15}
{"event": "waiting_for_idle", "family": "functional", "reason": "No pair of idle physical cores in one socket passed every idle window; waiting for a pair", "next_check_seconds": 15}
{"event": "waiting_for_idle", "family": "functional", "reason": "No pair of idle physical cores in one socket passed every idle window; waiting for a pair", "next_check_seconds": 15}
{"event": "waiting_for_idle", "family": "functional", "reason": "No pair of idle physical cores in one socket passed every idle window; waiting for a pair", "next_check_seconds": 15}
{"event": "waiting_for_idle", "family": "functional", "reason": "No pair of idle physical cores in one socket passed every idle window; waiting for a pair", "next_check_seconds": 15}
{"event": "waiting_for_idle", "family": "functional", "reason": "No pair of idle physical cores in one socket passed every idle window; waiting for a pair", "next_check_seconds": 15}
{"event": "waiting_for_idle", "family": "functional", "reason": "No pair of idle physical cores in one socket passed every idle window; waiting for a pair", "next_check_seconds": 15}
{"event": "waiting_for_idle", "family": "functional", "reason": "No pair of idle physical cores in one socket passed every idle window; waiting for a pair", "next_check_seconds": 15}
{"event": "waiting_for_idle", "family": "functional", "reason": "No pair of idle physical cores in one socket passed every idle window; waiting for a pair", "next_check_seconds": 15}
{"event": "waiting_for_idle", "family": "functional", "reason": "No pair of idle physical cores in one socket passed every idle window; waiting for a pair", "next_check_seconds": 15}
{"event": "waiting_for_idle", "family": "functional", "reason": "No pair of idle physical cores in one socket passed every idle window; waiting for a pair", "next_check_seconds": 15}
{"event": "waiting_for_idle", "family": "functional", "reason": "No pair of idle physical cores in one socket passed every idle window; waiting for a pair", "next_check_seconds": 15}
{"event": "waiting_for_idle", "family": "functional", "reason": "No pair of idle physical cores in one socket passed every idle window; waiting for a pair", "next_check_seconds": 15}
{"event": "waiting_for_idle", "family": "functional", "reason": "No pair of idle physical cores in one socket passed every idle window; waiting for a pair", "next_check_seconds": 15}
{"event": "waiting_for_idle", "family": "functional", "reason": "No pair of idle physical cores in one socket passed every idle window; waiting for a pair", "next_check_seconds": 15}
{"event": "waiting_for_idle", "family": "functional", "reason": "No pair of idle physical cores in one socket passed every idle window; waiting for a pair", "next_check_seconds": 15}
{"event": "waiting_for_idle", "family": "functional", "reason": "No pair of idle physical cores in one socket passed every idle window; waiting for a pair", "next_check_seconds": 15}
{"event": "waiting_for_idle", "family": "functional", "reason": "No pair of idle physical cores in one socket passed every idle window; waiting for a pair", "next_check_seconds": 15}
{"event": "waiting_for_idle", "family": "functional", "reason": "No pair of idle physical cores in one socket passed every idle window; waiting for a pair", "next_check_seconds": 15}
{"event": "waiting_for_idle", "family": "functional", "reason": "No pair of idle physical cores in one socket passed every idle window; waiting for a pair", "next_check_seconds": 15}
{"event": "waiting_for_idle", "family": "functional", "reason": "No pair of idle physical cores in one socket passed every idle window; waiting for a pair", "next_check_seconds": 15}
{"event": "waiting_for_idle", "family": "functional", "reason": "No pair of idle physical cores in one socket passed every idle window; waiting for a pair", "next_check_seconds": 15}
{"event": "waiting_for_idle", "family": "functional", "reason": "No pair of idle physical cores in one socket passed every idle window; waiting for a pair", "next_check_seconds": 15}
{"event": "waiting_for_idle", "family": "functional", "reason": "No pair of idle physical cores in one socket passed every idle window; waiting for a pair", "next_check_seconds": 15}
{"event": "waiting_for_idle", "family": "functional", "reason": "No pair of idle physical cores in one socket passed every idle window; waiting for a pair", "next_check_seconds": 15}
{"event": "waiting_for_idle", "family": "functional", "reason": "No pair of idle physical cores in one socket passed every idle window; waiting for a pair", "next_check_seconds": 15}
{"event": "waiting_for_idle", "family": "functional", "reason": "No pair of idle physical cores in one socket passed every idle window; waiting for a pair", "next_check_seconds": 15}
{"event": "waiting_for_idle", "family": "functional", "reason": "No pair of idle physical cores in one socket passed every idle window; waiting for a pair", "next_check_seconds": 15}
{"event": "waiting_for_idle", "family": "functional", "reason": "No pair of idle physical cores in one socket passed every idle window; waiting for a pair", "next_check_seconds": 15}
{"event": "waiting_for_idle", "family": "functional", "reason": "No pair of idle physical cores in one socket passed every idle window; waiting for a pair", "next_check_seconds": 15}
{"event": "waiting_for_idle", "family": "functional", "reason": "No pair of idle physical cores in one socket passed every idle window; waiting for a pair", "next_check_seconds": 15}
{"event": "waiting_for_idle", "family": "functional", "reason": "No pair of idle physical cores in one socket passed every idle window; waiting for a pair", "next_check_seconds": 15}
{"event": "waiting_for_idle", "family": "functional", "reason": "No pair of idle physical cores in one socket passed every idle window; waiting for a pair", "next_check_seconds": 15}
{"event": "waiting_for_idle", "family": "functional", "reason": "No pair of idle physical cores in one socket passed every idle window; waiting for a pair", "next_check_seconds": 15}
{"event": "waiting_for_idle", "family": "functional", "reason": "No pair of idle physical cores in one socket passed every idle window; waiting for a pair", "next_check_seconds": 15}
{"event": "waiting_for_idle", "family": "functional", "reason": "No pair of idle physical cores in one socket passed every idle window; waiting for a pair", "next_check_seconds": 15}
{"event": "waiting_for_idle", "family": "functional", "reason": "No pair of idle physical cores in one socket passed every idle window; waiting for a pair", "next_check_seconds": 15}
{"event": "waiting_for_idle", "family": "functional", "reason": "No pair of idle physical cores in one socket passed every idle window; waiting for a pair", "next_check_seconds": 15}
{"event": "waiting_for_idle", "family": "functional", "reason": "No pair of idle physical cores in one socket passed every idle window; waiting for a pair", "next_check_seconds": 15}
{"event": "waiting_for_idle", "family": "functional", "reason": "No pair of idle physical cores in one socket passed every idle window; waiting for a pair", "next_check_seconds": 15}
{"event": "waiting_for_idle", "family": "functional", "reason": "No pair of idle physical cores in one socket passed every idle window; waiting for a pair", "next_check_seconds": 15}
{"event": "waiting_for_idle", "family": "functional", "reason": "No pair of idle physical cores in one socket passed every idle window; waiting for a pair", "next_check_seconds": 15}
{"event": "waiting_for_idle", "family": "functional", "reason": "No pair of idle physical cores in one socket passed every idle window; waiting for a pair", "next_check_seconds": 15}
{"event": "waiting_for_idle", "family": "functional", "reason": "No pair of idle physical cores in one socket passed every idle window; waiting for a pair", "next_check_seconds": 15}
{"event": "waiting_for_idle", "family": "functional", "reason": "No pair of idle physical cores in one socket passed every idle window; waiting for a pair", "next_check_seconds": 15}
{"event": "waiting_for_idle", "family": "functional", "reason": "No pair of idle physical cores in one socket passed every idle window; waiting for a pair", "next_check_seconds": 15}
{"event": "waiting_for_idle", "family": "functional", "reason": "No pair of idle physical cores in one socket passed every idle window; waiting for a pair", "next_check_seconds": 15}
{"event": "waiting_for_idle", "family": "functional", "reason": "No pair of idle physical cores in one socket passed every idle window; waiting for a pair", "next_check_seconds": 15}
{"event": "waiting_for_idle", "family": "functional", "reason": "No pair of idle physical cores in one socket passed every idle window; waiting for a pair", "next_check_seconds": 15}
{"event": "waiting_for_idle", "family": "functional", "reason": "No pair of idle physical cores in one socket passed every idle window; waiting for a pair", "next_check_seconds": 15}
{"event": "waiting_for_idle", "family": "functional", "reason": "No pair of idle physical cores in one socket passed every idle window; waiting for a pair", "next_check_seconds": 15}
{"event": "waiting_for_idle", "family": "functional", "reason": "No pair of idle physical cores in one socket passed every idle window; waiting for a pair", "next_check_seconds": 15}
{"event": "waiting_for_idle", "family": "functional", "reason": "No pair of idle physical cores in one socket passed every idle window; waiting for a pair", "next_check_seconds": 15}
{"event": "waiting_for_idle", "family": "functional", "reason": "No pair of idle physical cores in one socket passed every idle window; waiting for a pair", "next_check_seconds": 15}
{"event": "waiting_for_idle", "family": "functional", "reason": "No pair of idle physical cores in one socket passed every idle window; waiting for a pair", "next_check_seconds": 15}
{"event": "waiting_for_idle", "family": "functional", "reason": "No pair of idle physical cores in one socket passed every idle window; waiting for a pair", "next_check_seconds": 15}
{"event": "waiting_for_idle", "family": "functional", "reason": "No pair of idle physical cores in one socket passed every idle window; waiting for a pair", "next_check_seconds": 15}
{"event": "waiting_for_idle", "family": "functional", "reason": "No pair of idle physical cores in one socket passed every idle window; waiting for a pair", "next_check_seconds": 15}
{"event": "waiting_for_idle", "family": "functional", "reason": "No pair of idle physical cores in one socket passed every idle window; waiting for a pair", "next_check_seconds": 15}
{"event": "waiting_for_idle", "family": "functional", "reason": "No pair of idle physical cores in one socket passed every idle window; waiting for a pair", "next_check_seconds": 15}
{"event": "waiting_for_idle", "family": "functional", "reason": "No pair of idle physical cores in one socket passed every idle window; waiting for a pair", "next_check_seconds": 15}
{"event": "waiting_for_idle", "family": "functional", "reason": "No pair of idle physical cores in one socket passed every idle window; waiting for a pair", "next_check_seconds": 15}
{"event": "waiting_for_idle", "family": "functional", "reason": "No pair of idle physical cores in one socket passed every idle window; waiting for a pair", "next_check_seconds": 15}
{"event": "waiting_for_idle", "family": "functional", "reason": "No pair of idle physical cores in one socket passed every idle window; waiting for a pair", "next_check_seconds": 15}
{"event": "waiting_for_idle", "family": "functional", "reason": "No pair of idle physical cores in one socket passed every idle window; waiting for a pair", "next_check_seconds": 15}
{"event": "waiting_for_idle", "family": "functional", "reason": "No pair of idle physical cores in one socket passed every idle window; waiting for a pair", "next_check_seconds": 15}
{"event": "waiting_for_idle", "family": "functional", "reason": "No pair of idle physical cores in one socket passed every idle window; waiting for a pair", "next_check_seconds": 15}
{"event": "waiting_for_idle", "family": "functional", "reason": "No pair of idle physical cores in one socket passed every idle window; waiting for a pair", "next_check_seconds": 15}
{"event": "waiting_for_idle", "family": "functional", "reason": "No pair of idle physical cores in one socket passed every idle window; waiting for a pair", "next_check_seconds": 15}
{"event": "waiting_for_idle", "family": "functional", "reason": "No pair of idle physical cores in one socket passed every idle window; waiting for a pair", "next_check_seconds": 15}
{"event": "waiting_for_idle", "family": "functional", "reason": "No pair of idle physical cores in one socket passed every idle window; waiting for a pair", "next_check_seconds": 15}
{"event": "waiting_for_idle", "family": "functional", "reason": "No pair of idle physical cores in one socket passed every idle window; waiting for a pair", "next_check_seconds": 15}
{"event": "waiting_for_idle", "family": "functional", "reason": "No pair of idle physical cores in one socket passed every idle window; waiting for a pair", "next_check_seconds": 15}
{"event": "waiting_for_idle", "family": "functional", "reason": "No pair of idle physical cores in one socket passed every idle window; waiting for a pair", "next_check_seconds": 15}
{"event": "waiting_for_idle", "family": "functional", "reason": "No pair of idle physical cores in one socket passed every idle window; waiting for a pair", "next_check_seconds": 15}
{"event": "waiting_for_idle", "family": "functional", "reason": "No pair of idle physical cores in one socket passed every idle window; waiting for a pair", "next_check_seconds": 15}
{"event": "waiting_for_idle", "family": "functional", "reason": "No pair of idle physical cores in one socket passed every idle window; waiting for a pair", "next_check_seconds": 15}
{"event": "waiting_for_idle", "family": "functional", "reason": "No pair of idle physical cores in one socket passed every idle window; waiting for a pair", "next_check_seconds": 15}
{"event": "waiting_for_idle", "family": "functional", "reason": "No pair of idle physical cores in one socket passed every idle window; waiting for a pair", "next_check_seconds": 15}
{"event": "waiting_for_idle", "family": "functional", "reason": "No pair of idle physical cores in one socket passed every idle window; waiting for a pair", "next_check_seconds": 15}
{"event": "waiting_for_idle", "family": "functional", "reason": "No pair of idle physical cores in one socket passed every idle window; waiting for a pair", "next_check_seconds": 15}
{"event": "waiting_for_idle", "family": "functional", "reason": "No pair of idle physical cores in one socket passed every idle window; waiting for a pair", "next_check_seconds": 15}
{"event": "waiting_for_idle", "family": "functional", "reason": "No pair of idle physical cores in one socket passed every idle window; waiting for a pair", "next_check_seconds": 15}
{"event": "waiting_for_idle", "family": "functional", "reason": "No pair of idle physical cores in one socket passed every idle window; waiting for a pair", "next_check_seconds": 15}
{"event": "waiting_for_idle", "family": "functional", "reason": "No pair of idle physical cores in one socket passed every idle window; waiting for a pair", "next_check_seconds": 15}
{"event": "waiting_for_idle", "family": "functional", "reason": "No pair of idle physical cores in one socket passed every idle window; waiting for a pair", "next_check_seconds": 15}
{"event": "waiting_for_idle", "family": "functional", "reason": "No pair of idle physical cores in one socket passed every idle window; waiting for a pair", "next_check_seconds": 15}
{"event": "waiting_for_idle", "family": "functional", "reason": "No pair of idle physical cores in one socket passed every idle window; waiting for a pair", "next_check_seconds": 15}
{"event": "waiting_for_idle", "family": "functional", "reason": "No pair of idle physical cores in one socket passed every idle window; waiting for a pair", "next_check_seconds": 15}
{"event": "waiting_for_idle", "family": "functional", "reason": "No pair of idle physical cores in one socket passed every idle window; waiting for a pair", "next_check_seconds": 15}
{"event": "waiting_for_idle", "family": "functional", "reason": "No pair of idle physical cores in one socket passed every idle window; waiting for a pair", "next_check_seconds": 15}
{"event": "waiting_for_idle", "family": "functional", "reason": "No pair of idle physical cores in one socket passed every idle window; waiting for a pair", "next_check_seconds": 15}
{"event": "waiting_for_idle", "family": "functional", "reason": "No pair of idle physical cores in one socket passed every idle window; waiting for a pair", "next_check_seconds": 15}
{"event": "waiting_for_idle", "family": "functional", "reason": "No pair of idle physical cores in one socket passed every idle window; waiting for a pair", "next_check_seconds": 15}
{"event": "waiting_for_idle", "family": "functional", "reason": "No pair of idle physical cores in one socket passed every idle window; waiting for a pair", "next_check_seconds": 15}
{"event": "waiting_for_idle", "family": "functional", "reason": "No pair of idle physical cores in one socket passed every idle window; waiting for a pair", "next_check_seconds": 15}
{"event": "waiting_for_idle", "family": "functional", "reason": "No pair of idle physical cores in one socket passed every idle window; waiting for a pair", "next_check_seconds": 15}
{"event": "waiting_for_idle", "family": "functional", "reason": "No pair of idle physical cores in one socket passed every idle window; waiting for a pair", "next_check_seconds": 15}
{"event": "waiting_for_idle", "family": "functional", "reason": "No pair of idle physical cores in one socket passed every idle window; waiting for a pair", "next_check_seconds": 15}
{"event": "waiting_for_idle", "family": "functional", "reason": "No pair of idle physical cores in one socket passed every idle window; waiting for a pair", "next_check_seconds": 15}
{"event": "waiting_for_idle", "family": "functional", "reason": "No pair of idle physical cores in one socket passed every idle window; waiting for a pair", "next_check_seconds": 15}
{"event": "waiting_for_idle", "family": "functional", "reason": "No pair of idle physical cores in one socket passed every idle window; waiting for a pair", "next_check_seconds": 15}
{"event": "waiting_for_idle", "family": "functional", "reason": "No pair of idle physical cores in one socket passed every idle window; waiting for a pair", "next_check_seconds": 15}
{"event": "waiting_for_idle", "family": "functional", "reason": "No pair of idle physical cores in one socket passed every idle window; waiting for a pair", "next_check_seconds": 15}
{"event": "waiting_for_idle", "family": "functional", "reason": "No pair of idle physical cores in one socket passed every idle window; waiting for a pair", "next_check_seconds": 15}
{"event": "waiting_for_idle", "family": "functional", "reason": "No pair of idle physical cores in one socket passed every idle window; waiting for a pair", "next_check_seconds": 15}
{"event": "waiting_for_idle", "family": "functional", "reason": "No pair of idle physical cores in one socket passed every idle window; waiting for a pair", "next_check_seconds": 15}
{"event": "waiting_for_idle", "family": "functional", "reason": "No pair of idle physical cores in one socket passed every idle window; waiting for a pair", "next_check_seconds": 15}
{"event": "waiting_for_idle", "family": "functional", "reason": "No pair of idle physical cores in one socket passed every idle window; waiting for a pair", "next_check_seconds": 15}
{"event": "waiting_for_idle", "family": "functional", "reason": "No pair of idle physical cores in one socket passed every idle window; waiting for a pair", "next_check_seconds": 15}
{"event": "waiting_for_idle", "family": "functional", "reason": "No pair of idle physical cores in one socket passed every idle window; waiting for a pair", "next_check_seconds": 15}
{"event": "waiting_for_idle", "family": "functional", "reason": "No pair of idle physical cores in one socket passed every idle window; waiting for a pair", "next_check_seconds": 15}
{"event": "waiting_for_idle", "family": "functional", "reason": "No pair of idle physical cores in one socket passed every idle window; waiting for a pair", "next_check_seconds": 15}
{"event": "waiting_for_idle", "family": "functional", "reason": "No pair of idle physical cores in one socket passed every idle window; waiting for a pair", "next_check_seconds": 15}
{"event": "waiting_for_idle", "family": "functional", "reason": "No pair of idle physical cores in one socket passed every idle window; waiting for a pair", "next_check_seconds": 15}
{"event": "waiting_for_idle", "family": "functional", "reason": "No pair of idle physical cores in one socket passed every idle window; waiting for a pair", "next_check_seconds": 15}
{"event": "waiting_for_idle", "family": "functional", "reason": "No pair of idle physical cores in one socket passed every idle window; waiting for a pair", "next_check_seconds": 15}
{"event": "waiting_for_idle", "family": "functional", "reason": "No pair of idle physical cores in one socket passed every idle window; waiting for a pair", "next_check_seconds": 15}
{"event": "waiting_for_idle", "family": "functional", "reason": "No pair of idle physical cores in one socket passed every idle window; waiting for a pair", "next_check_seconds": 15}
{"event": "waiting_for_idle", "family": "functional", "reason": "No pair of idle physical cores in one socket passed every idle window; waiting for a pair", "next_check_seconds": 15}
{"event": "waiting_for_idle", "family": "functional", "reason": "No pair of idle physical cores in one socket passed every idle window; waiting for a pair", "next_check_seconds": 15}
{"event": "waiting_for_idle", "family": "functional", "reason": "No pair of idle physical cores in one socket passed every idle window; waiting for a pair", "next_check_seconds": 15}
{"event": "waiting_for_idle", "family": "functional", "reason": "No pair of idle physical cores in one socket passed every idle window; waiting for a pair", "next_check_seconds": 15}
{"event": "waiting_for_idle", "family": "functional", "reason": "No pair of idle physical cores in one socket passed every idle window; waiting for a pair", "next_check_seconds": 15}
{"event": "waiting_for_idle", "family": "functional", "reason": "No pair of idle physical cores in one socket passed every idle window; waiting for a pair", "next_check_seconds": 15}
{"event": "waiting_for_idle", "family": "functional", "reason": "No pair of idle physical cores in one socket passed every idle window; waiting for a pair", "next_check_seconds": 15}
{"event": "waiting_for_idle", "family": "functional", "reason": "No pair of idle physical cores in one socket passed every idle window; waiting for a pair", "next_check_seconds": 15}
{"event": "waiting_for_idle", "family": "functional", "reason": "No pair of idle physical cores in one socket passed every idle window; waiting for a pair", "next_check_seconds": 15}
{"event": "waiting_for_idle", "family": "functional", "reason": "No pair of idle physical cores in one socket passed every idle window; waiting for a pair", "next_check_seconds": 15}
{"event": "waiting_for_idle", "family": "functional", "reason": "No pair of idle physical cores in one socket passed every idle window; waiting for a pair", "next_check_seconds": 15}
{"event": "waiting_for_idle", "family": "functional", "reason": "No pair of idle physical cores in one socket passed every idle window; waiting for a pair", "next_check_seconds": 15}
{"event": "waiting_for_idle", "family": "functional", "reason": "No pair of idle physical cores in one socket passed every idle window; waiting for a pair", "next_check_seconds": 15}
{"event": "waiting_for_idle", "family": "functional", "reason": "No pair of idle physical cores in one socket passed every idle window; waiting for a pair", "next_check_seconds": 15}
{"event": "waiting_for_idle", "family": "functional", "reason": "No pair of idle physical cores in one socket passed every idle window; waiting for a pair", "next_check_seconds": 15}
{"event": "waiting_for_idle", "family": "functional", "reason": "No pair of idle physical cores in one socket passed every idle window; waiting for a pair", "next_check_seconds": 15}
{"event": "waiting_for_idle", "family": "functional", "reason": "No pair of idle physical cores in one socket passed every idle window; waiting for a pair", "next_check_seconds": 15}
{"event": "waiting_for_idle", "family": "functional", "reason": "No pair of idle physical cores in one socket passed every idle window; waiting for a pair", "next_check_seconds": 15}
{"event": "waiting_for_idle", "family": "functional", "reason": "No pair of idle physical cores in one socket passed every idle window; waiting for a pair", "next_check_seconds": 15}
{"event": "waiting_for_idle", "family": "functional", "reason": "No pair of idle physical cores in one socket passed every idle window; waiting for a pair", "next_check_seconds": 15}
{"event": "waiting_for_idle", "family": "functional", "reason": "No pair of idle physical cores in one socket passed every idle window; waiting for a pair", "next_check_seconds": 15}
{"event": "waiting_for_idle", "family": "functional", "reason": "No pair of idle physical cores in one socket passed every idle window; waiting for a pair", "next_check_seconds": 15}
{"event": "waiting_for_idle", "family": "functional", "reason": "No pair of idle physical cores in one socket passed every idle window; waiting for a pair", "next_check_seconds": 15}
{"event": "waiting_for_idle", "family": "functional", "reason": "No core and complete SMT sibling group passed all idle windows; waiting for a pair", "next_check_seconds": 15}
{"event": "waiting_for_idle", "family": "functional", "reason": "No pair of idle physical cores in one socket passed every idle window; waiting for a pair", "next_check_seconds": 15}
{"event": "waiting_for_idle", "family": "functional", "reason": "No pair of idle physical cores in one socket passed every idle window; waiting for a pair", "next_check_seconds": 15}

------------------------------------------------------------
Resource usage summary:

    Job ID            : 811211
    Job name          : hz-genoa-f0
    User / Account    : hlee58 / ece592f26_cpu
    Partition / QOS   : compute_partners / short
    Submitted         : 2026-09-12T00:17:20
    Started           : 2026-09-12T00:17:37
    Wait time         : 17 sec
    Elapsed (wall)    : 01:55:02
    Nodes             : 1 (n0398)
    CPUs allocated    : 2
    Tasks             : 1
    CPU time (total)  : 10.69 sec  (user 8.01, sys 2.69)
    CPU efficiency    : 0.1%
    Memory in use     : 34.07 MB  (sampled at job end; see seff for peak)
    Memory requested  : 2G
    Working directory : /gpfs_common/share04/ece592f26/hlee58/tmp/hazel-phase3-20260911/suite
    Exit code         : 0:0

    For final accounting (Slurm's MaxRSS, billing, etc.):  seff 811211
------------------------------------------------------------
