{"event": "point_passed", "family": "cross_core_reload", "params": {"mode": "cross", "bytes": 262144, "stride": 64, "offset": 0, "batch": 1024, "seed": 5922026, "order": "random", "page": "huge", "align": 0, "address_list": "-", "extra_args": [0, "huge", "-", -1], "timed_loads": 1, "paired_core": true}, "median": 120.0}
{"event": "point_passed", "family": "cross_core_reload", "params": {"mode": "cross", "bytes": 262144, "stride": 64, "offset": 0, "batch": 1024, "seed": 5922027, "order": "random", "page": "huge", "align": 0, "address_list": "-", "extra_args": [0, "huge", "-", -1], "timed_loads": 1, "paired_core": true}, "median": 120.0}
{"event": "point_passed", "family": "cross_core_reload", "params": {"mode": "cross", "bytes": 262144, "stride": 64, "offset": 1, "batch": 1024, "seed": 5922026, "order": "random", "page": "huge", "align": 0, "address_list": "-", "extra_args": [0, "huge", "-", -1], "timed_loads": 1, "paired_core": true}, "median": 120.0}
{"event": "point_passed", "family": "cross_core_reload", "params": {"mode": "cross", "bytes": 262144, "stride": 64, "offset": 1, "batch": 1024, "seed": 5922027, "order": "random", "page": "huge", "align": 0, "address_list": "-", "extra_args": [0, "huge", "-", -1], "timed_loads": 1, "paired_core": true}, "median": 120.0}
{"event": "point_passed", "family": "same_core_reload", "params": {"mode": "probe", "bytes": 262144, "stride": 64, "offset": 0, "batch": 1024, "seed": 5922026, "order": "random", "page": "huge", "align": 0, "address_list": "-", "extra_args": [0, "huge", "-", -1], "timed_loads": 1}, "median": 144.0}
{"event": "point_passed", "family": "cross_core_reload", "params": {"mode": "cross", "bytes": 8388608, "stride": 64, "offset": 0, "batch": 1024, "seed": 5922026, "order": "random", "page": "huge", "align": 0, "address_list": "-", "extra_args": [0, "huge", "-", -1], "timed_loads": 1, "paired_core": true}, "median": 120.0}
{"event": "point_passed", "family": "cross_core_reload", "params": {"mode": "cross", "bytes": 8388608, "stride": 64, "offset": 0, "batch": 1024, "seed": 5922027, "order": "random", "page": "huge", "align": 0, "address_list": "-", "extra_args": [0, "huge", "-", -1], "timed_loads": 1, "paired_core": true}, "median": 120.0}
{"event": "point_passed", "family": "cross_core_reload", "params": {"mode": "cross", "bytes": 8388608, "stride": 64, "offset": 1, "batch": 1024, "seed": 5922026, "order": "random", "page": "huge", "align": 0, "address_list": "-", "extra_args": [0, "huge", "-", -1], "timed_loads": 1, "paired_core": true}, "median": 120.0}
{"event": "point_passed", "family": "cross_core_reload", "params": {"mode": "cross", "bytes": 8388608, "stride": 64, "offset": 1, "batch": 1024, "seed": 5922027, "order": "random", "page": "huge", "align": 0, "address_list": "-", "extra_args": [0, "huge", "-", -1], "timed_loads": 1, "paired_core": true}, "median": 120.0}
{"event": "point_passed", "family": "same_core_reload", "params": {"mode": "probe", "bytes": 8388608, "stride": 64, "offset": 0, "batch": 1024, "seed": 5922026, "order": "random", "page": "huge", "align": 0, "address_list": "-", "extra_args": [0, "huge", "-", -1], "timed_loads": 1}, "median": 144.0}
{"event": "point_passed", "family": "cross_core_reload", "params": {"mode": "cross", "bytes": 67108864, "stride": 64, "offset": 0, "batch": 1024, "seed": 5922026, "order": "random", "page": "huge", "align": 0, "address_list": "-", "extra_args": [0, "huge", "-", -1], "timed_loads": 1, "paired_core": true}, "median": 120.0}
{"event": "point_passed", "family": "cross_core_reload", "params": {"mode": "cross", "bytes": 67108864, "stride": 64, "offset": 0, "batch": 1024, "seed": 5922027, "order": "random", "page": "huge", "align": 0, "address_list": "-", "extra_args": [0, "huge", "-", -1], "timed_loads": 1, "paired_core": true}, "median": 120.0}
{"event": "point_passed", "family": "cross_core_reload", "params": {"mode": "cross", "bytes": 67108864, "stride": 64, "offset": 1, "batch": 1024, "seed": 5922026, "order": "random", "page": "huge", "align": 0, "address_list": "-", "extra_args": [0, "huge", "-", -1], "timed_loads": 1, "paired_core": true}, "median": 120.0}
{"event": "point_passed", "family": "cross_core_reload", "params": {"mode": "cross", "bytes": 67108864, "stride": 64, "offset": 1, "batch": 1024, "seed": 5922027, "order": "random", "page": "huge", "align": 0, "address_list": "-", "extra_args": [0, "huge", "-", -1], "timed_loads": 1, "paired_core": true}, "median": 120.0}
{"event": "point_passed", "family": "same_core_reload", "params": {"mode": "probe", "bytes": 67108864, "stride": 64, "offset": 0, "batch": 1024, "seed": 5922026, "order": "random", "page": "huge", "align": 0, "address_list": "-", "extra_args": [0, "huge", "-", -1], "timed_loads": 1}, "median": 144.0}
{"event": "point_passed", "family": "target_hot", "params": {"mode": "hot", "bytes": 1024, "stride": 8, "offset": 0, "batch": 512, "seed": 5922026, "order": "random", "align": 0, "page": "base", "address_list": "-", "extra_args": [0, "base", "-", -1], "timed_loads": 1}, "median": 120.0}
Follow-up segment job=816183 constraint=genoa stage=cross status=0 end=2026-09-12T20:20:35-04:00
{"record": "/gpfs_common/share04/ece592f26/hlee58/tmp/hazel-phase3-20260911/submissions/genoa/followup-l2-20260913T002035.888476Z.json", "returncode": 0, "job_id": "816192", "stderr": ""}

------------------------------------------------------------
Resource usage summary:

    Job ID            : 816183
    Job name          : hz-genoa-f5
    User / Account    : hlee58 / ece592f26_cpu
    Partition / QOS   : compute_partners / short
    Submitted         : 2026-09-12T20:12:33
    Started           : 2026-09-12T20:12:38
    Wait time         : 5 sec
    Elapsed (wall)    : 00:07:58
    Nodes             : 1 (n0399)
    CPUs allocated    : 3
    Tasks             : 1
    CPU time (total)  : 705.26 sec  (user 703.49, sys 1.78)
    CPU efficiency    : 49.2%
    Memory in use     : 161.38 MB  (sampled at job end; see seff for peak)
    Memory requested  : 2G
    Working directory : /gpfs_common/share04/ece592f26/hlee58/tmp/hazel-phase3-20260911/suite
    Exit code         : 0:0

    For final accounting (Slurm's MaxRSS, billing, etc.):  seff 816183
------------------------------------------------------------
