Hazel segment: job=810673 constraint=genoa stage=full start=2026-09-11T22:10:01-04:00
Invocation: srun --cpu-bind=cores --hint=nomultithread python3 scripts/hazel_worker.py full
{"event": "point_noisy", "family": "latency", "flags": ["frequent involuntary context switches"], "attempt": "/gpfs_common/share04/ece592f26/hlee58/tmp/hazel-phase3-20260911/runs/genoa/baseline/full/latency/a2061cd0d0459e0e/attempt-1789179002004092261"}
{"event": "point_passed", "family": "latency", "params": {"mode": "chase", "bytes": 1024, "stride": 8, "offset": 0, "batch": 512, "seed": 5922026, "order": "random"}, "median": 5.0625}
{"event": "point_passed", "family": "capacity", "params": {"mode": "chase", "bytes": 2048, "stride": 8, "offset": 0, "batch": 512, "seed": 5922026, "order": "random"}, "median": 5.0625}
{"event": "point_passed", "family": "capacity", "params": {"mode": "chase", "bytes": 4194304, "stride": 8, "offset": 0, "batch": 512, "seed": 5922026, "order": "regular"}, "median": 5.0625}
{"event": "point_passed", "family": "capacity", "params": {"mode": "chase", "bytes": 268435456, "stride": 8, "offset": 0, "batch": 512, "seed": 5922026, "order": "random"}, "median": 353.15625}
{"event": "point_noisy", "family": "capacity", "flags": ["frequent involuntary context switches"], "attempt": "/gpfs_common/share04/ece592f26/hlee58/tmp/hazel-phase3-20260911/runs/genoa/baseline/full/capacity/db1aa23d31e6a01c/attempt-1789179119025605538"}
{"event": "point_noisy", "family": "capacity", "flags": ["frequent involuntary context switches"], "attempt": "/gpfs_common/share04/ece592f26/hlee58/tmp/hazel-phase3-20260911/runs/genoa/baseline/full/capacity/db1aa23d31e6a01c/attempt-1789179124510519973"}
{"event": "point_noisy", "family": "capacity", "flags": ["frequent involuntary context switches"], "attempt": "/gpfs_common/share04/ece592f26/hlee58/tmp/hazel-phase3-20260911/runs/genoa/baseline/full/capacity/db1aa23d31e6a01c/attempt-1789179129966184972"}
{"event": "point_noisy", "family": "capacity", "flags": ["frequent involuntary context switches"], "attempt": "/gpfs_common/share04/ece592f26/hlee58/tmp/hazel-phase3-20260911/runs/genoa/baseline/full/capacity/a2061cd0d0459e0e/attempt-1789179135430348427"}
{"event": "point_noisy", "family": "capacity", "flags": ["frequent involuntary context switches"], "attempt": "/gpfs_common/share04/ece592f26/hlee58/tmp/hazel-phase3-20260911/runs/genoa/baseline/full/capacity/a2061cd0d0459e0e/attempt-1789179140293525468"}
{"event": "point_noisy", "family": "capacity", "flags": ["frequent involuntary context switches"], "attempt": "/gpfs_common/share04/ece592f26/hlee58/tmp/hazel-phase3-20260911/runs/genoa/baseline/full/capacity/a2061cd0d0459e0e/attempt-1789179145118994371"}
{"event": "point_noisy", "family": "capacity", "flags": ["frequent involuntary context switches"], "attempt": "/gpfs_common/share04/ece592f26/hlee58/tmp/hazel-phase3-20260911/runs/genoa/baseline/full/capacity/27619a8563b84088/attempt-1789179149952310755"}
{"event": "point_noisy", "family": "capacity", "flags": ["frequent involuntary context switches"], "attempt": "/gpfs_common/share04/ece592f26/hlee58/tmp/hazel-phase3-20260911/runs/genoa/baseline/full/capacity/27619a8563b84088/attempt-1789179154544710441"}
{"event": "point_noisy", "family": "capacity", "flags": ["frequent involuntary context switches"], "attempt": "/gpfs_common/share04/ece592f26/hlee58/tmp/hazel-phase3-20260911/runs/genoa/baseline/full/capacity/27619a8563b84088/attempt-1789179159202739478"}
{"event": "point_noisy", "family": "capacity", "flags": ["frequent involuntary context switches"], "attempt": "/gpfs_common/share04/ece592f26/hlee58/tmp/hazel-phase3-20260911/runs/genoa/baseline/full/capacity/736da0eeb687c954/attempt-1789179163803851990"}
{"event": "point_passed", "family": "capacity", "params": {"mode": "chase", "bytes": 134217728, "stride": 8, "offset": 0, "batch": 512, "seed": 5922026, "order": "regular"}, "median": 5.0625}
{"event": "point_noisy", "family": "capacity", "flags": ["frequent involuntary context switches"], "attempt": "/gpfs_common/share04/ece592f26/hlee58/tmp/hazel-phase3-20260911/runs/genoa/baseline/full/capacity/88507a7d2ae5e605/attempt-1789179173390161843"}
{"event": "point_passed", "family": "capacity", "params": {"mode": "chase", "bytes": 32768, "stride": 8, "offset": 0, "batch": 512, "seed": 5922026, "order": "random"}, "median": 5.4375}
{"event": "point_passed", "family": "capacity", "params": {"mode": "chase", "bytes": 4096, "stride": 8, "offset": 0, "batch": 512, "seed": 5922026, "order": "random"}, "median": 5.0625}
{"event": "point_passed", "family": "capacity", "params": {"mode": "chase", "bytes": 262144, "stride": 8, "offset": 0, "batch": 512, "seed": 5922026, "order": "regular"}, "median": 5.0625}
{"event": "point_passed", "family": "capacity", "params": {"mode": "chase", "bytes": 65536, "stride": 8, "offset": 0, "batch": 512, "seed": 5922026, "order": "random"}, "median": 11.859375}
{"event": "point_passed", "family": "capacity", "params": {"mode": "chase", "bytes": 33554432, "stride": 8, "offset": 0, "batch": 512, "seed": 5922026, "order": "regular"}, "median": 5.0625}
{"event": "point_noisy", "family": "capacity", "flags": ["frequent involuntary context switches"], "attempt": "/gpfs_common/share04/ece592f26/hlee58/tmp/hazel-phase3-20260911/runs/genoa/baseline/full/capacity/9d0d70ed391b5044/attempt-1789179213336410351"}
{"event": "point_noisy", "family": "capacity", "flags": ["frequent involuntary context switches"], "attempt": "/gpfs_common/share04/ece592f26/hlee58/tmp/hazel-phase3-20260911/runs/genoa/baseline/full/capacity/9d0d70ed391b5044/attempt-1789179218586954294"}
{"event": "point_noisy", "family": "capacity", "flags": ["frequent involuntary context switches"], "attempt": "/gpfs_common/share04/ece592f26/hlee58/tmp/hazel-phase3-20260911/runs/genoa/baseline/full/capacity/9d0d70ed391b5044/attempt-1789179223826748413"}
{"event": "point_noisy", "family": "capacity", "flags": ["frequent involuntary context switches"], "attempt": "/gpfs_common/share04/ece592f26/hlee58/tmp/hazel-phase3-20260911/runs/genoa/baseline/full/capacity/eb8a2ba178e40e5a/attempt-1789179229120398278"}
{"event": "point_noisy", "family": "capacity", "flags": ["frequent involuntary context switches"], "attempt": "/gpfs_common/share04/ece592f26/hlee58/tmp/hazel-phase3-20260911/runs/genoa/baseline/full/capacity/eb8a2ba178e40e5a/attempt-1789179233999905565"}
{"event": "point_noisy", "family": "capacity", "flags": ["frequent involuntary context switches"], "attempt": "/gpfs_common/share04/ece592f26/hlee58/tmp/hazel-phase3-20260911/runs/genoa/baseline/full/capacity/eb8a2ba178e40e5a/attempt-1789179238849640233"}
{"event": "point_passed", "family": "capacity", "params": {"mode": "chase", "bytes": 2097152, "stride": 8, "offset": 0, "batch": 512, "seed": 5922026, "order": "random"}, "median": 49.96875}
{"event": "point_noisy", "family": "capacity", "flags": ["frequent involuntary context switches"], "attempt": "/gpfs_common/share04/ece592f26/hlee58/tmp/hazel-phase3-20260911/runs/genoa/baseline/full/capacity/03ff17930a919a1f/attempt-1789179265042276310"}
{"event": "point_noisy", "family": "capacity", "flags": ["frequent involuntary context switches"], "attempt": "/gpfs_common/share04/ece592f26/hlee58/tmp/hazel-phase3-20260911/runs/genoa/baseline/full/capacity/03ff17930a919a1f/attempt-1789179269881494632"}
{"event": "point_noisy", "family": "capacity", "flags": ["frequent involuntary context switches"], "attempt": "/gpfs_common/share04/ece592f26/hlee58/tmp/hazel-phase3-20260911/runs/genoa/baseline/full/capacity/03ff17930a919a1f/attempt-1789179274754669879"}
{"event": "point_noisy", "family": "capacity", "flags": ["frequent involuntary context switches"], "attempt": "/gpfs_common/share04/ece592f26/hlee58/tmp/hazel-phase3-20260911/runs/genoa/baseline/full/capacity/5b3105251866c539/attempt-1789179279636900055"}
{"event": "point_passed", "family": "capacity", "params": {"mode": "chase", "bytes": 131072, "stride": 8, "offset": 0, "batch": 512, "seed": 5922026, "order": "regular"}, "median": 5.0625}
{"event": "point_passed", "family": "capacity", "params": {"mode": "chase", "bytes": 67108864, "stride": 8, "offset": 0, "batch": 512, "seed": 5922026, "order": "random"}, "median": 248.53125}
{"event": "point_passed", "family": "capacity", "params": {"mode": "chase", "bytes": 131072, "stride": 8, "offset": 0, "batch": 512, "seed": 5922026, "order": "random"}, "median": 14.484375}
{"event": "point_passed", "family": "capacity", "params": {"mode": "chase", "bytes": 16384, "stride": 8, "offset": 0, "batch": 512, "seed": 5922026, "order": "random"}, "median": 5.0625}
{"event": "point_passed", "family": "capacity", "params": {"mode": "chase", "bytes": 524288, "stride": 8, "offset": 0, "batch": 512, "seed": 5922026, "order": "random"}, "median": 20.765625}
{"event": "point_passed", "family": "capacity", "params": {"mode": "chase", "bytes": 8192, "stride": 8, "offset": 0, "batch": 512, "seed": 5922026, "order": "regular"}, "median": 5.0625}
{"event": "point_passed", "family": "capacity", "params": {"mode": "chase", "bytes": 524288, "stride": 8, "offset": 0, "batch": 512, "seed": 5922026, "order": "regular"}, "median": 5.0625}
{"event": "point_passed", "family": "capacity", "params": {"mode": "chase", "bytes": 2048, "stride": 8, "offset": 0, "batch": 512, "seed": 5922026, "order": "regular"}, "median": 5.0625}
{"event": "point_passed", "family": "capacity", "params": {"mode": "chase", "bytes": 8192, "stride": 8, "offset": 0, "batch": 512, "seed": 5922026, "order": "random"}, "median": 5.0625}
{"event": "point_noisy", "family": "capacity", "flags": ["frequent involuntary context switches"], "attempt": "/gpfs_common/share04/ece592f26/hlee58/tmp/hazel-phase3-20260911/runs/genoa/baseline/full/capacity/16dc71f8bad50fbe/attempt-1789179401806276151"}
{"event": "point_noisy", "family": "capacity", "flags": ["frequent involuntary context switches"], "attempt": "/gpfs_common/share04/ece592f26/hlee58/tmp/hazel-phase3-20260911/runs/genoa/baseline/full/capacity/16dc71f8bad50fbe/attempt-1789179406337936919"}
{"event": "point_noisy", "family": "capacity", "flags": ["frequent involuntary context switches"], "attempt": "/gpfs_common/share04/ece592f26/hlee58/tmp/hazel-phase3-20260911/runs/genoa/baseline/full/capacity/16dc71f8bad50fbe/attempt-1789179410925971946"}
{"event": "point_noisy", "family": "capacity", "flags": ["frequent involuntary context switches"], "attempt": "/gpfs_common/share04/ece592f26/hlee58/tmp/hazel-phase3-20260911/runs/genoa/baseline/full/capacity/386bac387b3a038f/attempt-1789179415506716905"}
{"event": "point_passed", "family": "capacity", "params": {"mode": "chase", "bytes": 134217728, "stride": 8, "offset": 0, "batch": 512, "seed": 5922026, "order": "random"}, "median": 313.453125}
{"event": "point_noisy", "family": "capacity", "flags": ["frequent involuntary context switches"], "attempt": "/gpfs_common/share04/ece592f26/hlee58/tmp/hazel-phase3-20260911/runs/genoa/baseline/full/capacity/9bdd87ef31ccfd07/attempt-1789179581671775447"}
{"event": "point_noisy", "family": "capacity", "flags": ["frequent involuntary context switches"], "attempt": "/gpfs_common/share04/ece592f26/hlee58/tmp/hazel-phase3-20260911/runs/genoa/baseline/full/capacity/9bdd87ef31ccfd07/attempt-1789179586364770347"}
{"event": "point_noisy", "family": "capacity", "flags": ["frequent involuntary context switches"], "attempt": "/gpfs_common/share04/ece592f26/hlee58/tmp/hazel-phase3-20260911/runs/genoa/baseline/full/capacity/9bdd87ef31ccfd07/attempt-1789179591009223639"}
{"event": "point_noisy", "family": "capacity", "flags": ["frequent involuntary context switches"], "attempt": "/gpfs_common/share04/ece592f26/hlee58/tmp/hazel-phase3-20260911/runs/genoa/baseline/full/capacity/c4b6829afa284d31/attempt-1789179595652777263"}
{"event": "point_passed", "family": "capacity", "params": {"mode": "chase", "bytes": 4194304, "stride": 8, "offset": 0, "batch": 512, "seed": 5922026, "order": "random"}, "median": 61.96875}
{"event": "point_noisy", "family": "capacity", "flags": ["frequent involuntary context switches"], "attempt": "/gpfs_common/share04/ece592f26/hlee58/tmp/hazel-phase3-20260911/runs/genoa/baseline/full/capacity/de0dec1f266be556/attempt-1789179643493622255"}
{"event": "point_noisy", "family": "capacity", "flags": ["frequent involuntary context switches"], "attempt": "/gpfs_common/share04/ece592f26/hlee58/tmp/hazel-phase3-20260911/runs/genoa/baseline/full/capacity/de0dec1f266be556/attempt-1789179648410994734"}
{"event": "point_noisy", "family": "capacity", "flags": ["frequent involuntary context switches"], "attempt": "/gpfs_common/share04/ece592f26/hlee58/tmp/hazel-phase3-20260911/runs/genoa/baseline/full/capacity/de0dec1f266be556/attempt-1789179653459385908"}
{"event": "point_noisy", "family": "capacity", "flags": ["frequent involuntary context switches"], "attempt": "/gpfs_common/share04/ece592f26/hlee58/tmp/hazel-phase3-20260911/runs/genoa/baseline/full/capacity/c5eb83809e4f0568/attempt-1789179658522169421"}
{"event": "point_passed", "family": "capacity", "params": {"mode": "chase", "bytes": 8388608, "stride": 8, "offset": 0, "batch": 512, "seed": 5922026, "order": "random"}, "median": 71.25}
{"event": "point_passed", "family": "capacity", "params": {"mode": "chase", "bytes": 32768, "stride": 8, "offset": 0, "batch": 512, "seed": 5922026, "order": "regular"}, "median": 5.0625}
{"event": "point_noisy", "family": "capacity", "flags": ["frequent involuntary context switches"], "attempt": "/gpfs_common/share04/ece592f26/hlee58/tmp/hazel-phase3-20260911/runs/genoa/baseline/full/capacity/e1a7a4fd722c3ce7/attempt-1789179715036540258"}
{"event": "point_noisy", "family": "capacity", "flags": ["frequent involuntary context switches"], "attempt": "/gpfs_common/share04/ece592f26/hlee58/tmp/hazel-phase3-20260911/runs/genoa/baseline/full/capacity/e1a7a4fd722c3ce7/attempt-1789179719612743521"}
{"event": "point_noisy", "family": "capacity", "flags": ["frequent involuntary context switches"], "attempt": "/gpfs_common/share04/ece592f26/hlee58/tmp/hazel-phase3-20260911/runs/genoa/baseline/full/capacity/e1a7a4fd722c3ce7/attempt-1789179724243373894"}
{"event": "point_noisy", "family": "capacity", "flags": ["frequent involuntary context switches"], "attempt": "/gpfs_common/share04/ece592f26/hlee58/tmp/hazel-phase3-20260911/runs/genoa/baseline/full/capacity/f457b4c719bde7ec/attempt-1789179728852989890"}
{"event": "point_passed", "family": "capacity", "params": {"mode": "chase", "bytes": 16777216, "stride": 8, "offset": 0, "batch": 512, "seed": 5922026, "order": "random"}, "median": 92.71875}
{"event": "point_passed", "family": "capacity", "params": {"mode": "chase", "bytes": 1048576, "stride": 8, "offset": 0, "batch": 512, "seed": 5922026, "order": "random"}, "median": 31.03125}
{"event": "point_passed", "family": "capacity", "params": {"mode": "chase", "bytes": 262144, "stride": 8, "offset": 0, "batch": 512, "seed": 5922026, "order": "random"}, "median": 15.796875}
{"event": "point_passed", "family": "capacity", "params": {"mode": "chase", "bytes": 33554432, "stride": 8, "offset": 0, "batch": 512, "seed": 5922026, "order": "random"}, "median": 149.859375}
{"event": "point_passed", "family": "capacity", "params": {"mode": "chase", "bytes": 268435456, "stride": 8, "offset": 0, "batch": 512, "seed": 5922026, "order": "regular"}, "median": 5.0625}
{"event": "point_passed", "family": "capacity", "params": {"mode": "chase", "bytes": 23068672, "stride": 8, "offset": 0, "batch": 512, "seed": 5922026, "order": "random"}, "median": 112.640625}
{"event": "point_passed", "family": "capacity", "params": {"mode": "chase", "bytes": 100663296, "stride": 8, "offset": 0, "batch": 512, "seed": 5922026, "order": "regular"}, "median": 5.0625}
{"event": "point_passed", "family": "capacity", "params": {"mode": "chase", "bytes": 3932160, "stride": 8, "offset": 0, "batch": 512, "seed": 5922026, "order": "random"}, "median": 61.078125}
{"event": "point_passed", "family": "capacity", "params": {"mode": "chase", "bytes": 327680, "stride": 8, "offset": 0, "batch": 512, "seed": 5922026, "order": "regular"}, "median": 5.0625}
{"event": "point_noisy", "family": "capacity", "flags": ["frequent involuntary context switches"], "attempt": "/gpfs_common/share04/ece592f26/hlee58/tmp/hazel-phase3-20260911/runs/genoa/baseline/full/capacity/257a8b1acb3f638e/attempt-1789179929924228030"}
{"event": "point_noisy", "family": "capacity", "flags": ["frequent involuntary context switches"], "attempt": "/gpfs_common/share04/ece592f26/hlee58/tmp/hazel-phase3-20260911/runs/genoa/baseline/full/capacity/257a8b1acb3f638e/attempt-1789179934450810016"}
{"event": "point_noisy", "family": "capacity", "flags": ["frequent involuntary context switches"], "attempt": "/gpfs_common/share04/ece592f26/hlee58/tmp/hazel-phase3-20260911/runs/genoa/baseline/full/capacity/257a8b1acb3f638e/attempt-1789179938996102207"}
{"event": "point_noisy", "family": "capacity", "flags": ["frequent involuntary context switches"], "attempt": "/gpfs_common/share04/ece592f26/hlee58/tmp/hazel-phase3-20260911/runs/genoa/baseline/full/capacity/ae31de32be464dfe/attempt-1789179943540114529"}
{"event": "point_passed", "family": "capacity", "params": {"mode": "chase", "bytes": 23068672, "stride": 8, "offset": 0, "batch": 512, "seed": 5922026, "order": "regular"}, "median": 5.0625}
{"event": "point_passed", "family": "capacity", "params": {"mode": "chase", "bytes": 3145728, "stride": 8, "offset": 0, "batch": 512, "seed": 5922026, "order": "random"}, "median": 57.609375}
{"event": "point_passed", "family": "capacity", "params": {"mode": "chase", "bytes": 12582912, "stride": 8, "offset": 0, "batch": 512, "seed": 5922026, "order": "regular"}, "median": 5.0625}
{"event": "point_passed", "family": "capacity", "params": {"mode": "chase", "bytes": 98304, "stride": 8, "offset": 0, "batch": 512, "seed": 5922026, "order": "random"}, "median": 13.546875}
{"event": "point_passed", "family": "capacity", "params": {"mode": "chase", "bytes": 61440, "stride": 8, "offset": 0, "batch": 512, "seed": 5922026, "order": "regular"}, "median": 5.0625}
{"event": "point_passed", "family": "capacity", "params": {"mode": "chase", "bytes": 122880, "stride": 8, "offset": 0, "batch": 512, "seed": 5922026, "order": "regular"}, "median": 5.0625}
{"event": "point_passed", "family": "capacity", "params": {"mode": "chase", "bytes": 15728640, "stride": 8, "offset": 0, "batch": 512, "seed": 5922026, "order": "regular"}, "median": 5.0625}
{"event": "point_passed", "family": "capacity", "params": {"mode": "chase", "bytes": 117440512, "stride": 8, "offset": 0, "batch": 512, "seed": 5922026, "order": "random"}, "median": 303.515625}
{"event": "point_noisy", "family": "capacity", "flags": ["frequent involuntary context switches"], "attempt": "/gpfs_common/share04/ece592f26/hlee58/tmp/hazel-phase3-20260911/runs/genoa/baseline/full/capacity/b6752ac926ab9efa/attempt-1789180084346064496"}
{"event": "point_noisy", "family": "capacity", "flags": ["frequent involuntary context switches"], "attempt": "/gpfs_common/share04/ece592f26/hlee58/tmp/hazel-phase3-20260911/runs/genoa/baseline/full/capacity/b6752ac926ab9efa/attempt-1789180088830061269"}
{"event": "point_noisy", "family": "capacity", "flags": ["frequent involuntary context switches"], "attempt": "/gpfs_common/share04/ece592f26/hlee58/tmp/hazel-phase3-20260911/runs/genoa/baseline/full/capacity/b6752ac926ab9efa/attempt-1789180093338948593"}
{"event": "point_noisy", "family": "capacity", "flags": ["frequent involuntary context switches"], "attempt": "/gpfs_common/share04/ece592f26/hlee58/tmp/hazel-phase3-20260911/runs/genoa/baseline/full/capacity/6d99b1a96e5a9496/attempt-1789180097879587621"}
{"event": "point_passed", "family": "capacity", "params": {"mode": "chase", "bytes": 18874368, "stride": 8, "offset": 0, "batch": 512, "seed": 5922026, "order": "random"}, "median": 98.578125}
{"event": "point_passed", "family": "capacity", "params": {"mode": "chase", "bytes": 75497472, "stride": 8, "offset": 0, "batch": 512, "seed": 5922026, "order": "regular"}, "median": 5.0625}
{"event": "point_passed", "family": "capacity", "params": {"mode": "chase", "bytes": 122880, "stride": 8, "offset": 0, "batch": 512, "seed": 5922026, "order": "random"}, "median": 14.15625}
{"event": "point_passed", "family": "capacity", "params": {"mode": "chase", "bytes": 10485760, "stride": 8, "offset": 0, "batch": 512, "seed": 5922026, "order": "regular"}, "median": 5.0625}
{"event": "point_passed", "family": "capacity", "params": {"mode": "chase", "bytes": 3670016, "stride": 8, "offset": 0, "batch": 512, "seed": 5922026, "order": "regular"}, "median": 5.0625}
{"event": "point_passed", "family": "capacity", "params": {"mode": "chase", "bytes": 40960, "stride": 8, "offset": 0, "batch": 512, "seed": 5922026, "order": "random"}, "median": 8.15625}
{"event": "point_passed", "family": "capacity", "params": {"mode": "chase", "bytes": 57344, "stride": 8, "offset": 0, "batch": 512, "seed": 5922026, "order": "random"}, "median": 10.78125}
{"event": "point_passed", "family": "capacity", "params": {"mode": "chase", "bytes": 14680064, "stride": 8, "offset": 0, "batch": 512, "seed": 5922026, "order": "random"}, "median": 85.59375}
{"event": "point_passed", "family": "capacity", "params": {"mode": "chase", "bytes": 25165824, "stride": 8, "offset": 0, "batch": 512, "seed": 5922026, "order": "regular"}, "median": 5.0625}
{"event": "point_passed", "family": "capacity", "params": {"mode": "chase", "bytes": 12582912, "stride": 8, "offset": 0, "batch": 512, "seed": 5922026, "order": "random"}, "median": 78.0}
{"event": "point_passed", "family": "capacity", "params": {"mode": "chase", "bytes": 11534336, "stride": 8, "offset": 0, "batch": 512, "seed": 5922026, "order": "regular"}, "median": 5.0625}
{"event": "point_passed", "family": "capacity", "params": {"mode": "chase", "bytes": 327680, "stride": 8, "offset": 0, "batch": 512, "seed": 5922026, "order": "random"}, "median": 17.203125}
{"event": "point_passed", "family": "capacity", "params": {"mode": "chase", "bytes": 1179648, "stride": 8, "offset": 0, "batch": 512, "seed": 5922026, "order": "regular"}, "median": 5.0625}
{"event": "point_passed", "family": "capacity", "params": {"mode": "chase", "bytes": 15728640, "stride": 8, "offset": 0, "batch": 512, "seed": 5922026, "order": "random"}, "median": 89.390625}
{"event": "point_noisy", "family": "capacity", "flags": ["frequent involuntary context switches"], "attempt": "/gpfs_common/share04/ece592f26/hlee58/tmp/hazel-phase3-20260911/runs/genoa/baseline/full/capacity/891b7dddeff9f45f/attempt-1789180317043340112"}
{"event": "point_noisy", "family": "capacity", "flags": ["frequent involuntary context switches"], "attempt": "/gpfs_common/share04/ece592f26/hlee58/tmp/hazel-phase3-20260911/runs/genoa/baseline/full/capacity/891b7dddeff9f45f/attempt-1789180322487708342"}
{"event": "point_noisy", "family": "capacity", "flags": ["frequent involuntary context switches"], "attempt": "/gpfs_common/share04/ece592f26/hlee58/tmp/hazel-phase3-20260911/runs/genoa/baseline/full/capacity/891b7dddeff9f45f/attempt-1789180327843396144"}
{"event": "point_noisy", "family": "capacity", "flags": ["frequent involuntary context switches"], "attempt": "/gpfs_common/share04/ece592f26/hlee58/tmp/hazel-phase3-20260911/runs/genoa/baseline/full/capacity/abe41e96dea639a9/attempt-1789180333212850005"}
{"event": "point_passed", "family": "capacity", "params": {"mode": "chase", "bytes": 9437184, "stride": 8, "offset": 0, "batch": 512, "seed": 5922026, "order": "random"}, "median": 72.84375}
{"event": "point_passed", "family": "capacity", "params": {"mode": "chase", "bytes": 49152, "stride": 8, "offset": 0, "batch": 512, "seed": 5922026, "order": "random"}, "median": 9.65625}
{"event": "point_passed", "family": "capacity", "params": {"mode": "chase", "bytes": 27262976, "stride": 8, "offset": 0, "batch": 512, "seed": 5922026, "order": "random"}, "median": 129.1875}
{"event": "point_passed", "family": "capacity", "params": {"mode": "chase", "bytes": 49152, "stride": 8, "offset": 0, "batch": 512, "seed": 5922026, "order": "regular"}, "median": 5.0625}
{"event": "point_noisy", "family": "capacity", "flags": ["frequent involuntary context switches"], "attempt": "/gpfs_common/share04/ece592f26/hlee58/tmp/hazel-phase3-20260911/runs/genoa/baseline/full/capacity/9492ee544d585f6e/attempt-1789180438404820595"}
{"event": "point_noisy", "family": "capacity", "flags": ["frequent involuntary context switches"], "attempt": "/gpfs_common/share04/ece592f26/hlee58/tmp/hazel-phase3-20260911/runs/genoa/baseline/full/capacity/9492ee544d585f6e/attempt-1789180443788811710"}
{"event": "point_noisy", "family": "capacity", "flags": ["frequent involuntary context switches"], "attempt": "/gpfs_common/share04/ece592f26/hlee58/tmp/hazel-phase3-20260911/runs/genoa/baseline/full/capacity/9492ee544d585f6e/attempt-1789180449177175949"}
{"event": "point_noisy", "family": "capacity", "flags": ["frequent involuntary context switches"], "attempt": "/gpfs_common/share04/ece592f26/hlee58/tmp/hazel-phase3-20260911/runs/genoa/baseline/full/capacity/d0fed07e641b2a46/attempt-1789180454580186446"}
{"event": "point_passed", "family": "capacity", "params": {"mode": "chase", "bytes": 40960, "stride": 8, "offset": 0, "batch": 512, "seed": 5922026, "order": "regular"}, "median": 5.0625}
{"event": "point_passed", "family": "capacity", "params": {"mode": "chase", "bytes": 41943040, "stride": 8, "offset": 0, "batch": 512, "seed": 5922026, "order": "random"}, "median": 184.125}
{"event": "point_noisy", "family": "capacity", "flags": ["frequent involuntary context switches"], "attempt": "/gpfs_common/share04/ece592f26/hlee58/tmp/hazel-phase3-20260911/runs/genoa/baseline/full/capacity/4fa42bf3cbd8aaf4/attempt-1789180516136104751"}
{"event": "point_noisy", "family": "capacity", "flags": ["frequent involuntary context switches"], "attempt": "/gpfs_common/share04/ece592f26/hlee58/tmp/hazel-phase3-20260911/runs/genoa/baseline/full/capacity/4fa42bf3cbd8aaf4/attempt-1789180520729628352"}
{"event": "point_noisy", "family": "capacity", "flags": ["frequent involuntary context switches"], "attempt": "/gpfs_common/share04/ece592f26/hlee58/tmp/hazel-phase3-20260911/runs/genoa/baseline/full/capacity/4fa42bf3cbd8aaf4/attempt-1789180525327258057"}
{"event": "point_noisy", "family": "capacity", "flags": ["frequent involuntary context switches"], "attempt": "/gpfs_common/share04/ece592f26/hlee58/tmp/hazel-phase3-20260911/runs/genoa/baseline/full/capacity/5141292b5ca0efdb/attempt-1789180529922024009"}
{"event": "point_passed", "family": "capacity", "params": {"mode": "chase", "bytes": 83886080, "stride": 8, "offset": 0, "batch": 512, "seed": 5922026, "order": "random"}, "median": 274.5}
{"event": "point_passed", "family": "capacity", "params": {"mode": "chase", "bytes": 100663296, "stride": 8, "offset": 0, "batch": 512, "seed": 5922026, "order": "random"}, "median": 291.65625}
{"event": "point_passed", "family": "capacity", "params": {"mode": "chase", "bytes": 29360128, "stride": 8, "offset": 0, "batch": 512, "seed": 5922026, "order": "random"}, "median": 137.484375}
{"event": "point_passed", "family": "capacity", "params": {"mode": "chase", "bytes": 50331648, "stride": 8, "offset": 0, "batch": 512, "seed": 5922026, "order": "random"}, "median": 215.8125}
{"event": "point_passed", "family": "capacity", "params": {"mode": "chase", "bytes": 360448, "stride": 8, "offset": 0, "batch": 512, "seed": 5922026, "order": "random"}, "median": 18.0}
{"event": "point_passed", "family": "capacity", "params": {"mode": "chase", "bytes": 117440512, "stride": 8, "offset": 0, "batch": 512, "seed": 5922026, "order": "regular"}, "median": 5.0625}
{"event": "point_noisy", "family": "capacity", "flags": ["frequent involuntary context switches"], "attempt": "/gpfs_common/share04/ece592f26/hlee58/tmp/hazel-phase3-20260911/runs/genoa/baseline/full/capacity/2dc25addbcc17587/attempt-1789180867047102275"}
{"event": "point_noisy", "family": "capacity", "flags": ["frequent involuntary context switches"], "attempt": "/gpfs_common/share04/ece592f26/hlee58/tmp/hazel-phase3-20260911/runs/genoa/baseline/full/capacity/2dc25addbcc17587/attempt-1789180875504747385"}
{"event": "point_noisy", "family": "capacity", "flags": ["frequent involuntary context switches"], "attempt": "/gpfs_common/share04/ece592f26/hlee58/tmp/hazel-phase3-20260911/runs/genoa/baseline/full/capacity/2dc25addbcc17587/attempt-1789180883915944421"}
{"event": "point_noisy", "family": "capacity", "flags": ["frequent involuntary context switches"], "attempt": "/gpfs_common/share04/ece592f26/hlee58/tmp/hazel-phase3-20260911/runs/genoa/baseline/full/capacity/b1245fb120327f96/attempt-1789180892231021916"}
{"event": "point_passed", "family": "capacity", "params": {"mode": "chase", "bytes": 458752, "stride": 8, "offset": 0, "batch": 512, "seed": 5922026, "order": "regular"}, "median": 5.0625}
{"event": "point_noisy", "family": "capacity", "flags": ["frequent involuntary context switches"], "attempt": "/gpfs_common/share04/ece592f26/hlee58/tmp/hazel-phase3-20260911/runs/genoa/baseline/full/capacity/a2a6463ea1d4b2e5/attempt-1789180902895769021"}
{"event": "point_noisy", "family": "capacity", "flags": ["frequent involuntary context switches"], "attempt": "/gpfs_common/share04/ece592f26/hlee58/tmp/hazel-phase3-20260911/runs/genoa/baseline/full/capacity/a2a6463ea1d4b2e5/attempt-1789180908337283254"}
{"event": "point_noisy", "family": "capacity", "flags": ["frequent involuntary context switches"], "attempt": "/gpfs_common/share04/ece592f26/hlee58/tmp/hazel-phase3-20260911/runs/genoa/baseline/full/capacity/a2a6463ea1d4b2e5/attempt-1789180913848669851"}
{"event": "point_noisy", "family": "capacity", "flags": ["frequent involuntary context switches"], "attempt": "/gpfs_common/share04/ece592f26/hlee58/tmp/hazel-phase3-20260911/runs/genoa/baseline/full/capacity/c8b3831fa7a801fd/attempt-1789180919293052224"}
{"event": "point_passed", "family": "capacity", "params": {"mode": "chase", "bytes": 786432, "stride": 8, "offset": 0, "batch": 512, "seed": 5922026, "order": "regular"}, "median": 5.0625}
{"event": "point_passed", "family": "capacity", "params": {"mode": "chase", "bytes": 851968, "stride": 8, "offset": 0, "batch": 512, "seed": 5922026, "order": "random"}, "median": 27.234375}
{"event": "point_noisy", "family": "capacity", "flags": ["frequent involuntary context switches"], "attempt": "/gpfs_common/share04/ece592f26/hlee58/tmp/hazel-phase3-20260911/runs/genoa/baseline/full/capacity/01dbbfdb00ffad16/attempt-1789180945404275335"}
{"event": "point_noisy", "family": "capacity", "flags": ["frequent involuntary context switches"], "attempt": "/gpfs_common/share04/ece592f26/hlee58/tmp/hazel-phase3-20260911/runs/genoa/baseline/full/capacity/01dbbfdb00ffad16/attempt-1789180949878788117"}
{"event": "point_noisy", "family": "capacity", "flags": ["frequent involuntary context switches"], "attempt": "/gpfs_common/share04/ece592f26/hlee58/tmp/hazel-phase3-20260911/runs/genoa/baseline/full/capacity/01dbbfdb00ffad16/attempt-1789180954348503987"}
{"event": "point_noisy", "family": "capacity", "flags": ["frequent involuntary context switches"], "attempt": "/gpfs_common/share04/ece592f26/hlee58/tmp/hazel-phase3-20260911/runs/genoa/baseline/full/capacity/b8008587ad2bcdd2/attempt-1789180958837535145"}
{"event": "point_passed", "family": "capacity", "params": {"mode": "chase", "bytes": 294912, "stride": 8, "offset": 0, "batch": 512, "seed": 5922026, "order": "regular"}, "median": 5.0625}
{"event": "point_passed", "family": "capacity", "params": {"mode": "chase", "bytes": 1441792, "stride": 8, "offset": 0, "batch": 512, "seed": 5922026, "order": "random"}, "median": 39.515625}
{"event": "point_passed", "family": "capacity", "params": {"mode": "chase", "bytes": 360448, "stride": 8, "offset": 0, "batch": 512, "seed": 5922026, "order": "regular"}, "median": 5.0625}
{"event": "point_noisy", "family": "capacity", "flags": ["frequent involuntary context switches"], "attempt": "/gpfs_common/share04/ece592f26/hlee58/tmp/hazel-phase3-20260911/runs/genoa/baseline/full/capacity/998706d4ffd6d5eb/attempt-1789180993336869317"}
{"event": "point_noisy", "family": "capacity", "flags": ["frequent involuntary context switches"], "attempt": "/gpfs_common/share04/ece592f26/hlee58/tmp/hazel-phase3-20260911/runs/genoa/baseline/full/capacity/998706d4ffd6d5eb/attempt-1789180998083261816"}
{"event": "point_noisy", "family": "capacity", "flags": ["frequent involuntary context switches"], "attempt": "/gpfs_common/share04/ece592f26/hlee58/tmp/hazel-phase3-20260911/runs/genoa/baseline/full/capacity/998706d4ffd6d5eb/attempt-1789181002880631662"}
{"event": "point_noisy", "family": "capacity", "flags": ["frequent involuntary context switches"], "attempt": "/gpfs_common/share04/ece592f26/hlee58/tmp/hazel-phase3-20260911/runs/genoa/baseline/full/capacity/c344a412ea6fe8cd/attempt-1789181007569733444"}
{"event": "point_passed", "family": "capacity", "params": {"mode": "chase", "bytes": 109051904, "stride": 8, "offset": 0, "batch": 512, "seed": 5922026, "order": "regular"}, "median": 5.0625}
{"event": "point_passed", "family": "capacity", "params": {"mode": "chase", "bytes": 2359296, "stride": 8, "offset": 0, "batch": 512, "seed": 5922026, "order": "regular"}, "median": 5.0625}
{"event": "point_noisy", "family": "capacity", "flags": ["frequent involuntary context switches"], "attempt": "/gpfs_common/share04/ece592f26/hlee58/tmp/hazel-phase3-20260911/runs/genoa/baseline/full/capacity/0075e999c989bbd6/attempt-1789181021589261976"}
{"event": "point_noisy", "family": "capacity", "flags": ["frequent involuntary context switches"], "attempt": "/gpfs_common/share04/ece592f26/hlee58/tmp/hazel-phase3-20260911/runs/genoa/baseline/full/capacity/0075e999c989bbd6/attempt-1789181026175364819"}
{"event": "point_noisy", "family": "capacity", "flags": ["frequent involuntary context switches"], "attempt": "/gpfs_common/share04/ece592f26/hlee58/tmp/hazel-phase3-20260911/runs/genoa/baseline/full/capacity/0075e999c989bbd6/attempt-1789181030814440130"}
{"event": "point_noisy", "family": "capacity", "flags": ["frequent involuntary context switches"], "attempt": "/gpfs_common/share04/ece592f26/hlee58/tmp/hazel-phase3-20260911/runs/genoa/baseline/full/capacity/ee102c2c94072c68/attempt-1789181035440434892"}
{"event": "point_passed", "family": "capacity", "params": {"mode": "chase", "bytes": 10485760, "stride": 8, "offset": 0, "batch": 512, "seed": 5922026, "order": "random"}, "median": 75.421875}
{"event": "point_passed", "family": "capacity", "params": {"mode": "chase", "bytes": 14680064, "stride": 8, "offset": 0, "batch": 512, "seed": 5922026, "order": "regular"}, "median": 5.0625}
{"event": "point_passed", "family": "capacity", "params": {"mode": "chase", "bytes": 655360, "stride": 8, "offset": 0, "batch": 512, "seed": 5922026, "order": "regular"}, "median": 5.0625}
{"event": "point_noisy", "family": "capacity", "flags": ["frequent involuntary context switches"], "attempt": "/gpfs_common/share04/ece592f26/hlee58/tmp/hazel-phase3-20260911/runs/genoa/baseline/full/capacity/7353a9c5c404a460/attempt-1789181098076321942"}
{"event": "point_noisy", "family": "capacity", "flags": ["frequent involuntary context switches"], "attempt": "/gpfs_common/share04/ece592f26/hlee58/tmp/hazel-phase3-20260911/runs/genoa/baseline/full/capacity/7353a9c5c404a460/attempt-1789181102617524530"}
{"event": "point_noisy", "family": "capacity", "flags": ["frequent involuntary context switches"], "attempt": "/gpfs_common/share04/ece592f26/hlee58/tmp/hazel-phase3-20260911/runs/genoa/baseline/full/capacity/7353a9c5c404a460/attempt-1789181107105464090"}
{"event": "point_noisy", "family": "capacity", "flags": ["frequent involuntary context switches"], "attempt": "/gpfs_common/share04/ece592f26/hlee58/tmp/hazel-phase3-20260911/runs/genoa/baseline/full/capacity/c3ea1e5791fcceba/attempt-1789181111657175843"}
{"event": "point_noisy", "family": "capacity", "flags": ["frequent involuntary context switches"], "attempt": "/gpfs_common/share04/ece592f26/hlee58/tmp/hazel-phase3-20260911/runs/genoa/baseline/full/capacity/c3ea1e5791fcceba/attempt-1789181116117708385"}
{"event": "point_passed", "family": "capacity", "params": {"mode": "chase", "bytes": 27262976, "stride": 8, "offset": 0, "batch": 512, "seed": 5922026, "order": "regular"}, "median": 5.0625}
{"event": "point_passed", "family": "capacity", "params": {"mode": "chase", "bytes": 25165824, "stride": 8, "offset": 0, "batch": 512, "seed": 5922026, "order": "random"}, "median": 162.609375}
{"event": "point_noisy", "family": "capacity", "flags": ["frequent involuntary context switches"], "attempt": "/gpfs_common/share04/ece592f26/hlee58/tmp/hazel-phase3-20260911/runs/genoa/baseline/full/capacity/673710ec5dd3ee5d/attempt-1789181169866890164"}
{"event": "point_noisy", "family": "capacity", "flags": ["frequent involuntary context switches"], "attempt": "/gpfs_common/share04/ece592f26/hlee58/tmp/hazel-phase3-20260911/runs/genoa/baseline/full/capacity/673710ec5dd3ee5d/attempt-1789181175089089931"}
{"event": "point_noisy", "family": "capacity", "flags": ["frequent involuntary context switches"], "attempt": "/gpfs_common/share04/ece592f26/hlee58/tmp/hazel-phase3-20260911/runs/genoa/baseline/full/capacity/673710ec5dd3ee5d/attempt-1789181180301938198"}
{"event": "point_noisy", "family": "capacity", "flags": ["frequent involuntary context switches"], "attempt": "/gpfs_common/share04/ece592f26/hlee58/tmp/hazel-phase3-20260911/runs/genoa/baseline/full/capacity/741d9f0ad45c0197/attempt-1789181185538534088"}
{"event": "point_passed", "family": "capacity", "params": {"mode": "chase", "bytes": 983040, "stride": 8, "offset": 0, "batch": 512, "seed": 5922026, "order": "random"}, "median": 29.671875}
{"event": "point_passed", "family": "capacity", "params": {"mode": "chase", "bytes": 1310720, "stride": 8, "offset": 0, "batch": 512, "seed": 5922026, "order": "regular"}, "median": 5.0625}
{"event": "point_passed", "family": "capacity", "params": {"mode": "chase", "bytes": 46137344, "stride": 8, "offset": 0, "batch": 512, "seed": 5922026, "order": "regular"}, "median": 5.0625}
{"event": "point_passed", "family": "capacity", "params": {"mode": "chase", "bytes": 1835008, "stride": 8, "offset": 0, "batch": 512, "seed": 5922026, "order": "random"}, "median": 46.59375}
{"event": "point_passed", "family": "capacity", "params": {"mode": "chase", "bytes": 589824, "stride": 8, "offset": 0, "batch": 512, "seed": 5922026, "order": "random"}, "median": 23.203125}
{"event": "point_passed", "family": "capacity", "params": {"mode": "chase", "bytes": 92274688, "stride": 8, "offset": 0, "batch": 512, "seed": 5922026, "order": "random"}, "median": 319.125}
{"event": "point_passed", "family": "capacity", "params": {"mode": "chase", "bytes": 491520, "stride": 8, "offset": 0, "batch": 512, "seed": 5922026, "order": "random"}, "median": 20.8125}
{"event": "point_passed", "family": "capacity", "params": {"mode": "chase", "bytes": 458752, "stride": 8, "offset": 0, "batch": 512, "seed": 5922026, "order": "random"}, "median": 20.34375}
{"event": "point_noisy", "family": "capacity", "flags": ["frequent involuntary context switches"], "attempt": "/gpfs_common/share04/ece592f26/hlee58/tmp/hazel-phase3-20260911/runs/genoa/baseline/full/capacity/76f7ba76068efa87/attempt-1789181374434969344"}
{"event": "point_noisy", "family": "capacity", "flags": ["frequent involuntary context switches"], "attempt": "/gpfs_common/share04/ece592f26/hlee58/tmp/hazel-phase3-20260911/runs/genoa/baseline/full/capacity/76f7ba76068efa87/attempt-1789181379044513763"}
{"event": "point_noisy", "family": "capacity", "flags": ["frequent involuntary context switches"], "attempt": "/gpfs_common/share04/ece592f26/hlee58/tmp/hazel-phase3-20260911/runs/genoa/baseline/full/capacity/76f7ba76068efa87/attempt-1789181383635549606"}
{"event": "point_noisy", "family": "capacity", "flags": ["frequent involuntary context switches"], "attempt": "/gpfs_common/share04/ece592f26/hlee58/tmp/hazel-phase3-20260911/runs/genoa/baseline/full/capacity/f61760ce16c639dd/attempt-1789181388272968512"}
{"event": "point_passed", "family": "capacity", "params": {"mode": "chase", "bytes": 1835008, "stride": 8, "offset": 0, "batch": 512, "seed": 5922026, "order": "regular"}, "median": 5.0625}
{"event": "point_passed", "family": "capacity", "params": {"mode": "chase", "bytes": 1966080, "stride": 8, "offset": 0, "batch": 512, "seed": 5922026, "order": "random"}, "median": 48.375}
{"event": "point_noisy", "family": "capacity", "flags": ["frequent involuntary context switches"], "attempt": "/gpfs_common/share04/ece592f26/hlee58/tmp/hazel-phase3-20260911/runs/genoa/baseline/full/capacity/dd10d862e7dbd3bf/attempt-1789181419262822720"}
{"event": "point_noisy", "family": "capacity", "flags": ["frequent involuntary context switches"], "attempt": "/gpfs_common/share04/ece592f26/hlee58/tmp/hazel-phase3-20260911/runs/genoa/baseline/full/capacity/dd10d862e7dbd3bf/attempt-1789181424164162285"}
{"event": "point_noisy", "family": "capacity", "flags": ["frequent involuntary context switches"], "attempt": "/gpfs_common/share04/ece592f26/hlee58/tmp/hazel-phase3-20260911/runs/genoa/baseline/full/capacity/dd10d862e7dbd3bf/attempt-1789181429012938744"}
{"event": "point_passed", "family": "capacity", "params": {"mode": "chase", "bytes": 1179648, "stride": 8, "offset": 0, "batch": 512, "seed": 5922026, "order": "random"}, "median": 33.890625}
{"event": "point_noisy", "family": "capacity", "flags": ["frequent involuntary context switches"], "attempt": "/gpfs_common/share04/ece592f26/hlee58/tmp/hazel-phase3-20260911/runs/genoa/baseline/full/capacity/cb5887f91b1c707f/attempt-1789181451455531508"}
{"event": "point_noisy", "family": "capacity", "flags": ["frequent involuntary context switches"], "attempt": "/gpfs_common/share04/ece592f26/hlee58/tmp/hazel-phase3-20260911/runs/genoa/baseline/full/capacity/cb5887f91b1c707f/attempt-1789181456045189205"}
{"event": "point_noisy", "family": "capacity", "flags": ["frequent involuntary context switches"], "attempt": "/gpfs_common/share04/ece592f26/hlee58/tmp/hazel-phase3-20260911/runs/genoa/baseline/full/capacity/cb5887f91b1c707f/attempt-1789181460730633595"}
{"event": "point_noisy", "family": "capacity", "flags": ["frequent involuntary context switches"], "attempt": "/gpfs_common/share04/ece592f26/hlee58/tmp/hazel-phase3-20260911/runs/genoa/baseline/full/capacity/ae1abcf6a1d28b53/attempt-1789181465376975159"}
{"event": "point_passed", "family": "capacity", "params": {"mode": "chase", "bytes": 851968, "stride": 8, "offset": 0, "batch": 512, "seed": 5922026, "order": "regular"}, "median": 5.0625}
{"event": "point_passed", "family": "capacity", "params": {"mode": "chase", "bytes": 2359296, "stride": 8, "offset": 0, "batch": 512, "seed": 5922026, "order": "random"}, "median": 52.21875}
{"event": "point_passed", "family": "capacity", "params": {"mode": "chase", "bytes": 109051904, "stride": 8, "offset": 0, "batch": 512, "seed": 5922026, "order": "random"}, "median": 326.15625}
{"event": "point_passed", "family": "capacity", "params": {"mode": "chase", "bytes": 2883584, "stride": 8, "offset": 0, "batch": 512, "seed": 5922026, "order": "regular"}, "median": 5.0625}
{"event": "point_passed", "family": "capacity", "params": {"mode": "chase", "bytes": 81920, "stride": 8, "offset": 0, "batch": 512, "seed": 5922026, "order": "random"}, "median": 12.84375}
{"event": "point_passed", "family": "capacity", "params": {"mode": "chase", "bytes": 98304, "stride": 8, "offset": 0, "batch": 512, "seed": 5922026, "order": "regular"}, "median": 5.0625}
{"event": "point_passed", "family": "capacity", "params": {"mode": "chase", "bytes": 1572864, "stride": 8, "offset": 0, "batch": 512, "seed": 5922026, "order": "regular"}, "median": 5.0625}
{"event": "point_noisy", "family": "capacity", "flags": ["frequent involuntary context switches"], "attempt": "/gpfs_common/share04/ece592f26/hlee58/tmp/hazel-phase3-20260911/runs/genoa/baseline/full/capacity/4fcb77988f07ba38/attempt-1789181605379074755"}
{"event": "point_noisy", "family": "capacity", "flags": ["frequent involuntary context switches"], "attempt": "/gpfs_common/share04/ece592f26/hlee58/tmp/hazel-phase3-20260911/runs/genoa/baseline/full/capacity/4fcb77988f07ba38/attempt-1789181610808895537"}
{"event": "point_noisy", "family": "capacity", "flags": ["frequent involuntary context switches"], "attempt": "/gpfs_common/share04/ece592f26/hlee58/tmp/hazel-phase3-20260911/runs/genoa/baseline/full/capacity/4fcb77988f07ba38/attempt-1789181616200878812"}
{"event": "point_noisy", "family": "capacity", "flags": ["frequent involuntary context switches"], "attempt": "/gpfs_common/share04/ece592f26/hlee58/tmp/hazel-phase3-20260911/runs/genoa/baseline/full/capacity/10b9d07b53fd56a1/attempt-1789181621638949935"}
{"event": "point_passed", "family": "capacity", "params": {"mode": "chase", "bytes": 1310720, "stride": 8, "offset": 0, "batch": 512, "seed": 5922026, "order": "random"}, "median": 36.984375}
{"event": "point_passed", "family": "capacity", "params": {"mode": "chase", "bytes": 2883584, "stride": 8, "offset": 0, "batch": 512, "seed": 5922026, "order": "random"}, "median": 55.921875}
{"event": "point_passed", "family": "capacity", "params": {"mode": "chase", "bytes": 720896, "stride": 8, "offset": 0, "batch": 512, "seed": 5922026, "order": "random"}, "median": 24.328125}
{"event": "point_passed", "family": "capacity", "params": {"mode": "chase", "bytes": 73728, "stride": 8, "offset": 0, "batch": 512, "seed": 5922026, "order": "random"}, "median": 12.1875}
{"event": "point_passed", "family": "capacity", "params": {"mode": "chase", "bytes": 75497472, "stride": 8, "offset": 0, "batch": 512, "seed": 5922026, "order": "random"}, "median": 300.5625}
{"event": "point_passed", "family": "capacity", "params": {"mode": "chase", "bytes": 1703936, "stride": 8, "offset": 0, "batch": 512, "seed": 5922026, "order": "random"}, "median": 44.25}
{"event": "point_passed", "family": "capacity", "params": {"mode": "chase", "bytes": 589824, "stride": 8, "offset": 0, "batch": 512, "seed": 5922026, "order": "regular"}, "median": 5.0625}
{"event": "point_passed", "family": "capacity", "params": {"mode": "chase", "bytes": 37748736, "stride": 8, "offset": 0, "batch": 512, "seed": 5922026, "order": "random"}, "median": 211.78125}
{"event": "point_passed", "family": "capacity", "params": {"mode": "chase", "bytes": 106496, "stride": 8, "offset": 0, "batch": 512, "seed": 5922026, "order": "regular"}, "median": 5.0625}
{"event": "point_passed", "family": "capacity", "params": {"mode": "chase", "bytes": 58720256, "stride": 8, "offset": 0, "batch": 512, "seed": 5922026, "order": "random"}, "median": 282.234375}
{"event": "point_passed", "family": "capacity", "params": {"mode": "chase", "bytes": 425984, "stride": 8, "offset": 0, "batch": 512, "seed": 5922026, "order": "regular"}, "median": 5.0625}
{"event": "point_passed", "family": "capacity", "params": {"mode": "chase", "bytes": 13631488, "stride": 8, "offset": 0, "batch": 512, "seed": 5922026, "order": "regular"}, "median": 5.0625}
{"event": "point_passed", "family": "capacity", "params": {"mode": "chase", "bytes": 114688, "stride": 8, "offset": 0, "batch": 512, "seed": 5922026, "order": "regular"}, "median": 5.0625}
{"event": "point_passed", "family": "capacity", "params": {"mode": "chase", "bytes": 45056, "stride": 8, "offset": 0, "batch": 512, "seed": 5922026, "order": "random"}, "median": 8.90625}
{"event": "point_passed", "family": "capacity", "params": {"mode": "chase", "bytes": 83886080, "stride": 8, "offset": 0, "batch": 512, "seed": 5922026, "order": "regular"}, "median": 5.0625}
{"event": "point_passed", "family": "capacity", "params": {"mode": "chase", "bytes": 20971520, "stride": 8, "offset": 0, "batch": 512, "seed": 5922026, "order": "random"}, "median": 116.71875}
{"event": "point_passed", "family": "capacity", "params": {"mode": "chase", "bytes": 11534336, "stride": 8, "offset": 0, "batch": 512, "seed": 5922026, "order": "random"}, "median": 77.8125}
{"event": "point_passed", "family": "capacity", "params": {"mode": "chase", "bytes": 114688, "stride": 8, "offset": 0, "batch": 512, "seed": 5922026, "order": "random"}, "median": 14.109375}
{"event": "point_passed", "family": "capacity", "params": {"mode": "chase", "bytes": 45056, "stride": 8, "offset": 0, "batch": 512, "seed": 5922026, "order": "regular"}, "median": 5.0625}
{"event": "point_passed", "family": "capacity", "params": {"mode": "chase", "bytes": 18874368, "stride": 8, "offset": 0, "batch": 512, "seed": 5922026, "order": "regular"}, "median": 5.0625}
{"event": "point_passed", "family": "capacity", "params": {"mode": "chase", "bytes": 491520, "stride": 8, "offset": 0, "batch": 512, "seed": 5922026, "order": "regular"}, "median": 5.0625}
{"event": "point_passed", "family": "capacity", "params": {"mode": "chase", "bytes": 655360, "stride": 8, "offset": 0, "batch": 512, "seed": 5922026, "order": "random"}, "median": 23.015625}
{"event": "point_passed", "family": "capacity", "params": {"mode": "chase", "bytes": 92274688, "stride": 8, "offset": 0, "batch": 512, "seed": 5922026, "order": "regular"}, "median": 5.0625}
{"event": "point_noisy", "family": "capacity", "flags": ["frequent involuntary context switches"], "attempt": "/gpfs_common/share04/ece592f26/hlee58/tmp/hazel-phase3-20260911/runs/genoa/baseline/full/capacity/15cac71a3e2863ea/attempt-1789182075174234719"}
{"event": "point_noisy", "family": "capacity", "flags": ["frequent involuntary context switches"], "attempt": "/gpfs_common/share04/ece592f26/hlee58/tmp/hazel-phase3-20260911/runs/genoa/baseline/full/capacity/15cac71a3e2863ea/attempt-1789182080360070756"}
{"event": "point_noisy", "family": "capacity", "flags": ["frequent involuntary context switches"], "attempt": "/gpfs_common/share04/ece592f26/hlee58/tmp/hazel-phase3-20260911/runs/genoa/baseline/full/capacity/15cac71a3e2863ea/attempt-1789182085594248184"}
{"event": "point_noisy", "family": "capacity", "flags": ["frequent involuntary context switches"], "attempt": "/gpfs_common/share04/ece592f26/hlee58/tmp/hazel-phase3-20260911/runs/genoa/baseline/full/capacity/223f6a6aa004698b/attempt-1789182090807854964"}
{"event": "point_noisy", "family": "capacity", "flags": ["frequent involuntary context switches"], "attempt": "/gpfs_common/share04/ece592f26/hlee58/tmp/hazel-phase3-20260911/runs/genoa/baseline/full/capacity/223f6a6aa004698b/attempt-1789182096268199452"}
{"event": "point_noisy", "family": "capacity", "flags": ["frequent involuntary context switches"], "attempt": "/gpfs_common/share04/ece592f26/hlee58/tmp/hazel-phase3-20260911/runs/genoa/baseline/full/capacity/223f6a6aa004698b/attempt-1789182101716889639"}
{"event": "point_passed", "family": "capacity", "params": {"mode": "chase", "bytes": 786432, "stride": 8, "offset": 0, "batch": 512, "seed": 5922026, "order": "random"}, "median": 24.09375}
{"event": "point_noisy", "family": "capacity", "flags": ["block median drift exceeds 20 percent"], "attempt": "/gpfs_common/share04/ece592f26/hlee58/tmp/hazel-phase3-20260911/runs/genoa/baseline/full/capacity/71835c64f2d8f16a/attempt-1789182121794344676"}
{"event": "point_noisy", "family": "capacity", "flags": ["frequent involuntary context switches"], "attempt": "/gpfs_common/share04/ece592f26/hlee58/tmp/hazel-phase3-20260911/runs/genoa/baseline/full/capacity/71835c64f2d8f16a/attempt-1789182186856866373"}
{"event": "point_noisy", "family": "capacity", "flags": ["frequent involuntary context switches"], "attempt": "/gpfs_common/share04/ece592f26/hlee58/tmp/hazel-phase3-20260911/runs/genoa/baseline/full/capacity/71835c64f2d8f16a/attempt-1789182240674875081"}
{"event": "point_noisy", "family": "capacity", "flags": ["frequent involuntary context switches"], "attempt": "/gpfs_common/share04/ece592f26/hlee58/tmp/hazel-phase3-20260911/runs/genoa/baseline/full/capacity/2b65554385fcced2/attempt-1789182294601013867"}
{"event": "point_passed", "family": "capacity", "params": {"mode": "chase", "bytes": 125829120, "stride": 8, "offset": 0, "batch": 512, "seed": 5922026, "order": "random"}, "median": 316.875}
{"event": "point_passed", "family": "capacity", "params": {"mode": "chase", "bytes": 62914560, "stride": 8, "offset": 0, "batch": 512, "seed": 5922026, "order": "random"}, "median": 267.140625}
{"event": "point_passed", "family": "capacity", "params": {"mode": "chase", "bytes": 31457280, "stride": 8, "offset": 0, "batch": 512, "seed": 5922026, "order": "random"}, "median": 224.296875}
{"event": "point_noisy", "family": "capacity", "flags": ["frequent involuntary context switches"], "attempt": "/gpfs_common/share04/ece592f26/hlee58/tmp/hazel-phase3-20260911/runs/genoa/baseline/full/capacity/41a69f468d6ef86f/attempt-1789182586765487078"}
{"event": "point_noisy", "family": "capacity", "flags": ["frequent involuntary context switches"], "attempt": "/gpfs_common/share04/ece592f26/hlee58/tmp/hazel-phase3-20260911/runs/genoa/baseline/full/capacity/41a69f468d6ef86f/attempt-1789182591467071456"}
{"event": "point_noisy", "family": "capacity", "flags": ["frequent involuntary context switches"], "attempt": "/gpfs_common/share04/ece592f26/hlee58/tmp/hazel-phase3-20260911/runs/genoa/baseline/full/capacity/41a69f468d6ef86f/attempt-1789182596201790267"}
{"event": "point_noisy", "family": "capacity", "flags": ["frequent involuntary context switches"], "attempt": "/gpfs_common/share04/ece592f26/hlee58/tmp/hazel-phase3-20260911/runs/genoa/baseline/full/capacity/1ffd54031986dd77/attempt-1789182600935003339"}
{"event": "point_passed", "family": "capacity", "params": {"mode": "chase", "bytes": 62914560, "stride": 8, "offset": 0, "batch": 512, "seed": 5922026, "order": "regular"}, "median": 5.0625}
{"event": "point_passed", "family": "capacity", "params": {"mode": "chase", "bytes": 2621440, "stride": 8, "offset": 0, "batch": 512, "seed": 5922026, "order": "regular"}, "median": 5.0625}
{"event": "point_passed", "family": "capacity", "params": {"mode": "chase", "bytes": 90112, "stride": 8, "offset": 0, "batch": 512, "seed": 5922026, "order": "random"}, "median": 13.171875}
{"event": "point_noisy", "family": "capacity", "flags": ["frequent involuntary context switches"], "attempt": "/gpfs_common/share04/ece592f26/hlee58/tmp/hazel-phase3-20260911/runs/genoa/baseline/full/capacity/537b9a090d377e7b/attempt-1789182622261917880"}
{"event": "point_noisy", "family": "capacity", "flags": ["frequent involuntary context switches"], "attempt": "/gpfs_common/share04/ece592f26/hlee58/tmp/hazel-phase3-20260911/runs/genoa/baseline/full/capacity/537b9a090d377e7b/attempt-1789182634158236160"}
{"event": "point_noisy", "family": "capacity", "flags": ["frequent involuntary context switches"], "attempt": "/gpfs_common/share04/ece592f26/hlee58/tmp/hazel-phase3-20260911/runs/genoa/baseline/full/capacity/537b9a090d377e7b/attempt-1789182646154977302"}
{"event": "point_noisy", "family": "capacity", "flags": ["frequent involuntary context switches"], "attempt": "/gpfs_common/share04/ece592f26/hlee58/tmp/hazel-phase3-20260911/runs/genoa/baseline/full/capacity/64e17d7d52e09b74/attempt-1789182658049518022"}
{"event": "point_passed", "family": "capacity", "params": {"mode": "chase", "bytes": 106496, "stride": 8, "offset": 0, "batch": 512, "seed": 5922026, "order": "random"}, "median": 13.734375}
{"event": "point_noisy", "family": "capacity", "flags": ["frequent involuntary context switches"], "attempt": "/gpfs_common/share04/ece592f26/hlee58/tmp/hazel-phase3-20260911/runs/genoa/baseline/full/capacity/3cbbaa76dad6c3ec/attempt-1789182673287370029"}
{"event": "point_noisy", "family": "capacity", "flags": ["frequent involuntary context switches"], "attempt": "/gpfs_common/share04/ece592f26/hlee58/tmp/hazel-phase3-20260911/runs/genoa/baseline/full/capacity/3cbbaa76dad6c3ec/attempt-1789182678680308294"}
{"event": "point_noisy", "family": "capacity", "flags": ["frequent involuntary context switches"], "attempt": "/gpfs_common/share04/ece592f26/hlee58/tmp/hazel-phase3-20260911/runs/genoa/baseline/full/capacity/3cbbaa76dad6c3ec/attempt-1789182684079531552"}
{"event": "point_noisy", "family": "capacity", "flags": ["frequent involuntary context switches"], "attempt": "/gpfs_common/share04/ece592f26/hlee58/tmp/hazel-phase3-20260911/runs/genoa/baseline/full/capacity/508cbf5847145d55/attempt-1789182689482159303"}
{"event": "point_passed", "family": "capacity", "params": {"mode": "chase", "bytes": 53248, "stride": 8, "offset": 0, "batch": 512, "seed": 5922026, "order": "random"}, "median": 10.265625}
{"event": "point_passed", "family": "capacity", "params": {"mode": "chase", "bytes": 53248, "stride": 8, "offset": 0, "batch": 512, "seed": 5922026, "order": "regular"}, "median": 5.0625}
{"event": "point_passed", "family": "capacity", "params": {"mode": "chase", "bytes": 1572864, "stride": 8, "offset": 0, "batch": 512, "seed": 5922026, "order": "random"}, "median": 42.421875}
{"event": "point_passed", "family": "capacity", "params": {"mode": "chase", "bytes": 393216, "stride": 8, "offset": 0, "batch": 512, "seed": 5922026, "order": "regular"}, "median": 5.0625}
{"event": "point_passed", "family": "capacity", "params": {"mode": "chase", "bytes": 917504, "stride": 8, "offset": 0, "batch": 512, "seed": 5922026, "order": "random"}, "median": 28.6875}
{"event": "point_passed", "family": "capacity", "params": {"mode": "chase", "bytes": 393216, "stride": 8, "offset": 0, "batch": 512, "seed": 5922026, "order": "random"}, "median": 18.75}
{"event": "point_passed", "family": "capacity", "params": {"mode": "chase", "bytes": 9437184, "stride": 8, "offset": 0, "batch": 512, "seed": 5922026, "order": "regular"}, "median": 5.0625}
{"event": "point_passed", "family": "capacity", "params": {"mode": "chase", "bytes": 31457280, "stride": 8, "offset": 0, "batch": 512, "seed": 5922026, "order": "regular"}, "median": 5.0625}
{"event": "point_passed", "family": "capacity", "params": {"mode": "chase", "bytes": 425984, "stride": 8, "offset": 0, "batch": 512, "seed": 5922026, "order": "random"}, "median": 20.71875}
{"event": "point_passed", "family": "capacity", "params": {"mode": "chase", "bytes": 3407872, "stride": 8, "offset": 0, "batch": 512, "seed": 5922026, "order": "random"}, "median": 58.921875}
{"event": "point_passed", "family": "capacity", "params": {"mode": "chase", "bytes": 54525952, "stride": 8, "offset": 0, "batch": 512, "seed": 5922026, "order": "random"}, "median": 241.21875}
{"event": "point_passed", "family": "capacity", "params": {"mode": "chase", "bytes": 50331648, "stride": 8, "offset": 0, "batch": 512, "seed": 5922026, "order": "regular"}, "median": 5.0625}
{"event": "point_passed", "family": "capacity", "params": {"mode": "chase", "bytes": 2621440, "stride": 8, "offset": 0, "batch": 512, "seed": 5922026, "order": "random"}, "median": 54.28125}
{"event": "point_passed", "family": "capacity", "params": {"mode": "chase", "bytes": 294912, "stride": 8, "offset": 0, "batch": 512, "seed": 5922026, "order": "random"}, "median": 16.21875}
{"event": "point_passed", "family": "capacity", "params": {"mode": "chase", "bytes": 54525952, "stride": 8, "offset": 0, "batch": 512, "seed": 5922026, "order": "regular"}, "median": 5.0625}
{"event": "point_noisy", "family": "capacity", "flags": ["frequent involuntary context switches"], "attempt": "/gpfs_common/share04/ece592f26/hlee58/tmp/hazel-phase3-20260911/runs/genoa/baseline/full/capacity/690ea22f1e4629cc/attempt-1789182923362350150"}
{"event": "point_noisy", "family": "capacity", "flags": ["frequent involuntary context switches"], "attempt": "/gpfs_common/share04/ece592f26/hlee58/tmp/hazel-phase3-20260911/runs/genoa/baseline/full/capacity/690ea22f1e4629cc/attempt-1789182928830070411"}
{"event": "point_noisy", "family": "capacity", "flags": ["frequent involuntary context switches"], "attempt": "/gpfs_common/share04/ece592f26/hlee58/tmp/hazel-phase3-20260911/runs/genoa/baseline/full/capacity/690ea22f1e4629cc/attempt-1789182934187108115"}
{"event": "point_noisy", "family": "capacity", "flags": ["frequent involuntary context switches"], "attempt": "/gpfs_common/share04/ece592f26/hlee58/tmp/hazel-phase3-20260911/runs/genoa/baseline/full/capacity/62da1cc3db921f76/attempt-1789182939667140844"}
{"event": "point_passed", "family": "capacity", "params": {"mode": "chase", "bytes": 13631488, "stride": 8, "offset": 0, "batch": 512, "seed": 5922026, "order": "random"}, "median": 83.390625}
{"event": "point_passed", "family": "capacity", "params": {"mode": "chase", "bytes": 3670016, "stride": 8, "offset": 0, "batch": 512, "seed": 5922026, "order": "random"}, "median": 60.046875}
{"event": "point_passed", "family": "line_size", "params": {"mode": "spatial", "bytes": 524288, "stride": 512, "offset": 136, "batch": 512, "seed": 5922026, "order": "random"}, "median": 19.921875}
{"event": "point_passed", "family": "line_size", "params": {"mode": "spatial", "bytes": 2097152, "stride": 512, "offset": 96, "batch": 512, "seed": 5922026, "order": "random"}, "median": 40.171875}
{"event": "point_passed", "family": "line_size", "params": {"mode": "spatial", "bytes": 2097152, "stride": 512, "offset": 104, "batch": 512, "seed": 5922026, "order": "random"}, "median": 40.125}
{"event": "point_passed", "family": "line_size", "params": {"mode": "spatial", "bytes": 524288, "stride": 512, "offset": 184, "batch": 512, "seed": 5922026, "order": "random"}, "median": 18.796875}
{"event": "point_passed", "family": "line_size", "params": {"mode": "spatial", "bytes": 524288, "stride": 512, "offset": 248, "batch": 512, "seed": 5922026, "order": "random"}, "median": 19.640625}
{"event": "point_passed", "family": "line_size", "params": {"mode": "spatial", "bytes": 524288, "stride": 512, "offset": 192, "batch": 512, "seed": 5922026, "order": "random"}, "median": 19.21875}
{"event": "point_passed", "family": "line_size", "params": {"mode": "spatial", "bytes": 524288, "stride": 512, "offset": 64, "batch": 512, "seed": 5922026, "order": "random"}, "median": 19.96875}
{"event": "point_passed", "family": "line_size", "params": {"mode": "spatial", "bytes": 524288, "stride": 512, "offset": 32, "batch": 512, "seed": 5922026, "order": "random"}, "median": 14.671875}
{"event": "point_passed", "family": "line_size", "params": {"mode": "spatial", "bytes": 2097152, "stride": 512, "offset": 264, "batch": 512, "seed": 5922026, "order": "random"}, "median": 40.78125}
{"event": "point_passed", "family": "line_size", "params": {"mode": "spatial", "bytes": 2097152, "stride": 512, "offset": 48, "batch": 512, "seed": 5922026, "order": "random"}, "median": 30.84375}
{"event": "point_passed", "family": "line_size", "params": {"mode": "spatial", "bytes": 524288, "stride": 512, "offset": 200, "batch": 512, "seed": 5922026, "order": "random"}, "median": 18.46875}
{"event": "point_passed", "family": "line_size", "params": {"mode": "spatial", "bytes": 2097152, "stride": 512, "offset": 24, "batch": 512, "seed": 5922026, "order": "random"}, "median": 30.9375}
{"event": "point_passed", "family": "line_size", "params": {"mode": "spatial", "bytes": 2097152, "stride": 512, "offset": 200, "batch": 512, "seed": 5922026, "order": "random"}, "median": 42.328125}
{"event": "point_passed", "family": "line_size", "params": {"mode": "spatial", "bytes": 2097152, "stride": 512, "offset": 136, "batch": 512, "seed": 5922026, "order": "random"}, "median": 38.296875}
{"event": "point_passed", "family": "line_size", "params": {"mode": "spatial", "bytes": 2097152, "stride": 512, "offset": 16, "batch": 512, "seed": 5922026, "order": "random"}, "median": 31.03125}
{"event": "point_passed", "family": "line_size", "params": {"mode": "spatial", "bytes": 524288, "stride": 512, "offset": 72, "batch": 512, "seed": 5922026, "order": "random"}, "median": 21.046875}
{"event": "point_passed", "family": "line_size", "params": {"mode": "spatial", "bytes": 524288, "stride": 512, "offset": 40, "batch": 512, "seed": 5922026, "order": "random"}, "median": 15.5625}
{"event": "point_passed", "family": "line_size", "params": {"mode": "spatial", "bytes": 524288, "stride": 512, "offset": 48, "batch": 512, "seed": 5922026, "order": "random"}, "median": 15.515625}
{"event": "point_passed", "family": "line_size", "params": {"mode": "spatial", "bytes": 2097152, "stride": 512, "offset": 128, "batch": 512, "seed": 5922026, "order": "random"}, "median": 38.296875}
{"event": "point_passed", "family": "line_size", "params": {"mode": "spatial", "bytes": 2097152, "stride": 512, "offset": 64, "batch": 512, "seed": 5922026, "order": "random"}, "median": 39.65625}
{"event": "point_passed", "family": "line_size", "params": {"mode": "spatial", "bytes": 524288, "stride": 512, "offset": 128, "batch": 512, "seed": 5922026, "order": "random"}, "median": 19.171875}
{"event": "point_passed", "family": "line_size", "params": {"mode": "spatial", "bytes": 524288, "stride": 512, "offset": 24, "batch": 512, "seed": 5922026, "order": "random"}, "median": 14.25}
{"event": "point_passed", "family": "line_size", "params": {"mode": "spatial", "bytes": 524288, "stride": 512, "offset": 112, "batch": 512, "seed": 5922026, "order": "random"}, "median": 19.5}
{"event": "point_passed", "family": "line_size", "params": {"mode": "spatial", "bytes": 2097152, "stride": 512, "offset": 8, "batch": 512, "seed": 5922026, "order": "random"}, "median": 30.890625}
{"event": "point_passed", "family": "line_size", "params": {"mode": "spatial", "bytes": 2097152, "stride": 512, "offset": 80, "batch": 512, "seed": 5922026, "order": "random"}, "median": 39.65625}
{"event": "point_passed", "family": "line_size", "params": {"mode": "spatial", "bytes": 2097152, "stride": 512, "offset": 40, "batch": 512, "seed": 5922026, "order": "random"}, "median": 30.890625}
{"event": "point_passed", "family": "line_size", "params": {"mode": "spatial", "bytes": 2097152, "stride": 512, "offset": 32, "batch": 512, "seed": 5922026, "order": "random"}, "median": 30.84375}
{"event": "point_passed", "family": "line_size", "params": {"mode": "spatial", "bytes": 2097152, "stride": 512, "offset": 192, "batch": 512, "seed": 5922026, "order": "random"}, "median": 42.140625}
{"event": "point_passed", "family": "line_size", "params": {"mode": "spatial", "bytes": 2097152, "stride": 512, "offset": 72, "batch": 512, "seed": 5922026, "order": "random"}, "median": 39.609375}
{"event": "point_passed", "family": "line_size", "params": {"mode": "spatial", "bytes": 524288, "stride": 512, "offset": 88, "batch": 512, "seed": 5922026, "order": "random"}, "median": 18.46875}
{"event": "point_passed", "family": "line_size", "params": {"mode": "spatial", "bytes": 524288, "stride": 512, "offset": 256, "batch": 512, "seed": 5922026, "order": "random"}, "median": 19.453125}
{"event": "point_passed", "family": "line_size", "params": {"mode": "spatial", "bytes": 2097152, "stride": 512, "offset": 88, "batch": 512, "seed": 5922026, "order": "random"}, "median": 39.609375}
{"event": "point_passed", "family": "line_size", "params": {"mode": "spatial", "bytes": 2097152, "stride": 512, "offset": 112, "batch": 512, "seed": 5922026, "order": "random"}, "median": 40.171875}
{"event": "point_passed", "family": "line_size", "params": {"mode": "spatial", "bytes": 524288, "stride": 512, "offset": 96, "batch": 512, "seed": 5922026, "order": "random"}, "median": 19.546875}
{"event": "point_passed", "family": "line_size", "params": {"mode": "spatial", "bytes": 524288, "stride": 512, "offset": 8, "batch": 512, "seed": 5922026, "order": "random"}, "median": 14.671875}
{"event": "point_passed", "family": "line_size", "params": {"mode": "spatial", "bytes": 2097152, "stride": 512, "offset": 120, "batch": 512, "seed": 5922026, "order": "random"}, "median": 40.265625}
{"event": "point_passed", "family": "line_size", "params": {"mode": "spatial", "bytes": 524288, "stride": 512, "offset": 56, "batch": 512, "seed": 5922026, "order": "random"}, "median": 15.0}
{"event": "point_passed", "family": "line_size", "params": {"mode": "spatial", "bytes": 2097152, "stride": 512, "offset": 256, "batch": 512, "seed": 5922026, "order": "random"}, "median": 34.359375}
{"event": "point_passed", "family": "line_size", "params": {"mode": "spatial", "bytes": 2097152, "stride": 512, "offset": 184, "batch": 512, "seed": 5922026, "order": "random"}, "median": 38.578125}
{"event": "point_passed", "family": "line_size", "params": {"mode": "spatial", "bytes": 524288, "stride": 512, "offset": 264, "batch": 512, "seed": 5922026, "order": "random"}, "median": 19.265625}
{"event": "point_passed", "family": "line_size", "params": {"mode": "spatial", "bytes": 524288, "stride": 512, "offset": 80, "batch": 512, "seed": 5922026, "order": "random"}, "median": 18.515625}
{"event": "point_passed", "family": "line_size", "params": {"mode": "spatial", "bytes": 2097152, "stride": 512, "offset": 56, "batch": 512, "seed": 5922026, "order": "random"}, "median": 30.65625}
{"event": "point_passed", "family": "line_size", "params": {"mode": "spatial", "bytes": 524288, "stride": 512, "offset": 120, "batch": 512, "seed": 5922026, "order": "random"}, "median": 18.75}
{"event": "point_passed", "family": "line_size", "params": {"mode": "spatial", "bytes": 524288, "stride": 512, "offset": 16, "batch": 512, "seed": 5922026, "order": "random"}, "median": 14.296875}
{"event": "point_passed", "family": "line_size", "params": {"mode": "spatial", "bytes": 2097152, "stride": 512, "offset": 248, "batch": 512, "seed": 5922026, "order": "random"}, "median": 42.796875}
{"event": "point_passed", "family": "line_size", "params": {"mode": "spatial", "bytes": 524288, "stride": 512, "offset": 104, "batch": 512, "seed": 5922026, "order": "random"}, "median": 19.546875}
{"event": "point_passed", "family": "associativity", "params": {"mode": "chase", "bytes": 12288, "stride": 4096, "offset": 0, "batch": 512, "seed": 5922026, "order": "random"}, "median": 5.0625}
{"event": "point_passed", "family": "associativity", "params": {"mode": "chase", "bytes": 1376256, "stride": 65536, "offset": 0, "batch": 512, "seed": 5922026, "order": "random"}, "median": 20.625}
{"event": "point_passed", "family": "associativity", "params": {"mode": "chase", "bytes": 61440, "stride": 4096, "offset": 0, "batch": 512, "seed": 5922026, "order": "random"}, "median": 20.625}
{"event": "point_passed", "family": "associativity", "params": {"mode": "chase", "bytes": 5767168, "stride": 262144, "offset": 0, "batch": 512, "seed": 5922026, "order": "random"}, "median": 20.625}
{"event": "point_passed", "family": "associativity", "params": {"mode": "chase", "bytes": 3407872, "stride": 262144, "offset": 0, "batch": 512, "seed": 5922026, "order": "random"}, "median": 20.625}
{"event": "point_noisy", "family": "associativity", "flags": ["frequent involuntary context switches"], "attempt": "/gpfs_common/share04/ece592f26/hlee58/tmp/hazel-phase3-20260911/runs/genoa/baseline/full/associativity/9e14f50d66aa0600/attempt-1789183765148182269"}
{"event": "point_noisy", "family": "associativity", "flags": ["frequent involuntary context switches"], "attempt": "/gpfs_common/share04/ece592f26/hlee58/tmp/hazel-phase3-20260911/runs/genoa/baseline/full/associativity/9e14f50d66aa0600/attempt-1789183769972454936"}
{"event": "point_noisy", "family": "associativity", "flags": ["frequent involuntary context switches"], "attempt": "/gpfs_common/share04/ece592f26/hlee58/tmp/hazel-phase3-20260911/runs/genoa/baseline/full/associativity/9e14f50d66aa0600/attempt-1789183774831334366"}
{"event": "point_noisy", "family": "associativity", "flags": ["frequent involuntary context switches"], "attempt": "/gpfs_common/share04/ece592f26/hlee58/tmp/hazel-phase3-20260911/runs/genoa/baseline/full/associativity/08e694a1c29ab6ef/attempt-1789183779698969183"}
{"event": "point_passed", "family": "associativity", "params": {"mode": "chase", "bytes": 5242880, "stride": 262144, "offset": 0, "batch": 512, "seed": 5922026, "order": "random"}, "median": 20.625}
{"event": "point_passed", "family": "associativity", "params": {"mode": "chase", "bytes": 1441792, "stride": 65536, "offset": 0, "batch": 512, "seed": 5922026, "order": "random"}, "median": 20.625}
{"event": "point_passed", "family": "associativity", "params": {"mode": "chase", "bytes": 212992, "stride": 16384, "offset": 0, "batch": 512, "seed": 5922026, "order": "random"}, "median": 20.625}
{"event": "point_passed", "family": "associativity", "params": {"mode": "chase", "bytes": 262144, "stride": 16384, "offset": 0, "batch": 512, "seed": 5922026, "order": "random"}, "median": 20.625}
{"event": "point_passed", "family": "associativity", "params": {"mode": "chase", "bytes": 245760, "stride": 16384, "offset": 0, "batch": 512, "seed": 5922026, "order": "random"}, "median": 20.625}
{"event": "point_passed", "family": "associativity", "params": {"mode": "chase", "bytes": 327680, "stride": 16384, "offset": 0, "batch": 512, "seed": 5922026, "order": "random"}, "median": 20.625}
{"event": "point_passed", "family": "associativity", "params": {"mode": "chase", "bytes": 32768, "stride": 16384, "offset": 0, "batch": 512, "seed": 5922026, "order": "random"}, "median": 5.0625}
{"event": "point_passed", "family": "associativity", "params": {"mode": "chase", "bytes": 655360, "stride": 65536, "offset": 0, "batch": 512, "seed": 5922026, "order": "random"}, "median": 20.625}
{"event": "point_passed", "family": "associativity", "params": {"mode": "chase", "bytes": 65536, "stride": 16384, "offset": 0, "batch": 512, "seed": 5922026, "order": "random"}, "median": 5.0625}
{"event": "point_passed", "family": "associativity", "params": {"mode": "chase", "bytes": 3670016, "stride": 262144, "offset": 0, "batch": 512, "seed": 5922026, "order": "random"}, "median": 20.625}
{"event": "point_passed", "family": "associativity", "params": {"mode": "chase", "bytes": 278528, "stride": 16384, "offset": 0, "batch": 512, "seed": 5922026, "order": "random"}, "median": 20.625}
{"event": "point_passed", "family": "associativity", "params": {"mode": "chase", "bytes": 2621440, "stride": 262144, "offset": 0, "batch": 512, "seed": 5922026, "order": "random"}, "median": 20.625}
{"event": "point_passed", "family": "associativity", "params": {"mode": "chase", "bytes": 49152, "stride": 16384, "offset": 0, "batch": 512, "seed": 5922026, "order": "random"}, "median": 5.0625}
{"event": "point_passed", "family": "associativity", "params": {"mode": "chase", "bytes": 2359296, "stride": 262144, "offset": 0, "batch": 512, "seed": 5922026, "order": "random"}, "median": 36.890625}
{"event": "point_passed", "family": "associativity", "params": {"mode": "chase", "bytes": 983040, "stride": 65536, "offset": 0, "batch": 512, "seed": 5922026, "order": "random"}, "median": 20.625}
{"event": "point_passed", "family": "associativity", "params": {"mode": "chase", "bytes": 360448, "stride": 16384, "offset": 0, "batch": 512, "seed": 5922026, "order": "random"}, "median": 20.625}
{"event": "point_passed", "family": "associativity", "params": {"mode": "chase", "bytes": 16384, "stride": 4096, "offset": 0, "batch": 512, "seed": 5922026, "order": "random"}, "median": 5.0625}
{"event": "point_passed", "family": "associativity", "params": {"mode": "chase", "bytes": 49152, "stride": 4096, "offset": 0, "batch": 512, "seed": 5922026, "order": "random"}, "median": 20.625}
{"event": "point_passed", "family": "associativity", "params": {"mode": "chase", "bytes": 589824, "stride": 65536, "offset": 0, "batch": 512, "seed": 5922026, "order": "random"}, "median": 37.40625}
{"event": "point_passed", "family": "associativity", "params": {"mode": "chase", "bytes": 2097152, "stride": 262144, "offset": 0, "batch": 512, "seed": 5922026, "order": "random"}, "median": 5.0625}
{"event": "point_passed", "family": "associativity", "params": {"mode": "chase", "bytes": 53248, "stride": 4096, "offset": 0, "batch": 512, "seed": 5922026, "order": "random"}, "median": 20.625}
{"event": "point_passed", "family": "associativity", "params": {"mode": "chase", "bytes": 1179648, "stride": 65536, "offset": 0, "batch": 512, "seed": 5922026, "order": "random"}, "median": 20.625}
{"event": "point_passed", "family": "associativity", "params": {"mode": "chase", "bytes": 8192, "stride": 4096, "offset": 0, "batch": 512, "seed": 5922026, "order": "random"}, "median": 5.0625}
{"event": "point_passed", "family": "associativity", "params": {"mode": "chase", "bytes": 73728, "stride": 4096, "offset": 0, "batch": 512, "seed": 5922026, "order": "random"}, "median": 20.625}
{"event": "point_passed", "family": "associativity", "params": {"mode": "chase", "bytes": 1507328, "stride": 65536, "offset": 0, "batch": 512, "seed": 5922026, "order": "random"}, "median": 20.625}
{"event": "point_passed", "family": "associativity", "params": {"mode": "chase", "bytes": 163840, "stride": 16384, "offset": 0, "batch": 512, "seed": 5922026, "order": "random"}, "median": 20.625}
{"event": "point_passed", "family": "associativity", "params": {"mode": "chase", "bytes": 786432, "stride": 65536, "offset": 0, "batch": 512, "seed": 5922026, "order": "random"}, "median": 20.625}
{"event": "point_passed", "family": "associativity", "params": {"mode": "chase", "bytes": 69632, "stride": 4096, "offset": 0, "batch": 512, "seed": 5922026, "order": "random"}, "median": 20.625}
{"event": "point_passed", "family": "associativity", "params": {"mode": "chase", "bytes": 1572864, "stride": 262144, "offset": 0, "batch": 512, "seed": 5922026, "order": "random"}, "median": 5.0625}
{"event": "point_passed", "family": "associativity", "params": {"mode": "chase", "bytes": 81920, "stride": 4096, "offset": 0, "batch": 512, "seed": 5922026, "order": "random"}, "median": 20.625}
{"event": "point_passed", "family": "associativity", "params": {"mode": "chase", "bytes": 294912, "stride": 16384, "offset": 0, "batch": 512, "seed": 5922026, "order": "random"}, "median": 20.625}
{"event": "point_passed", "family": "associativity", "params": {"mode": "chase", "bytes": 344064, "stride": 16384, "offset": 0, "batch": 512, "seed": 5922026, "order": "random"}, "median": 20.625}
{"event": "point_passed", "family": "associativity", "params": {"mode": "chase", "bytes": 524288, "stride": 262144, "offset": 0, "batch": 512, "seed": 5922026, "order": "random"}, "median": 5.0625}
{"event": "point_passed", "family": "associativity", "params": {"mode": "chase", "bytes": 3145728, "stride": 262144, "offset": 0, "batch": 512, "seed": 5922026, "order": "random"}, "median": 20.625}
{"event": "point_passed", "family": "associativity", "params": {"mode": "chase", "bytes": 5505024, "stride": 262144, "offset": 0, "batch": 512, "seed": 5922026, "order": "random"}, "median": 20.625}
{"event": "point_passed", "family": "associativity", "params": {"mode": "chase", "bytes": 1572864, "stride": 65536, "offset": 0, "batch": 512, "seed": 5922026, "order": "random"}, "median": 20.625}
{"event": "point_passed", "family": "associativity", "params": {"mode": "chase", "bytes": 4980736, "stride": 262144, "offset": 0, "batch": 512, "seed": 5922026, "order": "random"}, "median": 20.625}
{"event": "point_passed", "family": "associativity", "params": {"mode": "chase", "bytes": 4456448, "stride": 262144, "offset": 0, "batch": 512, "seed": 5922026, "order": "random"}, "median": 20.625}
{"event": "point_passed", "family": "associativity", "params": {"mode": "chase", "bytes": 393216, "stride": 65536, "offset": 0, "batch": 512, "seed": 5922026, "order": "random"}, "median": 5.0625}
{"event": "point_passed", "family": "associativity", "params": {"mode": "chase", "bytes": 720896, "stride": 65536, "offset": 0, "batch": 512, "seed": 5922026, "order": "random"}, "median": 20.625}
{"event": "point_passed", "family": "associativity", "params": {"mode": "chase", "bytes": 311296, "stride": 16384, "offset": 0, "batch": 512, "seed": 5922026, "order": "random"}, "median": 20.625}
{"event": "point_passed", "family": "associativity", "params": {"mode": "chase", "bytes": 81920, "stride": 16384, "offset": 0, "batch": 512, "seed": 5922026, "order": "random"}, "median": 5.0625}
{"event": "point_passed", "family": "associativity", "params": {"mode": "chase", "bytes": 1835008, "stride": 262144, "offset": 0, "batch": 512, "seed": 5922026, "order": "random"}, "median": 5.0625}
{"event": "point_passed", "family": "associativity", "params": {"mode": "chase", "bytes": 6291456, "stride": 262144, "offset": 0, "batch": 512, "seed": 5922026, "order": "random"}, "median": 20.625}
{"event": "point_passed", "family": "associativity", "params": {"mode": "chase", "bytes": 20480, "stride": 4096, "offset": 0, "batch": 512, "seed": 5922026, "order": "random"}, "median": 5.0625}
{"event": "point_passed", "family": "associativity", "params": {"mode": "chase", "bytes": 114688, "stride": 16384, "offset": 0, "batch": 512, "seed": 5922026, "order": "random"}, "median": 5.0625}
{"event": "point_passed", "family": "associativity", "params": {"mode": "chase", "bytes": 4718592, "stride": 262144, "offset": 0, "batch": 512, "seed": 5922026, "order": "random"}, "median": 20.625}
{"event": "point_passed", "family": "associativity", "params": {"mode": "chase", "bytes": 2883584, "stride": 262144, "offset": 0, "batch": 512, "seed": 5922026, "order": "random"}, "median": 20.625}
{"event": "point_passed", "family": "associativity", "params": {"mode": "chase", "bytes": 36864, "stride": 4096, "offset": 0, "batch": 512, "seed": 5922026, "order": "random"}, "median": 37.40625}
{"event": "point_passed", "family": "associativity", "params": {"mode": "chase", "bytes": 32768, "stride": 4096, "offset": 0, "batch": 512, "seed": 5922026, "order": "random"}, "median": 5.53125}
{"event": "point_passed", "family": "associativity", "params": {"mode": "chase", "bytes": 393216, "stride": 16384, "offset": 0, "batch": 512, "seed": 5922026, "order": "random"}, "median": 20.625}
{"event": "point_passed", "family": "associativity", "params": {"mode": "chase", "bytes": 262144, "stride": 65536, "offset": 0, "batch": 512, "seed": 5922026, "order": "random"}, "median": 5.0625}
{"event": "point_passed", "family": "associativity", "params": {"mode": "chase", "bytes": 524288, "stride": 65536, "offset": 0, "batch": 512, "seed": 5922026, "order": "random"}, "median": 5.0625}
{"event": "point_passed", "family": "associativity", "params": {"mode": "chase", "bytes": 90112, "stride": 4096, "offset": 0, "batch": 512, "seed": 5922026, "order": "random"}, "median": 20.625}
{"event": "point_passed", "family": "associativity", "params": {"mode": "chase", "bytes": 1245184, "stride": 65536, "offset": 0, "batch": 512, "seed": 5922026, "order": "random"}, "median": 20.625}
{"event": "point_passed", "family": "associativity", "params": {"mode": "chase", "bytes": 4194304, "stride": 262144, "offset": 0, "batch": 512, "seed": 5922026, "order": "random"}, "median": 20.671875}
{"event": "point_passed", "family": "associativity", "params": {"mode": "chase", "bytes": 376832, "stride": 16384, "offset": 0, "batch": 512, "seed": 5922026, "order": "random"}, "median": 20.625}
{"event": "point_passed", "family": "associativity", "params": {"mode": "chase", "bytes": 917504, "stride": 65536, "offset": 0, "batch": 512, "seed": 5922026, "order": "random"}, "median": 20.625}
{"event": "point_passed", "family": "associativity", "params": {"mode": "chase", "bytes": 229376, "stride": 16384, "offset": 0, "batch": 512, "seed": 5922026, "order": "random"}, "median": 20.625}
{"event": "point_passed", "family": "associativity", "params": {"mode": "chase", "bytes": 94208, "stride": 4096, "offset": 0, "batch": 512, "seed": 5922026, "order": "random"}, "median": 20.625}
{"event": "point_passed", "family": "associativity", "params": {"mode": "chase", "bytes": 40960, "stride": 4096, "offset": 0, "batch": 512, "seed": 5922026, "order": "random"}, "median": 20.625}
{"event": "point_passed", "family": "associativity", "params": {"mode": "chase", "bytes": 131072, "stride": 65536, "offset": 0, "batch": 512, "seed": 5922026, "order": "random"}, "median": 5.0625}
{"event": "point_passed", "family": "associativity", "params": {"mode": "chase", "bytes": 196608, "stride": 65536, "offset": 0, "batch": 512, "seed": 5922026, "order": "random"}, "median": 5.0625}
{"event": "point_passed", "family": "associativity", "params": {"mode": "chase", "bytes": 65536, "stride": 4096, "offset": 0, "batch": 512, "seed": 5922026, "order": "random"}, "median": 20.625}
{"event": "point_passed", "family": "associativity", "params": {"mode": "chase", "bytes": 3932160, "stride": 262144, "offset": 0, "batch": 512, "seed": 5922026, "order": "random"}, "median": 20.625}
{"event": "point_passed", "family": "associativity", "params": {"mode": "chase", "bytes": 28672, "stride": 4096, "offset": 0, "batch": 512, "seed": 5922026, "order": "random"}, "median": 5.0625}
{"event": "point_passed", "family": "associativity", "params": {"mode": "chase", "bytes": 327680, "stride": 65536, "offset": 0, "batch": 512, "seed": 5922026, "order": "random"}, "median": 5.0625}
{"event": "point_passed", "family": "associativity", "params": {"mode": "chase", "bytes": 131072, "stride": 16384, "offset": 0, "batch": 512, "seed": 5922026, "order": "random"}, "median": 5.0625}
{"event": "point_passed", "family": "associativity", "params": {"mode": "chase", "bytes": 98304, "stride": 16384, "offset": 0, "batch": 512, "seed": 5922026, "order": "random"}, "median": 5.0625}
{"event": "point_passed", "family": "associativity", "params": {"mode": "chase", "bytes": 45056, "stride": 4096, "offset": 0, "batch": 512, "seed": 5922026, "order": "random"}, "median": 20.625}
{"event": "point_passed", "family": "associativity", "params": {"mode": "chase", "bytes": 196608, "stride": 16384, "offset": 0, "batch": 512, "seed": 5922026, "order": "random"}, "median": 20.625}
{"event": "point_passed", "family": "associativity", "params": {"mode": "chase", "bytes": 98304, "stride": 4096, "offset": 0, "batch": 512, "seed": 5922026, "order": "random"}, "median": 20.625}
{"event": "point_passed", "family": "associativity", "params": {"mode": "chase", "bytes": 24576, "stride": 4096, "offset": 0, "batch": 512, "seed": 5922026, "order": "random"}, "median": 5.0625}
Hazel segment: job=810673 constraint=genoa stage=full status=75 end=2026-09-11T23:40:00-04:00
Submitting one dependency-ordered continuation for checkpointed baseline acquisition
{"record": "/gpfs_common/share04/ece592f26/hlee58/tmp/hazel-phase3-20260911/submissions/genoa/full-20260912T034000.707838Z.json", "returncode": 0, "job_id": "811148", "stderr": ""}

------------------------------------------------------------
Resource usage summary:

    Job ID            : 810673
    Job name          : hz-genoa-full
    User / Account    : hlee58 / ece592f26_cpu
    Partition / QOS   : compute_partners / short
    Submitted         : 2026-09-11T22:09:43
    Started           : 2026-09-11T22:09:59
    Wait time         : 16 sec
    Elapsed (wall)    : 01:30:02
    Nodes             : 1 (n0398)
    CPUs allocated    : 2
    Tasks             : 1
    CPU time (total)  : 4544.56 sec  (user 4524.34, sys 20.23)
    CPU efficiency    : 42.1%
    Memory in use     : 594.63 MB  (sampled at job end; see seff for peak)
    Memory requested  : 2G
    Working directory : /gpfs_common/share03/rotenberg/hlee58/ECE592_proj1
    Exit code         : 0:0

    For final accounting (Slurm's MaxRSS, billing, etc.):  seff 810673
------------------------------------------------------------
