Hazel segment: job=810648 constraint=genoa stage=full start=2026-09-11T22:07:59-04:00
Invocation: srun --cpu-bind=cores --hint=nomultithread python3 scripts/hazel_worker.py full
{"event": "point_passed", "family": "timer", "params": {"mode": "overhead", "bytes": 1024, "stride": 8, "offset": 0, "batch": 128, "seed": 5922026, "order": "random"}, "median": 120.0}
{"event": "point_passed", "family": "loop", "params": {"mode": "loop", "bytes": 1024, "stride": 8, "offset": 0, "batch": 128, "seed": 5922026, "order": "random"}, "median": 2.25}
{"event": "point_noisy", "family": "latency", "flags": ["frequent involuntary context switches"], "attempt": "/gpfs_common/share04/ece592f26/hlee58/tmp/hazel-phase3-20260911/runs/genoa/baseline/full/latency/5f5aa4048e55f9f5/attempt-1789178885693047082"}
{"event": "point_passed", "family": "latency", "params": {"mode": "chase", "bytes": 1024, "stride": 8, "offset": 0, "batch": 128, "seed": 5922026, "order": "random"}, "median": 5.8125}
{"event": "point_passed", "family": "latency", "params": {"mode": "chase", "bytes": 1024, "stride": 8, "offset": 0, "batch": 256, "seed": 5922026, "order": "random"}, "median": 5.34375}
{"event": "point_noisy", "family": "latency", "flags": ["frequent involuntary context switches"], "attempt": "/gpfs_common/share04/ece592f26/hlee58/tmp/hazel-phase3-20260911/runs/genoa/baseline/full/latency/a2061cd0d0459e0e/attempt-1789178895810455629"}
{"event": "point_noisy", "family": "latency", "flags": ["frequent involuntary context switches"], "attempt": "/gpfs_common/share04/ece592f26/hlee58/tmp/hazel-phase3-20260911/runs/genoa/baseline/full/latency/a2061cd0d0459e0e/attempt-1789178900679098698"}
{"event": "point_noisy", "family": "latency", "flags": ["frequent involuntary context switches"], "attempt": "/gpfs_common/share04/ece592f26/hlee58/tmp/hazel-phase3-20260911/runs/genoa/baseline/full/latency/a2061cd0d0459e0e/attempt-1789178905526563364"}
Hazel segment: job=810648 constraint=genoa stage=full status=1 end=2026-09-11T22:08:30-04:00

------------------------------------------------------------
Resource usage summary:

    Job ID            : 810648
    Job name          : hz-genoa-full
    User / Account    : hlee58 / ece592f26_cpu
    Partition / QOS   : compute_partners / short
    Submitted         : 2026-09-11T22:07:34
    Started           : 2026-09-11T22:07:57
    Wait time         : 23 sec
    Elapsed (wall)    : 00:00:33
    Nodes             : 1 (n0398)
    CPUs allocated    : 2
    Tasks             : 1
    CPU time (total)  : 14.41 sec  (user 13.80, sys 0.62)
    CPU efficiency    : 21.8%
    Memory in use     : 64.75 MB  (sampled at job end; see seff for peak)
    Memory requested  : 2G
    Working directory : /gpfs_common/share03/rotenberg/hlee58/ECE592_proj1
    Exit code         : 0:0

    For final accounting (Slurm's MaxRSS, billing, etc.):  seff 810648
------------------------------------------------------------
