{"event": "point_passed", "family": "smoke", "params": {"mode": "chase", "bytes": 1024, "stride": 8, "offset": 0, "batch": 4096, "seed": 5924101, "order": "random", "streams": 1, "extra_args": [1]}, "median": 4.828125}
{"event": "point_passed", "family": "smoke", "params": {"mode": "chase", "bytes": 1024, "stride": 8, "offset": 0, "batch": 4096, "seed": 5924101, "order": "random", "streams": 4, "extra_args": [4]}, "median": 1.23046875}
{"event": "point_passed", "family": "smoke", "params": {"mode": "overhead", "bytes": 1024, "stride": 8, "offset": 0, "batch": 4096, "seed": 5924101, "order": "random", "streams": 1, "extra_args": [1]}, "median": 144.0}
{"event": "point_passed", "family": "smoke", "params": {"mode": "loop", "bytes": 1024, "stride": 8, "offset": 0, "batch": 4096, "seed": 5924101, "order": "random", "streams": 1, "extra_args": [1]}, "median": 0.33984375}
{"event": "point_passed", "family": "calibration", "params": {"mode": "overhead", "bytes": 1024, "stride": 8, "offset": 0, "batch": 4096, "seed": 5924101, "order": "random", "streams": 1, "extra_args": [1], "repetition": 0}, "median": 144.0}
{"event": "point_noisy", "family": "calibration", "flags": ["frequent involuntary context switches"], "attempt": "/gpfs_common/share04/ece592f26/hlee58/tmp/hazel-phase3-20260911/runs/genoa/independent-load-v1/calibration/44b6019a19a40346/attempt-1789186671612764097"}
{"event": "point_passed", "family": "calibration", "params": {"mode": "chase", "bytes": 1024, "stride": 8, "offset": 0, "batch": 4096, "seed": 5924101, "order": "random", "streams": 1, "extra_args": [1], "repetition": 0}, "median": 4.828125}
{"event": "point_passed", "family": "calibration", "params": {"mode": "chase", "bytes": 1024, "stride": 8, "offset": 0, "batch": 4096, "seed": 5924101, "order": "random", "streams": 4, "extra_args": [4], "repetition": 0}, "median": 1.236328125}
{"event": "point_passed", "family": "calibration", "params": {"mode": "overhead", "bytes": 1024, "stride": 8, "offset": 0, "batch": 4096, "seed": 5924101, "order": "random", "streams": 1, "extra_args": [1], "repetition": 1}, "median": 144.0}
{"event": "point_passed", "family": "calibration", "params": {"mode": "loop", "bytes": 1024, "stride": 8, "offset": 0, "batch": 4096, "seed": 5924101, "order": "random", "streams": 1, "extra_args": [1], "repetition": 1}, "median": 0.33984375}
{"event": "point_passed", "family": "calibration", "params": {"mode": "chase", "bytes": 1024, "stride": 8, "offset": 0, "batch": 4096, "seed": 5924101, "order": "random", "streams": 1, "extra_args": [1], "repetition": 1}, "median": 4.828125}
{"event": "point_passed", "family": "calibration", "params": {"mode": "chase", "bytes": 1024, "stride": 8, "offset": 0, "batch": 4096, "seed": 5924101, "order": "random", "streams": 4, "extra_args": [4], "repetition": 1}, "median": 1.236328125}
{"event": "point_passed", "family": "comparison", "params": {"mode": "chase", "bytes": 1024, "stride": 8, "offset": 0, "batch": 4096, "seed": 5924101, "order": "random", "streams": 1, "extra_args": [1], "order_index": 0, "repetition": 0}, "median": 4.828125}
{"event": "point_passed", "family": "comparison", "params": {"mode": "chase", "bytes": 1024, "stride": 8, "offset": 0, "batch": 4096, "seed": 5924101, "order": "random", "streams": 4, "extra_args": [4], "order_index": 0, "repetition": 0}, "median": 1.236328125}
{"event": "point_passed", "family": "comparison", "params": {"mode": "chase", "bytes": 1024, "stride": 8, "offset": 0, "batch": 4096, "seed": 5924101, "order": "random", "streams": 4, "extra_args": [4], "order_index": 1, "repetition": 0}, "median": 1.236328125}
{"event": "point_passed", "family": "comparison", "params": {"mode": "chase", "bytes": 1024, "stride": 8, "offset": 0, "batch": 4096, "seed": 5924101, "order": "random", "streams": 1, "extra_args": [1], "order_index": 1, "repetition": 0}, "median": 4.828125}
{"event": "point_passed", "family": "comparison", "params": {"mode": "chase", "bytes": 1024, "stride": 8, "offset": 0, "batch": 4096, "seed": 5924102, "order": "random", "streams": 1, "extra_args": [1], "order_index": 0, "repetition": 0}, "median": 4.828125}
{"event": "point_passed", "family": "comparison", "params": {"mode": "chase", "bytes": 1024, "stride": 8, "offset": 0, "batch": 4096, "seed": 5924102, "order": "random", "streams": 4, "extra_args": [4], "order_index": 0, "repetition": 0}, "median": 1.236328125}
{"event": "point_passed", "family": "comparison", "params": {"mode": "chase", "bytes": 1024, "stride": 8, "offset": 0, "batch": 4096, "seed": 5924102, "order": "random", "streams": 4, "extra_args": [4], "order_index": 1, "repetition": 0}, "median": 1.236328125}
{"event": "point_passed", "family": "comparison", "params": {"mode": "chase", "bytes": 1024, "stride": 8, "offset": 0, "batch": 4096, "seed": 5924102, "order": "random", "streams": 1, "extra_args": [1], "order_index": 1, "repetition": 0}, "median": 4.828125}
{"event": "point_passed", "family": "comparison", "params": {"mode": "chase", "bytes": 1024, "stride": 8, "offset": 0, "batch": 4096, "seed": 5924103, "order": "random", "streams": 1, "extra_args": [1], "order_index": 0, "repetition": 0}, "median": 4.828125}
{"event": "point_passed", "family": "comparison", "params": {"mode": "chase", "bytes": 1024, "stride": 8, "offset": 0, "batch": 4096, "seed": 5924103, "order": "random", "streams": 4, "extra_args": [4], "order_index": 0, "repetition": 0}, "median": 1.236328125}
{"event": "point_passed", "family": "comparison", "params": {"mode": "chase", "bytes": 1024, "stride": 8, "offset": 0, "batch": 4096, "seed": 5924103, "order": "random", "streams": 4, "extra_args": [4], "order_index": 1, "repetition": 0}, "median": 1.236328125}
{"event": "point_passed", "family": "comparison", "params": {"mode": "chase", "bytes": 1024, "stride": 8, "offset": 0, "batch": 4096, "seed": 5924103, "order": "random", "streams": 1, "extra_args": [1], "order_index": 1, "repetition": 0}, "median": 4.828125}

------------------------------------------------------------
Resource usage summary:

    Job ID            : 811210
    Job name          : hz-genoa-indep
    User / Account    : hlee58 / ece592f26_cpu
    Partition / QOS   : compute_partners / short
    Submitted         : 2026-09-12T00:17:20
    Started           : 2026-09-12T00:17:37
    Wait time         : 17 sec
    Elapsed (wall)    : 00:03:01
    Nodes             : 1 (n0398)
    CPUs allocated    : 2
    Tasks             : 1
    CPU time (total)  : 129.23 sec  (user 128.18, sys 1.06)
    CPU efficiency    : 35.7%
    Memory in use     : 66.35 MB  (sampled at job end; see seff for peak)
    Memory requested  : 2G
    Working directory : /gpfs_common/share04/ece592f26/hlee58/tmp/hazel-phase3-20260911/suite
    Exit code         : 0:0

    For final accounting (Slurm's MaxRSS, billing, etc.):  seff 811210
------------------------------------------------------------
