{"event": "point_passed", "family": "page_control", "params": {"mode": "chase", "bytes": 32768, "stride": 8, "offset": 0, "batch": 512, "seed": 5922026, "order": "random", "page_policy": "THP-request"}, "median": 5.390625}
{"event": "point_passed", "family": "page_control", "params": {"mode": "chase", "bytes": 262144, "stride": 8, "offset": 0, "batch": 512, "seed": 5922026, "order": "random", "page_policy": "THP-request"}, "median": 15.796875}
{"event": "point_passed", "family": "page_control", "params": {"mode": "chase", "bytes": 4194304, "stride": 8, "offset": 0, "batch": 512, "seed": 5922026, "order": "random", "page_policy": "THP-request"}, "median": 50.90625}
{"event": "point_passed", "family": "page_control", "params": {"mode": "chase", "bytes": 4096, "stride": 8, "offset": 0, "batch": 512, "seed": 5922026, "order": "random", "page_policy": "THP-request"}, "median": 5.0625}
{"event": "point_noisy", "family": "page_control", "flags": ["frequent involuntary context switches"], "attempt": "/gpfs_common/share04/ece592f26/hlee58/tmp/hazel-phase3-20260911/runs/genoa/page_control/page_control/7652f53c8295cc01/attempt-1789186689576582022"}
{"event": "point_noisy", "family": "page_control", "flags": ["frequent involuntary context switches"], "attempt": "/gpfs_common/share04/ece592f26/hlee58/tmp/hazel-phase3-20260911/runs/genoa/page_control/page_control/7652f53c8295cc01/attempt-1789186693865259556"}
{"event": "point_noisy", "family": "page_control", "flags": ["frequent involuntary context switches"], "attempt": "/gpfs_common/share04/ece592f26/hlee58/tmp/hazel-phase3-20260911/runs/genoa/page_control/page_control/7652f53c8295cc01/attempt-1789186698195086634"}
{"event": "point_noisy", "family": "page_control", "flags": ["frequent involuntary context switches"], "attempt": "/gpfs_common/share04/ece592f26/hlee58/tmp/hazel-phase3-20260911/runs/genoa/page_control/page_control/eb86a5e6e74cc28b/attempt-1789186702536655519"}
{"event": "point_passed", "family": "page_control", "params": {"mode": "chase", "bytes": 1048576, "stride": 8, "offset": 0, "batch": 512, "seed": 5922026, "order": "random", "page_policy": "THP-request"}, "median": 17.0625}
{"event": "point_passed", "family": "page_control", "params": {"mode": "chase", "bytes": 67108864, "stride": 8, "offset": 0, "batch": 512, "seed": 5922026, "order": "random", "page_policy": "THP-request"}, "median": 232.875}
{"event": "point_passed", "family": "page_control", "params": {"mode": "chase", "bytes": 65536, "stride": 8, "offset": 0, "batch": 512, "seed": 5922026, "order": "random", "page_policy": "THP-request"}, "median": 11.859375}
{"event": "point_passed", "family": "page_control", "params": {"mode": "chase", "bytes": 16384, "stride": 8, "offset": 0, "batch": 512, "seed": 5922026, "order": "random", "page_policy": "THP-request"}, "median": 5.0625}
{"event": "point_passed", "family": "page_control", "params": {"mode": "chase", "bytes": 262144, "stride": 8, "offset": 0, "batch": 512, "seed": 5922026, "order": "random", "page_policy": "THP-request"}, "median": 15.796875}
{"event": "point_passed", "family": "page_control", "params": {"mode": "chase", "bytes": 16777216, "stride": 8, "offset": 0, "batch": 512, "seed": 5922026, "order": "random", "page_policy": "THP-request"}, "median": 76.171875}
{"event": "point_passed", "family": "page_control", "params": {"mode": "chase", "bytes": 268435456, "stride": 8, "offset": 0, "batch": 512, "seed": 5922026, "order": "random", "page_policy": "THP-request"}, "median": 312.65625}

------------------------------------------------------------
Resource usage summary:

    Job ID            : 811209
    Job name          : hz-genoa-page
    User / Account    : hlee58 / ece592f26_cpu
    Partition / QOS   : compute_partners / short
    Submitted         : 2026-09-12T00:17:19
    Started           : 2026-09-12T00:17:37
    Wait time         : 18 sec
    Elapsed (wall)    : 00:04:27
    Nodes             : 1 (n0398)
    CPUs allocated    : 2
    Tasks             : 1
    CPU time (total)  : 232.17 sec  (user 231.05, sys 1.14)
    CPU efficiency    : 43.5%
    Memory in use     : 585.79 MB  (sampled at job end; see seff for peak)
    Memory requested  : 2G
    Working directory : /gpfs_common/share04/ece592f26/hlee58/tmp/hazel-phase3-20260911/suite
    Exit code         : 0:0

    For final accounting (Slurm's MaxRSS, billing, etc.):  seff 811209
------------------------------------------------------------
