empty             4 KiB, 1000000 batches x 4096 loads
random         2048 KiB, 1000000 batches x 4096 loads
sequential      256 KiB, 1000000 batches x 4096 loads
random       262144 KiB, 1000000 batches x 4096 loads
sequential    16384 KiB, 1000000 batches x 4096 loads
sequential     1024 KiB, 1000000 batches x 4096 loads
random          512 KiB, 1000000 batches x 4096 loads
random           64 KiB, 1000000 batches x 4096 loads
sequential        8 KiB, 1000000 batches x 4096 loads
sequential     8192 KiB, 1000000 batches x 4096 loads
random       131072 KiB, 1000000 batches x 4096 loads
sequential    32768 KiB, 1000000 batches x 4096 loads
random         1024 KiB, 1000000 batches x 4096 loads
sequential       16 KiB, 1000000 batches x 4096 loads
sequential        4 KiB, 1000000 batches x 4096 loads
random         4096 KiB, 1000000 batches x 4096 loads
sequential      512 KiB, 1000000 batches x 4096 loads
random          256 KiB, 1000000 batches x 4096 loads
sequential     2048 KiB, 1000000 batches x 4096 loads
random        32768 KiB, 1000000 batches x 4096 loads
sequential       64 KiB, 1000000 batches x 4096 loads
sequential      128 KiB, 1000000 batches x 4096 loads
random        16384 KiB, 1000000 batches x 4096 loads
random            4 KiB, 1000000 batches x 4096 loads
sequential       32 KiB, 1000000 batches x 4096 loads
sequential   131072 KiB, 1000000 batches x 4096 loads
sequential     4096 KiB, 1000000 batches x 4096 loads
random           32 KiB, 1000000 batches x 4096 loads
random         8192 KiB, 1000000 batches x 4096 loads
random        65536 KiB, 1000000 batches x 4096 loads
sequential   262144 KiB, 1000000 batches x 4096 loads
random            8 KiB, 1000000 batches x 4096 loads
random          128 KiB, 1000000 batches x 4096 loads
sequential    65536 KiB, 1000000 batches x 4096 loads
random           16 KiB, 1000000 batches x 4096 loads
Saved full. Analyze with: python3 capacity.py plot full
Collection complete: /mnt/ncsudrive/h/hlee58/ECE592_proj1/results/capacity-20260906/charnwood/full
