empty            16 KiB, 1000000 batches x 4096 loads
sequential       16 KiB, 1000000 batches x 4096 loads
sequential       60 KiB, 1000000 batches x 4096 loads
random           36 KiB, 1000000 batches x 4096 loads
sequential       36 KiB, 1000000 batches x 4096 loads
sequential       56 KiB, 1000000 batches x 4096 loads
random           64 KiB, 1000000 batches x 4096 loads
random           44 KiB, 1000000 batches x 4096 loads
sequential       48 KiB, 1000000 batches x 4096 loads
sequential       52 KiB, 1000000 batches x 4096 loads
sequential       40 KiB, 1000000 batches x 4096 loads
sequential       24 KiB, 1000000 batches x 4096 loads
random           56 KiB, 1000000 batches x 4096 loads
sequential       44 KiB, 1000000 batches x 4096 loads
random           60 KiB, 1000000 batches x 4096 loads
random           16 KiB, 1000000 batches x 4096 loads
sequential       32 KiB, 1000000 batches x 4096 loads
random           40 KiB, 1000000 batches x 4096 loads
random           32 KiB, 1000000 batches x 4096 loads
random           28 KiB, 1000000 batches x 4096 loads
sequential       64 KiB, 1000000 batches x 4096 loads
sequential       28 KiB, 1000000 batches x 4096 loads
random           52 KiB, 1000000 batches x 4096 loads
random           48 KiB, 1000000 batches x 4096 loads
random           24 KiB, 1000000 batches x 4096 loads
Saved refine-small. Analyze with: python3 capacity.py plot refine-small
empty           256 KiB, 1000000 batches x 4096 loads
sequential      448 KiB, 1000000 batches x 4096 loads
random         1024 KiB, 1000000 batches x 4096 loads
sequential      704 KiB, 1000000 batches x 4096 loads
sequential      576 KiB, 1000000 batches x 4096 loads
sequential      768 KiB, 1000000 batches x 4096 loads
random          512 KiB, 1000000 batches x 4096 loads
sequential      256 KiB, 1000000 batches x 4096 loads
sequential      896 KiB, 1000000 batches x 4096 loads
sequential      512 KiB, 1000000 batches x 4096 loads
sequential      640 KiB, 1000000 batches x 4096 loads
random          256 KiB, 1000000 batches x 4096 loads
sequential      320 KiB, 1000000 batches x 4096 loads
random          640 KiB, 1000000 batches x 4096 loads
random          896 KiB, 1000000 batches x 4096 loads
random          576 KiB, 1000000 batches x 4096 loads
random          448 KiB, 1000000 batches x 4096 loads
random          384 KiB, 1000000 batches x 4096 loads
sequential     1024 KiB, 1000000 batches x 4096 loads
sequential      384 KiB, 1000000 batches x 4096 loads
random          768 KiB, 1000000 batches x 4096 loads
random          704 KiB, 1000000 batches x 4096 loads
random          320 KiB, 1000000 batches x 4096 loads
Saved refine-middle. Analyze with: python3 capacity.py plot refine-middle
empty          8192 KiB, 1000000 batches x 4096 loads
sequential    22528 KiB, 1000000 batches x 4096 loads
random        65536 KiB, 1000000 batches x 4096 loads
sequential    24576 KiB, 1000000 batches x 4096 loads
random        18432 KiB, 1000000 batches x 4096 loads
random        28672 KiB, 1000000 batches x 4096 loads
sequential    32768 KiB, 1000000 batches x 4096 loads
random        22528 KiB, 1000000 batches x 4096 loads
random        49152 KiB, 1000000 batches x 4096 loads
sequential     8192 KiB, 1000000 batches x 4096 loads
sequential    28672 KiB, 1000000 batches x 4096 loads
sequential    30720 KiB, 1000000 batches x 4096 loads
random        32768 KiB, 1000000 batches x 4096 loads
sequential    26624 KiB, 1000000 batches x 4096 loads
sequential    49152 KiB, 1000000 batches x 4096 loads
sequential    12288 KiB, 1000000 batches x 4096 loads
sequential    18432 KiB, 1000000 batches x 4096 loads
sequential    20480 KiB, 1000000 batches x 4096 loads
random        30720 KiB, 1000000 batches x 4096 loads
random         8192 KiB, 1000000 batches x 4096 loads
sequential    16384 KiB, 1000000 batches x 4096 loads
random        20480 KiB, 1000000 batches x 4096 loads
random        16384 KiB, 1000000 batches x 4096 loads
random        14336 KiB, 1000000 batches x 4096 loads
sequential    65536 KiB, 1000000 batches x 4096 loads
sequential    14336 KiB, 1000000 batches x 4096 loads
random        26624 KiB, 1000000 batches x 4096 loads
random        24576 KiB, 1000000 batches x 4096 loads
random        12288 KiB, 1000000 batches x 4096 loads
Saved refine-large. Analyze with: python3 capacity.py plot refine-large
All refinement groups collected for skylark
