{"time": "2026-09-12T03:28:24.534481+00:00", "constraint": "haswell", "watched_job": "810638", "caretaker_job": "810857", "action": "submit_analysis", "command": ["python3", "/gpfs_common/share04/ece592f26/hlee58/tmp/hazel-phase3-20260911/suite/submit_analysis.py", "haswell"], "returncode": 0, "stdout": "{\"record\": \"/gpfs_common/share04/ece592f26/hlee58/tmp/hazel-phase3-20260911/submissions/haswell/analysis-20260912T032824.596581Z.json\", \"returncode\": 0, \"job_id\": \"811099\", \"stderr\": \"\"}\n", "stderr": ""}

------------------------------------------------------------
Resource usage summary:

    Job ID            : 810857
    Job name          : hz-care-810638
    User / Account    : hlee58 / ece592f26_cpu
    Partition / QOS   : compute / normal
    Submitted         : 2026-09-11T22:34:34
    Started           : 2026-09-11T23:28:24
    Wait time         : 3230 sec
    Elapsed (wall)    : 00:00:03
    Nodes             : 1 (c207n01)
    CPUs allocated    : 1
    Tasks             : 1
    CPU time (total)  : 0.22 sec  (user 0.14, sys 0.08)
    CPU efficiency    : 7.3%
    Memory in use     : 20.13 MB  (sampled at job end; see seff for peak)
    Memory requested  : 512M
    Working directory : /gpfs_common/share03/rotenberg/hlee58/ECE592_proj1
    Exit code         : 0:0

    For final accounting (Slurm's MaxRSS, billing, etc.):  seff 810857
------------------------------------------------------------
