{"event": "point_noisy", "family": "cross_core_reload_final", "flags": ["frequent involuntary context switches"], "attempt": "/gpfs_common/share04/ece592f26/hlee58/tmp/hazel-phase3-20260911/runs/haswell/followup-v1/cross_core_reload_final/1a8a04f25b3f755f/attempt-1789191997619186959"}
{"event": "point_noisy", "family": "cross_core_reload_final", "flags": ["frequent involuntary context switches"], "attempt": "/gpfs_common/share04/ece592f26/hlee58/tmp/hazel-phase3-20260911/runs/haswell/followup-v1/cross_core_reload_final/1a8a04f25b3f755f/attempt-1789192002522234067"}
{"event": "point_noisy", "family": "cross_core_reload_final", "flags": ["frequent involuntary context switches"], "attempt": "/gpfs_common/share04/ece592f26/hlee58/tmp/hazel-phase3-20260911/runs/haswell/followup-v1/cross_core_reload_final/1a8a04f25b3f755f/attempt-1789192007749589611"}
{"event": "point_noisy", "family": "cross_core_reload_final", "flags": ["frequent involuntary context switches"], "attempt": "/gpfs_common/share04/ece592f26/hlee58/tmp/hazel-phase3-20260911/runs/haswell/followup-v1/cross_core_reload_final/2d448b83966e41ef/attempt-1789192012881854996"}
{"event": "point_noisy", "family": "cross_core_reload_final", "flags": ["frequent involuntary context switches"], "attempt": "/gpfs_common/share04/ece592f26/hlee58/tmp/hazel-phase3-20260911/runs/haswell/followup-v1/cross_core_reload_final/2d448b83966e41ef/attempt-1789192018206359442"}
{"event": "point_noisy", "family": "cross_core_reload_final", "flags": ["frequent involuntary context switches"], "attempt": "/gpfs_common/share04/ece592f26/hlee58/tmp/hazel-phase3-20260911/runs/haswell/followup-v1/cross_core_reload_final/2d448b83966e41ef/attempt-1789192023495012667"}
{"event": "point_noisy", "family": "cross_core_reload_final", "flags": ["frequent involuntary context switches"], "attempt": "/gpfs_common/share04/ece592f26/hlee58/tmp/hazel-phase3-20260911/runs/haswell/followup-v1/cross_core_reload_final/ba0c5a343871bfd5/attempt-1789192028640239717"}
{"event": "point_noisy", "family": "cross_core_reload_final", "flags": ["frequent involuntary context switches"], "attempt": "/gpfs_common/share04/ece592f26/hlee58/tmp/hazel-phase3-20260911/runs/haswell/followup-v1/cross_core_reload_final/ba0c5a343871bfd5/attempt-1789192039382720431"}
{"event": "point_noisy", "family": "cross_core_reload_final", "flags": ["frequent involuntary context switches"], "attempt": "/gpfs_common/share04/ece592f26/hlee58/tmp/hazel-phase3-20260911/runs/haswell/followup-v1/cross_core_reload_final/ba0c5a343871bfd5/attempt-1789192050155760758"}
{"event": "point_noisy", "family": "cross_core_reload_final", "flags": ["frequent involuntary context switches"], "attempt": "/gpfs_common/share04/ece592f26/hlee58/tmp/hazel-phase3-20260911/runs/haswell/followup-v1/cross_core_reload_final/0db645aeb4832fe3/attempt-1789192060975498087"}
{"event": "point_noisy", "family": "cross_core_reload_final", "flags": ["frequent involuntary context switches"], "attempt": "/gpfs_common/share04/ece592f26/hlee58/tmp/hazel-phase3-20260911/runs/haswell/followup-v1/cross_core_reload_final/0db645aeb4832fe3/attempt-1789192071900420090"}
{"event": "point_noisy", "family": "cross_core_reload_final", "flags": ["frequent involuntary context switches"], "attempt": "/gpfs_common/share04/ece592f26/hlee58/tmp/hazel-phase3-20260911/runs/haswell/followup-v1/cross_core_reload_final/0db645aeb4832fe3/attempt-1789192082739704921"}
{"event": "point_passed", "family": "same_core_reload_final", "params": {"mode": "probe", "bytes": 262144, "stride": 64, "offset": 0, "batch": 1024, "seed": 5924029, "order": "random", "page": "huge", "align": 0, "address_list": "-", "extra_args": [0, "huge", "-", -1], "timed_loads": 1}, "median": 77.0}
{"event": "point_noisy", "family": "cross_core_reload_final", "flags": ["frequent involuntary context switches"], "attempt": "/gpfs_common/share04/ece592f26/hlee58/tmp/hazel-phase3-20260911/runs/haswell/followup-v1/cross_core_reload_final/e51d52ac3659388c/attempt-1789192103494728536"}
{"event": "point_noisy", "family": "cross_core_reload_final", "flags": ["frequent involuntary context switches"], "attempt": "/gpfs_common/share04/ece592f26/hlee58/tmp/hazel-phase3-20260911/runs/haswell/followup-v1/cross_core_reload_final/e51d52ac3659388c/attempt-1789192108589099740"}
{"event": "point_noisy", "family": "cross_core_reload_final", "flags": ["frequent involuntary context switches"], "attempt": "/gpfs_common/share04/ece592f26/hlee58/tmp/hazel-phase3-20260911/runs/haswell/followup-v1/cross_core_reload_final/e51d52ac3659388c/attempt-1789192113706779750"}
{"event": "point_noisy", "family": "cross_core_reload_final", "flags": ["frequent involuntary context switches"], "attempt": "/gpfs_common/share04/ece592f26/hlee58/tmp/hazel-phase3-20260911/runs/haswell/followup-v1/cross_core_reload_final/fb059aa5eecac1c8/attempt-1789192118932564246"}
{"event": "point_noisy", "family": "cross_core_reload_final", "flags": ["frequent involuntary context switches"], "attempt": "/gpfs_common/share04/ece592f26/hlee58/tmp/hazel-phase3-20260911/runs/haswell/followup-v1/cross_core_reload_final/fb059aa5eecac1c8/attempt-1789192124245493677"}
{"event": "point_noisy", "family": "cross_core_reload_final", "flags": ["frequent involuntary context switches"], "attempt": "/gpfs_common/share04/ece592f26/hlee58/tmp/hazel-phase3-20260911/runs/haswell/followup-v1/cross_core_reload_final/fb059aa5eecac1c8/attempt-1789192129289998955"}
{"event": "point_noisy", "family": "cross_core_reload_final", "flags": ["frequent involuntary context switches"], "attempt": "/gpfs_common/share04/ece592f26/hlee58/tmp/hazel-phase3-20260911/runs/haswell/followup-v1/cross_core_reload_final/6c8854cbba65108b/attempt-1789192134584813199"}
{"event": "point_noisy", "family": "cross_core_reload_final", "flags": ["frequent involuntary context switches"], "attempt": "/gpfs_common/share04/ece592f26/hlee58/tmp/hazel-phase3-20260911/runs/haswell/followup-v1/cross_core_reload_final/6c8854cbba65108b/attempt-1789192158276736585"}
{"event": "point_noisy", "family": "cross_core_reload_final", "flags": ["frequent involuntary context switches"], "attempt": "/gpfs_common/share04/ece592f26/hlee58/tmp/hazel-phase3-20260911/runs/haswell/followup-v1/cross_core_reload_final/6c8854cbba65108b/attempt-1789192181958884149"}
{"event": "point_noisy", "family": "cross_core_reload_final", "flags": ["frequent involuntary context switches"], "attempt": "/gpfs_common/share04/ece592f26/hlee58/tmp/hazel-phase3-20260911/runs/haswell/followup-v1/cross_core_reload_final/4fe782accce44bba/attempt-1789192205646092701"}
{"event": "point_noisy", "family": "cross_core_reload_final", "flags": ["frequent involuntary context switches"], "attempt": "/gpfs_common/share04/ece592f26/hlee58/tmp/hazel-phase3-20260911/runs/haswell/followup-v1/cross_core_reload_final/4fe782accce44bba/attempt-1789192229405057222"}
{"event": "point_noisy", "family": "cross_core_reload_final", "flags": ["frequent involuntary context switches"], "attempt": "/gpfs_common/share04/ece592f26/hlee58/tmp/hazel-phase3-20260911/runs/haswell/followup-v1/cross_core_reload_final/4fe782accce44bba/attempt-1789192253017564433"}
{"event": "point_passed", "family": "same_core_reload_final", "params": {"mode": "probe", "bytes": 8388608, "stride": 64, "offset": 0, "batch": 1024, "seed": 5924029, "order": "random", "page": "huge", "align": 0, "address_list": "-", "extra_args": [0, "huge", "-", -1], "timed_loads": 1}, "median": 70.0}
{"event": "point_noisy", "family": "cross_core_reload_final", "flags": ["frequent involuntary context switches"], "attempt": "/gpfs_common/share04/ece592f26/hlee58/tmp/hazel-phase3-20260911/runs/haswell/followup-v1/cross_core_reload_final/08dfb33b6ab65a8e/attempt-1789192299903561716"}
{"event": "point_noisy", "family": "cross_core_reload_final", "flags": ["frequent involuntary context switches"], "attempt": "/gpfs_common/share04/ece592f26/hlee58/tmp/hazel-phase3-20260911/runs/haswell/followup-v1/cross_core_reload_final/08dfb33b6ab65a8e/attempt-1789192305516954829"}
{"event": "point_passed", "family": "cross_core_reload_final", "params": {"mode": "cross", "bytes": 67108864, "stride": 64, "offset": 0, "batch": 1024, "seed": 5924027, "order": "random", "page": "huge", "align": 0, "address_list": "-", "extra_args": [0, "huge", "-", -1], "timed_loads": 1, "paired_core": true}, "median": 61.0}
{"event": "point_noisy", "family": "cross_core_reload_final", "flags": ["frequent involuntary context switches"], "attempt": "/gpfs_common/share04/ece592f26/hlee58/tmp/hazel-phase3-20260911/runs/haswell/followup-v1/cross_core_reload_final/c5ad78c81349369b/attempt-1789192316594644378"}
{"event": "point_noisy", "family": "cross_core_reload_final", "flags": ["frequent involuntary context switches"], "attempt": "/gpfs_common/share04/ece592f26/hlee58/tmp/hazel-phase3-20260911/runs/haswell/followup-v1/cross_core_reload_final/c5ad78c81349369b/attempt-1789192322011144856"}
{"event": "point_noisy", "family": "cross_core_reload_final", "flags": ["frequent involuntary context switches"], "attempt": "/gpfs_common/share04/ece592f26/hlee58/tmp/hazel-phase3-20260911/runs/haswell/followup-v1/cross_core_reload_final/c5ad78c81349369b/attempt-1789192327634732548"}
{"event": "point_noisy", "family": "cross_core_reload_final", "flags": ["frequent involuntary context switches"], "attempt": "/gpfs_common/share04/ece592f26/hlee58/tmp/hazel-phase3-20260911/runs/haswell/followup-v1/cross_core_reload_final/76b811e44c611d41/attempt-1789192333273580434"}
{"event": "point_noisy", "family": "cross_core_reload_final", "flags": ["frequent involuntary context switches"], "attempt": "/gpfs_common/share04/ece592f26/hlee58/tmp/hazel-phase3-20260911/runs/haswell/followup-v1/cross_core_reload_final/76b811e44c611d41/attempt-1789192430653117222"}
{"event": "point_noisy", "family": "cross_core_reload_final", "flags": ["frequent involuntary context switches"], "attempt": "/gpfs_common/share04/ece592f26/hlee58/tmp/hazel-phase3-20260911/runs/haswell/followup-v1/cross_core_reload_final/76b811e44c611d41/attempt-1789192528070074623"}
{"event": "point_noisy", "family": "cross_core_reload_final", "flags": ["frequent involuntary context switches"], "attempt": "/gpfs_common/share04/ece592f26/hlee58/tmp/hazel-phase3-20260911/runs/haswell/followup-v1/cross_core_reload_final/eb102bff5aebd391/attempt-1789192625407778429"}
{"event": "point_noisy", "family": "cross_core_reload_final", "flags": ["frequent involuntary context switches"], "attempt": "/gpfs_common/share04/ece592f26/hlee58/tmp/hazel-phase3-20260911/runs/haswell/followup-v1/cross_core_reload_final/eb102bff5aebd391/attempt-1789192722830395847"}
{"event": "point_noisy", "family": "cross_core_reload_final", "flags": ["frequent involuntary context switches"], "attempt": "/gpfs_common/share04/ece592f26/hlee58/tmp/hazel-phase3-20260911/runs/haswell/followup-v1/cross_core_reload_final/eb102bff5aebd391/attempt-1789192820311190654"}
{"event": "point_passed", "family": "same_core_reload_final", "params": {"mode": "probe", "bytes": 67108864, "stride": 64, "offset": 0, "batch": 1024, "seed": 5924029, "order": "random", "page": "huge", "align": 0, "address_list": "-", "extra_args": [0, "huge", "-", -1], "timed_loads": 1}, "median": 71.0}
{"event": "point_passed", "family": "target_hot_final", "params": {"mode": "hot", "bytes": 1024, "stride": 8, "offset": 0, "batch": 512, "seed": 5924030, "order": "random", "align": 0, "page": "base", "address_list": "-", "extra_args": [0, "base", "-", -1], "timed_loads": 1}, "median": 61.0}
Follow-up segment job=811509 constraint=haswell stage=inclusion_final status=0 end=2026-09-12T02:03:37-04:00
{"record": "/gpfs_common/share04/ece592f26/hlee58/tmp/hazel-phase3-20260911/submissions/haswell/followup-analysis-20260912T060337.535823Z.json", "returncode": 0, "job_id": "811581", "stderr": ""}
