{"event": "point_noisy", "family": "spatial_alignment", "flags": ["frequent involuntary context switches"], "attempt": "/gpfs_common/share04/ece592f26/hlee58/tmp/hazel-phase3-20260911/runs/haswell/followup-v1/spatial_alignment/2be89c5843e8a525/attempt-1789183826929662595"}
{"event": "point_passed", "family": "spatial_alignment", "params": {"mode": "spatial", "bytes": 524288, "stride": 512, "offset": 120, "batch": 512, "seed": 5922026, "order": "random", "align": 0, "page": "base", "address_list": "-", "extra_args": [0, "base", "-", -1]}, "median": 41.578125}
{"event": "point_passed", "family": "spatial_alignment", "params": {"mode": "spatial", "bytes": 524288, "stride": 512, "offset": 32, "batch": 512, "seed": 5922026, "order": "random", "align": 0, "page": "base", "address_list": "-", "extra_args": [0, "base", "-", -1]}, "median": 23.927734375}
{"event": "point_passed", "family": "spatial_alignment", "params": {"mode": "spatial", "bytes": 524288, "stride": 512, "offset": 104, "batch": 512, "seed": 5922026, "order": "random", "align": 0, "page": "base", "address_list": "-", "extra_args": [0, "base", "-", -1]}, "median": 40.041015625}
{"event": "point_passed", "family": "spatial_alignment", "params": {"mode": "spatial", "bytes": 524288, "stride": 512, "offset": 56, "batch": 512, "seed": 5922026, "order": "random", "align": 0, "page": "base", "address_list": "-", "extra_args": [0, "base", "-", -1]}, "median": 23.75390625}
{"event": "point_passed", "family": "spatial_alignment", "params": {"mode": "spatial", "bytes": 524288, "stride": 512, "offset": 88, "batch": 512, "seed": 5922026, "order": "random", "align": 0, "page": "base", "address_list": "-", "extra_args": [0, "base", "-", -1]}, "median": 41.798828125}
{"event": "point_passed", "family": "spatial_alignment", "params": {"mode": "spatial", "bytes": 524288, "stride": 512, "offset": 8, "batch": 512, "seed": 5922026, "order": "random", "align": 0, "page": "base", "address_list": "-", "extra_args": [0, "base", "-", -1]}, "median": 23.103515625}
{"event": "point_passed", "family": "spatial_alignment", "params": {"mode": "spatial", "bytes": 524288, "stride": 512, "offset": 16, "batch": 512, "seed": 5922026, "order": "random", "align": 0, "page": "base", "address_list": "-", "extra_args": [0, "base", "-", -1]}, "median": 23.8515625}
{"event": "waiting_for_idle", "family": "spatial_alignment", "reason": "No core and complete SMT sibling group passed all idle windows", "next_check_seconds": 15}
{"event": "point_passed", "family": "spatial_alignment", "params": {"mode": "spatial", "bytes": 524288, "stride": 512, "offset": 96, "batch": 512, "seed": 5922026, "order": "random", "align": 0, "page": "base", "address_list": "-", "extra_args": [0, "base", "-", -1]}, "median": 41.751953125}
{"event": "point_passed", "family": "spatial_alignment", "params": {"mode": "spatial", "bytes": 524288, "stride": 512, "offset": 40, "batch": 512, "seed": 5922026, "order": "random", "align": 0, "page": "base", "address_list": "-", "extra_args": [0, "base", "-", -1]}, "median": 23.099609375}
{"event": "point_passed", "family": "spatial_alignment", "params": {"mode": "spatial", "bytes": 524288, "stride": 512, "offset": 24, "batch": 512, "seed": 5922026, "order": "random", "align": 0, "page": "base", "address_list": "-", "extra_args": [0, "base", "-", -1]}, "median": 23.771484375}
{"event": "point_passed", "family": "spatial_alignment", "params": {"mode": "spatial", "bytes": 524288, "stride": 512, "offset": 112, "batch": 512, "seed": 5922026, "order": "random", "align": 0, "page": "base", "address_list": "-", "extra_args": [0, "base", "-", -1]}, "median": 42.0078125}
{"event": "point_passed", "family": "spatial_alignment", "params": {"mode": "spatial", "bytes": 524288, "stride": 512, "offset": 136, "batch": 512, "seed": 5922026, "order": "random", "align": 0, "page": "base", "address_list": "-", "extra_args": [0, "base", "-", -1]}, "median": 41.787109375}
{"event": "point_passed", "family": "spatial_alignment", "params": {"mode": "spatial", "bytes": 524288, "stride": 512, "offset": 80, "batch": 512, "seed": 5922026, "order": "random", "align": 0, "page": "base", "address_list": "-", "extra_args": [0, "base", "-", -1]}, "median": 41.392578125}
{"event": "point_passed", "family": "spatial_alignment", "params": {"mode": "spatial", "bytes": 524288, "stride": 512, "offset": 64, "batch": 512, "seed": 5922026, "order": "random", "align": 0, "page": "base", "address_list": "-", "extra_args": [0, "base", "-", -1]}, "median": 41.79296875}
{"event": "point_passed", "family": "spatial_alignment", "params": {"mode": "spatial", "bytes": 524288, "stride": 512, "offset": 48, "batch": 512, "seed": 5922026, "order": "random", "align": 0, "page": "base", "address_list": "-", "extra_args": [0, "base", "-", -1]}, "median": 23.955078125}
{"event": "point_passed", "family": "spatial_alignment", "params": {"mode": "spatial", "bytes": 524288, "stride": 512, "offset": 72, "batch": 512, "seed": 5922026, "order": "random", "align": 0, "page": "base", "address_list": "-", "extra_args": [0, "base", "-", -1]}, "median": 41.451171875}
{"event": "point_passed", "family": "spatial_alignment", "params": {"mode": "spatial", "bytes": 524288, "stride": 512, "offset": 128, "batch": 512, "seed": 5922026, "order": "random", "align": 0, "page": "base", "address_list": "-", "extra_args": [0, "base", "-", -1]}, "median": 41.791015625}
{"event": "point_passed", "family": "spatial_alignment", "params": {"mode": "spatial", "bytes": 524288, "stride": 512, "offset": 104, "batch": 512, "seed": 5922050, "order": "random", "align": 24, "page": "base", "address_list": "-", "extra_args": [24, "base", "-", -1]}, "median": 40.296875}
{"event": "point_passed", "family": "spatial_alignment", "params": {"mode": "spatial", "bytes": 524288, "stride": 512, "offset": 16, "batch": 512, "seed": 5922050, "order": "random", "align": 24, "page": "base", "address_list": "-", "extra_args": [24, "base", "-", -1]}, "median": 23.91015625}
{"event": "point_passed", "family": "spatial_alignment", "params": {"mode": "spatial", "bytes": 524288, "stride": 512, "offset": 112, "batch": 512, "seed": 5922050, "order": "random", "align": 24, "page": "base", "address_list": "-", "extra_args": [24, "base", "-", -1]}, "median": 38.7421875}
{"event": "point_passed", "family": "spatial_alignment", "params": {"mode": "spatial", "bytes": 524288, "stride": 512, "offset": 40, "batch": 512, "seed": 5922050, "order": "random", "align": 24, "page": "base", "address_list": "-", "extra_args": [24, "base", "-", -1]}, "median": 40.837890625}
{"event": "point_passed", "family": "spatial_alignment", "params": {"mode": "spatial", "bytes": 524288, "stride": 512, "offset": 24, "batch": 512, "seed": 5922050, "order": "random", "align": 24, "page": "base", "address_list": "-", "extra_args": [24, "base", "-", -1]}, "median": 23.544921875}
{"event": "point_passed", "family": "spatial_alignment", "params": {"mode": "spatial", "bytes": 524288, "stride": 512, "offset": 32, "batch": 512, "seed": 5922050, "order": "random", "align": 24, "page": "base", "address_list": "-", "extra_args": [24, "base", "-", -1]}, "median": 24.185546875}
{"event": "point_passed", "family": "spatial_alignment", "params": {"mode": "spatial", "bytes": 524288, "stride": 512, "offset": 128, "batch": 512, "seed": 5922050, "order": "random", "align": 24, "page": "base", "address_list": "-", "extra_args": [24, "base", "-", -1]}, "median": 42.580078125}
{"event": "point_passed", "family": "spatial_alignment", "params": {"mode": "spatial", "bytes": 524288, "stride": 512, "offset": 88, "batch": 512, "seed": 5922050, "order": "random", "align": 24, "page": "base", "address_list": "-", "extra_args": [24, "base", "-", -1]}, "median": 41.59375}
{"event": "point_passed", "family": "spatial_alignment", "params": {"mode": "spatial", "bytes": 524288, "stride": 512, "offset": 136, "batch": 512, "seed": 5922050, "order": "random", "align": 24, "page": "base", "address_list": "-", "extra_args": [24, "base", "-", -1]}, "median": 41.767578125}
{"event": "point_passed", "family": "spatial_alignment", "params": {"mode": "spatial", "bytes": 524288, "stride": 512, "offset": 48, "batch": 512, "seed": 5922050, "order": "random", "align": 24, "page": "base", "address_list": "-", "extra_args": [24, "base", "-", -1]}, "median": 41.3515625}
{"event": "point_passed", "family": "spatial_alignment", "params": {"mode": "spatial", "bytes": 524288, "stride": 512, "offset": 72, "batch": 512, "seed": 5922050, "order": "random", "align": 24, "page": "base", "address_list": "-", "extra_args": [24, "base", "-", -1]}, "median": 41.6875}
{"event": "point_passed", "family": "spatial_alignment", "params": {"mode": "spatial", "bytes": 524288, "stride": 512, "offset": 8, "batch": 512, "seed": 5922050, "order": "random", "align": 24, "page": "base", "address_list": "-", "extra_args": [24, "base", "-", -1]}, "median": 23.794921875}
{"event": "point_passed", "family": "spatial_alignment", "params": {"mode": "spatial", "bytes": 524288, "stride": 512, "offset": 64, "batch": 512, "seed": 5922050, "order": "random", "align": 24, "page": "base", "address_list": "-", "extra_args": [24, "base", "-", -1]}, "median": 41.634765625}
{"event": "point_passed", "family": "spatial_alignment", "params": {"mode": "spatial", "bytes": 524288, "stride": 512, "offset": 96, "batch": 512, "seed": 5922050, "order": "random", "align": 24, "page": "base", "address_list": "-", "extra_args": [24, "base", "-", -1]}, "median": 41.65234375}
{"event": "point_passed", "family": "spatial_alignment", "params": {"mode": "spatial", "bytes": 524288, "stride": 512, "offset": 80, "batch": 512, "seed": 5922050, "order": "random", "align": 24, "page": "base", "address_list": "-", "extra_args": [24, "base", "-", -1]}, "median": 39.81640625}
{"event": "point_passed", "family": "spatial_alignment", "params": {"mode": "spatial", "bytes": 524288, "stride": 512, "offset": 56, "batch": 512, "seed": 5922050, "order": "random", "align": 24, "page": "base", "address_list": "-", "extra_args": [24, "base", "-", -1]}, "median": 41.74609375}
{"event": "point_passed", "family": "spatial_alignment", "params": {"mode": "spatial", "bytes": 524288, "stride": 512, "offset": 120, "batch": 512, "seed": 5922050, "order": "random", "align": 24, "page": "base", "address_list": "-", "extra_args": [24, "base", "-", -1]}, "median": 41.54296875}
{"event": "point_passed", "family": "spatial_alignment", "params": {"mode": "spatial", "bytes": 2097152, "stride": 512, "offset": 104, "batch": 512, "seed": 5922026, "order": "random", "align": 0, "page": "base", "address_list": "-", "extra_args": [0, "base", "-", -1]}, "median": 42.77734375}
{"event": "point_passed", "family": "spatial_alignment", "params": {"mode": "spatial", "bytes": 2097152, "stride": 512, "offset": 136, "batch": 512, "seed": 5922026, "order": "random", "align": 0, "page": "base", "address_list": "-", "extra_args": [0, "base", "-", -1]}, "median": 42.921875}
{"event": "point_passed", "family": "spatial_alignment", "params": {"mode": "spatial", "bytes": 2097152, "stride": 512, "offset": 72, "batch": 512, "seed": 5922026, "order": "random", "align": 0, "page": "base", "address_list": "-", "extra_args": [0, "base", "-", -1]}, "median": 42.765625}
{"event": "point_passed", "family": "spatial_alignment", "params": {"mode": "spatial", "bytes": 2097152, "stride": 512, "offset": 40, "batch": 512, "seed": 5922026, "order": "random", "align": 0, "page": "base", "address_list": "-", "extra_args": [0, "base", "-", -1]}, "median": 25.16796875}
{"event": "point_passed", "family": "spatial_alignment", "params": {"mode": "spatial", "bytes": 2097152, "stride": 512, "offset": 80, "batch": 512, "seed": 5922026, "order": "random", "align": 0, "page": "base", "address_list": "-", "extra_args": [0, "base", "-", -1]}, "median": 42.81640625}
{"event": "point_passed", "family": "spatial_alignment", "params": {"mode": "spatial", "bytes": 2097152, "stride": 512, "offset": 24, "batch": 512, "seed": 5922026, "order": "random", "align": 0, "page": "base", "address_list": "-", "extra_args": [0, "base", "-", -1]}, "median": 25.1328125}
{"event": "point_passed", "family": "spatial_alignment", "params": {"mode": "spatial", "bytes": 2097152, "stride": 512, "offset": 56, "batch": 512, "seed": 5922026, "order": "random", "align": 0, "page": "base", "address_list": "-", "extra_args": [0, "base", "-", -1]}, "median": 25.14453125}
{"event": "point_passed", "family": "spatial_alignment", "params": {"mode": "spatial", "bytes": 2097152, "stride": 512, "offset": 120, "batch": 512, "seed": 5922026, "order": "random", "align": 0, "page": "base", "address_list": "-", "extra_args": [0, "base", "-", -1]}, "median": 42.9453125}
{"event": "point_passed", "family": "spatial_alignment", "params": {"mode": "spatial", "bytes": 2097152, "stride": 512, "offset": 64, "batch": 512, "seed": 5922026, "order": "random", "align": 0, "page": "base", "address_list": "-", "extra_args": [0, "base", "-", -1]}, "median": 42.875}
{"event": "point_passed", "family": "spatial_alignment", "params": {"mode": "spatial", "bytes": 2097152, "stride": 512, "offset": 32, "batch": 512, "seed": 5922026, "order": "random", "align": 0, "page": "base", "address_list": "-", "extra_args": [0, "base", "-", -1]}, "median": 25.173828125}
{"event": "point_passed", "family": "spatial_alignment", "params": {"mode": "spatial", "bytes": 2097152, "stride": 512, "offset": 96, "batch": 512, "seed": 5922026, "order": "random", "align": 0, "page": "base", "address_list": "-", "extra_args": [0, "base", "-", -1]}, "median": 42.880859375}
{"event": "point_passed", "family": "spatial_alignment", "params": {"mode": "spatial", "bytes": 2097152, "stride": 512, "offset": 128, "batch": 512, "seed": 5922026, "order": "random", "align": 0, "page": "base", "address_list": "-", "extra_args": [0, "base", "-", -1]}, "median": 43.5625}
{"event": "point_passed", "family": "spatial_alignment", "params": {"mode": "spatial", "bytes": 2097152, "stride": 512, "offset": 88, "batch": 512, "seed": 5922026, "order": "random", "align": 0, "page": "base", "address_list": "-", "extra_args": [0, "base", "-", -1]}, "median": 43.609375}
{"event": "point_passed", "family": "spatial_alignment", "params": {"mode": "spatial", "bytes": 2097152, "stride": 512, "offset": 48, "batch": 512, "seed": 5922026, "order": "random", "align": 0, "page": "base", "address_list": "-", "extra_args": [0, "base", "-", -1]}, "median": 25.509765625}
{"event": "point_passed", "family": "spatial_alignment", "params": {"mode": "spatial", "bytes": 2097152, "stride": 512, "offset": 16, "batch": 512, "seed": 5922026, "order": "random", "align": 0, "page": "base", "address_list": "-", "extra_args": [0, "base", "-", -1]}, "median": 25.666015625}
{"event": "point_passed", "family": "spatial_alignment", "params": {"mode": "spatial", "bytes": 2097152, "stride": 512, "offset": 112, "batch": 512, "seed": 5922026, "order": "random", "align": 0, "page": "base", "address_list": "-", "extra_args": [0, "base", "-", -1]}, "median": 43.431640625}
{"event": "point_passed", "family": "spatial_alignment", "params": {"mode": "spatial", "bytes": 2097152, "stride": 512, "offset": 8, "batch": 512, "seed": 5922026, "order": "random", "align": 0, "page": "base", "address_list": "-", "extra_args": [0, "base", "-", -1]}, "median": 25.52734375}
{"event": "point_passed", "family": "spatial_alignment", "params": {"mode": "spatial", "bytes": 2097152, "stride": 512, "offset": 136, "batch": 512, "seed": 5922050, "order": "random", "align": 24, "page": "base", "address_list": "-", "extra_args": [24, "base", "-", -1]}, "median": 43.591796875}
{"event": "point_passed", "family": "spatial_alignment", "params": {"mode": "spatial", "bytes": 2097152, "stride": 512, "offset": 48, "batch": 512, "seed": 5922050, "order": "random", "align": 24, "page": "base", "address_list": "-", "extra_args": [24, "base", "-", -1]}, "median": 42.986328125}
{"event": "point_passed", "family": "spatial_alignment", "params": {"mode": "spatial", "bytes": 2097152, "stride": 512, "offset": 32, "batch": 512, "seed": 5922050, "order": "random", "align": 24, "page": "base", "address_list": "-", "extra_args": [24, "base", "-", -1]}, "median": 25.05859375}
{"event": "point_passed", "family": "spatial_alignment", "params": {"mode": "spatial", "bytes": 2097152, "stride": 512, "offset": 96, "batch": 512, "seed": 5922050, "order": "random", "align": 24, "page": "base", "address_list": "-", "extra_args": [24, "base", "-", -1]}, "median": 43.11328125}
{"event": "point_passed", "family": "spatial_alignment", "params": {"mode": "spatial", "bytes": 2097152, "stride": 512, "offset": 104, "batch": 512, "seed": 5922050, "order": "random", "align": 24, "page": "base", "address_list": "-", "extra_args": [24, "base", "-", -1]}, "median": 43.119140625}
{"event": "point_passed", "family": "spatial_alignment", "params": {"mode": "spatial", "bytes": 2097152, "stride": 512, "offset": 80, "batch": 512, "seed": 5922050, "order": "random", "align": 24, "page": "base", "address_list": "-", "extra_args": [24, "base", "-", -1]}, "median": 43.71875}
{"event": "point_passed", "family": "spatial_alignment", "params": {"mode": "spatial", "bytes": 2097152, "stride": 512, "offset": 8, "batch": 512, "seed": 5922050, "order": "random", "align": 24, "page": "base", "address_list": "-", "extra_args": [24, "base", "-", -1]}, "median": 25.60546875}
{"event": "point_passed", "family": "spatial_alignment", "params": {"mode": "spatial", "bytes": 2097152, "stride": 512, "offset": 72, "batch": 512, "seed": 5922050, "order": "random", "align": 24, "page": "base", "address_list": "-", "extra_args": [24, "base", "-", -1]}, "median": 42.986328125}
{"event": "point_passed", "family": "spatial_alignment", "params": {"mode": "spatial", "bytes": 2097152, "stride": 512, "offset": 120, "batch": 512, "seed": 5922050, "order": "random", "align": 24, "page": "base", "address_list": "-", "extra_args": [24, "base", "-", -1]}, "median": 42.8359375}
{"event": "point_passed", "family": "spatial_alignment", "params": {"mode": "spatial", "bytes": 2097152, "stride": 512, "offset": 128, "batch": 512, "seed": 5922050, "order": "random", "align": 24, "page": "base", "address_list": "-", "extra_args": [24, "base", "-", -1]}, "median": 42.806640625}
{"event": "point_passed", "family": "spatial_alignment", "params": {"mode": "spatial", "bytes": 2097152, "stride": 512, "offset": 16, "batch": 512, "seed": 5922050, "order": "random", "align": 24, "page": "base", "address_list": "-", "extra_args": [24, "base", "-", -1]}, "median": 25.203125}
{"event": "point_passed", "family": "spatial_alignment", "params": {"mode": "spatial", "bytes": 2097152, "stride": 512, "offset": 64, "batch": 512, "seed": 5922050, "order": "random", "align": 24, "page": "base", "address_list": "-", "extra_args": [24, "base", "-", -1]}, "median": 42.857421875}
{"event": "point_passed", "family": "spatial_alignment", "params": {"mode": "spatial", "bytes": 2097152, "stride": 512, "offset": 40, "batch": 512, "seed": 5922050, "order": "random", "align": 24, "page": "base", "address_list": "-", "extra_args": [24, "base", "-", -1]}, "median": 42.93359375}
{"event": "point_passed", "family": "spatial_alignment", "params": {"mode": "spatial", "bytes": 2097152, "stride": 512, "offset": 56, "batch": 512, "seed": 5922050, "order": "random", "align": 24, "page": "base", "address_list": "-", "extra_args": [24, "base", "-", -1]}, "median": 42.8828125}
{"event": "point_passed", "family": "spatial_alignment", "params": {"mode": "spatial", "bytes": 2097152, "stride": 512, "offset": 24, "batch": 512, "seed": 5922050, "order": "random", "align": 24, "page": "base", "address_list": "-", "extra_args": [24, "base", "-", -1]}, "median": 25.162109375}
{"event": "point_passed", "family": "spatial_alignment", "params": {"mode": "spatial", "bytes": 2097152, "stride": 512, "offset": 88, "batch": 512, "seed": 5922050, "order": "random", "align": 24, "page": "base", "address_list": "-", "extra_args": [24, "base", "-", -1]}, "median": 42.71875}
{"event": "point_passed", "family": "spatial_alignment", "params": {"mode": "spatial", "bytes": 2097152, "stride": 512, "offset": 112, "batch": 512, "seed": 5922050, "order": "random", "align": 24, "page": "base", "address_list": "-", "extra_args": [24, "base", "-", -1]}, "median": 42.8125}
Follow-up segment job=811115 constraint=haswell stage=spatial status=0 end=2026-09-11T23:52:19-04:00
{"record": "/gpfs_common/share04/ece592f26/hlee58/tmp/hazel-phase3-20260911/submissions/haswell/followup-capacity-20260912T035219.849847Z.json", "returncode": 0, "job_id": "811179", "stderr": ""}
