{"event": "point_noisy", "family": "cross_core_reload", "flags": ["frequent involuntary context switches"], "attempt": "/gpfs_common/share04/ece592f26/hlee58/tmp/hazel-phase3-20260911/runs/haswell/followup-v1/cross_core_reload/cedf6f8c2448f72a/attempt-1789190012723693677"}
{"event": "point_noisy", "family": "cross_core_reload", "flags": ["frequent involuntary context switches"], "attempt": "/gpfs_common/share04/ece592f26/hlee58/tmp/hazel-phase3-20260911/runs/haswell/followup-v1/cross_core_reload/cedf6f8c2448f72a/attempt-1789190017810722193"}
{"event": "point_noisy", "family": "cross_core_reload", "flags": ["frequent involuntary context switches"], "attempt": "/gpfs_common/share04/ece592f26/hlee58/tmp/hazel-phase3-20260911/runs/haswell/followup-v1/cross_core_reload/cedf6f8c2448f72a/attempt-1789190022750348840"}
{"event": "point_noisy", "family": "cross_core_reload", "flags": ["frequent involuntary context switches"], "attempt": "/gpfs_common/share04/ece592f26/hlee58/tmp/hazel-phase3-20260911/runs/haswell/followup-v1/cross_core_reload/077b0c3aa794498d/attempt-1789190027986550239"}
{"event": "point_noisy", "family": "cross_core_reload", "flags": ["frequent involuntary context switches"], "attempt": "/gpfs_common/share04/ece592f26/hlee58/tmp/hazel-phase3-20260911/runs/haswell/followup-v1/cross_core_reload/077b0c3aa794498d/attempt-1789190033258300314"}
{"event": "point_noisy", "family": "cross_core_reload", "flags": ["frequent involuntary context switches"], "attempt": "/gpfs_common/share04/ece592f26/hlee58/tmp/hazel-phase3-20260911/runs/haswell/followup-v1/cross_core_reload/077b0c3aa794498d/attempt-1789190038605323050"}
{"event": "point_noisy", "family": "cross_core_reload", "flags": ["frequent involuntary context switches"], "attempt": "/gpfs_common/share04/ece592f26/hlee58/tmp/hazel-phase3-20260911/runs/haswell/followup-v1/cross_core_reload/f44582df64fc6c04/attempt-1789190043771705788"}
{"event": "point_noisy", "family": "cross_core_reload", "flags": ["frequent involuntary context switches"], "attempt": "/gpfs_common/share04/ece592f26/hlee58/tmp/hazel-phase3-20260911/runs/haswell/followup-v1/cross_core_reload/f44582df64fc6c04/attempt-1789190054693230845"}
{"event": "point_noisy", "family": "cross_core_reload", "flags": ["frequent involuntary context switches"], "attempt": "/gpfs_common/share04/ece592f26/hlee58/tmp/hazel-phase3-20260911/runs/haswell/followup-v1/cross_core_reload/f44582df64fc6c04/attempt-1789190065595413723"}
{"event": "point_noisy", "family": "cross_core_reload", "flags": ["frequent involuntary context switches"], "attempt": "/gpfs_common/share04/ece592f26/hlee58/tmp/hazel-phase3-20260911/runs/haswell/followup-v1/cross_core_reload/95d0c3ec66f7be71/attempt-1789190076494377812"}
{"event": "point_noisy", "family": "cross_core_reload", "flags": ["frequent involuntary context switches"], "attempt": "/gpfs_common/share04/ece592f26/hlee58/tmp/hazel-phase3-20260911/runs/haswell/followup-v1/cross_core_reload/95d0c3ec66f7be71/attempt-1789190087406541884"}
{"event": "point_noisy", "family": "cross_core_reload", "flags": ["frequent involuntary context switches"], "attempt": "/gpfs_common/share04/ece592f26/hlee58/tmp/hazel-phase3-20260911/runs/haswell/followup-v1/cross_core_reload/95d0c3ec66f7be71/attempt-1789190098381241187"}
{"event": "point_passed", "family": "same_core_reload", "params": {"mode": "probe", "bytes": 262144, "stride": 64, "offset": 0, "batch": 1024, "seed": 5922026, "order": "random", "page": "huge", "align": 0, "address_list": "-", "extra_args": [0, "huge", "-", -1], "timed_loads": 1}, "median": 67.0}
{"event": "point_noisy", "family": "cross_core_reload", "flags": ["frequent involuntary context switches"], "attempt": "/gpfs_common/share04/ece592f26/hlee58/tmp/hazel-phase3-20260911/runs/haswell/followup-v1/cross_core_reload/eda48e9ccd23d8ce/attempt-1789190119357685186"}
{"event": "point_noisy", "family": "cross_core_reload", "flags": ["frequent involuntary context switches"], "attempt": "/gpfs_common/share04/ece592f26/hlee58/tmp/hazel-phase3-20260911/runs/haswell/followup-v1/cross_core_reload/eda48e9ccd23d8ce/attempt-1789190124301763749"}
{"event": "point_noisy", "family": "cross_core_reload", "flags": ["frequent involuntary context switches"], "attempt": "/gpfs_common/share04/ece592f26/hlee58/tmp/hazel-phase3-20260911/runs/haswell/followup-v1/cross_core_reload/eda48e9ccd23d8ce/attempt-1789190129514787226"}
{"event": "point_noisy", "family": "cross_core_reload", "flags": ["frequent involuntary context switches"], "attempt": "/gpfs_common/share04/ece592f26/hlee58/tmp/hazel-phase3-20260911/runs/haswell/followup-v1/cross_core_reload/9cfc53eafc9f4c9f/attempt-1789190134587572674"}
{"event": "point_noisy", "family": "cross_core_reload", "flags": ["frequent involuntary context switches"], "attempt": "/gpfs_common/share04/ece592f26/hlee58/tmp/hazel-phase3-20260911/runs/haswell/followup-v1/cross_core_reload/9cfc53eafc9f4c9f/attempt-1789190139702877979"}
{"event": "point_noisy", "family": "cross_core_reload", "flags": ["frequent involuntary context switches"], "attempt": "/gpfs_common/share04/ece592f26/hlee58/tmp/hazel-phase3-20260911/runs/haswell/followup-v1/cross_core_reload/9cfc53eafc9f4c9f/attempt-1789190144576896073"}
{"event": "point_noisy", "family": "cross_core_reload", "flags": ["frequent involuntary context switches"], "attempt": "/gpfs_common/share04/ece592f26/hlee58/tmp/hazel-phase3-20260911/runs/haswell/followup-v1/cross_core_reload/d18be66fb1003ee7/attempt-1789190149563554486"}
{"event": "point_noisy", "family": "cross_core_reload", "flags": ["frequent involuntary context switches"], "attempt": "/gpfs_common/share04/ece592f26/hlee58/tmp/hazel-phase3-20260911/runs/haswell/followup-v1/cross_core_reload/d18be66fb1003ee7/attempt-1789190173114935888"}
{"event": "point_noisy", "family": "cross_core_reload", "flags": ["frequent involuntary context switches"], "attempt": "/gpfs_common/share04/ece592f26/hlee58/tmp/hazel-phase3-20260911/runs/haswell/followup-v1/cross_core_reload/d18be66fb1003ee7/attempt-1789190196568006971"}
{"event": "point_noisy", "family": "cross_core_reload", "flags": ["frequent involuntary context switches"], "attempt": "/gpfs_common/share04/ece592f26/hlee58/tmp/hazel-phase3-20260911/runs/haswell/followup-v1/cross_core_reload/eb541a559e4344f9/attempt-1789190220126569091"}
{"event": "point_noisy", "family": "cross_core_reload", "flags": ["frequent involuntary context switches"], "attempt": "/gpfs_common/share04/ece592f26/hlee58/tmp/hazel-phase3-20260911/runs/haswell/followup-v1/cross_core_reload/eb541a559e4344f9/attempt-1789190243747261208"}
{"event": "point_noisy", "family": "cross_core_reload", "flags": ["frequent involuntary context switches"], "attempt": "/gpfs_common/share04/ece592f26/hlee58/tmp/hazel-phase3-20260911/runs/haswell/followup-v1/cross_core_reload/eb541a559e4344f9/attempt-1789190267314554141"}
{"event": "point_passed", "family": "same_core_reload", "params": {"mode": "probe", "bytes": 8388608, "stride": 64, "offset": 0, "batch": 1024, "seed": 5922026, "order": "random", "page": "huge", "align": 0, "address_list": "-", "extra_args": [0, "huge", "-", -1], "timed_loads": 1}, "median": 67.0}
{"event": "point_noisy", "family": "cross_core_reload", "flags": ["frequent involuntary context switches"], "attempt": "/gpfs_common/share04/ece592f26/hlee58/tmp/hazel-phase3-20260911/runs/haswell/followup-v1/cross_core_reload/6bc5c38bb6e31d3a/attempt-1789190314001270202"}
{"event": "point_noisy", "family": "cross_core_reload", "flags": ["frequent involuntary context switches"], "attempt": "/gpfs_common/share04/ece592f26/hlee58/tmp/hazel-phase3-20260911/runs/haswell/followup-v1/cross_core_reload/6bc5c38bb6e31d3a/attempt-1789190319588254858"}
{"event": "point_noisy", "family": "cross_core_reload", "flags": ["frequent involuntary context switches"], "attempt": "/gpfs_common/share04/ece592f26/hlee58/tmp/hazel-phase3-20260911/runs/haswell/followup-v1/cross_core_reload/6bc5c38bb6e31d3a/attempt-1789190325299732882"}
{"event": "point_noisy", "family": "cross_core_reload", "flags": ["frequent involuntary context switches"], "attempt": "/gpfs_common/share04/ece592f26/hlee58/tmp/hazel-phase3-20260911/runs/haswell/followup-v1/cross_core_reload/0c2cad467a698ba2/attempt-1789190331000108665"}
{"event": "point_noisy", "family": "cross_core_reload", "flags": ["frequent involuntary context switches"], "attempt": "/gpfs_common/share04/ece592f26/hlee58/tmp/hazel-phase3-20260911/runs/haswell/followup-v1/cross_core_reload/0c2cad467a698ba2/attempt-1789190336308991389"}
{"event": "point_noisy", "family": "cross_core_reload", "flags": ["frequent involuntary context switches"], "attempt": "/gpfs_common/share04/ece592f26/hlee58/tmp/hazel-phase3-20260911/runs/haswell/followup-v1/cross_core_reload/0c2cad467a698ba2/attempt-1789190341914627853"}
{"event": "point_noisy", "family": "cross_core_reload", "flags": ["frequent involuntary context switches"], "attempt": "/gpfs_common/share04/ece592f26/hlee58/tmp/hazel-phase3-20260911/runs/haswell/followup-v1/cross_core_reload/833a308ab62acf94/attempt-1789190347536615369"}
{"event": "point_noisy", "family": "cross_core_reload", "flags": ["frequent involuntary context switches"], "attempt": "/gpfs_common/share04/ece592f26/hlee58/tmp/hazel-phase3-20260911/runs/haswell/followup-v1/cross_core_reload/833a308ab62acf94/attempt-1789190444929012725"}
{"event": "point_noisy", "family": "cross_core_reload", "flags": ["frequent involuntary context switches"], "attempt": "/gpfs_common/share04/ece592f26/hlee58/tmp/hazel-phase3-20260911/runs/haswell/followup-v1/cross_core_reload/833a308ab62acf94/attempt-1789190542342171108"}
{"event": "point_noisy", "family": "cross_core_reload", "flags": ["frequent involuntary context switches"], "attempt": "/gpfs_common/share04/ece592f26/hlee58/tmp/hazel-phase3-20260911/runs/haswell/followup-v1/cross_core_reload/e78e1d1f7f182904/attempt-1789190639814739040"}
{"event": "point_noisy", "family": "cross_core_reload", "flags": ["frequent involuntary context switches"], "attempt": "/gpfs_common/share04/ece592f26/hlee58/tmp/hazel-phase3-20260911/runs/haswell/followup-v1/cross_core_reload/e78e1d1f7f182904/attempt-1789190737201328685"}
{"event": "point_noisy", "family": "cross_core_reload", "flags": ["frequent involuntary context switches"], "attempt": "/gpfs_common/share04/ece592f26/hlee58/tmp/hazel-phase3-20260911/runs/haswell/followup-v1/cross_core_reload/e78e1d1f7f182904/attempt-1789190834596593393"}
{"event": "point_passed", "family": "same_core_reload", "params": {"mode": "probe", "bytes": 67108864, "stride": 64, "offset": 0, "batch": 1024, "seed": 5922026, "order": "random", "page": "huge", "align": 0, "address_list": "-", "extra_args": [0, "huge", "-", -1], "timed_loads": 1}, "median": 71.0}
{"event": "point_passed", "family": "target_hot", "params": {"mode": "hot", "bytes": 1024, "stride": 8, "offset": 0, "batch": 512, "seed": 5922026, "order": "random", "align": 0, "page": "base", "address_list": "-", "extra_args": [0, "base", "-", -1], "timed_loads": 1}, "median": 61.0}
Follow-up segment job=811395 constraint=haswell stage=cross status=0 end=2026-09-12T01:30:31-04:00
{"record": "/gpfs_common/share04/ece592f26/hlee58/tmp/hazel-phase3-20260911/submissions/haswell/followup-l2-20260912T053031.968073Z.json", "returncode": 0, "job_id": "811440", "stderr": ""}
