Hazel segment: job=810638 constraint=haswell stage=full start=2026-09-11T22:07:28-04:00
Invocation: srun --cpu-bind=cores --hint=nomultithread python3 scripts/hazel_worker.py full
{"event": "point_passed", "family": "timer", "params": {"mode": "overhead", "bytes": 1024, "stride": 8, "offset": 0, "batch": 128, "seed": 5922026, "order": "random"}, "median": 49.0}
{"event": "point_passed", "family": "loop", "params": {"mode": "loop", "bytes": 1024, "stride": 8, "offset": 0, "batch": 128, "seed": 5922026, "order": "random"}, "median": 1.53125}
{"event": "point_passed", "family": "latency", "params": {"mode": "chase", "bytes": 1024, "stride": 8, "offset": 0, "batch": 128, "seed": 5922026, "order": "random"}, "median": 4.0}
{"event": "point_passed", "family": "latency", "params": {"mode": "chase", "bytes": 1024, "stride": 8, "offset": 0, "batch": 256, "seed": 5922026, "order": "random"}, "median": 3.7734375}
{"event": "point_passed", "family": "latency", "params": {"mode": "chase", "bytes": 1024, "stride": 8, "offset": 0, "batch": 512, "seed": 5922026, "order": "random"}, "median": 3.66015625}
{"event": "point_passed", "family": "capacity", "params": {"mode": "chase", "bytes": 2048, "stride": 8, "offset": 0, "batch": 512, "seed": 5922026, "order": "random"}, "median": 3.66015625}
{"event": "point_passed", "family": "capacity", "params": {"mode": "chase", "bytes": 4194304, "stride": 8, "offset": 0, "batch": 512, "seed": 5922026, "order": "regular"}, "median": 3.66015625}
{"event": "point_passed", "family": "capacity", "params": {"mode": "chase", "bytes": 268435456, "stride": 8, "offset": 0, "batch": 512, "seed": 5922026, "order": "random"}, "median": 241.314453125}
{"event": "point_passed", "family": "capacity", "params": {"mode": "chase", "bytes": 1048576, "stride": 8, "offset": 0, "batch": 512, "seed": 5922026, "order": "regular"}, "median": 3.66015625}
{"event": "point_passed", "family": "capacity", "params": {"mode": "chase", "bytes": 1024, "stride": 8, "offset": 0, "batch": 512, "seed": 5922026, "order": "random"}, "median": 3.66015625}
{"event": "point_passed", "family": "capacity", "params": {"mode": "chase", "bytes": 8388608, "stride": 8, "offset": 0, "batch": 512, "seed": 5922026, "order": "regular"}, "median": 3.66015625}
{"event": "point_passed", "family": "capacity", "params": {"mode": "chase", "bytes": 134217728, "stride": 8, "offset": 0, "batch": 512, "seed": 5922026, "order": "regular"}, "median": 3.71484375}
{"event": "point_passed", "family": "capacity", "params": {"mode": "chase", "bytes": 32768, "stride": 8, "offset": 0, "batch": 512, "seed": 5922026, "order": "random"}, "median": 3.78515625}
{"event": "point_passed", "family": "capacity", "params": {"mode": "chase", "bytes": 4096, "stride": 8, "offset": 0, "batch": 512, "seed": 5922026, "order": "random"}, "median": 3.66015625}
{"event": "point_passed", "family": "capacity", "params": {"mode": "chase", "bytes": 262144, "stride": 8, "offset": 0, "batch": 512, "seed": 5922026, "order": "regular"}, "median": 3.66015625}
{"event": "point_passed", "family": "capacity", "params": {"mode": "chase", "bytes": 65536, "stride": 8, "offset": 0, "batch": 512, "seed": 5922026, "order": "random"}, "median": 7.6484375}
{"event": "point_passed", "family": "capacity", "params": {"mode": "chase", "bytes": 33554432, "stride": 8, "offset": 0, "batch": 512, "seed": 5922026, "order": "regular"}, "median": 3.6953125}
{"event": "point_passed", "family": "capacity", "params": {"mode": "chase", "bytes": 65536, "stride": 8, "offset": 0, "batch": 512, "seed": 5922026, "order": "regular"}, "median": 3.66015625}
{"event": "point_passed", "family": "capacity", "params": {"mode": "chase", "bytes": 4096, "stride": 8, "offset": 0, "batch": 512, "seed": 5922026, "order": "regular"}, "median": 3.66015625}
{"event": "point_passed", "family": "capacity", "params": {"mode": "chase", "bytes": 2097152, "stride": 8, "offset": 0, "batch": 512, "seed": 5922026, "order": "random"}, "median": 43.40625}
{"event": "point_passed", "family": "capacity", "params": {"mode": "chase", "bytes": 1024, "stride": 8, "offset": 0, "batch": 512, "seed": 5922026, "order": "regular"}, "median": 3.66015625}
{"event": "point_passed", "family": "capacity", "params": {"mode": "chase", "bytes": 131072, "stride": 8, "offset": 0, "batch": 512, "seed": 5922026, "order": "regular"}, "median": 3.66015625}
{"event": "point_passed", "family": "capacity", "params": {"mode": "chase", "bytes": 67108864, "stride": 8, "offset": 0, "batch": 512, "seed": 5922026, "order": "random"}, "median": 185.29296875}
{"event": "point_passed", "family": "capacity", "params": {"mode": "chase", "bytes": 131072, "stride": 8, "offset": 0, "batch": 512, "seed": 5922026, "order": "random"}, "median": 9.205078125}
{"event": "point_passed", "family": "capacity", "params": {"mode": "chase", "bytes": 16384, "stride": 8, "offset": 0, "batch": 512, "seed": 5922026, "order": "random"}, "median": 3.66015625}
{"event": "point_passed", "family": "capacity", "params": {"mode": "chase", "bytes": 524288, "stride": 8, "offset": 0, "batch": 512, "seed": 5922026, "order": "random"}, "median": 30.169921875}
{"event": "point_passed", "family": "capacity", "params": {"mode": "chase", "bytes": 8192, "stride": 8, "offset": 0, "batch": 512, "seed": 5922026, "order": "regular"}, "median": 3.66015625}
{"event": "point_passed", "family": "capacity", "params": {"mode": "chase", "bytes": 524288, "stride": 8, "offset": 0, "batch": 512, "seed": 5922026, "order": "regular"}, "median": 3.66015625}
{"event": "point_passed", "family": "capacity", "params": {"mode": "chase", "bytes": 2048, "stride": 8, "offset": 0, "batch": 512, "seed": 5922026, "order": "regular"}, "median": 3.66015625}
{"event": "point_passed", "family": "capacity", "params": {"mode": "chase", "bytes": 8192, "stride": 8, "offset": 0, "batch": 512, "seed": 5922026, "order": "random"}, "median": 3.66015625}
{"event": "point_passed", "family": "capacity", "params": {"mode": "chase", "bytes": 16777216, "stride": 8, "offset": 0, "batch": 512, "seed": 5922026, "order": "regular"}, "median": 3.66015625}
{"event": "point_passed", "family": "capacity", "params": {"mode": "chase", "bytes": 134217728, "stride": 8, "offset": 0, "batch": 512, "seed": 5922026, "order": "random"}, "median": 221.076171875}
{"event": "point_passed", "family": "capacity", "params": {"mode": "chase", "bytes": 2097152, "stride": 8, "offset": 0, "batch": 512, "seed": 5922026, "order": "regular"}, "median": 3.66015625}
{"event": "point_passed", "family": "capacity", "params": {"mode": "chase", "bytes": 4194304, "stride": 8, "offset": 0, "batch": 512, "seed": 5922026, "order": "random"}, "median": 45.611328125}
{"event": "point_passed", "family": "capacity", "params": {"mode": "chase", "bytes": 16384, "stride": 8, "offset": 0, "batch": 512, "seed": 5922026, "order": "regular"}, "median": 3.66015625}
{"event": "point_passed", "family": "capacity", "params": {"mode": "chase", "bytes": 8388608, "stride": 8, "offset": 0, "batch": 512, "seed": 5922026, "order": "random"}, "median": 51.8515625}
{"event": "point_passed", "family": "capacity", "params": {"mode": "chase", "bytes": 32768, "stride": 8, "offset": 0, "batch": 512, "seed": 5922026, "order": "regular"}, "median": 3.701171875}
{"event": "point_passed", "family": "capacity", "params": {"mode": "chase", "bytes": 67108864, "stride": 8, "offset": 0, "batch": 512, "seed": 5922026, "order": "regular"}, "median": 3.71484375}
{"event": "point_passed", "family": "capacity", "params": {"mode": "chase", "bytes": 16777216, "stride": 8, "offset": 0, "batch": 512, "seed": 5922026, "order": "random"}, "median": 60.21875}
{"event": "point_passed", "family": "capacity", "params": {"mode": "chase", "bytes": 1048576, "stride": 8, "offset": 0, "batch": 512, "seed": 5922026, "order": "random"}, "median": 39.087890625}
{"event": "point_passed", "family": "capacity", "params": {"mode": "chase", "bytes": 262144, "stride": 8, "offset": 0, "batch": 512, "seed": 5922026, "order": "random"}, "median": 15.7890625}
{"event": "point_passed", "family": "capacity", "params": {"mode": "chase", "bytes": 33554432, "stride": 8, "offset": 0, "batch": 512, "seed": 5922026, "order": "random"}, "median": 122.12109375}
{"event": "point_passed", "family": "capacity", "params": {"mode": "chase", "bytes": 268435456, "stride": 8, "offset": 0, "batch": 512, "seed": 5922026, "order": "regular"}, "median": 3.71484375}
{"event": "point_passed", "family": "capacity", "params": {"mode": "chase", "bytes": 589824, "stride": 8, "offset": 0, "batch": 512, "seed": 5922026, "order": "random"}, "median": 32.0625}
{"event": "point_passed", "family": "capacity", "params": {"mode": "chase", "bytes": 57344, "stride": 8, "offset": 0, "batch": 512, "seed": 5922026, "order": "regular"}, "median": 3.66015625}
{"event": "point_passed", "family": "capacity", "params": {"mode": "chase", "bytes": 61440, "stride": 8, "offset": 0, "batch": 512, "seed": 5922026, "order": "random"}, "median": 7.349609375}
{"event": "point_passed", "family": "capacity", "params": {"mode": "chase", "bytes": 37748736, "stride": 8, "offset": 0, "batch": 512, "seed": 5922026, "order": "random"}, "median": 139.75390625}
{"event": "point_passed", "family": "capacity", "params": {"mode": "chase", "bytes": 27262976, "stride": 8, "offset": 0, "batch": 512, "seed": 5922026, "order": "random"}, "median": 97.318359375}
{"event": "point_passed", "family": "capacity", "params": {"mode": "chase", "bytes": 62914560, "stride": 8, "offset": 0, "batch": 512, "seed": 5922026, "order": "random"}, "median": 179.640625}
{"event": "point_passed", "family": "capacity", "params": {"mode": "chase", "bytes": 25165824, "stride": 8, "offset": 0, "batch": 512, "seed": 5922026, "order": "random"}, "median": 87.939453125}
{"event": "point_passed", "family": "capacity", "params": {"mode": "chase", "bytes": 40960, "stride": 8, "offset": 0, "batch": 512, "seed": 5922026, "order": "regular"}, "median": 3.66015625}
{"event": "point_passed", "family": "capacity", "params": {"mode": "chase", "bytes": 40960, "stride": 8, "offset": 0, "batch": 512, "seed": 5922026, "order": "random"}, "median": 5.46875}
{"event": "point_passed", "family": "capacity", "params": {"mode": "chase", "bytes": 25165824, "stride": 8, "offset": 0, "batch": 512, "seed": 5922026, "order": "regular"}, "median": 3.677734375}
{"event": "point_passed", "family": "capacity", "params": {"mode": "chase", "bytes": 23068672, "stride": 8, "offset": 0, "batch": 512, "seed": 5922026, "order": "random"}, "median": 81.5}
{"event": "point_passed", "family": "capacity", "params": {"mode": "chase", "bytes": 61440, "stride": 8, "offset": 0, "batch": 512, "seed": 5922026, "order": "regular"}, "median": 3.66015625}
{"event": "point_passed", "family": "capacity", "params": {"mode": "chase", "bytes": 18874368, "stride": 8, "offset": 0, "batch": 512, "seed": 5922026, "order": "regular"}, "median": 3.66015625}
{"event": "point_passed", "family": "capacity", "params": {"mode": "chase", "bytes": 29360128, "stride": 8, "offset": 0, "batch": 512, "seed": 5922026, "order": "regular"}, "median": 3.689453125}
{"event": "point_passed", "family": "capacity", "params": {"mode": "chase", "bytes": 491520, "stride": 8, "offset": 0, "batch": 512, "seed": 5922026, "order": "random"}, "median": 28.767578125}
{"event": "point_passed", "family": "capacity", "params": {"mode": "chase", "bytes": 49152, "stride": 8, "offset": 0, "batch": 512, "seed": 5922026, "order": "random"}, "median": 6.390625}
{"event": "point_passed", "family": "capacity", "params": {"mode": "chase", "bytes": 163840, "stride": 8, "offset": 0, "batch": 512, "seed": 5922026, "order": "random"}, "median": 9.494140625}
{"event": "point_passed", "family": "capacity", "params": {"mode": "chase", "bytes": 917504, "stride": 8, "offset": 0, "batch": 512, "seed": 5922026, "order": "random"}, "median": 37.84765625}
{"event": "point_passed", "family": "capacity", "params": {"mode": "chase", "bytes": 49152, "stride": 8, "offset": 0, "batch": 512, "seed": 5922026, "order": "regular"}, "median": 3.66015625}
{"event": "point_passed", "family": "capacity", "params": {"mode": "chase", "bytes": 75497472, "stride": 8, "offset": 0, "batch": 512, "seed": 5922026, "order": "regular"}, "median": 3.71484375}
{"event": "point_passed", "family": "capacity", "params": {"mode": "chase", "bytes": 589824, "stride": 8, "offset": 0, "batch": 512, "seed": 5922026, "order": "regular"}, "median": 3.66015625}
{"event": "point_passed", "family": "capacity", "params": {"mode": "chase", "bytes": 81920, "stride": 8, "offset": 0, "batch": 512, "seed": 5922026, "order": "random"}, "median": 8.212890625}
{"event": "point_passed", "family": "capacity", "params": {"mode": "chase", "bytes": 229376, "stride": 8, "offset": 0, "batch": 512, "seed": 5922026, "order": "random"}, "median": 11.64453125}
{"event": "point_passed", "family": "capacity", "params": {"mode": "chase", "bytes": 786432, "stride": 8, "offset": 0, "batch": 512, "seed": 5922026, "order": "regular"}, "median": 3.66015625}
{"event": "point_passed", "family": "capacity", "params": {"mode": "chase", "bytes": 425984, "stride": 8, "offset": 0, "batch": 512, "seed": 5922026, "order": "random"}, "median": 25.8984375}
{"event": "point_passed", "family": "capacity", "params": {"mode": "chase", "bytes": 122880, "stride": 8, "offset": 0, "batch": 512, "seed": 5922026, "order": "random"}, "median": 9.001953125}
{"event": "point_passed", "family": "capacity", "params": {"mode": "chase", "bytes": 425984, "stride": 8, "offset": 0, "batch": 512, "seed": 5922026, "order": "regular"}, "median": 3.66015625}
{"event": "point_passed", "family": "capacity", "params": {"mode": "chase", "bytes": 100663296, "stride": 8, "offset": 0, "batch": 512, "seed": 5922026, "order": "regular"}, "median": 3.71484375}
{"event": "point_passed", "family": "capacity", "params": {"mode": "chase", "bytes": 41943040, "stride": 8, "offset": 0, "batch": 512, "seed": 5922026, "order": "random"}, "median": 148.990234375}
{"event": "point_passed", "family": "capacity", "params": {"mode": "chase", "bytes": 75497472, "stride": 8, "offset": 0, "batch": 512, "seed": 5922026, "order": "random"}, "median": 193.1953125}
{"event": "point_passed", "family": "capacity", "params": {"mode": "chase", "bytes": 46137344, "stride": 8, "offset": 0, "batch": 512, "seed": 5922026, "order": "random"}, "median": 155.603515625}
{"event": "point_passed", "family": "capacity", "params": {"mode": "chase", "bytes": 36864, "stride": 8, "offset": 0, "batch": 512, "seed": 5922026, "order": "regular"}, "median": 3.66015625}
{"event": "point_passed", "family": "capacity", "params": {"mode": "chase", "bytes": 117440512, "stride": 8, "offset": 0, "batch": 512, "seed": 5922026, "order": "random"}, "median": 215.966796875}
{"event": "point_passed", "family": "capacity", "params": {"mode": "chase", "bytes": 655360, "stride": 8, "offset": 0, "batch": 512, "seed": 5922026, "order": "random"}, "median": 33.775390625}
{"event": "point_passed", "family": "capacity", "params": {"mode": "chase", "bytes": 851968, "stride": 8, "offset": 0, "batch": 512, "seed": 5922026, "order": "regular"}, "median": 3.66015625}
{"event": "point_passed", "family": "capacity", "params": {"mode": "chase", "bytes": 125829120, "stride": 8, "offset": 0, "batch": 512, "seed": 5922026, "order": "random"}, "median": 218.984375}
{"event": "point_passed", "family": "capacity", "params": {"mode": "chase", "bytes": 98304, "stride": 8, "offset": 0, "batch": 512, "seed": 5922026, "order": "regular"}, "median": 3.66015625}
{"event": "point_passed", "family": "capacity", "params": {"mode": "chase", "bytes": 100663296, "stride": 8, "offset": 0, "batch": 512, "seed": 5922026, "order": "random"}, "median": 209.431640625}
{"event": "point_passed", "family": "capacity", "params": {"mode": "chase", "bytes": 98304, "stride": 8, "offset": 0, "batch": 512, "seed": 5922026, "order": "random"}, "median": 8.619140625}
{"event": "point_passed", "family": "capacity", "params": {"mode": "chase", "bytes": 90112, "stride": 8, "offset": 0, "batch": 512, "seed": 5922026, "order": "regular"}, "median": 3.66015625}
{"event": "point_passed", "family": "capacity", "params": {"mode": "chase", "bytes": 327680, "stride": 8, "offset": 0, "batch": 512, "seed": 5922026, "order": "regular"}, "median": 3.66015625}
{"event": "point_passed", "family": "capacity", "params": {"mode": "chase", "bytes": 180224, "stride": 8, "offset": 0, "batch": 512, "seed": 5922026, "order": "regular"}, "median": 3.66015625}
{"event": "point_passed", "family": "capacity", "params": {"mode": "chase", "bytes": 196608, "stride": 8, "offset": 0, "batch": 512, "seed": 5922026, "order": "random"}, "median": 11.224609375}
{"event": "point_passed", "family": "capacity", "params": {"mode": "chase", "bytes": 180224, "stride": 8, "offset": 0, "batch": 512, "seed": 5922026, "order": "random"}, "median": 11.20703125}
{"event": "point_passed", "family": "capacity", "params": {"mode": "chase", "bytes": 147456, "stride": 8, "offset": 0, "batch": 512, "seed": 5922026, "order": "random"}, "median": 9.38671875}
{"event": "point_passed", "family": "capacity", "params": {"mode": "chase", "bytes": 23068672, "stride": 8, "offset": 0, "batch": 512, "seed": 5922026, "order": "regular"}, "median": 3.671875}
{"event": "point_passed", "family": "capacity", "params": {"mode": "chase", "bytes": 360448, "stride": 8, "offset": 0, "batch": 512, "seed": 5922026, "order": "regular"}, "median": 3.66015625}
{"event": "point_passed", "family": "capacity", "params": {"mode": "chase", "bytes": 18874368, "stride": 8, "offset": 0, "batch": 512, "seed": 5922026, "order": "random"}, "median": 63.171875}
{"event": "point_passed", "family": "capacity", "params": {"mode": "chase", "bytes": 20971520, "stride": 8, "offset": 0, "batch": 512, "seed": 5922026, "order": "random"}, "median": 69.611328125}
{"event": "point_passed", "family": "capacity", "params": {"mode": "chase", "bytes": 117440512, "stride": 8, "offset": 0, "batch": 512, "seed": 5922026, "order": "regular"}, "median": 3.71484375}
{"event": "point_passed", "family": "capacity", "params": {"mode": "chase", "bytes": 83886080, "stride": 8, "offset": 0, "batch": 512, "seed": 5922026, "order": "regular"}, "median": 3.71484375}
{"event": "point_passed", "family": "capacity", "params": {"mode": "chase", "bytes": 58720256, "stride": 8, "offset": 0, "batch": 512, "seed": 5922026, "order": "regular"}, "median": 3.71484375}
{"event": "point_passed", "family": "capacity", "params": {"mode": "chase", "bytes": 83886080, "stride": 8, "offset": 0, "batch": 512, "seed": 5922026, "order": "random"}, "median": 199.615234375}
{"event": "point_passed", "family": "capacity", "params": {"mode": "chase", "bytes": 983040, "stride": 8, "offset": 0, "batch": 512, "seed": 5922026, "order": "random"}, "median": 38.525390625}
{"event": "point_passed", "family": "capacity", "params": {"mode": "chase", "bytes": 57344, "stride": 8, "offset": 0, "batch": 512, "seed": 5922026, "order": "random"}, "median": 7.001953125}
{"event": "point_passed", "family": "capacity", "params": {"mode": "chase", "bytes": 163840, "stride": 8, "offset": 0, "batch": 512, "seed": 5922026, "order": "regular"}, "median": 3.66015625}
{"event": "point_passed", "family": "capacity", "params": {"mode": "chase", "bytes": 50331648, "stride": 8, "offset": 0, "batch": 512, "seed": 5922026, "order": "random"}, "median": 166.990234375}
{"event": "point_passed", "family": "capacity", "params": {"mode": "chase", "bytes": 27262976, "stride": 8, "offset": 0, "batch": 512, "seed": 5922026, "order": "regular"}, "median": 3.68359375}
{"event": "point_passed", "family": "capacity", "params": {"mode": "chase", "bytes": 147456, "stride": 8, "offset": 0, "batch": 512, "seed": 5922026, "order": "regular"}, "median": 3.66015625}
{"event": "point_passed", "family": "capacity", "params": {"mode": "chase", "bytes": 983040, "stride": 8, "offset": 0, "batch": 512, "seed": 5922026, "order": "regular"}, "median": 3.66015625}
{"event": "point_passed", "family": "capacity", "params": {"mode": "chase", "bytes": 917504, "stride": 8, "offset": 0, "batch": 512, "seed": 5922026, "order": "regular"}, "median": 3.66015625}
{"event": "point_passed", "family": "capacity", "params": {"mode": "chase", "bytes": 393216, "stride": 8, "offset": 0, "batch": 512, "seed": 5922026, "order": "regular"}, "median": 3.66015625}
{"event": "point_passed", "family": "capacity", "params": {"mode": "chase", "bytes": 458752, "stride": 8, "offset": 0, "batch": 512, "seed": 5922026, "order": "regular"}, "median": 3.66015625}
{"event": "point_passed", "family": "capacity", "params": {"mode": "chase", "bytes": 92274688, "stride": 8, "offset": 0, "batch": 512, "seed": 5922026, "order": "regular"}, "median": 3.71484375}
{"event": "point_passed", "family": "capacity", "params": {"mode": "chase", "bytes": 54525952, "stride": 8, "offset": 0, "batch": 512, "seed": 5922026, "order": "regular"}, "median": 3.71484375}
{"event": "point_passed", "family": "capacity", "params": {"mode": "chase", "bytes": 851968, "stride": 8, "offset": 0, "batch": 512, "seed": 5922026, "order": "random"}, "median": 36.986328125}
{"event": "point_passed", "family": "capacity", "params": {"mode": "chase", "bytes": 294912, "stride": 8, "offset": 0, "batch": 512, "seed": 5922026, "order": "regular"}, "median": 3.66015625}
{"event": "point_passed", "family": "capacity", "params": {"mode": "chase", "bytes": 106496, "stride": 8, "offset": 0, "batch": 512, "seed": 5922026, "order": "regular"}, "median": 3.66015625}
{"event": "point_passed", "family": "capacity", "params": {"mode": "chase", "bytes": 109051904, "stride": 8, "offset": 0, "batch": 512, "seed": 5922026, "order": "random"}, "median": 212.947265625}
{"event": "point_passed", "family": "capacity", "params": {"mode": "chase", "bytes": 212992, "stride": 8, "offset": 0, "batch": 512, "seed": 5922026, "order": "regular"}, "median": 3.66015625}
{"event": "point_passed", "family": "capacity", "params": {"mode": "chase", "bytes": 114688, "stride": 8, "offset": 0, "batch": 512, "seed": 5922026, "order": "regular"}, "median": 3.66015625}
{"event": "point_passed", "family": "capacity", "params": {"mode": "chase", "bytes": 45056, "stride": 8, "offset": 0, "batch": 512, "seed": 5922026, "order": "random"}, "median": 5.923828125}
{"event": "point_passed", "family": "capacity", "params": {"mode": "chase", "bytes": 31457280, "stride": 8, "offset": 0, "batch": 512, "seed": 5922026, "order": "random"}, "median": 113.93359375}
{"event": "point_passed", "family": "capacity", "params": {"mode": "chase", "bytes": 114688, "stride": 8, "offset": 0, "batch": 512, "seed": 5922026, "order": "random"}, "median": 8.966796875}
{"event": "point_passed", "family": "capacity", "params": {"mode": "chase", "bytes": 45056, "stride": 8, "offset": 0, "batch": 512, "seed": 5922026, "order": "regular"}, "median": 3.66015625}
{"event": "point_passed", "family": "capacity", "params": {"mode": "chase", "bytes": 245760, "stride": 8, "offset": 0, "batch": 512, "seed": 5922026, "order": "regular"}, "median": 3.66015625}
{"event": "point_passed", "family": "capacity", "params": {"mode": "chase", "bytes": 327680, "stride": 8, "offset": 0, "batch": 512, "seed": 5922026, "order": "random"}, "median": 20.046875}
{"event": "point_passed", "family": "capacity", "params": {"mode": "chase", "bytes": 720896, "stride": 8, "offset": 0, "batch": 512, "seed": 5922026, "order": "regular"}, "median": 3.66015625}
{"event": "point_passed", "family": "capacity", "params": {"mode": "chase", "bytes": 73728, "stride": 8, "offset": 0, "batch": 512, "seed": 5922026, "order": "regular"}, "median": 3.66015625}
{"event": "point_passed", "family": "capacity", "params": {"mode": "chase", "bytes": 393216, "stride": 8, "offset": 0, "batch": 512, "seed": 5922026, "order": "random"}, "median": 23.640625}
{"event": "point_passed", "family": "capacity", "params": {"mode": "chase", "bytes": 31457280, "stride": 8, "offset": 0, "batch": 512, "seed": 5922026, "order": "regular"}, "median": 3.6953125}
{"event": "point_passed", "family": "capacity", "params": {"mode": "chase", "bytes": 50331648, "stride": 8, "offset": 0, "batch": 512, "seed": 5922026, "order": "regular"}, "median": 3.71484375}
{"event": "point_passed", "family": "capacity", "params": {"mode": "chase", "bytes": 29360128, "stride": 8, "offset": 0, "batch": 512, "seed": 5922026, "order": "random"}, "median": 107.537109375}
{"event": "point_passed", "family": "capacity", "params": {"mode": "chase", "bytes": 54525952, "stride": 8, "offset": 0, "batch": 512, "seed": 5922026, "order": "random"}, "median": 171.630859375}
{"event": "point_passed", "family": "capacity", "params": {"mode": "chase", "bytes": 20971520, "stride": 8, "offset": 0, "batch": 512, "seed": 5922026, "order": "regular"}, "median": 3.66015625}
{"event": "point_passed", "family": "capacity", "params": {"mode": "chase", "bytes": 62914560, "stride": 8, "offset": 0, "batch": 512, "seed": 5922026, "order": "regular"}, "median": 3.71484375}
{"event": "point_passed", "family": "capacity", "params": {"mode": "chase", "bytes": 36864, "stride": 8, "offset": 0, "batch": 512, "seed": 5922026, "order": "random"}, "median": 4.6953125}
{"event": "point_passed", "family": "capacity", "params": {"mode": "chase", "bytes": 106496, "stride": 8, "offset": 0, "batch": 512, "seed": 5922026, "order": "random"}, "median": 8.7265625}
{"event": "point_passed", "family": "capacity", "params": {"mode": "chase", "bytes": 58720256, "stride": 8, "offset": 0, "batch": 512, "seed": 5922026, "order": "random"}, "median": 177.171875}
{"event": "point_passed", "family": "capacity", "params": {"mode": "chase", "bytes": 53248, "stride": 8, "offset": 0, "batch": 512, "seed": 5922026, "order": "random"}, "median": 6.703125}
{"event": "point_passed", "family": "capacity", "params": {"mode": "chase", "bytes": 53248, "stride": 8, "offset": 0, "batch": 512, "seed": 5922026, "order": "regular"}, "median": 3.66015625}
{"event": "point_passed", "family": "capacity", "params": {"mode": "chase", "bytes": 786432, "stride": 8, "offset": 0, "batch": 512, "seed": 5922026, "order": "random"}, "median": 36.189453125}
{"event": "point_passed", "family": "capacity", "params": {"mode": "chase", "bytes": 196608, "stride": 8, "offset": 0, "batch": 512, "seed": 5922026, "order": "regular"}, "median": 3.66015625}
{"event": "point_passed", "family": "capacity", "params": {"mode": "chase", "bytes": 458752, "stride": 8, "offset": 0, "batch": 512, "seed": 5922026, "order": "random"}, "median": 27.541015625}
{"event": "point_passed", "family": "capacity", "params": {"mode": "chase", "bytes": 81920, "stride": 8, "offset": 0, "batch": 512, "seed": 5922026, "order": "regular"}, "median": 3.66015625}
{"event": "point_passed", "family": "capacity", "params": {"mode": "chase", "bytes": 294912, "stride": 8, "offset": 0, "batch": 512, "seed": 5922026, "order": "random"}, "median": 18.609375}
{"event": "point_passed", "family": "capacity", "params": {"mode": "chase", "bytes": 491520, "stride": 8, "offset": 0, "batch": 512, "seed": 5922026, "order": "regular"}, "median": 3.66015625}
{"event": "point_passed", "family": "capacity", "params": {"mode": "chase", "bytes": 90112, "stride": 8, "offset": 0, "batch": 512, "seed": 5922026, "order": "random"}, "median": 8.3671875}
{"event": "point_passed", "family": "capacity", "params": {"mode": "chase", "bytes": 229376, "stride": 8, "offset": 0, "batch": 512, "seed": 5922026, "order": "regular"}, "median": 3.66015625}
{"event": "point_passed", "family": "capacity", "params": {"mode": "chase", "bytes": 109051904, "stride": 8, "offset": 0, "batch": 512, "seed": 5922026, "order": "regular"}, "median": 3.71484375}
{"event": "point_passed", "family": "capacity", "params": {"mode": "chase", "bytes": 655360, "stride": 8, "offset": 0, "batch": 512, "seed": 5922026, "order": "regular"}, "median": 3.66015625}
{"event": "point_passed", "family": "capacity", "params": {"mode": "chase", "bytes": 212992, "stride": 8, "offset": 0, "batch": 512, "seed": 5922026, "order": "random"}, "median": 11.720703125}
{"event": "point_passed", "family": "capacity", "params": {"mode": "chase", "bytes": 92274688, "stride": 8, "offset": 0, "batch": 512, "seed": 5922026, "order": "random"}, "median": 204.01171875}
{"event": "point_passed", "family": "capacity", "params": {"mode": "chase", "bytes": 73728, "stride": 8, "offset": 0, "batch": 512, "seed": 5922026, "order": "random"}, "median": 7.81640625}
{"event": "point_passed", "family": "capacity", "params": {"mode": "chase", "bytes": 37748736, "stride": 8, "offset": 0, "batch": 512, "seed": 5922026, "order": "regular"}, "median": 3.70703125}
{"event": "point_passed", "family": "capacity", "params": {"mode": "chase", "bytes": 125829120, "stride": 8, "offset": 0, "batch": 512, "seed": 5922026, "order": "regular"}, "median": 3.71484375}
{"event": "point_passed", "family": "capacity", "params": {"mode": "chase", "bytes": 46137344, "stride": 8, "offset": 0, "batch": 512, "seed": 5922026, "order": "regular"}, "median": 3.712890625}
{"event": "point_passed", "family": "capacity", "params": {"mode": "chase", "bytes": 720896, "stride": 8, "offset": 0, "batch": 512, "seed": 5922026, "order": "random"}, "median": 34.853515625}
{"event": "point_passed", "family": "capacity", "params": {"mode": "chase", "bytes": 122880, "stride": 8, "offset": 0, "batch": 512, "seed": 5922026, "order": "regular"}, "median": 3.66015625}
{"event": "point_passed", "family": "capacity", "params": {"mode": "chase", "bytes": 360448, "stride": 8, "offset": 0, "batch": 512, "seed": 5922026, "order": "random"}, "median": 21.455078125}
{"event": "point_passed", "family": "capacity", "params": {"mode": "chase", "bytes": 245760, "stride": 8, "offset": 0, "batch": 512, "seed": 5922026, "order": "random"}, "median": 13.830078125}
{"event": "point_passed", "family": "capacity", "params": {"mode": "chase", "bytes": 41943040, "stride": 8, "offset": 0, "batch": 512, "seed": 5922026, "order": "regular"}, "median": 3.712890625}
{"event": "point_passed", "family": "line_size", "params": {"mode": "spatial", "bytes": 2097152, "stride": 512, "offset": 136, "batch": 512, "seed": 5922026, "order": "random"}, "median": 43.328125}
{"event": "point_passed", "family": "line_size", "params": {"mode": "spatial", "bytes": 2097152, "stride": 512, "offset": 40, "batch": 512, "seed": 5922026, "order": "random"}, "median": 25.533203125}
{"event": "point_passed", "family": "line_size", "params": {"mode": "spatial", "bytes": 2097152, "stride": 512, "offset": 48, "batch": 512, "seed": 5922026, "order": "random"}, "median": 25.46875}
{"event": "point_passed", "family": "line_size", "params": {"mode": "spatial", "bytes": 2097152, "stride": 512, "offset": 104, "batch": 512, "seed": 5922026, "order": "random"}, "median": 43.3828125}
{"event": "point_passed", "family": "line_size", "params": {"mode": "spatial", "bytes": 524288, "stride": 512, "offset": 80, "batch": 512, "seed": 5922026, "order": "random"}, "median": 42.052734375}
{"event": "point_passed", "family": "line_size", "params": {"mode": "spatial", "bytes": 524288, "stride": 512, "offset": 192, "batch": 512, "seed": 5922026, "order": "random"}, "median": 41.896484375}
{"event": "point_passed", "family": "line_size", "params": {"mode": "spatial", "bytes": 2097152, "stride": 512, "offset": 32, "batch": 512, "seed": 5922026, "order": "random"}, "median": 25.431640625}
{"event": "point_passed", "family": "line_size", "params": {"mode": "spatial", "bytes": 524288, "stride": 512, "offset": 72, "batch": 512, "seed": 5922026, "order": "random"}, "median": 41.83203125}
{"event": "point_passed", "family": "line_size", "params": {"mode": "spatial", "bytes": 2097152, "stride": 512, "offset": 8, "batch": 512, "seed": 5922026, "order": "random"}, "median": 25.42578125}
{"event": "point_passed", "family": "line_size", "params": {"mode": "spatial", "bytes": 524288, "stride": 512, "offset": 16, "batch": 512, "seed": 5922026, "order": "random"}, "median": 24.216796875}
{"event": "point_passed", "family": "line_size", "params": {"mode": "spatial", "bytes": 2097152, "stride": 512, "offset": 200, "batch": 512, "seed": 5922026, "order": "random"}, "median": 43.365234375}
{"event": "point_passed", "family": "line_size", "params": {"mode": "spatial", "bytes": 524288, "stride": 512, "offset": 128, "batch": 512, "seed": 5922026, "order": "random"}, "median": 42.00390625}
{"event": "point_passed", "family": "line_size", "params": {"mode": "spatial", "bytes": 2097152, "stride": 512, "offset": 184, "batch": 512, "seed": 5922026, "order": "random"}, "median": 43.29296875}
{"event": "point_passed", "family": "line_size", "params": {"mode": "spatial", "bytes": 524288, "stride": 512, "offset": 88, "batch": 512, "seed": 5922026, "order": "random"}, "median": 42.1484375}
{"event": "point_passed", "family": "line_size", "params": {"mode": "spatial", "bytes": 524288, "stride": 512, "offset": 24, "batch": 512, "seed": 5922026, "order": "random"}, "median": 24.185546875}
{"event": "point_passed", "family": "line_size", "params": {"mode": "spatial", "bytes": 524288, "stride": 512, "offset": 264, "batch": 512, "seed": 5922026, "order": "random"}, "median": 42.052734375}
{"event": "point_passed", "family": "line_size", "params": {"mode": "spatial", "bytes": 2097152, "stride": 512, "offset": 72, "batch": 512, "seed": 5922026, "order": "random"}, "median": 43.333984375}
{"event": "point_passed", "family": "line_size", "params": {"mode": "spatial", "bytes": 524288, "stride": 512, "offset": 200, "batch": 512, "seed": 5922026, "order": "random"}, "median": 41.748046875}
{"event": "point_passed", "family": "line_size", "params": {"mode": "spatial", "bytes": 2097152, "stride": 512, "offset": 56, "batch": 512, "seed": 5922026, "order": "random"}, "median": 25.498046875}
{"event": "point_passed", "family": "line_size", "params": {"mode": "spatial", "bytes": 524288, "stride": 512, "offset": 8, "batch": 512, "seed": 5922026, "order": "random"}, "median": 24.107421875}
{"event": "point_passed", "family": "line_size", "params": {"mode": "spatial", "bytes": 524288, "stride": 512, "offset": 104, "batch": 512, "seed": 5922026, "order": "random"}, "median": 42.2578125}
{"event": "point_passed", "family": "line_size", "params": {"mode": "spatial", "bytes": 2097152, "stride": 512, "offset": 120, "batch": 512, "seed": 5922026, "order": "random"}, "median": 43.44921875}
{"event": "point_passed", "family": "line_size", "params": {"mode": "spatial", "bytes": 524288, "stride": 512, "offset": 256, "batch": 512, "seed": 5922026, "order": "random"}, "median": 41.09375}
{"event": "point_passed", "family": "line_size", "params": {"mode": "spatial", "bytes": 2097152, "stride": 512, "offset": 96, "batch": 512, "seed": 5922026, "order": "random"}, "median": 43.322265625}
{"event": "point_passed", "family": "line_size", "params": {"mode": "spatial", "bytes": 2097152, "stride": 512, "offset": 192, "batch": 512, "seed": 5922026, "order": "random"}, "median": 43.40625}
{"event": "point_passed", "family": "line_size", "params": {"mode": "spatial", "bytes": 2097152, "stride": 512, "offset": 64, "batch": 512, "seed": 5922026, "order": "random"}, "median": 43.412109375}
{"event": "point_passed", "family": "line_size", "params": {"mode": "spatial", "bytes": 2097152, "stride": 512, "offset": 128, "batch": 512, "seed": 5922026, "order": "random"}, "median": 43.345703125}
{"event": "point_passed", "family": "line_size", "params": {"mode": "spatial", "bytes": 2097152, "stride": 512, "offset": 80, "batch": 512, "seed": 5922026, "order": "random"}, "median": 43.298828125}
{"event": "point_passed", "family": "line_size", "params": {"mode": "spatial", "bytes": 2097152, "stride": 512, "offset": 256, "batch": 512, "seed": 5922026, "order": "random"}, "median": 43.37109375}
{"event": "point_passed", "family": "line_size", "params": {"mode": "spatial", "bytes": 524288, "stride": 512, "offset": 56, "batch": 512, "seed": 5922026, "order": "random"}, "median": 24.048828125}
{"event": "point_passed", "family": "line_size", "params": {"mode": "spatial", "bytes": 2097152, "stride": 512, "offset": 24, "batch": 512, "seed": 5922026, "order": "random"}, "median": 25.498046875}
{"event": "point_passed", "family": "line_size", "params": {"mode": "spatial", "bytes": 2097152, "stride": 512, "offset": 264, "batch": 512, "seed": 5922026, "order": "random"}, "median": 43.359375}
{"event": "point_passed", "family": "line_size", "params": {"mode": "spatial", "bytes": 2097152, "stride": 512, "offset": 16, "batch": 512, "seed": 5922026, "order": "random"}, "median": 25.32421875}
{"event": "point_passed", "family": "line_size", "params": {"mode": "spatial", "bytes": 524288, "stride": 512, "offset": 96, "batch": 512, "seed": 5922026, "order": "random"}, "median": 41.841796875}
{"event": "point_passed", "family": "line_size", "params": {"mode": "spatial", "bytes": 524288, "stride": 512, "offset": 112, "batch": 512, "seed": 5922026, "order": "random"}, "median": 42.279296875}
{"event": "point_passed", "family": "line_size", "params": {"mode": "spatial", "bytes": 524288, "stride": 512, "offset": 136, "batch": 512, "seed": 5922026, "order": "random"}, "median": 42.23828125}
{"event": "point_passed", "family": "line_size", "params": {"mode": "spatial", "bytes": 524288, "stride": 512, "offset": 64, "batch": 512, "seed": 5922026, "order": "random"}, "median": 41.873046875}
{"event": "point_passed", "family": "line_size", "params": {"mode": "spatial", "bytes": 2097152, "stride": 512, "offset": 248, "batch": 512, "seed": 5922026, "order": "random"}, "median": 43.412109375}
{"event": "point_passed", "family": "line_size", "params": {"mode": "spatial", "bytes": 524288, "stride": 512, "offset": 40, "batch": 512, "seed": 5922026, "order": "random"}, "median": 24.34765625}
{"event": "point_passed", "family": "line_size", "params": {"mode": "spatial", "bytes": 2097152, "stride": 512, "offset": 88, "batch": 512, "seed": 5922026, "order": "random"}, "median": 43.412109375}
{"event": "point_passed", "family": "line_size", "params": {"mode": "spatial", "bytes": 524288, "stride": 512, "offset": 48, "batch": 512, "seed": 5922026, "order": "random"}, "median": 24.22265625}
{"event": "point_passed", "family": "line_size", "params": {"mode": "spatial", "bytes": 524288, "stride": 512, "offset": 248, "batch": 512, "seed": 5922026, "order": "random"}, "median": 42.681640625}
{"event": "point_passed", "family": "line_size", "params": {"mode": "spatial", "bytes": 524288, "stride": 512, "offset": 184, "batch": 512, "seed": 5922026, "order": "random"}, "median": 42.53125}
{"event": "point_passed", "family": "line_size", "params": {"mode": "spatial", "bytes": 524288, "stride": 512, "offset": 120, "batch": 512, "seed": 5922026, "order": "random"}, "median": 42.591796875}
{"event": "point_passed", "family": "line_size", "params": {"mode": "spatial", "bytes": 524288, "stride": 512, "offset": 32, "batch": 512, "seed": 5922026, "order": "random"}, "median": 24.318359375}
{"event": "point_passed", "family": "line_size", "params": {"mode": "spatial", "bytes": 2097152, "stride": 512, "offset": 112, "batch": 512, "seed": 5922026, "order": "random"}, "median": 43.47265625}
{"event": "point_passed", "family": "associativity", "params": {"mode": "chase", "bytes": 1835008, "stride": 262144, "offset": 0, "batch": 512, "seed": 5922026, "order": "random"}, "median": 10.7265625}
{"event": "point_passed", "family": "associativity", "params": {"mode": "chase", "bytes": 8192, "stride": 4096, "offset": 0, "batch": 512, "seed": 5922026, "order": "random"}, "median": 3.66015625}
{"event": "point_passed", "family": "associativity", "params": {"mode": "chase", "bytes": 2097152, "stride": 262144, "offset": 0, "batch": 512, "seed": 5922026, "order": "random"}, "median": 10.7265625}
{"event": "point_passed", "family": "associativity", "params": {"mode": "chase", "bytes": 81920, "stride": 4096, "offset": 0, "batch": 512, "seed": 5922026, "order": "random"}, "median": 10.7265625}
{"event": "point_passed", "family": "associativity", "params": {"mode": "chase", "bytes": 786432, "stride": 262144, "offset": 0, "batch": 512, "seed": 5922026, "order": "random"}, "median": 3.66015625}
{"event": "point_passed", "family": "associativity", "params": {"mode": "chase", "bytes": 28672, "stride": 4096, "offset": 0, "batch": 512, "seed": 5922026, "order": "random"}, "median": 3.66015625}
{"event": "point_passed", "family": "associativity", "params": {"mode": "chase", "bytes": 1048576, "stride": 262144, "offset": 0, "batch": 512, "seed": 5922026, "order": "random"}, "median": 3.66015625}
{"event": "point_passed", "family": "associativity", "params": {"mode": "chase", "bytes": 2883584, "stride": 262144, "offset": 0, "batch": 512, "seed": 5922026, "order": "random"}, "median": 17.806640625}
{"event": "point_passed", "family": "associativity", "params": {"mode": "chase", "bytes": 69632, "stride": 4096, "offset": 0, "batch": 512, "seed": 5922026, "order": "random"}, "median": 10.763671875}
{"event": "point_passed", "family": "associativity", "params": {"mode": "chase", "bytes": 5242880, "stride": 262144, "offset": 0, "batch": 512, "seed": 5922026, "order": "random"}, "median": 25.50390625}
{"event": "point_passed", "family": "associativity", "params": {"mode": "chase", "bytes": 262144, "stride": 16384, "offset": 0, "batch": 512, "seed": 5922026, "order": "random"}, "median": 10.7265625}
{"event": "point_passed", "family": "associativity", "params": {"mode": "chase", "bytes": 917504, "stride": 65536, "offset": 0, "batch": 512, "seed": 5922026, "order": "random"}, "median": 17.806640625}
{"event": "point_passed", "family": "associativity", "params": {"mode": "chase", "bytes": 311296, "stride": 16384, "offset": 0, "batch": 512, "seed": 5922026, "order": "random"}, "median": 16.31640625}
{"event": "point_passed", "family": "associativity", "params": {"mode": "chase", "bytes": 1179648, "stride": 65536, "offset": 0, "batch": 512, "seed": 5922026, "order": "random"}, "median": 17.806640625}
{"event": "point_passed", "family": "associativity", "params": {"mode": "chase", "bytes": 1441792, "stride": 65536, "offset": 0, "batch": 512, "seed": 5922026, "order": "random"}, "median": 17.806640625}
{"event": "point_passed", "family": "associativity", "params": {"mode": "chase", "bytes": 90112, "stride": 4096, "offset": 0, "batch": 512, "seed": 5922026, "order": "random"}, "median": 10.7265625}
{"event": "point_passed", "family": "associativity", "params": {"mode": "chase", "bytes": 94208, "stride": 4096, "offset": 0, "batch": 512, "seed": 5922026, "order": "random"}, "median": 10.7265625}
{"event": "point_passed", "family": "associativity", "params": {"mode": "chase", "bytes": 98304, "stride": 16384, "offset": 0, "batch": 512, "seed": 5922026, "order": "random"}, "median": 3.66015625}
{"event": "point_passed", "family": "associativity", "params": {"mode": "chase", "bytes": 2621440, "stride": 262144, "offset": 0, "batch": 512, "seed": 5922026, "order": "random"}, "median": 17.806640625}
{"event": "point_passed", "family": "associativity", "params": {"mode": "chase", "bytes": 393216, "stride": 16384, "offset": 0, "batch": 512, "seed": 5922026, "order": "random"}, "median": 17.806640625}
{"event": "point_passed", "family": "associativity", "params": {"mode": "chase", "bytes": 4718592, "stride": 262144, "offset": 0, "batch": 512, "seed": 5922026, "order": "random"}, "median": 25.57421875}
{"event": "point_passed", "family": "associativity", "params": {"mode": "chase", "bytes": 12288, "stride": 4096, "offset": 0, "batch": 512, "seed": 5922026, "order": "random"}, "median": 3.66015625}
{"event": "point_passed", "family": "associativity", "params": {"mode": "chase", "bytes": 6291456, "stride": 262144, "offset": 0, "batch": 512, "seed": 5922026, "order": "random"}, "median": 25.658203125}
{"event": "point_passed", "family": "associativity", "params": {"mode": "chase", "bytes": 524288, "stride": 262144, "offset": 0, "batch": 512, "seed": 5922026, "order": "random"}, "median": 3.66015625}
{"event": "point_passed", "family": "associativity", "params": {"mode": "chase", "bytes": 65536, "stride": 16384, "offset": 0, "batch": 512, "seed": 5922026, "order": "random"}, "median": 3.66015625}
{"event": "point_passed", "family": "associativity", "params": {"mode": "chase", "bytes": 20480, "stride": 4096, "offset": 0, "batch": 512, "seed": 5922026, "order": "random"}, "median": 3.66015625}
{"event": "point_passed", "family": "associativity", "params": {"mode": "chase", "bytes": 2359296, "stride": 262144, "offset": 0, "batch": 512, "seed": 5922026, "order": "random"}, "median": 17.806640625}
{"event": "point_passed", "family": "associativity", "params": {"mode": "chase", "bytes": 5767168, "stride": 262144, "offset": 0, "batch": 512, "seed": 5922026, "order": "random"}, "median": 25.443359375}
{"event": "point_passed", "family": "associativity", "params": {"mode": "chase", "bytes": 81920, "stride": 16384, "offset": 0, "batch": 512, "seed": 5922026, "order": "random"}, "median": 3.66015625}
{"event": "point_passed", "family": "associativity", "params": {"mode": "chase", "bytes": 3407872, "stride": 262144, "offset": 0, "batch": 512, "seed": 5922026, "order": "random"}, "median": 17.806640625}
{"event": "point_passed", "family": "associativity", "params": {"mode": "chase", "bytes": 196608, "stride": 16384, "offset": 0, "batch": 512, "seed": 5922026, "order": "random"}, "median": 10.7265625}
{"event": "point_passed", "family": "associativity", "params": {"mode": "chase", "bytes": 57344, "stride": 4096, "offset": 0, "batch": 512, "seed": 5922026, "order": "random"}, "median": 10.7265625}
{"event": "point_passed", "family": "associativity", "params": {"mode": "chase", "bytes": 131072, "stride": 16384, "offset": 0, "batch": 512, "seed": 5922026, "order": "random"}, "median": 3.66015625}
{"event": "point_passed", "family": "associativity", "params": {"mode": "chase", "bytes": 262144, "stride": 65536, "offset": 0, "batch": 512, "seed": 5922026, "order": "random"}, "median": 3.66015625}
{"event": "point_passed", "family": "associativity", "params": {"mode": "chase", "bytes": 3670016, "stride": 262144, "offset": 0, "batch": 512, "seed": 5922026, "order": "random"}, "median": 17.806640625}
{"event": "point_passed", "family": "associativity", "params": {"mode": "chase", "bytes": 1572864, "stride": 65536, "offset": 0, "batch": 512, "seed": 5922026, "order": "random"}, "median": 17.84375}
{"event": "point_passed", "family": "associativity", "params": {"mode": "chase", "bytes": 212992, "stride": 16384, "offset": 0, "batch": 512, "seed": 5922026, "order": "random"}, "median": 10.7265625}
{"event": "point_passed", "family": "associativity", "params": {"mode": "chase", "bytes": 131072, "stride": 65536, "offset": 0, "batch": 512, "seed": 5922026, "order": "random"}, "median": 3.66015625}
{"event": "point_passed", "family": "associativity", "params": {"mode": "chase", "bytes": 1310720, "stride": 262144, "offset": 0, "batch": 512, "seed": 5922026, "order": "random"}, "median": 10.7265625}
{"event": "point_passed", "family": "associativity", "params": {"mode": "chase", "bytes": 3932160, "stride": 262144, "offset": 0, "batch": 512, "seed": 5922026, "order": "random"}, "median": 17.806640625}
{"event": "point_passed", "family": "associativity", "params": {"mode": "chase", "bytes": 36864, "stride": 4096, "offset": 0, "batch": 512, "seed": 5922026, "order": "random"}, "median": 4.3671875}
{"event": "point_passed", "family": "associativity", "params": {"mode": "chase", "bytes": 786432, "stride": 65536, "offset": 0, "batch": 512, "seed": 5922026, "order": "random"}, "median": 17.80078125}
{"event": "point_passed", "family": "associativity", "params": {"mode": "chase", "bytes": 1507328, "stride": 65536, "offset": 0, "batch": 512, "seed": 5922026, "order": "random"}, "median": 17.806640625}
{"event": "point_passed", "family": "associativity", "params": {"mode": "chase", "bytes": 5505024, "stride": 262144, "offset": 0, "batch": 512, "seed": 5922026, "order": "random"}, "median": 25.47265625}
{"event": "point_passed", "family": "associativity", "params": {"mode": "chase", "bytes": 65536, "stride": 4096, "offset": 0, "batch": 512, "seed": 5922026, "order": "random"}, "median": 10.7265625}
{"event": "point_passed", "family": "associativity", "params": {"mode": "chase", "bytes": 61440, "stride": 4096, "offset": 0, "batch": 512, "seed": 5922026, "order": "random"}, "median": 10.763671875}
{"event": "point_passed", "family": "associativity", "params": {"mode": "chase", "bytes": 24576, "stride": 4096, "offset": 0, "batch": 512, "seed": 5922026, "order": "random"}, "median": 3.66015625}
{"event": "point_passed", "family": "associativity", "params": {"mode": "chase", "bytes": 73728, "stride": 4096, "offset": 0, "batch": 512, "seed": 5922026, "order": "random"}, "median": 10.7265625}
{"event": "point_passed", "family": "associativity", "params": {"mode": "chase", "bytes": 6029312, "stride": 262144, "offset": 0, "batch": 512, "seed": 5922026, "order": "random"}, "median": 25.419921875}
{"event": "point_passed", "family": "associativity", "params": {"mode": "chase", "bytes": 53248, "stride": 4096, "offset": 0, "batch": 512, "seed": 5922026, "order": "random"}, "median": 10.7265625}
{"event": "point_passed", "family": "associativity", "params": {"mode": "chase", "bytes": 393216, "stride": 65536, "offset": 0, "batch": 512, "seed": 5922026, "order": "random"}, "median": 10.7265625}
{"event": "point_passed", "family": "associativity", "params": {"mode": "chase", "bytes": 16384, "stride": 4096, "offset": 0, "batch": 512, "seed": 5922026, "order": "random"}, "median": 3.66015625}
{"event": "point_passed", "family": "associativity", "params": {"mode": "chase", "bytes": 196608, "stride": 65536, "offset": 0, "batch": 512, "seed": 5922026, "order": "random"}, "median": 3.66015625}
{"event": "point_passed", "family": "associativity", "params": {"mode": "chase", "bytes": 45056, "stride": 4096, "offset": 0, "batch": 512, "seed": 5922026, "order": "random"}, "median": 10.7265625}
{"event": "point_passed", "family": "associativity", "params": {"mode": "chase", "bytes": 4456448, "stride": 262144, "offset": 0, "batch": 512, "seed": 5922026, "order": "random"}, "median": 21.556640625}
{"event": "point_passed", "family": "associativity", "params": {"mode": "chase", "bytes": 114688, "stride": 16384, "offset": 0, "batch": 512, "seed": 5922026, "order": "random"}, "median": 3.66015625}
{"event": "point_passed", "family": "associativity", "params": {"mode": "chase", "bytes": 1310720, "stride": 65536, "offset": 0, "batch": 512, "seed": 5922026, "order": "random"}, "median": 17.806640625}
{"event": "point_passed", "family": "associativity", "params": {"mode": "chase", "bytes": 32768, "stride": 4096, "offset": 0, "batch": 512, "seed": 5922026, "order": "random"}, "median": 3.66015625}
{"event": "point_passed", "family": "associativity", "params": {"mode": "chase", "bytes": 1376256, "stride": 65536, "offset": 0, "batch": 512, "seed": 5922026, "order": "random"}, "median": 17.806640625}
{"event": "point_passed", "family": "associativity", "params": {"mode": "chase", "bytes": 245760, "stride": 16384, "offset": 0, "batch": 512, "seed": 5922026, "order": "random"}, "median": 10.7265625}
{"event": "point_passed", "family": "associativity", "params": {"mode": "chase", "bytes": 983040, "stride": 65536, "offset": 0, "batch": 512, "seed": 5922026, "order": "random"}, "median": 17.806640625}
{"event": "point_passed", "family": "associativity", "params": {"mode": "chase", "bytes": 720896, "stride": 65536, "offset": 0, "batch": 512, "seed": 5922026, "order": "random"}, "median": 17.806640625}
{"event": "point_passed", "family": "associativity", "params": {"mode": "chase", "bytes": 851968, "stride": 65536, "offset": 0, "batch": 512, "seed": 5922026, "order": "random"}, "median": 17.806640625}
{"event": "point_passed", "family": "associativity", "params": {"mode": "chase", "bytes": 1114112, "stride": 65536, "offset": 0, "batch": 512, "seed": 5922026, "order": "random"}, "median": 17.806640625}
{"event": "point_passed", "family": "associativity", "params": {"mode": "chase", "bytes": 180224, "stride": 16384, "offset": 0, "batch": 512, "seed": 5922026, "order": "random"}, "median": 10.7265625}
{"event": "point_passed", "family": "associativity", "params": {"mode": "chase", "bytes": 147456, "stride": 16384, "offset": 0, "batch": 512, "seed": 5922026, "order": "random"}, "median": 4.3671875}
{"event": "point_passed", "family": "associativity", "params": {"mode": "chase", "bytes": 1572864, "stride": 262144, "offset": 0, "batch": 512, "seed": 5922026, "order": "random"}, "median": 10.7265625}
{"event": "point_passed", "family": "associativity", "params": {"mode": "chase", "bytes": 458752, "stride": 65536, "offset": 0, "batch": 512, "seed": 5922026, "order": "random"}, "median": 10.7265625}
{"event": "point_passed", "family": "associativity", "params": {"mode": "chase", "bytes": 49152, "stride": 4096, "offset": 0, "batch": 512, "seed": 5922026, "order": "random"}, "median": 10.7265625}
{"event": "point_passed", "family": "associativity", "params": {"mode": "chase", "bytes": 344064, "stride": 16384, "offset": 0, "batch": 512, "seed": 5922026, "order": "random"}, "median": 17.806640625}
{"event": "point_passed", "family": "associativity", "params": {"mode": "chase", "bytes": 278528, "stride": 16384, "offset": 0, "batch": 512, "seed": 5922026, "order": "random"}, "median": 12.8125}
{"event": "point_passed", "family": "associativity", "params": {"mode": "chase", "bytes": 327680, "stride": 65536, "offset": 0, "batch": 512, "seed": 5922026, "order": "random"}, "median": 10.7265625}
{"event": "point_passed", "family": "associativity", "params": {"mode": "chase", "bytes": 4194304, "stride": 262144, "offset": 0, "batch": 512, "seed": 5922026, "order": "random"}, "median": 17.837890625}
{"event": "point_passed", "family": "associativity", "params": {"mode": "chase", "bytes": 1048576, "stride": 65536, "offset": 0, "batch": 512, "seed": 5922026, "order": "random"}, "median": 17.806640625}
{"event": "point_passed", "family": "associativity", "params": {"mode": "chase", "bytes": 163840, "stride": 16384, "offset": 0, "batch": 512, "seed": 5922026, "order": "random"}, "median": 10.7265625}
{"event": "point_passed", "family": "associativity", "params": {"mode": "chase", "bytes": 524288, "stride": 65536, "offset": 0, "batch": 512, "seed": 5922026, "order": "random"}, "median": 10.7265625}
{"event": "point_passed", "family": "associativity", "params": {"mode": "chase", "bytes": 98304, "stride": 4096, "offset": 0, "batch": 512, "seed": 5922026, "order": "random"}, "median": 10.7265625}
{"event": "point_passed", "family": "associativity", "params": {"mode": "chase", "bytes": 86016, "stride": 4096, "offset": 0, "batch": 512, "seed": 5922026, "order": "random"}, "median": 10.7265625}
{"event": "point_passed", "family": "associativity", "params": {"mode": "chase", "bytes": 3145728, "stride": 262144, "offset": 0, "batch": 512, "seed": 5922026, "order": "random"}, "median": 17.806640625}
{"event": "point_passed", "family": "associativity", "params": {"mode": "chase", "bytes": 655360, "stride": 65536, "offset": 0, "batch": 512, "seed": 5922026, "order": "random"}, "median": 17.806640625}
{"event": "point_passed", "family": "associativity", "params": {"mode": "chase", "bytes": 229376, "stride": 16384, "offset": 0, "batch": 512, "seed": 5922026, "order": "random"}, "median": 10.7265625}
{"event": "point_passed", "family": "associativity", "params": {"mode": "chase", "bytes": 77824, "stride": 4096, "offset": 0, "batch": 512, "seed": 5922026, "order": "random"}, "median": 10.7265625}
{"event": "point_passed", "family": "associativity", "params": {"mode": "chase", "bytes": 32768, "stride": 16384, "offset": 0, "batch": 512, "seed": 5922026, "order": "random"}, "median": 3.66015625}
{"event": "point_passed", "family": "associativity", "params": {"mode": "chase", "bytes": 294912, "stride": 16384, "offset": 0, "batch": 512, "seed": 5922026, "order": "random"}, "median": 14.662109375}
{"event": "point_passed", "family": "associativity", "params": {"mode": "chase", "bytes": 4980736, "stride": 262144, "offset": 0, "batch": 512, "seed": 5922026, "order": "random"}, "median": 25.533203125}
{"event": "point_passed", "family": "associativity", "params": {"mode": "chase", "bytes": 1245184, "stride": 65536, "offset": 0, "batch": 512, "seed": 5922026, "order": "random"}, "median": 17.806640625}
{"event": "point_noisy", "family": "associativity", "flags": ["block median drift exceeds 20 percent"], "attempt": "/gpfs_common/share04/ece592f26/hlee58/tmp/hazel-phase3-20260911/runs/haswell/baseline/full/associativity/fc548c8314677411/attempt-1789182362511072913"}
{"event": "point_passed", "family": "associativity", "params": {"mode": "chase", "bytes": 40960, "stride": 4096, "offset": 0, "batch": 512, "seed": 5922026, "order": "random"}, "median": 10.7265625}
{"event": "point_passed", "family": "associativity", "params": {"mode": "chase", "bytes": 589824, "stride": 65536, "offset": 0, "batch": 512, "seed": 5922026, "order": "random"}, "median": 17.806640625}
{"event": "point_passed", "family": "associativity", "params": {"mode": "chase", "bytes": 49152, "stride": 16384, "offset": 0, "batch": 512, "seed": 5922026, "order": "random"}, "median": 3.66015625}
{"event": "point_passed", "family": "associativity", "params": {"mode": "chase", "bytes": 360448, "stride": 16384, "offset": 0, "batch": 512, "seed": 5922026, "order": "random"}, "median": 17.806640625}
{"event": "point_passed", "family": "associativity", "params": {"mode": "chase", "bytes": 327680, "stride": 16384, "offset": 0, "batch": 512, "seed": 5922026, "order": "random"}, "median": 17.806640625}
{"event": "point_passed", "family": "associativity", "params": {"mode": "chase", "bytes": 376832, "stride": 16384, "offset": 0, "batch": 512, "seed": 5922026, "order": "random"}, "median": 17.806640625}
{"event": "point_passed", "family": "inclusion_policy", "params": {"mode": "reload", "bytes": 1024, "stride": 8, "offset": 0, "batch": 32, "seed": 5922026, "order": "random"}, "median": 61.0}
{"event": "point_passed", "family": "inclusion_policy", "params": {"mode": "reload", "bytes": 1024, "stride": 8, "offset": 0, "batch": 512, "seed": 5922026, "order": "random"}, "median": 61.0}
{"event": "point_passed", "family": "inclusion_policy", "params": {"mode": "reload", "bytes": 1024, "stride": 8, "offset": 0, "batch": 2048, "seed": 5922026, "order": "random"}, "median": 61.0}
{"event": "point_passed", "family": "inclusion_policy", "params": {"mode": "reload", "bytes": 65536, "stride": 8, "offset": 0, "batch": 32, "seed": 5922026, "order": "random"}, "median": 61.0}
{"event": "point_passed", "family": "inclusion_policy", "params": {"mode": "reload", "bytes": 65536, "stride": 8, "offset": 0, "batch": 512, "seed": 5922026, "order": "random"}, "median": 67.0}
{"event": "point_passed", "family": "inclusion_policy", "params": {"mode": "reload", "bytes": 65536, "stride": 8, "offset": 0, "batch": 2048, "seed": 5922026, "order": "random"}, "median": 77.0}
{"event": "point_passed", "family": "inclusion_policy", "params": {"mode": "reload", "bytes": 131072, "stride": 8, "offset": 0, "batch": 32, "seed": 5922026, "order": "random"}, "median": 61.0}
{"event": "point_passed", "family": "inclusion_policy", "params": {"mode": "reload", "bytes": 131072, "stride": 8, "offset": 0, "batch": 512, "seed": 5922026, "order": "random"}, "median": 70.0}
{"event": "point_passed", "family": "inclusion_policy", "params": {"mode": "reload", "bytes": 131072, "stride": 8, "offset": 0, "batch": 2048, "seed": 5922026, "order": "random"}, "median": 77.0}
{"event": "point_passed", "family": "inclusion_policy", "params": {"mode": "reload", "bytes": 262144, "stride": 8, "offset": 0, "batch": 32, "seed": 5922026, "order": "random"}, "median": 64.0}
{"event": "point_passed", "family": "inclusion_policy", "params": {"mode": "reload", "bytes": 262144, "stride": 8, "offset": 0, "batch": 512, "seed": 5922026, "order": "random"}, "median": 77.0}
{"event": "point_passed", "family": "inclusion_policy", "params": {"mode": "reload", "bytes": 262144, "stride": 8, "offset": 0, "batch": 2048, "seed": 5922026, "order": "random"}, "median": 107.0}
{"event": "point_passed", "family": "inclusion_policy", "params": {"mode": "reload", "bytes": 524288, "stride": 8, "offset": 0, "batch": 32, "seed": 5922026, "order": "random"}, "median": 64.0}
{"event": "point_passed", "family": "inclusion_policy", "params": {"mode": "reload", "bytes": 524288, "stride": 8, "offset": 0, "batch": 512, "seed": 5922026, "order": "random"}, "median": 77.0}
{"event": "point_passed", "family": "inclusion_policy", "params": {"mode": "reload", "bytes": 524288, "stride": 8, "offset": 0, "batch": 2048, "seed": 5922026, "order": "random"}, "median": 83.0}
{"event": "point_passed", "family": "inclusion_policy", "params": {"mode": "reload", "bytes": 1048576, "stride": 8, "offset": 0, "batch": 32, "seed": 5922026, "order": "random"}, "median": 64.0}
{"event": "point_passed", "family": "inclusion_policy", "params": {"mode": "reload", "bytes": 1048576, "stride": 8, "offset": 0, "batch": 512, "seed": 5922026, "order": "random"}, "median": 77.0}
{"event": "point_passed", "family": "inclusion_policy", "params": {"mode": "reload", "bytes": 1048576, "stride": 8, "offset": 0, "batch": 2048, "seed": 5922026, "order": "random"}, "median": 83.0}
{"event": "point_passed", "family": "inclusion_policy", "params": {"mode": "reload", "bytes": 33554432, "stride": 8, "offset": 0, "batch": 32, "seed": 5922026, "order": "random"}, "median": 64.0}
{"event": "point_passed", "family": "inclusion_policy", "params": {"mode": "reload", "bytes": 33554432, "stride": 8, "offset": 0, "batch": 512, "seed": 5922026, "order": "random"}, "median": 83.0}
{"event": "point_passed", "family": "inclusion_policy", "params": {"mode": "reload", "bytes": 33554432, "stride": 8, "offset": 0, "batch": 2048, "seed": 5922026, "order": "random"}, "median": 165.0}
{"event": "point_passed", "family": "inclusion_policy", "params": {"mode": "reload", "bytes": 67108864, "stride": 8, "offset": 0, "batch": 32, "seed": 5922026, "order": "random"}, "median": 64.0}
{"event": "point_passed", "family": "inclusion_policy", "params": {"mode": "reload", "bytes": 67108864, "stride": 8, "offset": 0, "batch": 512, "seed": 5922026, "order": "random"}, "median": 83.0}
{"event": "point_passed", "family": "inclusion_policy", "params": {"mode": "reload", "bytes": 67108864, "stride": 8, "offset": 0, "batch": 2048, "seed": 5922026, "order": "random"}, "median": 214.0}
{"event": "point_passed", "family": "inclusion_policy", "params": {"mode": "reload", "bytes": 134217728, "stride": 8, "offset": 0, "batch": 32, "seed": 5922026, "order": "random"}, "median": 64.0}
{"event": "point_passed", "family": "inclusion_policy", "params": {"mode": "reload", "bytes": 134217728, "stride": 8, "offset": 0, "batch": 512, "seed": 5922026, "order": "random"}, "median": 83.0}
{"event": "point_passed", "family": "inclusion_policy", "params": {"mode": "reload", "bytes": 134217728, "stride": 8, "offset": 0, "batch": 2048, "seed": 5922026, "order": "random"}, "median": 199.0}
{"event": "point_passed", "family": "inclusion_policy", "params": {"mode": "reload", "bytes": 268435456, "stride": 8, "offset": 0, "batch": 32, "seed": 5922026, "order": "random"}, "median": 64.0}
{"event": "point_passed", "family": "inclusion_policy", "params": {"mode": "reload", "bytes": 268435456, "stride": 8, "offset": 0, "batch": 512, "seed": 5922026, "order": "random"}, "median": 83.0}
{"event": "point_passed", "family": "inclusion_policy", "params": {"mode": "reload", "bytes": 268435456, "stride": 8, "offset": 0, "batch": 2048, "seed": 5922026, "order": "random"}, "median": 214.0}
{"event": "point_passed", "family": "software_metric", "params": {"mode": "chase", "bytes": 1024, "stride": 8, "offset": 0, "batch": 1, "seed": 5922026, "order": "random"}, "median": 61.0}
{"event": "point_passed", "family": "software_metric", "params": {"mode": "chase", "bytes": 1048576, "stride": 8, "offset": 0, "batch": 1, "seed": 5922026, "order": "random"}, "median": 102.0}
{"event": "point_passed", "family": "software_metric", "params": {"mode": "chase", "bytes": 268435456, "stride": 8, "offset": 0, "batch": 1, "seed": 5922026, "order": "random"}, "median": 304.0}
Hazel segment: job=810638 constraint=haswell stage=full status=0 end=2026-09-11T23:28:11-04:00

------------------------------------------------------------
Resource usage summary:

    Job ID            : 810638
    Job name          : hz-haswell-full
    User / Account    : hlee58 / ece592f26_cpu
    Partition / QOS   : compute / normal
    Submitted         : 2026-09-11T22:07:17
    Started           : 2026-09-11T22:07:27
    Wait time         : 10 sec
    Elapsed (wall)    : 01:20:44
    Nodes             : 1 (c207n01)
    CPUs allocated    : 2
    Tasks             : 1
    CPU time (total)  : 4160.56 sec  (user 4148.10, sys 12.47)
    CPU efficiency    : 42.9%
    Memory in use     : 584.77 MB  (sampled at job end; see seff for peak)
    Memory requested  : 2G
    Working directory : /gpfs_common/share03/rotenberg/hlee58/ECE592_proj1
    Exit code         : 0:0

    For final accounting (Slurm's MaxRSS, billing, etc.):  seff 810638
------------------------------------------------------------
