{"event": "point_noisy", "family": "calibration", "flags": ["frequent involuntary context switches"], "attempt": "/gpfs_common/share04/ece592f26/hlee58/tmp/hazel-phase3-20260911/runs/haswell/independent-load-v1/calibration/44b6019a19a40346/attempt-1789248864752607093"}
{"event": "point_noisy", "family": "calibration", "flags": ["frequent involuntary context switches"], "attempt": "/gpfs_common/share04/ece592f26/hlee58/tmp/hazel-phase3-20260911/runs/haswell/independent-load-v1/calibration/c4e520b28d160f03/attempt-1789248867947013927"}
{"event": "point_noisy", "family": "calibration", "flags": ["frequent involuntary context switches"], "attempt": "/gpfs_common/share04/ece592f26/hlee58/tmp/hazel-phase3-20260911/runs/haswell/independent-load-v1/calibration/cda0958dd6875694/attempt-1789248872848224724"}

------------------------------------------------------------
Resource usage summary:

    Job ID            : 815841
    Job name          : hz-haswell-indep
    User / Account    : hlee58 / ece592f26_cpu
    Partition / QOS   : compute / normal
    Submitted         : 2026-09-12T17:34:04
    Started           : 2026-09-12T17:34:23
    Wait time         : 19 sec
    Elapsed (wall)    : 00:00:19
    Nodes             : 1 (c207n01)
    CPUs allocated    : 2
    Tasks             : 1
    CPU time (total)  : 11.42 sec  (user 11.25, sys 0.17)
    CPU efficiency    : 30.1%
    Memory in use     : 55.62 MB  (sampled at job end; see seff for peak)
    Memory requested  : 2G
    Working directory : /gpfs_common/share03/rotenberg/hlee58/ECE592_proj1
    Exit code         : 0:0

    For final accounting (Slurm's MaxRSS, billing, etc.):  seff 815841
------------------------------------------------------------
