Hazel segment: job=810620 constraint=haswell stage=smoke start=2026-09-11T22:05:57-04:00
Invocation: srun --cpu-bind=cores --hint=nomultithread python3 scripts/hazel_worker.py smoke
{"event": "point_passed", "family": "timer", "params": {"mode": "overhead", "bytes": 1024, "stride": 8, "offset": 0, "batch": 128, "seed": 5922026, "order": "random"}, "median": 49.0}
{"event": "point_passed", "family": "loop", "params": {"mode": "loop", "bytes": 1024, "stride": 8, "offset": 0, "batch": 128, "seed": 5922026, "order": "random"}, "median": 1.53125}
{"event": "point_passed", "family": "capacity", "params": {"mode": "chase", "bytes": 1024, "stride": 8, "offset": 0, "batch": 128, "seed": 5922026, "order": "random"}, "median": 4.0}
{"event": "point_passed", "family": "capacity", "params": {"mode": "chase", "bytes": 65536, "stride": 8, "offset": 0, "batch": 128, "seed": 5922026, "order": "regular"}, "median": 4.0}
{"event": "point_passed", "family": "line_size", "params": {"mode": "spatial", "bytes": 65536, "stride": 512, "offset": 56, "batch": 128, "seed": 5922026, "order": "random"}, "median": 7.9765625}
{"event": "point_passed", "family": "associativity", "params": {"mode": "chase", "bytes": 36864, "stride": 4096, "offset": 0, "batch": 128, "seed": 5922026, "order": "random"}, "median": 5.1015625}
{"event": "point_passed", "family": "inclusion_policy", "params": {"mode": "reload", "bytes": 65536, "stride": 8, "offset": 0, "batch": 128, "seed": 5922026, "order": "random"}, "median": 61.0}
Hazel segment: job=810620 constraint=haswell stage=smoke status=0 end=2026-09-11T22:06:13-04:00

------------------------------------------------------------
Resource usage summary:

    Job ID            : 810620
    Job name          : hz-haswell-smoke
    User / Account    : hlee58 / ece592f26_cpu
    Partition / QOS   : compute / normal
    Submitted         : 2026-09-11T22:05:33
    Started           : 2026-09-11T22:05:55
    Wait time         : 22 sec
    Elapsed (wall)    : 00:00:18
    Nodes             : 1 (c207n01)
    CPUs allocated    : 2
    Tasks             : 1
    CPU time (total)  : 1.16 sec  (user 0.99, sys 0.18)
    CPU efficiency    : 3.2%
    Memory in use     : 27.24 MB  (sampled at job end; see seff for peak)
    Memory requested  : 2G
    Working directory : /gpfs_common/share03/rotenberg/hlee58/ECE592_proj1
    Exit code         : 0:0

    For final accounting (Slurm's MaxRSS, billing, etc.):  seff 810620
------------------------------------------------------------
