{"packaged": true, "hosts": ["haswell", "cascadelake", "icelake_8358", "genoa", "turin"], "files": 1036, "raw_records": 6365, "output": "/gpfs_common/share04/ece592f26/hlee58/tmp/hazel-phase3-20260911/results"}

------------------------------------------------------------
Resource usage summary:

    Job ID            : 817194
    Job name          : hz-package
    User / Account    : hlee58 / ece592f26_cpu
    Partition / QOS   : compute / normal
    Submitted         : 2026-09-12T21:32:09
    Started           : 2026-09-12T21:45:46
    Wait time         : 817 sec
    Elapsed (wall)    : 00:00:49
    Nodes             : 1 (c207n01)
    CPUs allocated    : 1
    Tasks             : 1
    CPU time (total)  : 6.65 sec  (user 4.63, sys 2.03)
    CPU efficiency    : 13.6%
    Memory in use     : 87.43 MB  (sampled at job end; see seff for peak)
    Memory requested  : 4G
    Working directory : /gpfs_common/share03/rotenberg/hlee58/ECE592_proj1
    Exit code         : 0:0

    For final accounting (Slurm's MaxRSS, billing, etc.):  seff 817194
------------------------------------------------------------
