{"hosts": ["haswell", "cascadelake", "icelake_8358", "genoa", "turin"], "distinct_generations": 5, "results": "/gpfs_common/share04/ece592f26/hlee58/tmp/hazel-phase3-20260911/results"}
{"packaged": true, "hosts": ["haswell", "cascadelake", "icelake_8358", "genoa", "turin"], "files": 1036, "raw_records": 6365, "output": "/gpfs_common/share04/ece592f26/hlee58/tmp/hazel-phase3-20260911/results"}

------------------------------------------------------------
Resource usage summary:

    Job ID            : 817253
    Job name          : hz-tables
    User / Account    : hlee58 / ece592f26_cpu
    Partition / QOS   : compute / normal
    Submitted         : 2026-09-12T21:47:31
    Started           : 2026-09-12T21:47:46
    Wait time         : 15 sec
    Elapsed (wall)    : 00:00:29
    Nodes             : 1 (c207n01)
    CPUs allocated    : 1
    Tasks             : 1
    CPU time (total)  : 4.01 sec  (user 2.27, sys 1.74)
    CPU efficiency    : 13.8%
    Memory in use     : 42.71 MB  (sampled at job end; see seff for peak)
    Memory requested  : 2G
    Working directory : /gpfs_common/share03/rotenberg/hlee58/ECE592_proj1
    Exit code         : 0:0

    For final accounting (Slurm's MaxRSS, billing, etc.):  seff 817253
------------------------------------------------------------
