{"time": "2026-09-12T03:25:22.172680+00:00", "constraint": "cascadelake", "watched_job": "810641", "caretaker_job": "810866", "action": "submit_analysis", "command": ["python3", "/gpfs_common/share04/ece592f26/hlee58/tmp/hazel-phase3-20260911/suite/submit_analysis.py", "cascadelake"], "returncode": 0, "stdout": "{\"record\": \"/gpfs_common/share04/ece592f26/hlee58/tmp/hazel-phase3-20260911/submissions/cascadelake/analysis-20260912T032522.332703Z.json\", \"returncode\": 0, \"job_id\": \"811082\", \"stderr\": \"\"}\n", "stderr": ""}

------------------------------------------------------------
Resource usage summary:

    Job ID            : 810866
    Job name          : hz-care-810641
    User / Account    : hlee58 / ece592f26_cpu
    Partition / QOS   : compute / normal
    Submitted         : 2026-09-11T22:34:37
    Started           : 2026-09-11T23:25:21
    Wait time         : 3044 sec
    Elapsed (wall)    : 00:00:01
    Nodes             : 1 (c207n02)
    CPUs allocated    : 1
    Tasks             : 1
    CPU time (total)  : 0.25 sec  (user 0.16, sys 0.10)
    CPU efficiency    : 25.0%
    Memory in use     : 20.00 MB  (sampled at job end; see seff for peak)
    Memory requested  : 512M
    Working directory : /gpfs_common/share03/rotenberg/hlee58/ECE592_proj1
    Exit code         : 0:0

    For final accounting (Slurm's MaxRSS, billing, etc.):  seff 810866
------------------------------------------------------------
