{"event": "point_noisy", "family": "cross_core_reload_final", "flags": ["frequent involuntary context switches"], "attempt": "/gpfs_common/share04/ece592f26/hlee58/tmp/hazel-phase3-20260911/runs/cascadelake/followup-v1/cross_core_reload_final/1a8a04f25b3f755f/attempt-1789192121450375944"}
{"event": "point_noisy", "family": "cross_core_reload_final", "flags": ["frequent involuntary context switches"], "attempt": "/gpfs_common/share04/ece592f26/hlee58/tmp/hazel-phase3-20260911/runs/cascadelake/followup-v1/cross_core_reload_final/1a8a04f25b3f755f/attempt-1789192126199746717"}
{"event": "point_noisy", "family": "cross_core_reload_final", "flags": ["frequent involuntary context switches"], "attempt": "/gpfs_common/share04/ece592f26/hlee58/tmp/hazel-phase3-20260911/runs/cascadelake/followup-v1/cross_core_reload_final/1a8a04f25b3f755f/attempt-1789192130848742972"}
{"event": "point_noisy", "family": "cross_core_reload_final", "flags": ["frequent involuntary context switches"], "attempt": "/gpfs_common/share04/ece592f26/hlee58/tmp/hazel-phase3-20260911/runs/cascadelake/followup-v1/cross_core_reload_final/2d448b83966e41ef/attempt-1789192135527819066"}
{"event": "point_passed", "family": "cross_core_reload_final", "params": {"mode": "cross", "bytes": 262144, "stride": 64, "offset": 0, "batch": 1024, "seed": 5924028, "order": "random", "page": "huge", "align": 0, "address_list": "-", "extra_args": [0, "huge", "-", -1], "timed_loads": 1, "paired_core": true}, "median": 60.0}
{"event": "point_noisy", "family": "cross_core_reload_final", "flags": ["frequent involuntary context switches"], "attempt": "/gpfs_common/share04/ece592f26/hlee58/tmp/hazel-phase3-20260911/runs/cascadelake/followup-v1/cross_core_reload_final/ba0c5a343871bfd5/attempt-1789192144761534706"}
{"event": "point_noisy", "family": "cross_core_reload_final", "flags": ["frequent involuntary context switches"], "attempt": "/gpfs_common/share04/ece592f26/hlee58/tmp/hazel-phase3-20260911/runs/cascadelake/followup-v1/cross_core_reload_final/ba0c5a343871bfd5/attempt-1789192153256572121"}
{"event": "point_noisy", "family": "cross_core_reload_final", "flags": ["frequent involuntary context switches"], "attempt": "/gpfs_common/share04/ece592f26/hlee58/tmp/hazel-phase3-20260911/runs/cascadelake/followup-v1/cross_core_reload_final/ba0c5a343871bfd5/attempt-1789192161750238203"}
{"event": "point_noisy", "family": "cross_core_reload_final", "flags": ["frequent involuntary context switches"], "attempt": "/gpfs_common/share04/ece592f26/hlee58/tmp/hazel-phase3-20260911/runs/cascadelake/followup-v1/cross_core_reload_final/0db645aeb4832fe3/attempt-1789192170324259852"}
{"event": "point_noisy", "family": "cross_core_reload_final", "flags": ["frequent involuntary context switches"], "attempt": "/gpfs_common/share04/ece592f26/hlee58/tmp/hazel-phase3-20260911/runs/cascadelake/followup-v1/cross_core_reload_final/0db645aeb4832fe3/attempt-1789192178943900101"}
{"event": "point_noisy", "family": "cross_core_reload_final", "flags": ["frequent involuntary context switches"], "attempt": "/gpfs_common/share04/ece592f26/hlee58/tmp/hazel-phase3-20260911/runs/cascadelake/followup-v1/cross_core_reload_final/0db645aeb4832fe3/attempt-1789192187425216728"}
{"event": "point_passed", "family": "same_core_reload_final", "params": {"mode": "probe", "bytes": 262144, "stride": 64, "offset": 0, "batch": 1024, "seed": 5924029, "order": "random", "page": "huge", "align": 0, "address_list": "-", "extra_args": [0, "huge", "-", -1], "timed_loads": 1}, "median": 68.0}
{"event": "point_noisy", "family": "cross_core_reload_final", "flags": ["frequent involuntary context switches"], "attempt": "/gpfs_common/share04/ece592f26/hlee58/tmp/hazel-phase3-20260911/runs/cascadelake/followup-v1/cross_core_reload_final/e51d52ac3659388c/attempt-1789192203092421683"}
{"event": "point_noisy", "family": "cross_core_reload_final", "flags": ["frequent involuntary context switches"], "attempt": "/gpfs_common/share04/ece592f26/hlee58/tmp/hazel-phase3-20260911/runs/cascadelake/followup-v1/cross_core_reload_final/e51d52ac3659388c/attempt-1789192207840259119"}
{"event": "point_noisy", "family": "cross_core_reload_final", "flags": ["frequent involuntary context switches"], "attempt": "/gpfs_common/share04/ece592f26/hlee58/tmp/hazel-phase3-20260911/runs/cascadelake/followup-v1/cross_core_reload_final/e51d52ac3659388c/attempt-1789192212509288987"}
{"event": "point_noisy", "family": "cross_core_reload_final", "flags": ["frequent involuntary context switches"], "attempt": "/gpfs_common/share04/ece592f26/hlee58/tmp/hazel-phase3-20260911/runs/cascadelake/followup-v1/cross_core_reload_final/fb059aa5eecac1c8/attempt-1789192217238584791"}
{"event": "point_noisy", "family": "cross_core_reload_final", "flags": ["frequent involuntary context switches"], "attempt": "/gpfs_common/share04/ece592f26/hlee58/tmp/hazel-phase3-20260911/runs/cascadelake/followup-v1/cross_core_reload_final/fb059aa5eecac1c8/attempt-1789192221861837612"}
{"event": "point_noisy", "family": "cross_core_reload_final", "flags": ["frequent involuntary context switches"], "attempt": "/gpfs_common/share04/ece592f26/hlee58/tmp/hazel-phase3-20260911/runs/cascadelake/followup-v1/cross_core_reload_final/fb059aa5eecac1c8/attempt-1789192226486199524"}
{"event": "point_noisy", "family": "cross_core_reload_final", "flags": ["frequent involuntary context switches"], "attempt": "/gpfs_common/share04/ece592f26/hlee58/tmp/hazel-phase3-20260911/runs/cascadelake/followup-v1/cross_core_reload_final/6c8854cbba65108b/attempt-1789192231124593125"}
{"event": "point_noisy", "family": "cross_core_reload_final", "flags": ["frequent involuntary context switches"], "attempt": "/gpfs_common/share04/ece592f26/hlee58/tmp/hazel-phase3-20260911/runs/cascadelake/followup-v1/cross_core_reload_final/6c8854cbba65108b/attempt-1789192260117865064"}
{"event": "point_noisy", "family": "cross_core_reload_final", "flags": ["frequent involuntary context switches"], "attempt": "/gpfs_common/share04/ece592f26/hlee58/tmp/hazel-phase3-20260911/runs/cascadelake/followup-v1/cross_core_reload_final/6c8854cbba65108b/attempt-1789192290054084018"}
{"event": "waiting_for_idle", "family": "cross_core_reload_final", "reason": "No core and complete SMT sibling group passed all idle windows; waiting for a pair", "next_check_seconds": 15}
{"event": "point_noisy", "family": "cross_core_reload_final", "flags": ["frequent involuntary context switches"], "attempt": "/gpfs_common/share04/ece592f26/hlee58/tmp/hazel-phase3-20260911/runs/cascadelake/followup-v1/cross_core_reload_final/4fe782accce44bba/attempt-1789192320641978479"}
{"event": "point_noisy", "family": "cross_core_reload_final", "flags": ["frequent involuntary context switches"], "attempt": "/gpfs_common/share04/ece592f26/hlee58/tmp/hazel-phase3-20260911/runs/cascadelake/followup-v1/cross_core_reload_final/4fe782accce44bba/attempt-1789192368448280053"}
{"event": "point_noisy", "family": "cross_core_reload_final", "flags": ["frequent involuntary context switches"], "attempt": "/gpfs_common/share04/ece592f26/hlee58/tmp/hazel-phase3-20260911/runs/cascadelake/followup-v1/cross_core_reload_final/4fe782accce44bba/attempt-1789192398620180016"}
{"event": "point_passed", "family": "same_core_reload_final", "params": {"mode": "probe", "bytes": 8388608, "stride": 64, "offset": 0, "batch": 1024, "seed": 5924029, "order": "random", "page": "huge", "align": 0, "address_list": "-", "extra_args": [0, "huge", "-", -1], "timed_loads": 1}, "median": 66.0}
{"event": "point_noisy", "family": "cross_core_reload_final", "flags": ["frequent involuntary context switches"], "attempt": "/gpfs_common/share04/ece592f26/hlee58/tmp/hazel-phase3-20260911/runs/cascadelake/followup-v1/cross_core_reload_final/08dfb33b6ab65a8e/attempt-1789192456797198603"}
{"event": "point_noisy", "family": "cross_core_reload_final", "flags": ["frequent involuntary context switches"], "attempt": "/gpfs_common/share04/ece592f26/hlee58/tmp/hazel-phase3-20260911/runs/cascadelake/followup-v1/cross_core_reload_final/08dfb33b6ab65a8e/attempt-1789192461619654148"}
{"event": "point_noisy", "family": "cross_core_reload_final", "flags": ["frequent involuntary context switches"], "attempt": "/gpfs_common/share04/ece592f26/hlee58/tmp/hazel-phase3-20260911/runs/cascadelake/followup-v1/cross_core_reload_final/08dfb33b6ab65a8e/attempt-1789192466096687407"}
{"event": "point_noisy", "family": "cross_core_reload_final", "flags": ["frequent involuntary context switches"], "attempt": "/gpfs_common/share04/ece592f26/hlee58/tmp/hazel-phase3-20260911/runs/cascadelake/followup-v1/cross_core_reload_final/c5ad78c81349369b/attempt-1789192470890215371"}
{"event": "point_noisy", "family": "cross_core_reload_final", "flags": ["frequent involuntary context switches"], "attempt": "/gpfs_common/share04/ece592f26/hlee58/tmp/hazel-phase3-20260911/runs/cascadelake/followup-v1/cross_core_reload_final/c5ad78c81349369b/attempt-1789192475664856702"}
{"event": "point_noisy", "family": "cross_core_reload_final", "flags": ["frequent involuntary context switches"], "attempt": "/gpfs_common/share04/ece592f26/hlee58/tmp/hazel-phase3-20260911/runs/cascadelake/followup-v1/cross_core_reload_final/c5ad78c81349369b/attempt-1789192480442057790"}
{"event": "point_noisy", "family": "cross_core_reload_final", "flags": ["frequent involuntary context switches"], "attempt": "/gpfs_common/share04/ece592f26/hlee58/tmp/hazel-phase3-20260911/runs/cascadelake/followup-v1/cross_core_reload_final/76b811e44c611d41/attempt-1789192485280024421"}
{"event": "point_noisy", "family": "cross_core_reload_final", "flags": ["frequent involuntary context switches"], "attempt": "/gpfs_common/share04/ece592f26/hlee58/tmp/hazel-phase3-20260911/runs/cascadelake/followup-v1/cross_core_reload_final/76b811e44c611d41/attempt-1789192569623423085"}
{"event": "point_noisy", "family": "cross_core_reload_final", "flags": ["frequent involuntary context switches"], "attempt": "/gpfs_common/share04/ece592f26/hlee58/tmp/hazel-phase3-20260911/runs/cascadelake/followup-v1/cross_core_reload_final/76b811e44c611d41/attempt-1789192653743801501"}
{"event": "point_noisy", "family": "cross_core_reload_final", "flags": ["frequent involuntary context switches"], "attempt": "/gpfs_common/share04/ece592f26/hlee58/tmp/hazel-phase3-20260911/runs/cascadelake/followup-v1/cross_core_reload_final/eb102bff5aebd391/attempt-1789192738365427305"}
{"event": "point_noisy", "family": "cross_core_reload_final", "flags": ["frequent involuntary context switches"], "attempt": "/gpfs_common/share04/ece592f26/hlee58/tmp/hazel-phase3-20260911/runs/cascadelake/followup-v1/cross_core_reload_final/eb102bff5aebd391/attempt-1789192823015778325"}
{"event": "point_noisy", "family": "cross_core_reload_final", "flags": ["frequent involuntary context switches"], "attempt": "/gpfs_common/share04/ece592f26/hlee58/tmp/hazel-phase3-20260911/runs/cascadelake/followup-v1/cross_core_reload_final/eb102bff5aebd391/attempt-1789192907844407827"}
{"event": "point_passed", "family": "same_core_reload_final", "params": {"mode": "probe", "bytes": 67108864, "stride": 64, "offset": 0, "batch": 1024, "seed": 5924029, "order": "random", "page": "huge", "align": 0, "address_list": "-", "extra_args": [0, "huge", "-", -1], "timed_loads": 1}, "median": 66.0}
{"event": "point_passed", "family": "target_hot_final", "params": {"mode": "hot", "bytes": 1024, "stride": 8, "offset": 0, "batch": 512, "seed": 5924030, "order": "random", "align": 0, "page": "base", "address_list": "-", "extra_args": [0, "base", "-", -1], "timed_loads": 1}, "median": 60.0}
Follow-up segment job=811515 constraint=cascadelake stage=inclusion_final status=0 end=2026-09-12T02:04:41-04:00
{"record": "/gpfs_common/share04/ece592f26/hlee58/tmp/hazel-phase3-20260911/submissions/cascadelake/followup-analysis-20260912T060441.340980Z.json", "returncode": 0, "job_id": "811604", "stderr": ""}
