{"event": "point_noisy", "family": "cross_core_reload", "flags": ["frequent involuntary context switches"], "attempt": "/gpfs_common/share04/ece592f26/hlee58/tmp/hazel-phase3-20260911/runs/cascadelake/followup-v1/cross_core_reload/cedf6f8c2448f72a/attempt-1789189492964880308"}
{"event": "point_noisy", "family": "cross_core_reload", "flags": ["frequent involuntary context switches"], "attempt": "/gpfs_common/share04/ece592f26/hlee58/tmp/hazel-phase3-20260911/runs/cascadelake/followup-v1/cross_core_reload/cedf6f8c2448f72a/attempt-1789189497619940987"}
{"event": "point_noisy", "family": "cross_core_reload", "flags": ["frequent involuntary context switches"], "attempt": "/gpfs_common/share04/ece592f26/hlee58/tmp/hazel-phase3-20260911/runs/cascadelake/followup-v1/cross_core_reload/cedf6f8c2448f72a/attempt-1789189502324480614"}
{"event": "point_noisy", "family": "cross_core_reload", "flags": ["frequent involuntary context switches"], "attempt": "/gpfs_common/share04/ece592f26/hlee58/tmp/hazel-phase3-20260911/runs/cascadelake/followup-v1/cross_core_reload/077b0c3aa794498d/attempt-1789189507103607447"}
{"event": "point_noisy", "family": "cross_core_reload", "flags": ["frequent involuntary context switches"], "attempt": "/gpfs_common/share04/ece592f26/hlee58/tmp/hazel-phase3-20260911/runs/cascadelake/followup-v1/cross_core_reload/077b0c3aa794498d/attempt-1789189511779261644"}
{"event": "point_noisy", "family": "cross_core_reload", "flags": ["frequent involuntary context switches"], "attempt": "/gpfs_common/share04/ece592f26/hlee58/tmp/hazel-phase3-20260911/runs/cascadelake/followup-v1/cross_core_reload/077b0c3aa794498d/attempt-1789189516443073084"}
{"event": "point_noisy", "family": "cross_core_reload", "flags": ["frequent involuntary context switches"], "attempt": "/gpfs_common/share04/ece592f26/hlee58/tmp/hazel-phase3-20260911/runs/cascadelake/followup-v1/cross_core_reload/f44582df64fc6c04/attempt-1789189521109195471"}
{"event": "point_noisy", "family": "cross_core_reload", "flags": ["frequent involuntary context switches"], "attempt": "/gpfs_common/share04/ece592f26/hlee58/tmp/hazel-phase3-20260911/runs/cascadelake/followup-v1/cross_core_reload/f44582df64fc6c04/attempt-1789189529641118192"}
{"event": "point_noisy", "family": "cross_core_reload", "flags": ["frequent involuntary context switches"], "attempt": "/gpfs_common/share04/ece592f26/hlee58/tmp/hazel-phase3-20260911/runs/cascadelake/followup-v1/cross_core_reload/f44582df64fc6c04/attempt-1789189538203062519"}
{"event": "point_noisy", "family": "cross_core_reload", "flags": ["frequent involuntary context switches"], "attempt": "/gpfs_common/share04/ece592f26/hlee58/tmp/hazel-phase3-20260911/runs/cascadelake/followup-v1/cross_core_reload/95d0c3ec66f7be71/attempt-1789189546743689799"}
{"event": "point_noisy", "family": "cross_core_reload", "flags": ["frequent involuntary context switches"], "attempt": "/gpfs_common/share04/ece592f26/hlee58/tmp/hazel-phase3-20260911/runs/cascadelake/followup-v1/cross_core_reload/95d0c3ec66f7be71/attempt-1789189555287807205"}
{"event": "point_noisy", "family": "cross_core_reload", "flags": ["frequent involuntary context switches"], "attempt": "/gpfs_common/share04/ece592f26/hlee58/tmp/hazel-phase3-20260911/runs/cascadelake/followup-v1/cross_core_reload/95d0c3ec66f7be71/attempt-1789189563795682140"}
{"event": "point_passed", "family": "same_core_reload", "params": {"mode": "probe", "bytes": 262144, "stride": 64, "offset": 0, "batch": 1024, "seed": 5922026, "order": "random", "page": "huge", "align": 0, "address_list": "-", "extra_args": [0, "huge", "-", -1], "timed_loads": 1}, "median": 66.0}
{"event": "point_noisy", "family": "cross_core_reload", "flags": ["frequent involuntary context switches"], "attempt": "/gpfs_common/share04/ece592f26/hlee58/tmp/hazel-phase3-20260911/runs/cascadelake/followup-v1/cross_core_reload/eda48e9ccd23d8ce/attempt-1789189579586738310"}
{"event": "point_noisy", "family": "cross_core_reload", "flags": ["frequent involuntary context switches"], "attempt": "/gpfs_common/share04/ece592f26/hlee58/tmp/hazel-phase3-20260911/runs/cascadelake/followup-v1/cross_core_reload/eda48e9ccd23d8ce/attempt-1789189584228932990"}
{"event": "waiting_for_idle", "family": "cross_core_reload", "reason": "No core and complete SMT sibling group passed all idle windows; waiting for a pair", "next_check_seconds": 15}
{"event": "point_noisy", "family": "cross_core_reload", "flags": ["frequent involuntary context switches"], "attempt": "/gpfs_common/share04/ece592f26/hlee58/tmp/hazel-phase3-20260911/runs/cascadelake/followup-v1/cross_core_reload/eda48e9ccd23d8ce/attempt-1789189588877215600"}
{"event": "point_noisy", "family": "cross_core_reload", "flags": ["frequent involuntary context switches"], "attempt": "/gpfs_common/share04/ece592f26/hlee58/tmp/hazel-phase3-20260911/runs/cascadelake/followup-v1/cross_core_reload/9cfc53eafc9f4c9f/attempt-1789189610629951099"}
{"event": "point_noisy", "family": "cross_core_reload", "flags": ["frequent involuntary context switches"], "attempt": "/gpfs_common/share04/ece592f26/hlee58/tmp/hazel-phase3-20260911/runs/cascadelake/followup-v1/cross_core_reload/9cfc53eafc9f4c9f/attempt-1789189615243543235"}
{"event": "point_noisy", "family": "cross_core_reload", "flags": ["frequent involuntary context switches"], "attempt": "/gpfs_common/share04/ece592f26/hlee58/tmp/hazel-phase3-20260911/runs/cascadelake/followup-v1/cross_core_reload/9cfc53eafc9f4c9f/attempt-1789189620015539617"}
{"event": "point_noisy", "family": "cross_core_reload", "flags": ["frequent involuntary context switches"], "attempt": "/gpfs_common/share04/ece592f26/hlee58/tmp/hazel-phase3-20260911/runs/cascadelake/followup-v1/cross_core_reload/d18be66fb1003ee7/attempt-1789189624716090867"}
{"event": "point_noisy", "family": "cross_core_reload", "flags": ["frequent involuntary context switches"], "attempt": "/gpfs_common/share04/ece592f26/hlee58/tmp/hazel-phase3-20260911/runs/cascadelake/followup-v1/cross_core_reload/d18be66fb1003ee7/attempt-1789189655027760083"}
{"event": "point_noisy", "family": "cross_core_reload", "flags": ["frequent involuntary context switches"], "attempt": "/gpfs_common/share04/ece592f26/hlee58/tmp/hazel-phase3-20260911/runs/cascadelake/followup-v1/cross_core_reload/d18be66fb1003ee7/attempt-1789189684637084508"}
{"event": "point_noisy", "family": "cross_core_reload", "flags": ["frequent involuntary context switches"], "attempt": "/gpfs_common/share04/ece592f26/hlee58/tmp/hazel-phase3-20260911/runs/cascadelake/followup-v1/cross_core_reload/eb541a559e4344f9/attempt-1789189717016545881"}
{"event": "point_noisy", "family": "cross_core_reload", "flags": ["frequent involuntary context switches"], "attempt": "/gpfs_common/share04/ece592f26/hlee58/tmp/hazel-phase3-20260911/runs/cascadelake/followup-v1/cross_core_reload/eb541a559e4344f9/attempt-1789189746804183046"}
{"event": "point_noisy", "family": "cross_core_reload", "flags": ["frequent involuntary context switches"], "attempt": "/gpfs_common/share04/ece592f26/hlee58/tmp/hazel-phase3-20260911/runs/cascadelake/followup-v1/cross_core_reload/eb541a559e4344f9/attempt-1789189775689025444"}
{"event": "point_passed", "family": "same_core_reload", "params": {"mode": "probe", "bytes": 8388608, "stride": 64, "offset": 0, "batch": 1024, "seed": 5922026, "order": "random", "page": "huge", "align": 0, "address_list": "-", "extra_args": [0, "huge", "-", -1], "timed_loads": 1}, "median": 66.0}
{"event": "point_noisy", "family": "cross_core_reload", "flags": ["frequent involuntary context switches"], "attempt": "/gpfs_common/share04/ece592f26/hlee58/tmp/hazel-phase3-20260911/runs/cascadelake/followup-v1/cross_core_reload/6bc5c38bb6e31d3a/attempt-1789189834229372546"}
{"event": "point_passed", "family": "cross_core_reload", "params": {"mode": "cross", "bytes": 67108864, "stride": 64, "offset": 0, "batch": 1024, "seed": 5922026, "order": "random", "page": "huge", "align": 0, "address_list": "-", "extra_args": [0, "huge", "-", -1], "timed_loads": 1, "paired_core": true}, "median": 60.0}
{"event": "point_noisy", "family": "cross_core_reload", "flags": ["frequent involuntary context switches"], "attempt": "/gpfs_common/share04/ece592f26/hlee58/tmp/hazel-phase3-20260911/runs/cascadelake/followup-v1/cross_core_reload/0c2cad467a698ba2/attempt-1789189843835116426"}
{"event": "point_noisy", "family": "cross_core_reload", "flags": ["frequent involuntary context switches"], "attempt": "/gpfs_common/share04/ece592f26/hlee58/tmp/hazel-phase3-20260911/runs/cascadelake/followup-v1/cross_core_reload/0c2cad467a698ba2/attempt-1789189848679526201"}
{"event": "point_passed", "family": "cross_core_reload", "params": {"mode": "cross", "bytes": 67108864, "stride": 64, "offset": 0, "batch": 1024, "seed": 5922027, "order": "random", "page": "huge", "align": 0, "address_list": "-", "extra_args": [0, "huge", "-", -1], "timed_loads": 1, "paired_core": true}, "median": 60.0}
{"event": "point_noisy", "family": "cross_core_reload", "flags": ["frequent involuntary context switches"], "attempt": "/gpfs_common/share04/ece592f26/hlee58/tmp/hazel-phase3-20260911/runs/cascadelake/followup-v1/cross_core_reload/833a308ab62acf94/attempt-1789189858339723176"}
{"event": "point_noisy", "family": "cross_core_reload", "flags": ["frequent involuntary context switches"], "attempt": "/gpfs_common/share04/ece592f26/hlee58/tmp/hazel-phase3-20260911/runs/cascadelake/followup-v1/cross_core_reload/833a308ab62acf94/attempt-1789189941046540700"}
{"event": "point_noisy", "family": "cross_core_reload", "flags": ["frequent involuntary context switches"], "attempt": "/gpfs_common/share04/ece592f26/hlee58/tmp/hazel-phase3-20260911/runs/cascadelake/followup-v1/cross_core_reload/833a308ab62acf94/attempt-1789190024875361655"}
{"event": "point_noisy", "family": "cross_core_reload", "flags": ["frequent involuntary context switches"], "attempt": "/gpfs_common/share04/ece592f26/hlee58/tmp/hazel-phase3-20260911/runs/cascadelake/followup-v1/cross_core_reload/e78e1d1f7f182904/attempt-1789190109242313585"}
{"event": "waiting_for_idle", "family": "cross_core_reload", "reason": "No core and complete SMT sibling group passed all idle windows; waiting for a pair", "next_check_seconds": 15}
{"event": "point_noisy", "family": "cross_core_reload", "flags": ["frequent involuntary context switches"], "attempt": "/gpfs_common/share04/ece592f26/hlee58/tmp/hazel-phase3-20260911/runs/cascadelake/followup-v1/cross_core_reload/e78e1d1f7f182904/attempt-1789190193471019694"}
{"event": "point_noisy", "family": "cross_core_reload", "flags": ["frequent involuntary context switches"], "attempt": "/gpfs_common/share04/ece592f26/hlee58/tmp/hazel-phase3-20260911/runs/cascadelake/followup-v1/cross_core_reload/e78e1d1f7f182904/attempt-1789190294470181229"}
{"event": "point_passed", "family": "same_core_reload", "params": {"mode": "probe", "bytes": 67108864, "stride": 64, "offset": 0, "batch": 1024, "seed": 5922026, "order": "random", "page": "huge", "align": 0, "address_list": "-", "extra_args": [0, "huge", "-", -1], "timed_loads": 1}, "median": 70.0}
{"event": "point_passed", "family": "target_hot", "params": {"mode": "hot", "bytes": 1024, "stride": 8, "offset": 0, "batch": 512, "seed": 5922026, "order": "random", "align": 0, "page": "base", "address_list": "-", "extra_args": [0, "base", "-", -1], "timed_loads": 1}, "median": 60.0}
Follow-up segment job=811384 constraint=cascadelake stage=cross status=0 end=2026-09-12T01:21:09-04:00
{"record": "/gpfs_common/share04/ece592f26/hlee58/tmp/hazel-phase3-20260911/submissions/cascadelake/followup-l2-20260912T052109.712401Z.json", "returncode": 0, "job_id": "811422", "stderr": ""}
