{"event": "point_noisy", "family": "capacity_control", "flags": ["frequent involuntary context switches"], "attempt": "/gpfs_common/share04/ece592f26/hlee58/tmp/hazel-phase3-20260911/runs/cascadelake/followup-v1/capacity_control/c8c58854832b4f94/attempt-1789184527921088749"}
{"event": "point_noisy", "family": "capacity_control", "flags": ["frequent involuntary context switches", "block median drift exceeds 20 percent"], "attempt": "/gpfs_common/share04/ece592f26/hlee58/tmp/hazel-phase3-20260911/runs/cascadelake/followup-v1/capacity_control/c8c58854832b4f94/attempt-1789184543180810416"}
{"event": "point_noisy", "family": "capacity_control", "flags": ["block median drift exceeds 20 percent"], "attempt": "/gpfs_common/share04/ece592f26/hlee58/tmp/hazel-phase3-20260911/runs/cascadelake/followup-v1/capacity_control/c8c58854832b4f94/attempt-1789184562251846000"}
{"event": "point_noisy", "family": "capacity_control", "flags": ["frequent involuntary context switches"], "attempt": "/gpfs_common/share04/ece592f26/hlee58/tmp/hazel-phase3-20260911/runs/cascadelake/followup-v1/capacity_control/31d4b544908325e1/attempt-1789184591820104103"}
{"event": "point_passed", "family": "capacity_control", "params": {"mode": "chase", "bytes": 65536, "stride": 8, "offset": 0, "batch": 512, "seed": 5922026, "order": "random", "page": "base", "align": 0, "address_list": "-", "extra_args": [0, "base", "-", -1]}, "median": 7.52734375}
{"event": "point_passed", "family": "capacity_control", "params": {"mode": "chase", "bytes": 32768, "stride": 8, "offset": 0, "batch": 512, "seed": 5922026, "order": "random", "page": "base", "align": 0, "address_list": "-", "extra_args": [0, "base", "-", -1]}, "median": 3.4453125}
{"event": "point_passed", "family": "capacity_control", "params": {"mode": "chase", "bytes": 134217728, "stride": 8, "offset": 0, "batch": 512, "seed": 5922026, "order": "random", "page": "base", "align": 0, "address_list": "-", "extra_args": [0, "base", "-", -1]}, "median": 431.12109375}
{"event": "point_passed", "family": "capacity_control", "params": {"mode": "chase", "bytes": 2048, "stride": 8, "offset": 0, "batch": 512, "seed": 5922026, "order": "random", "page": "base", "align": 0, "address_list": "-", "extra_args": [0, "base", "-", -1]}, "median": 3.33203125}
{"event": "point_noisy", "family": "capacity_control", "flags": ["block median drift exceeds 20 percent"], "attempt": "/gpfs_common/share04/ece592f26/hlee58/tmp/hazel-phase3-20260911/runs/cascadelake/followup-v1/capacity_control/5d0a0a4811dc1bbd/attempt-1789184716036514896"}
{"event": "point_noisy", "family": "capacity_control", "flags": ["frequent involuntary context switches", "block median drift exceeds 20 percent"], "attempt": "/gpfs_common/share04/ece592f26/hlee58/tmp/hazel-phase3-20260911/runs/cascadelake/followup-v1/capacity_control/5d0a0a4811dc1bbd/attempt-1789184748924083198"}
{"event": "point_noisy", "family": "capacity_control", "flags": ["block median drift exceeds 20 percent"], "attempt": "/gpfs_common/share04/ece592f26/hlee58/tmp/hazel-phase3-20260911/runs/cascadelake/followup-v1/capacity_control/5d0a0a4811dc1bbd/attempt-1789184772870580918"}
{"event": "point_passed", "family": "capacity_control", "params": {"mode": "chase", "bytes": 1024, "stride": 8, "offset": 0, "batch": 512, "seed": 5922026, "order": "random", "page": "base", "align": 0, "address_list": "-", "extra_args": [0, "base", "-", -1]}, "median": 3.078125}
{"event": "point_passed", "family": "capacity_control", "params": {"mode": "chase", "bytes": 8192, "stride": 8, "offset": 0, "batch": 512, "seed": 5922026, "order": "random", "page": "base", "align": 0, "address_list": "-", "extra_args": [0, "base", "-", -1]}, "median": 3.2421875}
{"event": "point_noisy", "family": "capacity_control", "flags": ["block median drift exceeds 20 percent"], "attempt": "/gpfs_common/share04/ece592f26/hlee58/tmp/hazel-phase3-20260911/runs/cascadelake/followup-v1/capacity_control/ce6c6fab6f9b4830/attempt-1789184816558361485"}
{"event": "point_noisy", "family": "capacity_control", "flags": ["frequent involuntary context switches"], "attempt": "/gpfs_common/share04/ece592f26/hlee58/tmp/hazel-phase3-20260911/runs/cascadelake/followup-v1/capacity_control/ce6c6fab6f9b4830/attempt-1789184851035570059"}
{"event": "point_passed", "family": "capacity_control", "params": {"mode": "chase", "bytes": 8388608, "stride": 8, "offset": 0, "batch": 512, "seed": 5922026, "order": "random", "page": "base", "align": 0, "address_list": "-", "extra_args": [0, "base", "-", -1]}, "median": 73.9296875}
{"event": "point_passed", "family": "capacity_control", "params": {"mode": "chase", "bytes": 16384, "stride": 8, "offset": 0, "batch": 512, "seed": 5922026, "order": "random", "page": "base", "align": 0, "address_list": "-", "extra_args": [0, "base", "-", -1]}, "median": 3.33203125}
{"event": "point_passed", "family": "capacity_control", "params": {"mode": "chase", "bytes": 4096, "stride": 8, "offset": 0, "batch": 512, "seed": 5922026, "order": "random", "page": "base", "align": 0, "address_list": "-", "extra_args": [0, "base", "-", -1]}, "median": 3.33203125}
{"event": "point_noisy", "family": "capacity_control", "flags": ["block median drift exceeds 20 percent"], "attempt": "/gpfs_common/share04/ece592f26/hlee58/tmp/hazel-phase3-20260911/runs/cascadelake/followup-v1/capacity_control/4cffbfff9b21fced/attempt-1789184899566262932"}
{"event": "point_noisy", "family": "capacity_control", "flags": ["block median drift exceeds 20 percent"], "attempt": "/gpfs_common/share04/ece592f26/hlee58/tmp/hazel-phase3-20260911/runs/cascadelake/followup-v1/capacity_control/4cffbfff9b21fced/attempt-1789184980750772838"}
{"event": "point_passed", "family": "capacity_control", "params": {"mode": "chase", "bytes": 16777216, "stride": 8, "offset": 0, "batch": 512, "seed": 5922026, "order": "random", "page": "base", "align": 0, "address_list": "-", "extra_args": [0, "base", "-", -1]}, "median": 103.1640625}
{"event": "point_passed", "family": "capacity_control", "params": {"mode": "chase", "bytes": 67108864, "stride": 8, "offset": 0, "batch": 512, "seed": 5922026, "order": "random", "page": "base", "align": 0, "address_list": "-", "extra_args": [0, "base", "-", -1]}, "median": 232.90234375}
{"event": "point_passed", "family": "capacity_control", "params": {"mode": "chase", "bytes": 524288, "stride": 8, "offset": 0, "batch": 512, "seed": 5922026, "order": "random", "page": "base", "align": 0, "address_list": "-", "extra_args": [0, "base", "-", -1]}, "median": 14.7421875}
{"event": "point_noisy", "family": "capacity_control", "flags": ["frequent involuntary context switches"], "attempt": "/gpfs_common/share04/ece592f26/hlee58/tmp/hazel-phase3-20260911/runs/cascadelake/followup-v1/capacity_control/72cf7b65f568f902/attempt-1789185154502954188"}
{"event": "point_passed", "family": "capacity_control", "params": {"mode": "chase", "bytes": 131072, "stride": 8, "offset": 0, "batch": 512, "seed": 5922026, "order": "random", "page": "base", "align": 0, "address_list": "-", "extra_args": [0, "base", "-", -1]}, "median": 9.640625}
{"event": "point_passed", "family": "capacity_control", "params": {"mode": "chase", "bytes": 1048576, "stride": 8, "offset": 0, "batch": 512, "seed": 5922026, "order": "random", "page": "base", "align": 0, "address_list": "-", "extra_args": [0, "base", "-", -1]}, "median": 21.83984375}
{"event": "point_noisy", "family": "capacity_control", "flags": ["frequent involuntary context switches"], "attempt": "/gpfs_common/share04/ece592f26/hlee58/tmp/hazel-phase3-20260911/runs/cascadelake/followup-v1/capacity_control/8ad248dd820501b7/attempt-1789185185546366328"}
{"event": "point_passed", "family": "capacity_control", "params": {"mode": "chase", "bytes": 262144, "stride": 8, "offset": 0, "batch": 512, "seed": 5922026, "order": "random", "page": "base", "align": 0, "address_list": "-", "extra_args": [0, "base", "-", -1]}, "median": 10.68359375}
{"event": "point_noisy", "family": "capacity_control", "flags": ["block median drift exceeds 20 percent"], "attempt": "/gpfs_common/share04/ece592f26/hlee58/tmp/hazel-phase3-20260911/runs/cascadelake/followup-v1/capacity_control/17646a0d93f214cd/attempt-1789185203475958416"}
{"event": "point_noisy", "family": "capacity_control", "flags": ["block median drift exceeds 20 percent"], "attempt": "/gpfs_common/share04/ece592f26/hlee58/tmp/hazel-phase3-20260911/runs/cascadelake/followup-v1/capacity_control/17646a0d93f214cd/attempt-1789185286726678590"}
{"event": "point_noisy", "family": "capacity_control", "flags": ["block median drift exceeds 20 percent"], "attempt": "/gpfs_common/share04/ece592f26/hlee58/tmp/hazel-phase3-20260911/runs/cascadelake/followup-v1/capacity_control/17646a0d93f214cd/attempt-1789185358162331845"}
{"event": "point_noisy", "family": "capacity_control", "flags": ["frequent involuntary context switches"], "attempt": "/gpfs_common/share04/ece592f26/hlee58/tmp/hazel-phase3-20260911/runs/cascadelake/followup-v1/capacity_control/122314ed9ffffa1a/attempt-1789185447452140091"}
{"event": "point_noisy", "family": "capacity_control", "flags": ["frequent involuntary context switches"], "attempt": "/gpfs_common/share04/ece592f26/hlee58/tmp/hazel-phase3-20260911/runs/cascadelake/followup-v1/capacity_control/122314ed9ffffa1a/attempt-1789185518338607636"}
{"event": "point_noisy", "family": "capacity_control", "flags": ["frequent involuntary context switches"], "attempt": "/gpfs_common/share04/ece592f26/hlee58/tmp/hazel-phase3-20260911/runs/cascadelake/followup-v1/capacity_control/122314ed9ffffa1a/attempt-1789185585758404392"}
{"event": "point_noisy", "family": "capacity_control", "flags": ["frequent involuntary context switches"], "attempt": "/gpfs_common/share04/ece592f26/hlee58/tmp/hazel-phase3-20260911/runs/cascadelake/followup-v1/capacity_control/fbbff4de05c22abc/attempt-1789185658506274481"}
{"event": "point_noisy", "family": "capacity_control", "flags": ["frequent involuntary context switches"], "attempt": "/gpfs_common/share04/ece592f26/hlee58/tmp/hazel-phase3-20260911/runs/cascadelake/followup-v1/capacity_control/fbbff4de05c22abc/attempt-1789185662868033414"}
{"event": "point_noisy", "family": "capacity_control", "flags": ["frequent involuntary context switches"], "attempt": "/gpfs_common/share04/ece592f26/hlee58/tmp/hazel-phase3-20260911/runs/cascadelake/followup-v1/capacity_control/fbbff4de05c22abc/attempt-1789185667222057818"}
{"event": "point_noisy", "family": "capacity_control", "flags": ["frequent involuntary context switches"], "attempt": "/gpfs_common/share04/ece592f26/hlee58/tmp/hazel-phase3-20260911/runs/cascadelake/followup-v1/capacity_control/70d1a1662f4691e8/attempt-1789185671564329145"}
{"event": "point_noisy", "family": "capacity_control", "flags": ["frequent involuntary context switches"], "attempt": "/gpfs_common/share04/ece592f26/hlee58/tmp/hazel-phase3-20260911/runs/cascadelake/followup-v1/capacity_control/70d1a1662f4691e8/attempt-1789185726147019327"}
{"event": "point_noisy", "family": "capacity_control", "flags": ["frequent involuntary context switches", "block median drift exceeds 20 percent"], "attempt": "/gpfs_common/share04/ece592f26/hlee58/tmp/hazel-phase3-20260911/runs/cascadelake/followup-v1/capacity_control/70d1a1662f4691e8/attempt-1789185777424636243"}
{"event": "point_noisy", "family": "capacity_control", "flags": ["frequent involuntary context switches", "block median drift exceeds 20 percent"], "attempt": "/gpfs_common/share04/ece592f26/hlee58/tmp/hazel-phase3-20260911/runs/cascadelake/followup-v1/capacity_control/e945db151abab0b8/attempt-1789185830554495640"}
{"event": "point_noisy", "family": "capacity_control", "flags": ["frequent involuntary context switches", "block median drift exceeds 20 percent"], "attempt": "/gpfs_common/share04/ece592f26/hlee58/tmp/hazel-phase3-20260911/runs/cascadelake/followup-v1/capacity_control/e945db151abab0b8/attempt-1789185890078563015"}
{"event": "point_noisy", "family": "capacity_control", "flags": ["frequent involuntary context switches"], "attempt": "/gpfs_common/share04/ece592f26/hlee58/tmp/hazel-phase3-20260911/runs/cascadelake/followup-v1/capacity_control/e945db151abab0b8/attempt-1789185949287180015"}
{"event": "point_noisy", "family": "capacity_control", "flags": ["frequent involuntary context switches", "block median drift exceeds 20 percent"], "attempt": "/gpfs_common/share04/ece592f26/hlee58/tmp/hazel-phase3-20260911/runs/cascadelake/followup-v1/capacity_control/088f6b5d0cf5b408/attempt-1789186004363294969"}
{"event": "point_noisy", "family": "capacity_control", "flags": ["frequent involuntary context switches", "block median drift exceeds 20 percent"], "attempt": "/gpfs_common/share04/ece592f26/hlee58/tmp/hazel-phase3-20260911/runs/cascadelake/followup-v1/capacity_control/088f6b5d0cf5b408/attempt-1789186023201523458"}
{"event": "point_noisy", "family": "capacity_control", "flags": ["frequent involuntary context switches"], "attempt": "/gpfs_common/share04/ece592f26/hlee58/tmp/hazel-phase3-20260911/runs/cascadelake/followup-v1/capacity_control/088f6b5d0cf5b408/attempt-1789186042355514596"}
{"event": "point_noisy", "family": "capacity_control", "flags": ["frequent involuntary context switches"], "attempt": "/gpfs_common/share04/ece592f26/hlee58/tmp/hazel-phase3-20260911/runs/cascadelake/followup-v1/capacity_control/11d8743366efa918/attempt-1789186060136738658"}
{"event": "point_noisy", "family": "capacity_control", "flags": ["frequent involuntary context switches"], "attempt": "/gpfs_common/share04/ece592f26/hlee58/tmp/hazel-phase3-20260911/runs/cascadelake/followup-v1/capacity_control/11d8743366efa918/attempt-1789186064422368935"}
{"event": "point_noisy", "family": "capacity_control", "flags": ["frequent involuntary context switches"], "attempt": "/gpfs_common/share04/ece592f26/hlee58/tmp/hazel-phase3-20260911/runs/cascadelake/followup-v1/capacity_control/11d8743366efa918/attempt-1789186068792476634"}
{"event": "point_noisy", "family": "capacity_control", "flags": ["frequent involuntary context switches"], "attempt": "/gpfs_common/share04/ece592f26/hlee58/tmp/hazel-phase3-20260911/runs/cascadelake/followup-v1/capacity_control/5bcf92573b9321ee/attempt-1789186073176278581"}
{"event": "point_noisy", "family": "capacity_control", "flags": ["frequent involuntary context switches"], "attempt": "/gpfs_common/share04/ece592f26/hlee58/tmp/hazel-phase3-20260911/runs/cascadelake/followup-v1/capacity_control/5bcf92573b9321ee/attempt-1789186079856590489"}
{"event": "point_noisy", "family": "capacity_control", "flags": ["frequent involuntary context switches"], "attempt": "/gpfs_common/share04/ece592f26/hlee58/tmp/hazel-phase3-20260911/runs/cascadelake/followup-v1/capacity_control/5bcf92573b9321ee/attempt-1789186086184589755"}
{"event": "point_noisy", "family": "capacity_control", "flags": ["frequent involuntary context switches"], "attempt": "/gpfs_common/share04/ece592f26/hlee58/tmp/hazel-phase3-20260911/runs/cascadelake/followup-v1/capacity_control/3ade86556c0224c1/attempt-1789186092864865440"}
{"event": "point_noisy", "family": "capacity_control", "flags": ["frequent involuntary context switches"], "attempt": "/gpfs_common/share04/ece592f26/hlee58/tmp/hazel-phase3-20260911/runs/cascadelake/followup-v1/capacity_control/3ade86556c0224c1/attempt-1789186099623979267"}
{"event": "point_noisy", "family": "capacity_control", "flags": ["frequent involuntary context switches"], "attempt": "/gpfs_common/share04/ece592f26/hlee58/tmp/hazel-phase3-20260911/runs/cascadelake/followup-v1/capacity_control/3ade86556c0224c1/attempt-1789186106317602502"}
{"event": "point_noisy", "family": "capacity_control", "flags": ["frequent involuntary context switches"], "attempt": "/gpfs_common/share04/ece592f26/hlee58/tmp/hazel-phase3-20260911/runs/cascadelake/followup-v1/capacity_control/1ffc127ed646affa/attempt-1789186113104945803"}
{"event": "point_noisy", "family": "capacity_control", "flags": ["frequent involuntary context switches"], "attempt": "/gpfs_common/share04/ece592f26/hlee58/tmp/hazel-phase3-20260911/runs/cascadelake/followup-v1/capacity_control/1ffc127ed646affa/attempt-1789186117450092347"}
{"event": "point_noisy", "family": "capacity_control", "flags": ["frequent involuntary context switches"], "attempt": "/gpfs_common/share04/ece592f26/hlee58/tmp/hazel-phase3-20260911/runs/cascadelake/followup-v1/capacity_control/1ffc127ed646affa/attempt-1789186121883487973"}
{"event": "point_noisy", "family": "capacity_control", "flags": ["frequent involuntary context switches"], "attempt": "/gpfs_common/share04/ece592f26/hlee58/tmp/hazel-phase3-20260911/runs/cascadelake/followup-v1/capacity_control/21a64f78b9183ef8/attempt-1789186125534489293"}
{"event": "point_noisy", "family": "capacity_control", "flags": ["frequent involuntary context switches"], "attempt": "/gpfs_common/share04/ece592f26/hlee58/tmp/hazel-phase3-20260911/runs/cascadelake/followup-v1/capacity_control/21a64f78b9183ef8/attempt-1789186142047904949"}
{"event": "point_noisy", "family": "capacity_control", "flags": ["frequent involuntary context switches"], "attempt": "/gpfs_common/share04/ece592f26/hlee58/tmp/hazel-phase3-20260911/runs/cascadelake/followup-v1/capacity_control/21a64f78b9183ef8/attempt-1789186158580675441"}
{"event": "point_noisy", "family": "capacity_control", "flags": ["frequent involuntary context switches"], "attempt": "/gpfs_common/share04/ece592f26/hlee58/tmp/hazel-phase3-20260911/runs/cascadelake/followup-v1/capacity_control/eb45718f67b19dd5/attempt-1789186175142574915"}
{"event": "point_noisy", "family": "capacity_control", "flags": ["frequent involuntary context switches"], "attempt": "/gpfs_common/share04/ece592f26/hlee58/tmp/hazel-phase3-20260911/runs/cascadelake/followup-v1/capacity_control/eb45718f67b19dd5/attempt-1789186181959687451"}
{"event": "point_noisy", "family": "capacity_control", "flags": ["frequent involuntary context switches"], "attempt": "/gpfs_common/share04/ece592f26/hlee58/tmp/hazel-phase3-20260911/runs/cascadelake/followup-v1/capacity_control/eb45718f67b19dd5/attempt-1789186188941960811"}
{"event": "point_noisy", "family": "capacity_control", "flags": ["frequent involuntary context switches"], "attempt": "/gpfs_common/share04/ece592f26/hlee58/tmp/hazel-phase3-20260911/runs/cascadelake/followup-v1/capacity_control/86076ff4cb3cb56d/attempt-1789186195858147827"}
{"event": "point_noisy", "family": "capacity_control", "flags": ["frequent involuntary context switches"], "attempt": "/gpfs_common/share04/ece592f26/hlee58/tmp/hazel-phase3-20260911/runs/cascadelake/followup-v1/capacity_control/86076ff4cb3cb56d/attempt-1789186200182735258"}
{"event": "point_noisy", "family": "capacity_control", "flags": ["frequent involuntary context switches"], "attempt": "/gpfs_common/share04/ece592f26/hlee58/tmp/hazel-phase3-20260911/runs/cascadelake/followup-v1/capacity_control/86076ff4cb3cb56d/attempt-1789186204520069010"}
{"event": "point_noisy", "family": "capacity_control", "flags": ["frequent involuntary context switches"], "attempt": "/gpfs_common/share04/ece592f26/hlee58/tmp/hazel-phase3-20260911/runs/cascadelake/followup-v1/capacity_control/c4984edaf467b251/attempt-1789186208798623284"}
{"event": "point_passed", "family": "capacity_control", "params": {"mode": "chase", "bytes": 65536, "stride": 8, "offset": 0, "batch": 512, "seed": 5922026, "order": "random", "page": "huge", "align": 0, "address_list": "-", "extra_args": [0, "huge", "-", -1]}, "median": 7.828125}
{"event": "point_noisy", "family": "capacity_control", "flags": ["frequent involuntary context switches", "block median drift exceeds 20 percent"], "attempt": "/gpfs_common/share04/ece592f26/hlee58/tmp/hazel-phase3-20260911/runs/cascadelake/followup-v1/capacity_control/7bd33fe71a75f41d/attempt-1789186222895074923"}
{"event": "point_noisy", "family": "capacity_control", "flags": ["frequent involuntary context switches", "block median drift exceeds 20 percent"], "attempt": "/gpfs_common/share04/ece592f26/hlee58/tmp/hazel-phase3-20260911/runs/cascadelake/followup-v1/capacity_control/7bd33fe71a75f41d/attempt-1789186254060122853"}
{"event": "point_noisy", "family": "capacity_control", "flags": ["frequent involuntary context switches", "block median drift exceeds 20 percent"], "attempt": "/gpfs_common/share04/ece592f26/hlee58/tmp/hazel-phase3-20260911/runs/cascadelake/followup-v1/capacity_control/7bd33fe71a75f41d/attempt-1789186289249961750"}
{"event": "point_noisy", "family": "capacity_control", "flags": ["frequent involuntary context switches"], "attempt": "/gpfs_common/share04/ece592f26/hlee58/tmp/hazel-phase3-20260911/runs/cascadelake/followup-v1/capacity_control/de183322a1fd55f4/attempt-1789186324623206830"}
{"event": "point_noisy", "family": "capacity_control", "flags": ["frequent involuntary context switches"], "attempt": "/gpfs_common/share04/ece592f26/hlee58/tmp/hazel-phase3-20260911/runs/cascadelake/followup-v1/capacity_control/de183322a1fd55f4/attempt-1789186338899325084"}
{"event": "point_noisy", "family": "capacity_control", "flags": ["frequent involuntary context switches", "block median drift exceeds 20 percent"], "attempt": "/gpfs_common/share04/ece592f26/hlee58/tmp/hazel-phase3-20260911/runs/cascadelake/followup-v1/capacity_control/de183322a1fd55f4/attempt-1789186353073163926"}
{"event": "point_passed", "family": "capacity_control", "params": {"mode": "chase", "bytes": 32768, "stride": 8, "offset": 0, "batch": 512, "seed": 5922026, "order": "random", "page": "huge", "align": 0, "address_list": "-", "extra_args": [0, "huge", "-", -1]}, "median": 3.359375}
{"event": "point_noisy", "family": "capacity_control", "flags": ["frequent involuntary context switches"], "attempt": "/gpfs_common/share04/ece592f26/hlee58/tmp/hazel-phase3-20260911/runs/cascadelake/followup-v1/capacity_control/0cde3b45f8c691d3/attempt-1789186383571649039"}
{"event": "point_passed", "family": "capacity_control", "params": {"mode": "chase", "bytes": 1048576, "stride": 8, "offset": 0, "batch": 512, "seed": 5922026, "order": "random", "page": "huge", "align": 0, "address_list": "-", "extra_args": [0, "huge", "-", -1]}, "median": 11.3515625}
{"event": "point_passed", "family": "capacity_control", "params": {"mode": "chase", "bytes": 2048, "stride": 8, "offset": 0, "batch": 512, "seed": 5922026, "order": "random", "page": "huge", "align": 0, "address_list": "-", "extra_args": [0, "huge", "-", -1]}, "median": 3.328125}
{"event": "point_noisy", "family": "capacity_control", "flags": ["block median drift exceeds 20 percent"], "attempt": "/gpfs_common/share04/ece592f26/hlee58/tmp/hazel-phase3-20260911/runs/cascadelake/followup-v1/capacity_control/960ca831e3f1d88e/attempt-1789186408797021900"}
{"event": "point_noisy", "family": "capacity_control", "flags": ["block median drift exceeds 20 percent"], "attempt": "/gpfs_common/share04/ece592f26/hlee58/tmp/hazel-phase3-20260911/runs/cascadelake/followup-v1/capacity_control/960ca831e3f1d88e/attempt-1789186470823116800"}
{"event": "point_passed", "family": "capacity_control", "params": {"mode": "chase", "bytes": 33554432, "stride": 8, "offset": 0, "batch": 512, "seed": 5922026, "order": "random", "page": "huge", "align": 0, "address_list": "-", "extra_args": [0, "huge", "-", -1]}, "median": 413.6796875}
{"event": "point_passed", "family": "capacity_control", "params": {"mode": "chase", "bytes": 268435456, "stride": 8, "offset": 0, "batch": 512, "seed": 5922026, "order": "random", "page": "huge", "align": 0, "address_list": "-", "extra_args": [0, "huge", "-", -1]}, "median": 418.16796875}
{"event": "point_passed", "family": "capacity_control", "params": {"mode": "chase", "bytes": 1024, "stride": 64, "offset": 0, "batch": 512, "seed": 5922026, "order": "random", "page": "huge", "align": 0, "address_list": "-", "extra_args": [0, "huge", "-", -1]}, "median": 3.33203125}
{"event": "point_noisy", "family": "capacity_control", "flags": ["frequent involuntary context switches"], "attempt": "/gpfs_common/share04/ece592f26/hlee58/tmp/hazel-phase3-20260911/runs/cascadelake/followup-v1/capacity_control/ebe8f65529b42f83/attempt-1789186753211979096"}
{"event": "point_noisy", "family": "capacity_control", "flags": ["frequent involuntary context switches"], "attempt": "/gpfs_common/share04/ece592f26/hlee58/tmp/hazel-phase3-20260911/runs/cascadelake/followup-v1/capacity_control/ebe8f65529b42f83/attempt-1789186762884333092"}
{"event": "point_noisy", "family": "capacity_control", "flags": ["frequent involuntary context switches"], "attempt": "/gpfs_common/share04/ece592f26/hlee58/tmp/hazel-phase3-20260911/runs/cascadelake/followup-v1/capacity_control/ebe8f65529b42f83/attempt-1789186769025673404"}
{"event": "point_passed", "family": "capacity_control", "params": {"mode": "chase", "bytes": 32768, "stride": 64, "offset": 0, "batch": 512, "seed": 5922026, "order": "random", "page": "huge", "align": 0, "address_list": "-", "extra_args": [0, "huge", "-", -1]}, "median": 3.83984375}
{"event": "point_noisy", "family": "capacity_control", "flags": ["frequent involuntary context switches", "block median drift exceeds 20 percent"], "attempt": "/gpfs_common/share04/ece592f26/hlee58/tmp/hazel-phase3-20260911/runs/cascadelake/followup-v1/capacity_control/16238961fa322996/attempt-1789186781726437864"}
{"event": "point_noisy", "family": "capacity_control", "flags": ["frequent involuntary context switches"], "attempt": "/gpfs_common/share04/ece592f26/hlee58/tmp/hazel-phase3-20260911/runs/cascadelake/followup-v1/capacity_control/16238961fa322996/attempt-1789186873998587316"}
{"event": "point_noisy", "family": "capacity_control", "flags": ["frequent involuntary context switches"], "attempt": "/gpfs_common/share04/ece592f26/hlee58/tmp/hazel-phase3-20260911/runs/cascadelake/followup-v1/capacity_control/16238961fa322996/attempt-1789186925397466139"}
{"event": "point_noisy", "family": "capacity_control", "flags": ["frequent involuntary context switches"], "attempt": "/gpfs_common/share04/ece592f26/hlee58/tmp/hazel-phase3-20260911/runs/cascadelake/followup-v1/capacity_control/3ce59bbd207d9f88/attempt-1789186976650325161"}
{"event": "point_passed", "family": "capacity_control", "params": {"mode": "chase", "bytes": 4096, "stride": 64, "offset": 0, "batch": 512, "seed": 5922026, "order": "random", "page": "huge", "align": 0, "address_list": "-", "extra_args": [0, "huge", "-", -1]}, "median": 3.33203125}
{"event": "point_noisy", "family": "capacity_control", "flags": ["frequent involuntary context switches"], "attempt": "/gpfs_common/share04/ece592f26/hlee58/tmp/hazel-phase3-20260911/runs/cascadelake/followup-v1/capacity_control/8f2ab4f0652867ed/attempt-1789186985377789566"}
{"event": "point_noisy", "family": "capacity_control", "flags": ["frequent involuntary context switches"], "attempt": "/gpfs_common/share04/ece592f26/hlee58/tmp/hazel-phase3-20260911/runs/cascadelake/followup-v1/capacity_control/8f2ab4f0652867ed/attempt-1789186989693531845"}
{"event": "point_noisy", "family": "capacity_control", "flags": ["frequent involuntary context switches"], "attempt": "/gpfs_common/share04/ece592f26/hlee58/tmp/hazel-phase3-20260911/runs/cascadelake/followup-v1/capacity_control/8f2ab4f0652867ed/attempt-1789186994028674572"}
{"event": "point_noisy", "family": "capacity_control", "flags": ["frequent involuntary context switches", "block median drift exceeds 20 percent"], "attempt": "/gpfs_common/share04/ece592f26/hlee58/tmp/hazel-phase3-20260911/runs/cascadelake/followup-v1/capacity_control/c29e0a8fac95b304/attempt-1789186998350850253"}
{"event": "point_noisy", "family": "capacity_control", "flags": ["frequent involuntary context switches", "block median drift exceeds 20 percent"], "attempt": "/gpfs_common/share04/ece592f26/hlee58/tmp/hazel-phase3-20260911/runs/cascadelake/followup-v1/capacity_control/c29e0a8fac95b304/attempt-1789187033045182253"}
{"event": "point_noisy", "family": "capacity_control", "flags": ["frequent involuntary context switches", "block median drift exceeds 20 percent"], "attempt": "/gpfs_common/share04/ece592f26/hlee58/tmp/hazel-phase3-20260911/runs/cascadelake/followup-v1/capacity_control/c29e0a8fac95b304/attempt-1789187071052538676"}
{"event": "point_passed", "family": "capacity_control", "params": {"mode": "chase", "bytes": 4194304, "stride": 64, "offset": 0, "batch": 512, "seed": 5922026, "order": "random", "page": "huge", "align": 0, "address_list": "-", "extra_args": [0, "huge", "-", -1]}, "median": 62.56640625}
{"event": "point_noisy", "family": "capacity_control", "flags": ["frequent involuntary context switches"], "attempt": "/gpfs_common/share04/ece592f26/hlee58/tmp/hazel-phase3-20260911/runs/cascadelake/followup-v1/capacity_control/ccf382c9bad1f356/attempt-1789187127327017061"}
{"event": "point_noisy", "family": "capacity_control", "flags": ["frequent involuntary context switches"], "attempt": "/gpfs_common/share04/ece592f26/hlee58/tmp/hazel-phase3-20260911/runs/cascadelake/followup-v1/capacity_control/ccf382c9bad1f356/attempt-1789187133736695319"}
{"event": "point_noisy", "family": "capacity_control", "flags": ["frequent involuntary context switches"], "attempt": "/gpfs_common/share04/ece592f26/hlee58/tmp/hazel-phase3-20260911/runs/cascadelake/followup-v1/capacity_control/ccf382c9bad1f356/attempt-1789187140222608777"}
{"event": "point_noisy", "family": "capacity_control", "flags": ["frequent involuntary context switches"], "attempt": "/gpfs_common/share04/ece592f26/hlee58/tmp/hazel-phase3-20260911/runs/cascadelake/followup-v1/capacity_control/e05f91aec0a120e8/attempt-1789187146625669527"}
{"event": "point_noisy", "family": "capacity_control", "flags": ["frequent involuntary context switches"], "attempt": "/gpfs_common/share04/ece592f26/hlee58/tmp/hazel-phase3-20260911/runs/cascadelake/followup-v1/capacity_control/e05f91aec0a120e8/attempt-1789187152931189916"}
{"event": "point_noisy", "family": "capacity_control", "flags": ["frequent involuntary context switches"], "attempt": "/gpfs_common/share04/ece592f26/hlee58/tmp/hazel-phase3-20260911/runs/cascadelake/followup-v1/capacity_control/e05f91aec0a120e8/attempt-1789187159348053343"}
{"event": "point_noisy", "family": "capacity_control", "flags": ["frequent involuntary context switches"], "attempt": "/gpfs_common/share04/ece592f26/hlee58/tmp/hazel-phase3-20260911/runs/cascadelake/followup-v1/capacity_control/4ec643ebf013e2f9/attempt-1789187165578807906"}
{"event": "point_noisy", "family": "capacity_control", "flags": ["frequent involuntary context switches"], "attempt": "/gpfs_common/share04/ece592f26/hlee58/tmp/hazel-phase3-20260911/runs/cascadelake/followup-v1/capacity_control/4ec643ebf013e2f9/attempt-1789187169917525044"}
{"event": "point_noisy", "family": "capacity_control", "flags": ["frequent involuntary context switches"], "attempt": "/gpfs_common/share04/ece592f26/hlee58/tmp/hazel-phase3-20260911/runs/cascadelake/followup-v1/capacity_control/4ec643ebf013e2f9/attempt-1789187174198255646"}
{"event": "point_noisy", "family": "capacity_control", "flags": ["frequent involuntary context switches"], "attempt": "/gpfs_common/share04/ece592f26/hlee58/tmp/hazel-phase3-20260911/runs/cascadelake/followup-v1/capacity_control/4b98e13dd05ee7e8/attempt-1789187178441607862"}
{"event": "point_noisy", "family": "capacity_control", "flags": ["frequent involuntary context switches"], "attempt": "/gpfs_common/share04/ece592f26/hlee58/tmp/hazel-phase3-20260911/runs/cascadelake/followup-v1/capacity_control/4b98e13dd05ee7e8/attempt-1789187182739782254"}
{"event": "point_noisy", "family": "capacity_control", "flags": ["frequent involuntary context switches"], "attempt": "/gpfs_common/share04/ece592f26/hlee58/tmp/hazel-phase3-20260911/runs/cascadelake/followup-v1/capacity_control/4b98e13dd05ee7e8/attempt-1789187187058021019"}
{"event": "point_noisy", "family": "capacity_control", "flags": ["frequent involuntary context switches"], "attempt": "/gpfs_common/share04/ece592f26/hlee58/tmp/hazel-phase3-20260911/runs/cascadelake/followup-v1/capacity_control/822891cd20b6d691/attempt-1789187191337964653"}
{"event": "point_noisy", "family": "capacity_control", "flags": ["frequent involuntary context switches"], "attempt": "/gpfs_common/share04/ece592f26/hlee58/tmp/hazel-phase3-20260911/runs/cascadelake/followup-v1/capacity_control/822891cd20b6d691/attempt-1789187211527681517"}
{"event": "point_noisy", "family": "capacity_control", "flags": ["frequent involuntary context switches"], "attempt": "/gpfs_common/share04/ece592f26/hlee58/tmp/hazel-phase3-20260911/runs/cascadelake/followup-v1/capacity_control/822891cd20b6d691/attempt-1789187231616374260"}
{"event": "point_noisy", "family": "capacity_control", "flags": ["frequent involuntary context switches", "block median drift exceeds 20 percent"], "attempt": "/gpfs_common/share04/ece592f26/hlee58/tmp/hazel-phase3-20260911/runs/cascadelake/followup-v1/capacity_control/9201246a0b2103d6/attempt-1789187252146156600"}
{"event": "point_noisy", "family": "capacity_control", "flags": ["frequent involuntary context switches", "block median drift exceeds 20 percent"], "attempt": "/gpfs_common/share04/ece592f26/hlee58/tmp/hazel-phase3-20260911/runs/cascadelake/followup-v1/capacity_control/9201246a0b2103d6/attempt-1789187307977941373"}
{"event": "point_noisy", "family": "capacity_control", "flags": ["frequent involuntary context switches"], "attempt": "/gpfs_common/share04/ece592f26/hlee58/tmp/hazel-phase3-20260911/runs/cascadelake/followup-v1/capacity_control/9201246a0b2103d6/attempt-1789187363031984459"}
{"event": "point_noisy", "family": "capacity_control", "flags": ["frequent involuntary context switches"], "attempt": "/gpfs_common/share04/ece592f26/hlee58/tmp/hazel-phase3-20260911/runs/cascadelake/followup-v1/capacity_control/a7eb72d141407117/attempt-1789187415920890965"}
{"event": "point_noisy", "family": "capacity_control", "flags": ["frequent involuntary context switches", "block median drift exceeds 20 percent"], "attempt": "/gpfs_common/share04/ece592f26/hlee58/tmp/hazel-phase3-20260911/runs/cascadelake/followup-v1/capacity_control/a7eb72d141407117/attempt-1789187471548551313"}
{"event": "point_noisy", "family": "capacity_control", "flags": ["frequent involuntary context switches", "block median drift exceeds 20 percent"], "attempt": "/gpfs_common/share04/ece592f26/hlee58/tmp/hazel-phase3-20260911/runs/cascadelake/followup-v1/capacity_control/a7eb72d141407117/attempt-1789187527772405268"}
{"event": "point_noisy", "family": "capacity_control", "flags": ["frequent involuntary context switches"], "attempt": "/gpfs_common/share04/ece592f26/hlee58/tmp/hazel-phase3-20260911/runs/cascadelake/followup-v1/capacity_control/384df940a5840b5f/attempt-1789187582250283521"}
{"event": "point_noisy", "family": "capacity_control", "flags": ["frequent involuntary context switches"], "attempt": "/gpfs_common/share04/ece592f26/hlee58/tmp/hazel-phase3-20260911/runs/cascadelake/followup-v1/capacity_control/384df940a5840b5f/attempt-1789187632977448716"}
{"event": "point_noisy", "family": "capacity_control", "flags": ["frequent involuntary context switches", "block median drift exceeds 20 percent"], "attempt": "/gpfs_common/share04/ece592f26/hlee58/tmp/hazel-phase3-20260911/runs/cascadelake/followup-v1/capacity_control/384df940a5840b5f/attempt-1789187686183473179"}
{"event": "point_noisy", "family": "capacity_control", "flags": ["frequent involuntary context switches"], "attempt": "/gpfs_common/share04/ece592f26/hlee58/tmp/hazel-phase3-20260911/runs/cascadelake/followup-v1/capacity_control/ed5c4a7d228a1113/attempt-1789187740573136333"}
{"event": "point_noisy", "family": "capacity_control", "flags": ["frequent involuntary context switches"], "attempt": "/gpfs_common/share04/ece592f26/hlee58/tmp/hazel-phase3-20260911/runs/cascadelake/followup-v1/capacity_control/ed5c4a7d228a1113/attempt-1789187746183394617"}
{"event": "point_noisy", "family": "capacity_control", "flags": ["frequent involuntary context switches"], "attempt": "/gpfs_common/share04/ece592f26/hlee58/tmp/hazel-phase3-20260911/runs/cascadelake/followup-v1/capacity_control/ed5c4a7d228a1113/attempt-1789187751859639153"}
{"event": "point_noisy", "family": "capacity_control", "flags": ["frequent involuntary context switches"], "attempt": "/gpfs_common/share04/ece592f26/hlee58/tmp/hazel-phase3-20260911/runs/cascadelake/followup-v1/capacity_control/c09142984add42be/attempt-1789187757391414684"}
{"event": "point_passed", "family": "capacity_control", "params": {"mode": "chase", "bytes": 2097152, "stride": 64, "offset": 0, "batch": 512, "seed": 5922026, "order": "random", "page": "huge", "align": 0, "address_list": "-", "extra_args": [0, "huge", "-", -1]}, "median": 61.68359375}
{"event": "point_passed", "family": "capacity_control", "params": {"mode": "chase", "bytes": 1048576, "stride": 64, "offset": 0, "batch": 512, "seed": 5922026, "order": "random", "page": "huge", "align": 0, "address_list": "-", "extra_args": [0, "huge", "-", -1]}, "median": 11.6484375}
{"event": "point_passed", "family": "capacity_refinement", "params": {"mode": "chase", "bytes": 1310720, "stride": 64, "offset": 0, "batch": 512, "seed": 5922026, "order": "random", "page": "base", "comparison_interval": [1048576, 2097152], "align": 0, "address_list": "-", "extra_args": [0, "base", "-", -1]}, "median": 51.453125}
{"event": "point_passed", "family": "capacity_refinement", "params": {"mode": "chase", "bytes": 1572864, "stride": 64, "offset": 0, "batch": 512, "seed": 5922026, "order": "random", "page": "base", "comparison_interval": [1048576, 2097152], "align": 0, "address_list": "-", "extra_args": [0, "base", "-", -1]}, "median": 61.890625}
{"event": "point_passed", "family": "capacity_refinement", "params": {"mode": "chase", "bytes": 1441792, "stride": 64, "offset": 0, "batch": 512, "seed": 5922026, "order": "random", "page": "base", "comparison_interval": [1048576, 2097152], "align": 0, "address_list": "-", "extra_args": [0, "base", "-", -1]}, "median": 56.8828125}
{"event": "point_passed", "family": "capacity_refinement", "params": {"mode": "chase", "bytes": 1835008, "stride": 64, "offset": 0, "batch": 512, "seed": 5922026, "order": "random", "page": "base", "comparison_interval": [1048576, 2097152], "align": 0, "address_list": "-", "extra_args": [0, "base", "-", -1]}, "median": 66.390625}
{"event": "point_noisy", "family": "capacity_refinement", "flags": ["block median drift exceeds 20 percent"], "attempt": "/gpfs_common/share04/ece592f26/hlee58/tmp/hazel-phase3-20260911/runs/cascadelake/followup-v1/capacity_refinement/c7180702c1cc5459/attempt-1789187881883315082"}
{"event": "point_passed", "family": "capacity_refinement", "params": {"mode": "chase", "bytes": 1703936, "stride": 64, "offset": 0, "batch": 512, "seed": 5922026, "order": "random", "page": "base", "comparison_interval": [1048576, 2097152], "align": 0, "address_list": "-", "extra_args": [0, "base", "-", -1]}, "median": 76.1328125}
{"event": "point_passed", "family": "capacity_refinement", "params": {"mode": "chase", "bytes": 2097152, "stride": 64, "offset": 0, "batch": 512, "seed": 5922026, "order": "random", "page": "base", "comparison_interval": [1048576, 2097152], "align": 0, "address_list": "-", "extra_args": [0, "base", "-", -1]}, "median": 67.08984375}
{"event": "point_noisy", "family": "capacity_refinement", "flags": ["block median drift exceeds 20 percent"], "attempt": "/gpfs_common/share04/ece592f26/hlee58/tmp/hazel-phase3-20260911/runs/cascadelake/followup-v1/capacity_refinement/70518e1da6ec20af/attempt-1789187950277212349"}
{"event": "point_passed", "family": "capacity_refinement", "params": {"mode": "chase", "bytes": 1048576, "stride": 64, "offset": 0, "batch": 512, "seed": 5922026, "order": "random", "page": "base", "comparison_interval": [1048576, 2097152], "align": 0, "address_list": "-", "extra_args": [0, "base", "-", -1]}, "median": 29.34765625}
{"event": "point_passed", "family": "capacity_refinement", "params": {"mode": "chase", "bytes": 1179648, "stride": 64, "offset": 0, "batch": 512, "seed": 5922026, "order": "random", "page": "base", "comparison_interval": [1048576, 2097152], "align": 0, "address_list": "-", "extra_args": [0, "base", "-", -1]}, "median": 43.75}
{"event": "point_passed", "family": "capacity_refinement", "params": {"mode": "chase", "bytes": 1966080, "stride": 64, "offset": 0, "batch": 512, "seed": 5922026, "order": "random", "page": "base", "comparison_interval": [1048576, 2097152], "align": 0, "address_list": "-", "extra_args": [0, "base", "-", -1]}, "median": 65.81640625}
{"event": "point_passed", "family": "capacity_refinement", "params": {"mode": "chase", "bytes": 2097152, "stride": 64, "offset": 0, "batch": 512, "seed": 5922026, "order": "random", "page": "huge", "comparison_interval": [1048576, 2097152], "align": 0, "address_list": "-", "extra_args": [0, "huge", "-", -1]}, "median": 61.6875}
{"event": "point_passed", "family": "capacity_refinement", "params": {"mode": "chase", "bytes": 1703936, "stride": 64, "offset": 0, "batch": 512, "seed": 5922026, "order": "random", "page": "huge", "comparison_interval": [1048576, 2097152], "align": 0, "address_list": "-", "extra_args": [0, "huge", "-", -1]}, "median": 60.40625}
{"event": "point_passed", "family": "capacity_refinement", "params": {"mode": "chase", "bytes": 1179648, "stride": 64, "offset": 0, "batch": 512, "seed": 5922026, "order": "random", "page": "huge", "comparison_interval": [1048576, 2097152], "align": 0, "address_list": "-", "extra_args": [0, "huge", "-", -1]}, "median": 30.484375}
{"event": "point_passed", "family": "capacity_refinement", "params": {"mode": "chase", "bytes": 1310720, "stride": 64, "offset": 0, "batch": 512, "seed": 5922026, "order": "random", "page": "huge", "comparison_interval": [1048576, 2097152], "align": 0, "address_list": "-", "extra_args": [0, "huge", "-", -1]}, "median": 42.7890625}
{"event": "point_passed", "family": "capacity_refinement", "params": {"mode": "chase", "bytes": 1835008, "stride": 64, "offset": 0, "batch": 512, "seed": 5922026, "order": "random", "page": "huge", "comparison_interval": [1048576, 2097152], "align": 0, "address_list": "-", "extra_args": [0, "huge", "-", -1]}, "median": 61.48828125}
{"event": "point_passed", "family": "capacity_refinement", "params": {"mode": "chase", "bytes": 1048576, "stride": 64, "offset": 0, "batch": 512, "seed": 5922026, "order": "random", "page": "huge", "comparison_interval": [1048576, 2097152], "align": 0, "address_list": "-", "extra_args": [0, "huge", "-", -1]}, "median": 11.66015625}
{"event": "point_noisy", "family": "capacity_refinement", "flags": ["block median drift exceeds 20 percent"], "attempt": "/gpfs_common/share04/ece592f26/hlee58/tmp/hazel-phase3-20260911/runs/cascadelake/followup-v1/capacity_refinement/af5a884281e7a55b/attempt-1789188111185758558"}
{"event": "point_noisy", "family": "capacity_refinement", "flags": ["block median drift exceeds 20 percent"], "attempt": "/gpfs_common/share04/ece592f26/hlee58/tmp/hazel-phase3-20260911/runs/cascadelake/followup-v1/capacity_refinement/af5a884281e7a55b/attempt-1789188128799678327"}
{"event": "point_passed", "family": "capacity_refinement", "params": {"mode": "chase", "bytes": 1441792, "stride": 64, "offset": 0, "batch": 512, "seed": 5922026, "order": "random", "page": "huge", "comparison_interval": [1048576, 2097152], "align": 0, "address_list": "-", "extra_args": [0, "huge", "-", -1]}, "median": 59.5703125}
{"event": "point_passed", "family": "capacity_refinement", "params": {"mode": "chase", "bytes": 1572864, "stride": 64, "offset": 0, "batch": 512, "seed": 5922026, "order": "random", "page": "huge", "comparison_interval": [1048576, 2097152], "align": 0, "address_list": "-", "extra_args": [0, "huge", "-", -1]}, "median": 60.53125}
{"event": "point_passed", "family": "capacity_refinement", "params": {"mode": "chase", "bytes": 1966080, "stride": 64, "offset": 0, "batch": 512, "seed": 5922026, "order": "random", "page": "huge", "comparison_interval": [1048576, 2097152], "align": 0, "address_list": "-", "extra_args": [0, "huge", "-", -1]}, "median": 60.359375}
{"event": "point_passed", "family": "capacity_regular", "params": {"mode": "chase", "bytes": 1048576, "stride": 64, "offset": 0, "batch": 512, "seed": 5922026, "order": "regular", "page": "huge", "align": 0, "address_list": "-", "extra_args": [0, "huge", "-", -1]}, "median": 9.44140625}
{"event": "point_noisy", "family": "capacity_regular", "flags": ["frequent involuntary context switches", "block median drift exceeds 20 percent"], "attempt": "/gpfs_common/share04/ece592f26/hlee58/tmp/hazel-phase3-20260911/runs/cascadelake/followup-v1/capacity_regular/37102ca087c02264/attempt-1789188212606652536"}
{"event": "point_passed", "family": "capacity_regular", "params": {"mode": "chase", "bytes": 2097152, "stride": 64, "offset": 0, "batch": 512, "seed": 5922026, "order": "regular", "page": "huge", "align": 0, "address_list": "-", "extra_args": [0, "huge", "-", -1]}, "median": 14.26171875}
Follow-up segment job=811154 constraint=cascadelake stage=capacity status=0 end=2026-09-12T00:43:56-04:00
{"record": "/gpfs_common/share04/ece592f26/hlee58/tmp/hazel-phase3-20260911/submissions/cascadelake/followup-confirm-20260912T044356.825939Z.json", "returncode": 0, "job_id": "811245", "stderr": ""}
