{"event": "point_passed", "family": "calibration", "params": {"mode": "loop", "bytes": 1024, "stride": 8, "offset": 0, "batch": 4096, "seed": 5924101, "order": "random", "streams": 1, "extra_args": [1], "repetition": 0}, "median": 0.4169921875}
{"event": "point_passed", "family": "calibration", "params": {"mode": "chase", "bytes": 1024, "stride": 8, "offset": 0, "batch": 4096, "seed": 5924101, "order": "random", "streams": 1, "extra_args": [1], "repetition": 0}, "median": 3.25048828125}
{"event": "point_passed", "family": "calibration", "params": {"mode": "loop", "bytes": 1024, "stride": 8, "offset": 0, "batch": 4096, "seed": 5924101, "order": "random", "streams": 1, "extra_args": [1], "repetition": 1}, "median": 0.4169921875}
{"event": "point_passed", "family": "calibration", "params": {"mode": "chase", "bytes": 1024, "stride": 8, "offset": 0, "batch": 4096, "seed": 5924101, "order": "random", "streams": 1, "extra_args": [1], "repetition": 1}, "median": 3.25048828125}
{"event": "point_passed", "family": "calibration", "params": {"mode": "chase", "bytes": 1024, "stride": 8, "offset": 0, "batch": 4096, "seed": 5924101, "order": "random", "streams": 1, "extra_args": [1], "repetition": 2}, "median": 3.25048828125}
{"event": "point_passed", "family": "calibration", "params": {"mode": "chase", "bytes": 1024, "stride": 8, "offset": 0, "batch": 4096, "seed": 5924101, "order": "random", "streams": 4, "extra_args": [4], "repetition": 2}, "median": 0.82275390625}

------------------------------------------------------------
Resource usage summary:

    Job ID            : 815842
    Job name          : hz-cascadela-indep
    User / Account    : hlee58 / ece592f26_cpu
    Partition / QOS   : compute / normal
    Submitted         : 2026-09-12T17:34:08
    Started           : 2026-09-12T17:34:23
    Wait time         : 15 sec
    Elapsed (wall)    : 00:00:42
    Nodes             : 1 (c020n01)
    CPUs allocated    : 2
    Tasks             : 1
    CPU time (total)  : 27.18 sec  (user 26.93, sys 0.25)
    CPU efficiency    : 32.4%
    Memory in use     : 59.70 MB  (sampled at job end; see seff for peak)
    Memory requested  : 2G
    Working directory : /gpfs_common/share03/rotenberg/hlee58/ECE592_proj1
    Exit code         : 0:0

    For final accounting (Slurm's MaxRSS, billing, etc.):  seff 815842
------------------------------------------------------------
