Hazel segment: job=810623 constraint=cascadelake stage=smoke start=2026-09-11T22:05:57-04:00
Invocation: srun --cpu-bind=cores --hint=nomultithread python3 scripts/hazel_worker.py smoke
{"event": "point_passed", "family": "timer", "params": {"mode": "overhead", "bytes": 1024, "stride": 8, "offset": 0, "batch": 128, "seed": 5922026, "order": "random"}, "median": 48.0}
{"event": "point_passed", "family": "loop", "params": {"mode": "loop", "bytes": 1024, "stride": 8, "offset": 0, "batch": 128, "seed": 5922026, "order": "random"}, "median": 1.6875}
{"event": "point_passed", "family": "capacity", "params": {"mode": "chase", "bytes": 1024, "stride": 8, "offset": 0, "batch": 128, "seed": 5922026, "order": "random"}, "median": 3.65625}
{"event": "point_passed", "family": "capacity", "params": {"mode": "chase", "bytes": 65536, "stride": 8, "offset": 0, "batch": 128, "seed": 5922026, "order": "regular"}, "median": 3.71875}
{"event": "point_passed", "family": "line_size", "params": {"mode": "spatial", "bytes": 65536, "stride": 512, "offset": 56, "batch": 128, "seed": 5922026, "order": "random"}, "median": 7.671875}
{"event": "point_passed", "family": "associativity", "params": {"mode": "chase", "bytes": 36864, "stride": 4096, "offset": 0, "batch": 128, "seed": 5922026, "order": "random"}, "median": 8.125}
{"event": "point_passed", "family": "inclusion_policy", "params": {"mode": "reload", "bytes": 65536, "stride": 8, "offset": 0, "batch": 128, "seed": 5922026, "order": "random"}, "median": 58.0}
Hazel segment: job=810623 constraint=cascadelake stage=smoke status=0 end=2026-09-11T22:06:13-04:00

------------------------------------------------------------
Resource usage summary:

    Job ID            : 810623
    Job name          : hz-cascadelak-smoke
    User / Account    : hlee58 / ece592f26_cpu
    Partition / QOS   : compute / normal
    Submitted         : 2026-09-11T22:05:42
    Started           : 2026-09-11T22:05:55
    Wait time         : 13 sec
    Elapsed (wall)    : 00:00:37
    Nodes             : 1 (c020n02)
    CPUs allocated    : 2
    Tasks             : 1
    CPU time (total)  : 1.36 sec  (user 1.09, sys 0.29)
    CPU efficiency    : 1.8%
    Memory in use     : 59.30 MB  (sampled at job end; see seff for peak)
    Memory requested  : 2G
    Working directory : /gpfs_common/share03/rotenberg/hlee58/ECE592_proj1
    Exit code         : 0:0

    For final accounting (Slurm's MaxRSS, billing, etc.):  seff 810623
------------------------------------------------------------
