empty            32 KiB, 1000000 batches x 4096 loads
sequential       32 KiB, 1000000 batches x 4096 loads
sequential      120 KiB, 1000000 batches x 4096 loads
random           72 KiB, 1000000 batches x 4096 loads
sequential       72 KiB, 1000000 batches x 4096 loads
sequential      112 KiB, 1000000 batches x 4096 loads
random          128 KiB, 1000000 batches x 4096 loads
random           88 KiB, 1000000 batches x 4096 loads
sequential       96 KiB, 1000000 batches x 4096 loads
sequential      104 KiB, 1000000 batches x 4096 loads
sequential       80 KiB, 1000000 batches x 4096 loads
sequential       48 KiB, 1000000 batches x 4096 loads
random          112 KiB, 1000000 batches x 4096 loads
sequential       88 KiB, 1000000 batches x 4096 loads
random          120 KiB, 1000000 batches x 4096 loads
random           32 KiB, 1000000 batches x 4096 loads
sequential       64 KiB, 1000000 batches x 4096 loads
random           80 KiB, 1000000 batches x 4096 loads
random           64 KiB, 1000000 batches x 4096 loads
random           56 KiB, 1000000 batches x 4096 loads
sequential      128 KiB, 1000000 batches x 4096 loads
sequential       56 KiB, 1000000 batches x 4096 loads
random          104 KiB, 1000000 batches x 4096 loads
random           96 KiB, 1000000 batches x 4096 loads
random           48 KiB, 1000000 batches x 4096 loads
Saved refine-small. Analyze with: python3 capacity.py plot refine-small
empty           256 KiB, 1000000 batches x 4096 loads
sequential     1152 KiB, 1000000 batches x 4096 loads
random         4096 KiB, 1000000 batches x 4096 loads
sequential     1280 KiB, 1000000 batches x 4096 loads
random          896 KiB, 1000000 batches x 4096 loads
random         1792 KiB, 1000000 batches x 4096 loads
sequential     2560 KiB, 1000000 batches x 4096 loads
random         1152 KiB, 1000000 batches x 4096 loads
random         3072 KiB, 1000000 batches x 4096 loads
sequential      256 KiB, 1000000 batches x 4096 loads
sequential     1792 KiB, 1000000 batches x 4096 loads
sequential     2048 KiB, 1000000 batches x 4096 loads
random         2560 KiB, 1000000 batches x 4096 loads
sequential     1536 KiB, 1000000 batches x 4096 loads
sequential     3072 KiB, 1000000 batches x 4096 loads
sequential      512 KiB, 1000000 batches x 4096 loads
sequential      896 KiB, 1000000 batches x 4096 loads
sequential     1024 KiB, 1000000 batches x 4096 loads
random         2048 KiB, 1000000 batches x 4096 loads
random          256 KiB, 1000000 batches x 4096 loads
sequential      768 KiB, 1000000 batches x 4096 loads
random         1024 KiB, 1000000 batches x 4096 loads
random          768 KiB, 1000000 batches x 4096 loads
random          640 KiB, 1000000 batches x 4096 loads
sequential     4096 KiB, 1000000 batches x 4096 loads
sequential      640 KiB, 1000000 batches x 4096 loads
random         1536 KiB, 1000000 batches x 4096 loads
random         1280 KiB, 1000000 batches x 4096 loads
random          512 KiB, 1000000 batches x 4096 loads
Saved refine-middle. Analyze with: python3 capacity.py plot refine-middle
empty         16384 KiB, 1000000 batches x 4096 loads
sequential    16384 KiB, 1000000 batches x 4096 loads
sequential    30720 KiB, 1000000 batches x 4096 loads
random        24576 KiB, 1000000 batches x 4096 loads
sequential    24576 KiB, 1000000 batches x 4096 loads
sequential    49152 KiB, 1000000 batches x 4096 loads
sequential    57344 KiB, 1000000 batches x 4096 loads
random        65536 KiB, 1000000 batches x 4096 loads
sequential    32768 KiB, 1000000 batches x 4096 loads
sequential    40960 KiB, 1000000 batches x 4096 loads
sequential    26624 KiB, 1000000 batches x 4096 loads
sequential    18432 KiB, 1000000 batches x 4096 loads
random        49152 KiB, 1000000 batches x 4096 loads
sequential    28672 KiB, 1000000 batches x 4096 loads
random        28672 KiB, 1000000 batches x 4096 loads
random        57344 KiB, 1000000 batches x 4096 loads
random        40960 KiB, 1000000 batches x 4096 loads
random        16384 KiB, 1000000 batches x 4096 loads
sequential    22528 KiB, 1000000 batches x 4096 loads
random        26624 KiB, 1000000 batches x 4096 loads
random        22528 KiB, 1000000 batches x 4096 loads
random        20480 KiB, 1000000 batches x 4096 loads
sequential    65536 KiB, 1000000 batches x 4096 loads
sequential    20480 KiB, 1000000 batches x 4096 loads
random        32768 KiB, 1000000 batches x 4096 loads
random        30720 KiB, 1000000 batches x 4096 loads
random        18432 KiB, 1000000 batches x 4096 loads
Saved refine-large. Analyze with: python3 capacity.py plot refine-large
All refinement groups collected for thunderbird
