{"time": "2026-09-12T03:15:13.848802+00:00", "constraint": "icelake_8358", "watched_job": "810646", "caretaker_job": "810869", "action": "submit_analysis", "command": ["python3", "/gpfs_common/share04/ece592f26/hlee58/tmp/hazel-phase3-20260911/suite/submit_analysis.py", "icelake_8358"], "returncode": 0, "stdout": "{\"record\": \"/gpfs_common/share04/ece592f26/hlee58/tmp/hazel-phase3-20260911/submissions/icelake_8358/analysis-20260912T031513.912598Z.json\", \"returncode\": 0, \"job_id\": \"811069\", \"stderr\": \"\"}\n", "stderr": ""}

------------------------------------------------------------
Resource usage summary:

    Job ID            : 810869
    Job name          : hz-care-810646
    User / Account    : hlee58 / ece592f26_cpu
    Partition / QOS   : compute / normal
    Submitted         : 2026-09-11T22:34:42
    Started           : 2026-09-11T23:15:13
    Wait time         : 2431 sec
    Elapsed (wall)    : 00:00:01
    Nodes             : 1 (c207n03)
    CPUs allocated    : 1
    Tasks             : 1
    CPU time (total)  : 0.21 sec  (user 0.13, sys 0.09)
    CPU efficiency    : 21.0%
    Memory in use     : 20.23 MB  (sampled at job end; see seff for peak)
    Memory requested  : 512M
    Working directory : /gpfs_common/share03/rotenberg/hlee58/ECE592_proj1
    Exit code         : 0:0

    For final accounting (Slurm's MaxRSS, billing, etc.):  seff 810869
------------------------------------------------------------
