{"event": "point_passed", "family": "capacity_control", "params": {"mode": "chase", "bytes": 2097152, "stride": 8, "offset": 0, "batch": 256, "seed": 5922026, "order": "random", "page": "base", "align": 0, "address_list": "-", "extra_args": [0, "base", "-", -1]}, "median": 40.4609375}
{"event": "point_passed", "family": "capacity_control", "params": {"mode": "chase", "bytes": 65536, "stride": 8, "offset": 0, "batch": 256, "seed": 5922026, "order": "random", "page": "base", "align": 0, "address_list": "-", "extra_args": [0, "base", "-", -1]}, "median": 8.0546875}
{"event": "point_passed", "family": "capacity_control", "params": {"mode": "chase", "bytes": 32768, "stride": 8, "offset": 0, "batch": 256, "seed": 5922026, "order": "random", "page": "base", "align": 0, "address_list": "-", "extra_args": [0, "base", "-", -1]}, "median": 5.28125}
{"event": "point_passed", "family": "capacity_control", "params": {"mode": "chase", "bytes": 134217728, "stride": 8, "offset": 0, "batch": 256, "seed": 5922026, "order": "random", "page": "base", "align": 0, "address_list": "-", "extra_args": [0, "base", "-", -1]}, "median": 207.1171875}
{"event": "point_passed", "family": "capacity_control", "params": {"mode": "chase", "bytes": 2048, "stride": 8, "offset": 0, "batch": 256, "seed": 5922026, "order": "random", "page": "base", "align": 0, "address_list": "-", "extra_args": [0, "base", "-", -1]}, "median": 5.28125}
{"event": "point_passed", "family": "capacity_control", "params": {"mode": "chase", "bytes": 4194304, "stride": 8, "offset": 0, "batch": 256, "seed": 5922026, "order": "random", "page": "base", "align": 0, "address_list": "-", "extra_args": [0, "base", "-", -1]}, "median": 54.9765625}
{"event": "point_passed", "family": "capacity_control", "params": {"mode": "chase", "bytes": 1024, "stride": 8, "offset": 0, "batch": 256, "seed": 5922026, "order": "random", "page": "base", "align": 0, "address_list": "-", "extra_args": [0, "base", "-", -1]}, "median": 5.28125}
{"event": "point_passed", "family": "capacity_control", "params": {"mode": "chase", "bytes": 8192, "stride": 8, "offset": 0, "batch": 256, "seed": 5922026, "order": "random", "page": "base", "align": 0, "address_list": "-", "extra_args": [0, "base", "-", -1]}, "median": 5.28125}
{"event": "point_passed", "family": "capacity_control", "params": {"mode": "chase", "bytes": 8388608, "stride": 8, "offset": 0, "batch": 256, "seed": 5922026, "order": "random", "page": "base", "align": 0, "address_list": "-", "extra_args": [0, "base", "-", -1]}, "median": 64.5625}
{"event": "point_passed", "family": "capacity_control", "params": {"mode": "chase", "bytes": 16384, "stride": 8, "offset": 0, "batch": 256, "seed": 5922026, "order": "random", "page": "base", "align": 0, "address_list": "-", "extra_args": [0, "base", "-", -1]}, "median": 5.28125}
{"event": "point_passed", "family": "capacity_control", "params": {"mode": "chase", "bytes": 4096, "stride": 8, "offset": 0, "batch": 256, "seed": 5922026, "order": "random", "page": "base", "align": 0, "address_list": "-", "extra_args": [0, "base", "-", -1]}, "median": 5.296875}
{"event": "point_passed", "family": "capacity_control", "params": {"mode": "chase", "bytes": 16777216, "stride": 8, "offset": 0, "batch": 256, "seed": 5922026, "order": "random", "page": "base", "align": 0, "address_list": "-", "extra_args": [0, "base", "-", -1]}, "median": 75.3203125}
{"event": "point_passed", "family": "capacity_control", "params": {"mode": "chase", "bytes": 67108864, "stride": 8, "offset": 0, "batch": 256, "seed": 5922026, "order": "random", "page": "base", "align": 0, "address_list": "-", "extra_args": [0, "base", "-", -1]}, "median": 140.9765625}
{"event": "point_passed", "family": "capacity_control", "params": {"mode": "chase", "bytes": 524288, "stride": 8, "offset": 0, "batch": 256, "seed": 5922026, "order": "random", "page": "base", "align": 0, "address_list": "-", "extra_args": [0, "base", "-", -1]}, "median": 17.109375}
{"event": "point_passed", "family": "capacity_control", "params": {"mode": "chase", "bytes": 131072, "stride": 8, "offset": 0, "batch": 256, "seed": 5922026, "order": "random", "page": "base", "align": 0, "address_list": "-", "extra_args": [0, "base", "-", -1]}, "median": 11.296875}
{"event": "point_noisy", "family": "capacity_control", "flags": ["block median drift exceeds 20 percent"], "attempt": "/gpfs_common/share04/ece592f26/hlee58/tmp/hazel-phase3-20260911/runs/icelake_8358/followup-v1/capacity_control/d233c46feccb229b/attempt-1789252421265978956"}
{"event": "point_passed", "family": "capacity_control", "params": {"mode": "chase", "bytes": 1048576, "stride": 8, "offset": 0, "batch": 256, "seed": 5922026, "order": "random", "page": "base", "align": 0, "address_list": "-", "extra_args": [0, "base", "-", -1]}, "median": 20.890625}
{"event": "point_passed", "family": "capacity_control", "params": {"mode": "chase", "bytes": 262144, "stride": 8, "offset": 0, "batch": 256, "seed": 5922026, "order": "random", "page": "base", "align": 0, "address_list": "-", "extra_args": [0, "base", "-", -1]}, "median": 12.890625}
{"event": "point_passed", "family": "capacity_control", "params": {"mode": "chase", "bytes": 33554432, "stride": 8, "offset": 0, "batch": 256, "seed": 5922026, "order": "random", "page": "base", "align": 0, "address_list": "-", "extra_args": [0, "base", "-", -1]}, "median": 83.0}
{"event": "point_passed", "family": "capacity_control", "params": {"mode": "chase", "bytes": 268435456, "stride": 8, "offset": 0, "batch": 256, "seed": 5922026, "order": "random", "page": "base", "align": 0, "address_list": "-", "extra_args": [0, "base", "-", -1]}, "median": 242.8515625}
{"event": "point_passed", "family": "capacity_control", "params": {"mode": "chase", "bytes": 4096, "stride": 8, "offset": 0, "batch": 256, "seed": 5922026, "order": "random", "page": "huge", "align": 0, "address_list": "-", "extra_args": [0, "huge", "-", -1]}, "median": 5.28125}
{"event": "point_passed", "family": "capacity_control", "params": {"mode": "chase", "bytes": 67108864, "stride": 8, "offset": 0, "batch": 256, "seed": 5922026, "order": "random", "page": "huge", "align": 0, "address_list": "-", "extra_args": [0, "huge", "-", -1]}, "median": 119.4765625}
{"event": "point_passed", "family": "capacity_control", "params": {"mode": "chase", "bytes": 134217728, "stride": 8, "offset": 0, "batch": 256, "seed": 5922026, "order": "random", "page": "huge", "align": 0, "address_list": "-", "extra_args": [0, "huge", "-", -1]}, "median": 185.421875}
{"event": "point_passed", "family": "capacity_control", "params": {"mode": "chase", "bytes": 8388608, "stride": 8, "offset": 0, "batch": 256, "seed": 5922026, "order": "random", "page": "huge", "align": 0, "address_list": "-", "extra_args": [0, "huge", "-", -1]}, "median": 57.3984375}
{"event": "point_passed", "family": "capacity_control", "params": {"mode": "chase", "bytes": 1024, "stride": 8, "offset": 0, "batch": 256, "seed": 5922026, "order": "random", "page": "huge", "align": 0, "address_list": "-", "extra_args": [0, "huge", "-", -1]}, "median": 5.28125}
{"event": "point_passed", "family": "capacity_control", "params": {"mode": "chase", "bytes": 262144, "stride": 8, "offset": 0, "batch": 256, "seed": 5922026, "order": "random", "page": "huge", "align": 0, "address_list": "-", "extra_args": [0, "huge", "-", -1]}, "median": 12.8125}
{"event": "point_passed", "family": "capacity_control", "params": {"mode": "chase", "bytes": 131072, "stride": 8, "offset": 0, "batch": 256, "seed": 5922026, "order": "random", "page": "huge", "align": 0, "address_list": "-", "extra_args": [0, "huge", "-", -1]}, "median": 11.2890625}
{"event": "point_passed", "family": "capacity_control", "params": {"mode": "chase", "bytes": 8192, "stride": 8, "offset": 0, "batch": 256, "seed": 5922026, "order": "random", "page": "huge", "align": 0, "address_list": "-", "extra_args": [0, "huge", "-", -1]}, "median": 5.28125}
{"event": "point_passed", "family": "capacity_control", "params": {"mode": "chase", "bytes": 4194304, "stride": 8, "offset": 0, "batch": 256, "seed": 5922026, "order": "random", "page": "huge", "align": 0, "address_list": "-", "extra_args": [0, "huge", "-", -1]}, "median": 48.8203125}
{"event": "point_passed", "family": "capacity_control", "params": {"mode": "chase", "bytes": 524288, "stride": 8, "offset": 0, "batch": 256, "seed": 5922026, "order": "random", "page": "huge", "align": 0, "address_list": "-", "extra_args": [0, "huge", "-", -1]}, "median": 13.5546875}
{"event": "point_passed", "family": "capacity_control", "params": {"mode": "chase", "bytes": 16384, "stride": 8, "offset": 0, "batch": 256, "seed": 5922026, "order": "random", "page": "huge", "align": 0, "address_list": "-", "extra_args": [0, "huge", "-", -1]}, "median": 5.28125}
{"event": "point_passed", "family": "capacity_control", "params": {"mode": "chase", "bytes": 65536, "stride": 8, "offset": 0, "batch": 256, "seed": 5922026, "order": "random", "page": "huge", "align": 0, "address_list": "-", "extra_args": [0, "huge", "-", -1]}, "median": 8.0234375}
{"event": "point_passed", "family": "capacity_control", "params": {"mode": "chase", "bytes": 16777216, "stride": 8, "offset": 0, "batch": 256, "seed": 5922026, "order": "random", "page": "huge", "align": 0, "address_list": "-", "extra_args": [0, "huge", "-", -1]}, "median": 62.390625}
{"event": "point_passed", "family": "capacity_control", "params": {"mode": "chase", "bytes": 2097152, "stride": 8, "offset": 0, "batch": 256, "seed": 5922026, "order": "random", "page": "huge", "align": 0, "address_list": "-", "extra_args": [0, "huge", "-", -1]}, "median": 34.8828125}
{"event": "point_passed", "family": "capacity_control", "params": {"mode": "chase", "bytes": 32768, "stride": 8, "offset": 0, "batch": 256, "seed": 5922026, "order": "random", "page": "huge", "align": 0, "address_list": "-", "extra_args": [0, "huge", "-", -1]}, "median": 5.28125}
{"event": "point_passed", "family": "capacity_control", "params": {"mode": "chase", "bytes": 1048576, "stride": 8, "offset": 0, "batch": 256, "seed": 5922026, "order": "random", "page": "huge", "align": 0, "address_list": "-", "extra_args": [0, "huge", "-", -1]}, "median": 13.9296875}
{"event": "point_passed", "family": "capacity_control", "params": {"mode": "chase", "bytes": 2048, "stride": 8, "offset": 0, "batch": 256, "seed": 5922026, "order": "random", "page": "huge", "align": 0, "address_list": "-", "extra_args": [0, "huge", "-", -1]}, "median": 5.28125}
{"event": "point_passed", "family": "capacity_control", "params": {"mode": "chase", "bytes": 33554432, "stride": 8, "offset": 0, "batch": 256, "seed": 5922026, "order": "random", "page": "huge", "align": 0, "address_list": "-", "extra_args": [0, "huge", "-", -1]}, "median": 64.96875}
{"event": "point_passed", "family": "capacity_control", "params": {"mode": "chase", "bytes": 268435456, "stride": 8, "offset": 0, "batch": 256, "seed": 5922026, "order": "random", "page": "huge", "align": 0, "address_list": "-", "extra_args": [0, "huge", "-", -1]}, "median": 210.8515625}
{"event": "point_passed", "family": "capacity_control", "params": {"mode": "chase", "bytes": 1024, "stride": 64, "offset": 0, "batch": 256, "seed": 5922026, "order": "random", "page": "huge", "align": 0, "address_list": "-", "extra_args": [0, "huge", "-", -1]}, "median": 5.28125}
{"event": "point_passed", "family": "capacity_control", "params": {"mode": "chase", "bytes": 262144, "stride": 64, "offset": 0, "batch": 256, "seed": 5922026, "order": "random", "page": "huge", "align": 0, "address_list": "-", "extra_args": [0, "huge", "-", -1]}, "median": 14.2890625}
{"event": "point_passed", "family": "capacity_control", "params": {"mode": "chase", "bytes": 32768, "stride": 64, "offset": 0, "batch": 256, "seed": 5922026, "order": "random", "page": "huge", "align": 0, "address_list": "-", "extra_args": [0, "huge", "-", -1]}, "median": 5.28125}
{"event": "point_passed", "family": "capacity_control", "params": {"mode": "chase", "bytes": 67108864, "stride": 64, "offset": 0, "batch": 256, "seed": 5922026, "order": "random", "page": "huge", "align": 0, "address_list": "-", "extra_args": [0, "huge", "-", -1]}, "median": 132.359375}
{"event": "point_passed", "family": "capacity_control", "params": {"mode": "chase", "bytes": 4096, "stride": 64, "offset": 0, "batch": 256, "seed": 5922026, "order": "random", "page": "huge", "align": 0, "address_list": "-", "extra_args": [0, "huge", "-", -1]}, "median": 5.28125}
{"event": "point_passed", "family": "capacity_control", "params": {"mode": "chase", "bytes": 8192, "stride": 64, "offset": 0, "batch": 256, "seed": 5922026, "order": "random", "page": "huge", "align": 0, "address_list": "-", "extra_args": [0, "huge", "-", -1]}, "median": 5.28125}
{"event": "point_passed", "family": "capacity_control", "params": {"mode": "chase", "bytes": 16777216, "stride": 64, "offset": 0, "batch": 256, "seed": 5922026, "order": "random", "page": "huge", "align": 0, "address_list": "-", "extra_args": [0, "huge", "-", -1]}, "median": 70.59375}
{"event": "point_passed", "family": "capacity_control", "params": {"mode": "chase", "bytes": 4194304, "stride": 64, "offset": 0, "batch": 256, "seed": 5922026, "order": "random", "page": "huge", "align": 0, "address_list": "-", "extra_args": [0, "huge", "-", -1]}, "median": 62.015625}
{"event": "point_passed", "family": "capacity_control", "params": {"mode": "chase", "bytes": 524288, "stride": 64, "offset": 0, "batch": 256, "seed": 5922026, "order": "random", "page": "huge", "align": 0, "address_list": "-", "extra_args": [0, "huge", "-", -1]}, "median": 14.2890625}
{"event": "point_passed", "family": "capacity_control", "params": {"mode": "chase", "bytes": 131072, "stride": 64, "offset": 0, "batch": 256, "seed": 5922026, "order": "random", "page": "huge", "align": 0, "address_list": "-", "extra_args": [0, "huge", "-", -1]}, "median": 14.28125}
{"event": "point_passed", "family": "capacity_control", "params": {"mode": "chase", "bytes": 16384, "stride": 64, "offset": 0, "batch": 256, "seed": 5922026, "order": "random", "page": "huge", "align": 0, "address_list": "-", "extra_args": [0, "huge", "-", -1]}, "median": 5.28125}
{"event": "point_passed", "family": "capacity_control", "params": {"mode": "chase", "bytes": 2048, "stride": 64, "offset": 0, "batch": 256, "seed": 5922026, "order": "random", "page": "huge", "align": 0, "address_list": "-", "extra_args": [0, "huge", "-", -1]}, "median": 5.28125}
{"event": "point_passed", "family": "capacity_control", "params": {"mode": "chase", "bytes": 8388608, "stride": 64, "offset": 0, "batch": 256, "seed": 5922026, "order": "random", "page": "huge", "align": 0, "address_list": "-", "extra_args": [0, "huge", "-", -1]}, "median": 64.7421875}
{"event": "point_passed", "family": "capacity_control", "params": {"mode": "chase", "bytes": 268435456, "stride": 64, "offset": 0, "batch": 256, "seed": 5922026, "order": "random", "page": "huge", "align": 0, "address_list": "-", "extra_args": [0, "huge", "-", -1]}, "median": 212.9765625}
{"event": "point_passed", "family": "capacity_control", "params": {"mode": "chase", "bytes": 134217728, "stride": 64, "offset": 0, "batch": 256, "seed": 5922026, "order": "random", "page": "huge", "align": 0, "address_list": "-", "extra_args": [0, "huge", "-", -1]}, "median": 196.1484375}
{"event": "point_passed", "family": "capacity_control", "params": {"mode": "chase", "bytes": 33554432, "stride": 64, "offset": 0, "batch": 256, "seed": 5922026, "order": "random", "page": "huge", "align": 0, "address_list": "-", "extra_args": [0, "huge", "-", -1]}, "median": 61.9375}
{"event": "point_passed", "family": "capacity_control", "params": {"mode": "chase", "bytes": 65536, "stride": 64, "offset": 0, "batch": 256, "seed": 5922026, "order": "random", "page": "huge", "align": 0, "address_list": "-", "extra_args": [0, "huge", "-", -1]}, "median": 14.25}
{"event": "point_passed", "family": "capacity_control", "params": {"mode": "chase", "bytes": 2097152, "stride": 64, "offset": 0, "batch": 256, "seed": 5922026, "order": "random", "page": "huge", "align": 0, "address_list": "-", "extra_args": [0, "huge", "-", -1]}, "median": 61.25}
{"event": "point_passed", "family": "capacity_control", "params": {"mode": "chase", "bytes": 1048576, "stride": 64, "offset": 0, "batch": 256, "seed": 5922026, "order": "random", "page": "huge", "align": 0, "address_list": "-", "extra_args": [0, "huge", "-", -1]}, "median": 14.2890625}
{"event": "point_passed", "family": "capacity_refinement", "params": {"mode": "chase", "bytes": 40960, "stride": 64, "offset": 0, "batch": 256, "seed": 5922026, "order": "random", "page": "base", "comparison_interval": [32768, 65536], "align": 0, "address_list": "-", "extra_args": [0, "base", "-", -1]}, "median": 5.28125}
{"event": "point_passed", "family": "capacity_refinement", "params": {"mode": "chase", "bytes": 49152, "stride": 64, "offset": 0, "batch": 256, "seed": 5922026, "order": "random", "page": "base", "comparison_interval": [32768, 65536], "align": 0, "address_list": "-", "extra_args": [0, "base", "-", -1]}, "median": 5.8828125}
{"event": "point_passed", "family": "capacity_refinement", "params": {"mode": "chase", "bytes": 45056, "stride": 64, "offset": 0, "batch": 256, "seed": 5922026, "order": "random", "page": "base", "comparison_interval": [32768, 65536], "align": 0, "address_list": "-", "extra_args": [0, "base", "-", -1]}, "median": 5.375}
{"event": "point_passed", "family": "capacity_refinement", "params": {"mode": "chase", "bytes": 57344, "stride": 64, "offset": 0, "batch": 256, "seed": 5922026, "order": "random", "page": "base", "comparison_interval": [32768, 65536], "align": 0, "address_list": "-", "extra_args": [0, "base", "-", -1]}, "median": 14.171875}
{"event": "point_passed", "family": "capacity_refinement", "params": {"mode": "chase", "bytes": 53248, "stride": 64, "offset": 0, "batch": 256, "seed": 5922026, "order": "random", "page": "base", "comparison_interval": [32768, 65536], "align": 0, "address_list": "-", "extra_args": [0, "base", "-", -1]}, "median": 13.9296875}
{"event": "point_passed", "family": "capacity_refinement", "params": {"mode": "chase", "bytes": 65536, "stride": 64, "offset": 0, "batch": 256, "seed": 5922026, "order": "random", "page": "base", "comparison_interval": [32768, 65536], "align": 0, "address_list": "-", "extra_args": [0, "base", "-", -1]}, "median": 14.21875}
{"event": "point_passed", "family": "capacity_refinement", "params": {"mode": "chase", "bytes": 32768, "stride": 64, "offset": 0, "batch": 256, "seed": 5922026, "order": "random", "page": "base", "comparison_interval": [32768, 65536], "align": 0, "address_list": "-", "extra_args": [0, "base", "-", -1]}, "median": 5.28125}
{"event": "point_passed", "family": "capacity_refinement", "params": {"mode": "chase", "bytes": 36864, "stride": 64, "offset": 0, "batch": 256, "seed": 5922026, "order": "random", "page": "base", "comparison_interval": [32768, 65536], "align": 0, "address_list": "-", "extra_args": [0, "base", "-", -1]}, "median": 5.28125}
{"event": "point_passed", "family": "capacity_refinement", "params": {"mode": "chase", "bytes": 61440, "stride": 64, "offset": 0, "batch": 256, "seed": 5922026, "order": "random", "page": "base", "comparison_interval": [32768, 65536], "align": 0, "address_list": "-", "extra_args": [0, "base", "-", -1]}, "median": 14.21875}
{"event": "point_passed", "family": "capacity_refinement", "params": {"mode": "chase", "bytes": 65536, "stride": 64, "offset": 0, "batch": 256, "seed": 5922026, "order": "random", "page": "huge", "comparison_interval": [32768, 65536], "align": 0, "address_list": "-", "extra_args": [0, "huge", "-", -1]}, "median": 14.21875}
{"event": "point_passed", "family": "capacity_refinement", "params": {"mode": "chase", "bytes": 53248, "stride": 64, "offset": 0, "batch": 256, "seed": 5922026, "order": "random", "page": "huge", "comparison_interval": [32768, 65536], "align": 0, "address_list": "-", "extra_args": [0, "huge", "-", -1]}, "median": 13.8984375}
{"event": "point_passed", "family": "capacity_refinement", "params": {"mode": "chase", "bytes": 36864, "stride": 64, "offset": 0, "batch": 256, "seed": 5922026, "order": "random", "page": "huge", "comparison_interval": [32768, 65536], "align": 0, "address_list": "-", "extra_args": [0, "huge", "-", -1]}, "median": 5.28125}
{"event": "point_passed", "family": "capacity_refinement", "params": {"mode": "chase", "bytes": 40960, "stride": 64, "offset": 0, "batch": 256, "seed": 5922026, "order": "random", "page": "huge", "comparison_interval": [32768, 65536], "align": 0, "address_list": "-", "extra_args": [0, "huge", "-", -1]}, "median": 5.28125}
{"event": "point_passed", "family": "capacity_refinement", "params": {"mode": "chase", "bytes": 57344, "stride": 64, "offset": 0, "batch": 256, "seed": 5922026, "order": "random", "page": "huge", "comparison_interval": [32768, 65536], "align": 0, "address_list": "-", "extra_args": [0, "huge", "-", -1]}, "median": 14.1796875}
{"event": "point_passed", "family": "capacity_refinement", "params": {"mode": "chase", "bytes": 32768, "stride": 64, "offset": 0, "batch": 256, "seed": 5922026, "order": "random", "page": "huge", "comparison_interval": [32768, 65536], "align": 0, "address_list": "-", "extra_args": [0, "huge", "-", -1]}, "median": 5.28125}
{"event": "point_passed", "family": "capacity_refinement", "params": {"mode": "chase", "bytes": 45056, "stride": 64, "offset": 0, "batch": 256, "seed": 5922026, "order": "random", "page": "huge", "comparison_interval": [32768, 65536], "align": 0, "address_list": "-", "extra_args": [0, "huge", "-", -1]}, "median": 5.3515625}
{"event": "point_passed", "family": "capacity_refinement", "params": {"mode": "chase", "bytes": 49152, "stride": 64, "offset": 0, "batch": 256, "seed": 5922026, "order": "random", "page": "huge", "comparison_interval": [32768, 65536], "align": 0, "address_list": "-", "extra_args": [0, "huge", "-", -1]}, "median": 5.84375}
{"event": "point_passed", "family": "capacity_refinement", "params": {"mode": "chase", "bytes": 61440, "stride": 64, "offset": 0, "batch": 256, "seed": 5922026, "order": "random", "page": "huge", "comparison_interval": [32768, 65536], "align": 0, "address_list": "-", "extra_args": [0, "huge", "-", -1]}, "median": 14.1796875}
{"event": "point_passed", "family": "capacity_regular", "params": {"mode": "chase", "bytes": 32768, "stride": 64, "offset": 0, "batch": 256, "seed": 5922026, "order": "regular", "page": "huge", "align": 0, "address_list": "-", "extra_args": [0, "huge", "-", -1]}, "median": 5.28125}
{"event": "point_passed", "family": "capacity_regular", "params": {"mode": "chase", "bytes": 65536, "stride": 64, "offset": 0, "batch": 256, "seed": 5922026, "order": "regular", "page": "huge", "align": 0, "address_list": "-", "extra_args": [0, "huge", "-", -1]}, "median": 12.203125}
{"event": "point_passed", "family": "capacity_refinement", "params": {"mode": "chase", "bytes": 1966080, "stride": 64, "offset": 0, "batch": 256, "seed": 5922026, "order": "random", "page": "base", "comparison_interval": [1048576, 2097152], "align": 0, "address_list": "-", "extra_args": [0, "base", "-", -1]}, "median": 59.25}
{"event": "point_passed", "family": "capacity_refinement", "params": {"mode": "chase", "bytes": 2097152, "stride": 64, "offset": 0, "batch": 256, "seed": 5922026, "order": "random", "page": "base", "comparison_interval": [1048576, 2097152], "align": 0, "address_list": "-", "extra_args": [0, "base", "-", -1]}, "median": 61.546875}
{"event": "point_passed", "family": "capacity_refinement", "params": {"mode": "chase", "bytes": 1703936, "stride": 64, "offset": 0, "batch": 256, "seed": 5922026, "order": "random", "page": "base", "comparison_interval": [1048576, 2097152], "align": 0, "address_list": "-", "extra_args": [0, "base", "-", -1]}, "median": 50.2890625}
{"event": "point_passed", "family": "capacity_refinement", "params": {"mode": "chase", "bytes": 1310720, "stride": 64, "offset": 0, "batch": 256, "seed": 5922026, "order": "random", "page": "base", "comparison_interval": [1048576, 2097152], "align": 0, "address_list": "-", "extra_args": [0, "base", "-", -1]}, "median": 30.390625}
{"event": "point_noisy", "family": "capacity_refinement", "flags": ["block median drift exceeds 20 percent"], "attempt": "/gpfs_common/share04/ece592f26/hlee58/tmp/hazel-phase3-20260911/runs/icelake_8358/followup-v1/capacity_refinement/0ed48eeb369cfd06/attempt-1789253109610696929"}
{"event": "point_noisy", "family": "capacity_refinement", "flags": ["frequent involuntary context switches"], "attempt": "/gpfs_common/share04/ece592f26/hlee58/tmp/hazel-phase3-20260911/runs/icelake_8358/followup-v1/capacity_refinement/0ed48eeb369cfd06/attempt-1789253120673558748"}
{"event": "point_noisy", "family": "capacity_refinement", "flags": ["frequent involuntary context switches"], "attempt": "/gpfs_common/share04/ece592f26/hlee58/tmp/hazel-phase3-20260911/runs/icelake_8358/followup-v1/capacity_refinement/0ed48eeb369cfd06/attempt-1789253130992008986"}
{"event": "point_noisy", "family": "capacity_refinement", "flags": ["frequent involuntary context switches"], "attempt": "/gpfs_common/share04/ece592f26/hlee58/tmp/hazel-phase3-20260911/runs/icelake_8358/followup-v1/capacity_refinement/cc44c47656db2c00/attempt-1789253141876284419"}
{"event": "point_noisy", "family": "capacity_refinement", "flags": ["frequent involuntary context switches"], "attempt": "/gpfs_common/share04/ece592f26/hlee58/tmp/hazel-phase3-20260911/runs/icelake_8358/followup-v1/capacity_refinement/cc44c47656db2c00/attempt-1789253152737933964"}
{"event": "point_noisy", "family": "capacity_refinement", "flags": ["frequent involuntary context switches"], "attempt": "/gpfs_common/share04/ece592f26/hlee58/tmp/hazel-phase3-20260911/runs/icelake_8358/followup-v1/capacity_refinement/cc44c47656db2c00/attempt-1789253163298010699"}
{"event": "point_noisy", "family": "capacity_refinement", "flags": ["frequent involuntary context switches"], "attempt": "/gpfs_common/share04/ece592f26/hlee58/tmp/hazel-phase3-20260911/runs/icelake_8358/followup-v1/capacity_refinement/836b81bb8176be3d/attempt-1789253173793455502"}
{"event": "point_noisy", "family": "capacity_refinement", "flags": ["frequent involuntary context switches"], "attempt": "/gpfs_common/share04/ece592f26/hlee58/tmp/hazel-phase3-20260911/runs/icelake_8358/followup-v1/capacity_refinement/836b81bb8176be3d/attempt-1789253187176206342"}
{"event": "point_noisy", "family": "capacity_refinement", "flags": ["frequent involuntary context switches"], "attempt": "/gpfs_common/share04/ece592f26/hlee58/tmp/hazel-phase3-20260911/runs/icelake_8358/followup-v1/capacity_refinement/836b81bb8176be3d/attempt-1789253200465896546"}
{"event": "point_noisy", "family": "capacity_refinement", "flags": ["frequent involuntary context switches"], "attempt": "/gpfs_common/share04/ece592f26/hlee58/tmp/hazel-phase3-20260911/runs/icelake_8358/followup-v1/capacity_refinement/27e6d69fe71921f3/attempt-1789253213806426274"}
{"event": "point_noisy", "family": "capacity_refinement", "flags": ["frequent involuntary context switches"], "attempt": "/gpfs_common/share04/ece592f26/hlee58/tmp/hazel-phase3-20260911/runs/icelake_8358/followup-v1/capacity_refinement/27e6d69fe71921f3/attempt-1789253225928979956"}
{"event": "point_noisy", "family": "capacity_refinement", "flags": ["frequent involuntary context switches"], "attempt": "/gpfs_common/share04/ece592f26/hlee58/tmp/hazel-phase3-20260911/runs/icelake_8358/followup-v1/capacity_refinement/27e6d69fe71921f3/attempt-1789253238106832494"}
{"event": "point_noisy", "family": "capacity_refinement", "flags": ["frequent involuntary context switches"], "attempt": "/gpfs_common/share04/ece592f26/hlee58/tmp/hazel-phase3-20260911/runs/icelake_8358/followup-v1/capacity_refinement/98ec0a11570717c1/attempt-1789253250227293954"}
{"event": "point_noisy", "family": "capacity_refinement", "flags": ["frequent involuntary context switches"], "attempt": "/gpfs_common/share04/ece592f26/hlee58/tmp/hazel-phase3-20260911/runs/icelake_8358/followup-v1/capacity_refinement/98ec0a11570717c1/attempt-1789253261777833483"}
{"event": "point_noisy", "family": "capacity_refinement", "flags": ["frequent involuntary context switches"], "attempt": "/gpfs_common/share04/ece592f26/hlee58/tmp/hazel-phase3-20260911/runs/icelake_8358/followup-v1/capacity_refinement/98ec0a11570717c1/attempt-1789253273639845309"}
{"event": "point_noisy", "family": "capacity_refinement", "flags": ["frequent involuntary context switches"], "attempt": "/gpfs_common/share04/ece592f26/hlee58/tmp/hazel-phase3-20260911/runs/icelake_8358/followup-v1/capacity_refinement/5202ad77541a18eb/attempt-1789253285199296087"}
{"event": "point_noisy", "family": "capacity_refinement", "flags": ["frequent involuntary context switches"], "attempt": "/gpfs_common/share04/ece592f26/hlee58/tmp/hazel-phase3-20260911/runs/icelake_8358/followup-v1/capacity_refinement/5202ad77541a18eb/attempt-1789253301164109584"}
{"event": "point_noisy", "family": "capacity_refinement", "flags": ["frequent involuntary context switches"], "attempt": "/gpfs_common/share04/ece592f26/hlee58/tmp/hazel-phase3-20260911/runs/icelake_8358/followup-v1/capacity_refinement/5202ad77541a18eb/attempt-1789253317152534208"}
{"event": "point_passed", "family": "capacity_refinement", "params": {"mode": "chase", "bytes": 1179648, "stride": 64, "offset": 0, "batch": 256, "seed": 5922026, "order": "random", "page": "huge", "comparison_interval": [1048576, 2097152], "align": 0, "address_list": "-", "extra_args": [0, "huge", "-", -1]}, "median": 14.2890625}
{"event": "point_passed", "family": "capacity_refinement", "params": {"mode": "chase", "bytes": 1966080, "stride": 64, "offset": 0, "batch": 256, "seed": 5922026, "order": "random", "page": "huge", "comparison_interval": [1048576, 2097152], "align": 0, "address_list": "-", "extra_args": [0, "huge", "-", -1]}, "median": 63.9453125}
{"event": "point_passed", "family": "capacity_refinement", "params": {"mode": "chase", "bytes": 1441792, "stride": 64, "offset": 0, "batch": 256, "seed": 5922026, "order": "random", "page": "huge", "comparison_interval": [1048576, 2097152], "align": 0, "address_list": "-", "extra_args": [0, "huge", "-", -1]}, "median": 30.7578125}
{"event": "point_passed", "family": "capacity_refinement", "params": {"mode": "chase", "bytes": 1572864, "stride": 64, "offset": 0, "batch": 256, "seed": 5922026, "order": "random", "page": "huge", "comparison_interval": [1048576, 2097152], "align": 0, "address_list": "-", "extra_args": [0, "huge", "-", -1]}, "median": 40.609375}
{"event": "point_passed", "family": "capacity_refinement", "params": {"mode": "chase", "bytes": 1310720, "stride": 64, "offset": 0, "batch": 256, "seed": 5922026, "order": "random", "page": "huge", "comparison_interval": [1048576, 2097152], "align": 0, "address_list": "-", "extra_args": [0, "huge", "-", -1]}, "median": 14.546875}
{"event": "point_passed", "family": "capacity_refinement", "params": {"mode": "chase", "bytes": 1048576, "stride": 64, "offset": 0, "batch": 256, "seed": 5922026, "order": "random", "page": "huge", "comparison_interval": [1048576, 2097152], "align": 0, "address_list": "-", "extra_args": [0, "huge", "-", -1]}, "median": 14.2890625}
{"event": "point_passed", "family": "capacity_refinement", "params": {"mode": "chase", "bytes": 1835008, "stride": 64, "offset": 0, "batch": 256, "seed": 5922026, "order": "random", "page": "huge", "comparison_interval": [1048576, 2097152], "align": 0, "address_list": "-", "extra_args": [0, "huge", "-", -1]}, "median": 55.7265625}
{"event": "point_passed", "family": "capacity_refinement", "params": {"mode": "chase", "bytes": 1703936, "stride": 64, "offset": 0, "batch": 256, "seed": 5922026, "order": "random", "page": "huge", "comparison_interval": [1048576, 2097152], "align": 0, "address_list": "-", "extra_args": [0, "huge", "-", -1]}, "median": 49.4765625}
{"event": "point_passed", "family": "capacity_regular", "params": {"mode": "chase", "bytes": 1048576, "stride": 64, "offset": 0, "batch": 256, "seed": 5922026, "order": "regular", "page": "huge", "align": 0, "address_list": "-", "extra_args": [0, "huge", "-", -1]}, "median": 12.203125}
{"event": "point_passed", "family": "capacity_regular", "params": {"mode": "chase", "bytes": 2097152, "stride": 64, "offset": 0, "batch": 256, "seed": 5922026, "order": "regular", "page": "huge", "align": 0, "address_list": "-", "extra_args": [0, "huge", "-", -1]}, "median": 12.5078125}
{"event": "point_passed", "family": "capacity_refinement", "params": {"mode": "chase", "bytes": 33554432, "stride": 64, "offset": 0, "batch": 256, "seed": 5922026, "order": "random", "page": "base", "comparison_interval": [33554432, 67108864], "align": 0, "address_list": "-", "extra_args": [0, "base", "-", -1]}, "median": 84.0625}
{"event": "point_noisy", "family": "capacity_refinement", "flags": ["block median drift exceeds 20 percent"], "attempt": "/gpfs_common/share04/ece592f26/hlee58/tmp/hazel-phase3-20260911/runs/icelake_8358/followup-v1/capacity_refinement/720194d6ceef8330/attempt-1789253455379613661"}
{"event": "point_noisy", "family": "capacity_refinement", "flags": ["block median drift exceeds 20 percent"], "attempt": "/gpfs_common/share04/ece592f26/hlee58/tmp/hazel-phase3-20260911/runs/icelake_8358/followup-v1/capacity_refinement/720194d6ceef8330/attempt-1789253481446636701"}
{"event": "point_noisy", "family": "capacity_refinement", "flags": ["block median drift exceeds 20 percent"], "attempt": "/gpfs_common/share04/ece592f26/hlee58/tmp/hazel-phase3-20260911/runs/icelake_8358/followup-v1/capacity_refinement/720194d6ceef8330/attempt-1789253507576683627"}
{"event": "point_passed", "family": "capacity_refinement", "params": {"mode": "chase", "bytes": 37748736, "stride": 64, "offset": 0, "batch": 256, "seed": 5922026, "order": "random", "page": "base", "comparison_interval": [33554432, 67108864], "align": 0, "address_list": "-", "extra_args": [0, "base", "-", -1]}, "median": 91.578125}
{"event": "point_passed", "family": "capacity_refinement", "params": {"mode": "chase", "bytes": 46137344, "stride": 64, "offset": 0, "batch": 256, "seed": 5922026, "order": "random", "page": "base", "comparison_interval": [33554432, 67108864], "align": 0, "address_list": "-", "extra_args": [0, "base", "-", -1]}, "median": 106.3515625}
{"event": "point_passed", "family": "capacity_refinement", "params": {"mode": "chase", "bytes": 58720256, "stride": 64, "offset": 0, "batch": 256, "seed": 5922026, "order": "random", "page": "base", "comparison_interval": [33554432, 67108864], "align": 0, "address_list": "-", "extra_args": [0, "base", "-", -1]}, "median": 143.7265625}
{"event": "point_noisy", "family": "capacity_refinement", "flags": ["block median drift exceeds 20 percent"], "attempt": "/gpfs_common/share04/ece592f26/hlee58/tmp/hazel-phase3-20260911/runs/icelake_8358/followup-v1/capacity_refinement/8a22ba114ca80283/attempt-1789253594037982749"}
{"event": "point_passed", "family": "capacity_refinement", "params": {"mode": "chase", "bytes": 54525952, "stride": 64, "offset": 0, "batch": 256, "seed": 5922026, "order": "random", "page": "base", "comparison_interval": [33554432, 67108864], "align": 0, "address_list": "-", "extra_args": [0, "base", "-", -1]}, "median": 130.859375}
{"event": "point_passed", "family": "capacity_refinement", "params": {"mode": "chase", "bytes": 50331648, "stride": 64, "offset": 0, "batch": 256, "seed": 5922026, "order": "random", "page": "base", "comparison_interval": [33554432, 67108864], "align": 0, "address_list": "-", "extra_args": [0, "base", "-", -1]}, "median": 117.2109375}
{"event": "point_passed", "family": "capacity_refinement", "params": {"mode": "chase", "bytes": 67108864, "stride": 64, "offset": 0, "batch": 256, "seed": 5922026, "order": "random", "page": "base", "comparison_interval": [33554432, 67108864], "align": 0, "address_list": "-", "extra_args": [0, "base", "-", -1]}, "median": 169.0}
{"event": "point_passed", "family": "capacity_refinement", "params": {"mode": "chase", "bytes": 41943040, "stride": 64, "offset": 0, "batch": 256, "seed": 5922026, "order": "random", "page": "base", "comparison_interval": [33554432, 67108864], "align": 0, "address_list": "-", "extra_args": [0, "base", "-", -1]}, "median": 97.7109375}
{"event": "point_noisy", "family": "capacity_refinement", "flags": ["block median drift exceeds 20 percent"], "attempt": "/gpfs_common/share04/ece592f26/hlee58/tmp/hazel-phase3-20260911/runs/icelake_8358/followup-v1/capacity_refinement/fc1c741778dad184/attempt-1789253707872514124"}
{"event": "point_passed", "family": "capacity_refinement", "params": {"mode": "chase", "bytes": 33554432, "stride": 64, "offset": 0, "batch": 256, "seed": 5922026, "order": "random", "page": "huge", "comparison_interval": [33554432, 67108864], "align": 0, "address_list": "-", "extra_args": [0, "huge", "-", -1]}, "median": 80.0}
{"event": "point_passed", "family": "capacity_refinement", "params": {"mode": "chase", "bytes": 37748736, "stride": 64, "offset": 0, "batch": 256, "seed": 5922026, "order": "random", "page": "huge", "comparison_interval": [33554432, 67108864], "align": 0, "address_list": "-", "extra_args": [0, "huge", "-", -1]}, "median": 89.7578125}
{"event": "point_passed", "family": "capacity_refinement", "params": {"mode": "chase", "bytes": 46137344, "stride": 64, "offset": 0, "batch": 256, "seed": 5922026, "order": "random", "page": "huge", "comparison_interval": [33554432, 67108864], "align": 0, "address_list": "-", "extra_args": [0, "huge", "-", -1]}, "median": 96.2890625}
{"event": "point_passed", "family": "capacity_refinement", "params": {"mode": "chase", "bytes": 62914560, "stride": 64, "offset": 0, "batch": 256, "seed": 5922026, "order": "random", "page": "huge", "comparison_interval": [33554432, 67108864], "align": 0, "address_list": "-", "extra_args": [0, "huge", "-", -1]}, "median": 143.8984375}
{"event": "point_passed", "family": "capacity_refinement", "params": {"mode": "chase", "bytes": 58720256, "stride": 64, "offset": 0, "batch": 256, "seed": 5922026, "order": "random", "page": "huge", "comparison_interval": [33554432, 67108864], "align": 0, "address_list": "-", "extra_args": [0, "huge", "-", -1]}, "median": 128.03125}
{"event": "point_noisy", "family": "capacity_refinement", "flags": ["block median drift exceeds 20 percent"], "attempt": "/gpfs_common/share04/ece592f26/hlee58/tmp/hazel-phase3-20260911/runs/icelake_8358/followup-v1/capacity_refinement/93fdb70f5b999b11/attempt-1789253820526125801"}
{"event": "point_noisy", "family": "capacity_refinement", "flags": ["block median drift exceeds 20 percent"], "attempt": "/gpfs_common/share04/ece592f26/hlee58/tmp/hazel-phase3-20260911/runs/icelake_8358/followup-v1/capacity_refinement/93fdb70f5b999b11/attempt-1789253840715042079"}
{"event": "point_passed", "family": "capacity_refinement", "params": {"mode": "chase", "bytes": 41943040, "stride": 64, "offset": 0, "batch": 256, "seed": 5922026, "order": "random", "page": "huge", "comparison_interval": [33554432, 67108864], "align": 0, "address_list": "-", "extra_args": [0, "huge", "-", -1]}, "median": 122.1171875}
{"event": "point_noisy", "family": "capacity_refinement", "flags": ["block median drift exceeds 20 percent"], "attempt": "/gpfs_common/share04/ece592f26/hlee58/tmp/hazel-phase3-20260911/runs/icelake_8358/followup-v1/capacity_refinement/e26df02b7371e727/attempt-1789253882301653272"}
{"event": "point_passed", "family": "capacity_refinement", "params": {"mode": "chase", "bytes": 54525952, "stride": 64, "offset": 0, "batch": 256, "seed": 5922026, "order": "random", "page": "huge", "comparison_interval": [33554432, 67108864], "align": 0, "address_list": "-", "extra_args": [0, "huge", "-", -1]}, "median": 147.59375}
{"event": "point_noisy", "family": "capacity_refinement", "flags": ["block median drift exceeds 20 percent"], "attempt": "/gpfs_common/share04/ece592f26/hlee58/tmp/hazel-phase3-20260911/runs/icelake_8358/followup-v1/capacity_refinement/c98921b62d3cf342/attempt-1789253929831006353"}
{"event": "point_passed", "family": "capacity_refinement", "params": {"mode": "chase", "bytes": 50331648, "stride": 64, "offset": 0, "batch": 256, "seed": 5922026, "order": "random", "page": "huge", "comparison_interval": [33554432, 67108864], "align": 0, "address_list": "-", "extra_args": [0, "huge", "-", -1]}, "median": 145.8671875}
{"event": "point_passed", "family": "capacity_refinement", "params": {"mode": "chase", "bytes": 67108864, "stride": 64, "offset": 0, "batch": 256, "seed": 5922026, "order": "random", "page": "huge", "comparison_interval": [33554432, 67108864], "align": 0, "address_list": "-", "extra_args": [0, "huge", "-", -1]}, "median": 162.6796875}
{"event": "point_passed", "family": "capacity_regular", "params": {"mode": "chase", "bytes": 33554432, "stride": 64, "offset": 0, "batch": 256, "seed": 5922026, "order": "regular", "page": "huge", "align": 0, "address_list": "-", "extra_args": [0, "huge", "-", -1]}, "median": 12.5}
{"event": "point_passed", "family": "capacity_regular", "params": {"mode": "chase", "bytes": 67108864, "stride": 64, "offset": 0, "batch": 256, "seed": 5922026, "order": "regular", "page": "huge", "align": 0, "address_list": "-", "extra_args": [0, "huge", "-", -1]}, "median": 16.828125}
{"event": "point_passed", "family": "capacity_refinement", "params": {"mode": "chase", "bytes": 92274688, "stride": 64, "offset": 0, "batch": 256, "seed": 5922026, "order": "random", "page": "base", "comparison_interval": [67108864, 134217728], "align": 0, "address_list": "-", "extra_args": [0, "base", "-", -1]}, "median": 223.6796875}
{"event": "point_passed", "family": "capacity_refinement", "params": {"mode": "chase", "bytes": 75497472, "stride": 64, "offset": 0, "batch": 256, "seed": 5922026, "order": "random", "page": "base", "comparison_interval": [67108864, 134217728], "align": 0, "address_list": "-", "extra_args": [0, "base", "-", -1]}, "median": 206.84375}
{"event": "point_passed", "family": "capacity_refinement", "params": {"mode": "chase", "bytes": 83886080, "stride": 64, "offset": 0, "batch": 256, "seed": 5922026, "order": "random", "page": "base", "comparison_interval": [67108864, 134217728], "align": 0, "address_list": "-", "extra_args": [0, "base", "-", -1]}, "median": 204.59375}
{"event": "point_passed", "family": "capacity_refinement", "params": {"mode": "chase", "bytes": 134217728, "stride": 64, "offset": 0, "batch": 256, "seed": 5922026, "order": "random", "page": "base", "comparison_interval": [67108864, 134217728], "align": 0, "address_list": "-", "extra_args": [0, "base", "-", -1]}, "median": 229.8125}
{"event": "point_passed", "family": "capacity_refinement", "params": {"mode": "chase", "bytes": 109051904, "stride": 64, "offset": 0, "batch": 256, "seed": 5922026, "order": "random", "page": "base", "comparison_interval": [67108864, 134217728], "align": 0, "address_list": "-", "extra_args": [0, "base", "-", -1]}, "median": 226.3671875}
{"event": "point_passed", "family": "capacity_refinement", "params": {"mode": "chase", "bytes": 100663296, "stride": 64, "offset": 0, "batch": 256, "seed": 5922026, "order": "random", "page": "base", "comparison_interval": [67108864, 134217728], "align": 0, "address_list": "-", "extra_args": [0, "base", "-", -1]}, "median": 217.84375}
{"event": "point_passed", "family": "capacity_refinement", "params": {"mode": "chase", "bytes": 67108864, "stride": 64, "offset": 0, "batch": 256, "seed": 5922026, "order": "random", "page": "base", "comparison_interval": [67108864, 134217728], "align": 0, "address_list": "-", "extra_args": [0, "base", "-", -1]}, "median": 134.34375}
{"event": "point_passed", "family": "capacity_refinement", "params": {"mode": "chase", "bytes": 117440512, "stride": 64, "offset": 0, "batch": 256, "seed": 5922026, "order": "random", "page": "base", "comparison_interval": [67108864, 134217728], "align": 0, "address_list": "-", "extra_args": [0, "base", "-", -1]}, "median": 218.2578125}
{"event": "point_passed", "family": "capacity_refinement", "params": {"mode": "chase", "bytes": 125829120, "stride": 64, "offset": 0, "batch": 256, "seed": 5922026, "order": "random", "page": "base", "comparison_interval": [67108864, 134217728], "align": 0, "address_list": "-", "extra_args": [0, "base", "-", -1]}, "median": 222.3359375}
{"event": "point_passed", "family": "capacity_refinement", "params": {"mode": "chase", "bytes": 117440512, "stride": 64, "offset": 0, "batch": 256, "seed": 5922026, "order": "random", "page": "huge", "comparison_interval": [67108864, 134217728], "align": 0, "address_list": "-", "extra_args": [0, "huge", "-", -1]}, "median": 185.078125}
{"event": "point_noisy", "family": "capacity_refinement", "flags": ["block median drift exceeds 20 percent"], "attempt": "/gpfs_common/share04/ece592f26/hlee58/tmp/hazel-phase3-20260911/runs/icelake_8358/followup-v1/capacity_refinement/fe00c943813a1f69/attempt-1789254323028712274"}
{"event": "point_noisy", "family": "capacity_refinement", "flags": ["frequent involuntary context switches"], "attempt": "/gpfs_common/share04/ece592f26/hlee58/tmp/hazel-phase3-20260911/runs/icelake_8358/followup-v1/capacity_refinement/fe00c943813a1f69/attempt-1789254346242359313"}
{"event": "point_noisy", "family": "capacity_refinement", "flags": ["frequent involuntary context switches"], "attempt": "/gpfs_common/share04/ece592f26/hlee58/tmp/hazel-phase3-20260911/runs/icelake_8358/followup-v1/capacity_refinement/fe00c943813a1f69/attempt-1789254370024263388"}
{"event": "point_noisy", "family": "capacity_refinement", "flags": ["frequent involuntary context switches"], "attempt": "/gpfs_common/share04/ece592f26/hlee58/tmp/hazel-phase3-20260911/runs/icelake_8358/followup-v1/capacity_refinement/73769222cf193bb8/attempt-1789254392876216926"}
{"event": "point_noisy", "family": "capacity_refinement", "flags": ["frequent involuntary context switches"], "attempt": "/gpfs_common/share04/ece592f26/hlee58/tmp/hazel-phase3-20260911/runs/icelake_8358/followup-v1/capacity_refinement/73769222cf193bb8/attempt-1789254418680944010"}
{"event": "point_noisy", "family": "capacity_refinement", "flags": ["frequent involuntary context switches"], "attempt": "/gpfs_common/share04/ece592f26/hlee58/tmp/hazel-phase3-20260911/runs/icelake_8358/followup-v1/capacity_refinement/73769222cf193bb8/attempt-1789254444204803298"}
{"event": "point_noisy", "family": "capacity_refinement", "flags": ["frequent involuntary context switches"], "attempt": "/gpfs_common/share04/ece592f26/hlee58/tmp/hazel-phase3-20260911/runs/icelake_8358/followup-v1/capacity_refinement/b637619ce345d152/attempt-1789254469624613262"}
{"event": "point_noisy", "family": "capacity_refinement", "flags": ["frequent involuntary context switches"], "attempt": "/gpfs_common/share04/ece592f26/hlee58/tmp/hazel-phase3-20260911/runs/icelake_8358/followup-v1/capacity_refinement/b637619ce345d152/attempt-1789254497018233968"}
{"event": "point_noisy", "family": "capacity_refinement", "flags": ["frequent involuntary context switches"], "attempt": "/gpfs_common/share04/ece592f26/hlee58/tmp/hazel-phase3-20260911/runs/icelake_8358/followup-v1/capacity_refinement/b637619ce345d152/attempt-1789254525517969251"}
{"event": "point_noisy", "family": "capacity_refinement", "flags": ["frequent involuntary context switches", "block median drift exceeds 20 percent"], "attempt": "/gpfs_common/share04/ece592f26/hlee58/tmp/hazel-phase3-20260911/runs/icelake_8358/followup-v1/capacity_refinement/20d4157cfb45c473/attempt-1789254553453526671"}
{"event": "point_noisy", "family": "capacity_refinement", "flags": ["frequent involuntary context switches"], "attempt": "/gpfs_common/share04/ece592f26/hlee58/tmp/hazel-phase3-20260911/runs/icelake_8358/followup-v1/capacity_refinement/20d4157cfb45c473/attempt-1789254581849832337"}
{"event": "point_noisy", "family": "capacity_refinement", "flags": ["frequent involuntary context switches"], "attempt": "/gpfs_common/share04/ece592f26/hlee58/tmp/hazel-phase3-20260911/runs/icelake_8358/followup-v1/capacity_refinement/20d4157cfb45c473/attempt-1789254608333972027"}
{"event": "point_noisy", "family": "capacity_refinement", "flags": ["frequent involuntary context switches"], "attempt": "/gpfs_common/share04/ece592f26/hlee58/tmp/hazel-phase3-20260911/runs/icelake_8358/followup-v1/capacity_refinement/760de7a3c4016b5b/attempt-1789254634884478399"}
{"event": "point_noisy", "family": "capacity_refinement", "flags": ["frequent involuntary context switches"], "attempt": "/gpfs_common/share04/ece592f26/hlee58/tmp/hazel-phase3-20260911/runs/icelake_8358/followup-v1/capacity_refinement/760de7a3c4016b5b/attempt-1789254662093531939"}
{"event": "point_noisy", "family": "capacity_refinement", "flags": ["frequent involuntary context switches"], "attempt": "/gpfs_common/share04/ece592f26/hlee58/tmp/hazel-phase3-20260911/runs/icelake_8358/followup-v1/capacity_refinement/760de7a3c4016b5b/attempt-1789254689219040779"}
{"event": "point_noisy", "family": "capacity_refinement", "flags": ["frequent involuntary context switches"], "attempt": "/gpfs_common/share04/ece592f26/hlee58/tmp/hazel-phase3-20260911/runs/icelake_8358/followup-v1/capacity_refinement/5bd24d0b1cdac6ef/attempt-1789254716655779097"}
{"event": "point_noisy", "family": "capacity_refinement", "flags": ["frequent involuntary context switches"], "attempt": "/gpfs_common/share04/ece592f26/hlee58/tmp/hazel-phase3-20260911/runs/icelake_8358/followup-v1/capacity_refinement/5bd24d0b1cdac6ef/attempt-1789254741504599259"}
{"event": "point_noisy", "family": "capacity_refinement", "flags": ["frequent involuntary context switches"], "attempt": "/gpfs_common/share04/ece592f26/hlee58/tmp/hazel-phase3-20260911/runs/icelake_8358/followup-v1/capacity_refinement/5bd24d0b1cdac6ef/attempt-1789254765890326511"}
{"event": "point_noisy", "family": "capacity_refinement", "flags": ["frequent involuntary context switches"], "attempt": "/gpfs_common/share04/ece592f26/hlee58/tmp/hazel-phase3-20260911/runs/icelake_8358/followup-v1/capacity_refinement/d8289bf6440b54c3/attempt-1789254791178605991"}
{"event": "point_noisy", "family": "capacity_refinement", "flags": ["frequent involuntary context switches"], "attempt": "/gpfs_common/share04/ece592f26/hlee58/tmp/hazel-phase3-20260911/runs/icelake_8358/followup-v1/capacity_refinement/d8289bf6440b54c3/attempt-1789254819542681463"}
{"event": "point_passed", "family": "capacity_refinement", "params": {"mode": "chase", "bytes": 125829120, "stride": 64, "offset": 0, "batch": 256, "seed": 5922026, "order": "random", "page": "huge", "comparison_interval": [67108864, 134217728], "align": 0, "address_list": "-", "extra_args": [0, "huge", "-", -1]}, "median": 193.8984375}
{"event": "point_passed", "family": "capacity_refinement", "params": {"mode": "chase", "bytes": 134217728, "stride": 64, "offset": 0, "batch": 256, "seed": 5922026, "order": "random", "page": "huge", "comparison_interval": [67108864, 134217728], "align": 0, "address_list": "-", "extra_args": [0, "huge", "-", -1]}, "median": 192.1875}
{"event": "point_noisy", "family": "capacity_regular", "flags": ["block median drift exceeds 20 percent"], "attempt": "/gpfs_common/share04/ece592f26/hlee58/tmp/hazel-phase3-20260911/runs/icelake_8358/followup-v1/capacity_regular/5db49b41d8262730/attempt-1789254906131169408"}
{"event": "point_noisy", "family": "capacity_regular", "flags": ["block median drift exceeds 20 percent"], "attempt": "/gpfs_common/share04/ece592f26/hlee58/tmp/hazel-phase3-20260911/runs/icelake_8358/followup-v1/capacity_regular/5db49b41d8262730/attempt-1789254915713311045"}
{"event": "point_noisy", "family": "capacity_regular", "flags": ["block median drift exceeds 20 percent"], "attempt": "/gpfs_common/share04/ece592f26/hlee58/tmp/hazel-phase3-20260911/runs/icelake_8358/followup-v1/capacity_regular/5db49b41d8262730/attempt-1789254925245708192"}
Follow-up segment job=815980 constraint=icelake_8358 stage=capacity status=0 end=2026-09-12T19:15:35-04:00
{"record": "/gpfs_common/share04/ece592f26/hlee58/tmp/hazel-phase3-20260911/submissions/icelake_8358/followup-confirm-20260912T231535.246347Z.json", "returncode": 0, "job_id": "816041", "stderr": ""}

------------------------------------------------------------
Resource usage summary:

    Job ID            : 815980
    Job name          : hz-icelake8-f2
    User / Account    : hlee58 / ece592f26_cpu
    Partition / QOS   : compute_partners / short
    Submitted         : 2026-09-12T18:30:57
    Started           : 2026-09-12T18:31:02
    Wait time         : 5 sec
    Elapsed (wall)    : 00:44:33
    Nodes             : 1 (c059n01)
    CPUs allocated    : 3
    Tasks             : 1
    CPU time (total)  : 2312.90 sec  (user 2305.54, sys 7.38)
    CPU efficiency    : 28.8%
    Memory in use     : 575.82 MB  (sampled at job end; see seff for peak)
    Memory requested  : 2G
    Working directory : /gpfs_common/share04/ece592f26/hlee58/tmp/hazel-phase3-20260911/suite
    Exit code         : 0:0

    For final accounting (Slurm's MaxRSS, billing, etc.):  seff 815980
------------------------------------------------------------
