{"event": "point_passed", "family": "functional", "params": {"mode": "cross", "bytes": 65536, "stride": 8, "offset": 0, "batch": 32, "seed": 5922026, "order": "random", "align": 0, "page": "base", "address_list": "-", "extra_args": [0, "base", "-", -1], "timed_loads": 1, "paired_core": true}, "median": 80.0}
{"event": "point_passed", "family": "functional", "params": {"mode": "cross", "bytes": 65536, "stride": 8, "offset": 1, "batch": 32, "seed": 5922026, "order": "random", "align": 0, "page": "base", "address_list": "-", "extra_args": [0, "base", "-", -1], "timed_loads": 1, "paired_core": true}, "median": 80.0}
Follow-up segment job=815972 constraint=icelake_8358 stage=smoke status=0 end=2026-09-12T18:19:06-04:00
{"record": "/gpfs_common/share04/ece592f26/hlee58/tmp/hazel-phase3-20260911/submissions/icelake_8358/followup-spatial-20260912T221906.732199Z.json", "returncode": 0, "job_id": "815975", "stderr": ""}

------------------------------------------------------------
Resource usage summary:

    Job ID            : 815972
    Job name          : hz-icelake8-f0
    User / Account    : hlee58 / ece592f26_cpu
    Partition / QOS   : compute_partners / short
    Submitted         : 2026-09-12T18:18:47
    Started           : 2026-09-12T18:19:00
    Wait time         : 13 sec
    Elapsed (wall)    : 00:00:07
    Nodes             : 1 (c059n01)
    CPUs allocated    : 3
    Tasks             : 1
    CPU time (total)  : 0.93 sec  (user 0.65, sys 0.28)
    CPU efficiency    : 4.4%
    Memory in use     : 29.07 MB  (sampled at job end; see seff for peak)
    Memory requested  : 2G
    Working directory : /gpfs_common/share03/rotenberg/hlee58/ECE592_proj1
    Exit code         : 0:0

    For final accounting (Slurm's MaxRSS, billing, etc.):  seff 815972
------------------------------------------------------------
