{"event": "point_noisy", "family": "cross_core_reload", "flags": ["frequent involuntary context switches"], "attempt": "/gpfs_common/share04/ece592f26/hlee58/tmp/hazel-phase3-20260911/runs/icelake_8358/followup-v1/cross_core_reload/cedf6f8c2448f72a/attempt-1789258454763439410"}
{"event": "point_noisy", "family": "cross_core_reload", "flags": ["frequent involuntary context switches"], "attempt": "/gpfs_common/share04/ece592f26/hlee58/tmp/hazel-phase3-20260911/runs/icelake_8358/followup-v1/cross_core_reload/cedf6f8c2448f72a/attempt-1789258458829442677"}
{"event": "point_noisy", "family": "cross_core_reload", "flags": ["frequent involuntary context switches"], "attempt": "/gpfs_common/share04/ece592f26/hlee58/tmp/hazel-phase3-20260911/runs/icelake_8358/followup-v1/cross_core_reload/cedf6f8c2448f72a/attempt-1789258462917294747"}
{"event": "point_noisy", "family": "cross_core_reload", "flags": ["frequent involuntary context switches"], "attempt": "/gpfs_common/share04/ece592f26/hlee58/tmp/hazel-phase3-20260911/runs/icelake_8358/followup-v1/cross_core_reload/077b0c3aa794498d/attempt-1789258466949575161"}
{"event": "point_noisy", "family": "cross_core_reload", "flags": ["frequent involuntary context switches"], "attempt": "/gpfs_common/share04/ece592f26/hlee58/tmp/hazel-phase3-20260911/runs/icelake_8358/followup-v1/cross_core_reload/077b0c3aa794498d/attempt-1789258470955228884"}
{"event": "point_noisy", "family": "cross_core_reload", "flags": ["frequent involuntary context switches"], "attempt": "/gpfs_common/share04/ece592f26/hlee58/tmp/hazel-phase3-20260911/runs/icelake_8358/followup-v1/cross_core_reload/077b0c3aa794498d/attempt-1789258474761751634"}
{"event": "point_noisy", "family": "cross_core_reload", "flags": ["frequent involuntary context switches", "block median drift exceeds 20 percent"], "attempt": "/gpfs_common/share04/ece592f26/hlee58/tmp/hazel-phase3-20260911/runs/icelake_8358/followup-v1/cross_core_reload/f44582df64fc6c04/attempt-1789258478728049872"}
{"event": "point_noisy", "family": "cross_core_reload", "flags": ["frequent involuntary context switches"], "attempt": "/gpfs_common/share04/ece592f26/hlee58/tmp/hazel-phase3-20260911/runs/icelake_8358/followup-v1/cross_core_reload/f44582df64fc6c04/attempt-1789258487288767654"}
{"event": "point_noisy", "family": "cross_core_reload", "flags": ["frequent involuntary context switches"], "attempt": "/gpfs_common/share04/ece592f26/hlee58/tmp/hazel-phase3-20260911/runs/icelake_8358/followup-v1/cross_core_reload/f44582df64fc6c04/attempt-1789258495440163543"}
{"event": "point_noisy", "family": "cross_core_reload", "flags": ["frequent involuntary context switches"], "attempt": "/gpfs_common/share04/ece592f26/hlee58/tmp/hazel-phase3-20260911/runs/icelake_8358/followup-v1/cross_core_reload/95d0c3ec66f7be71/attempt-1789258503548020636"}
{"event": "point_noisy", "family": "cross_core_reload", "flags": ["frequent involuntary context switches"], "attempt": "/gpfs_common/share04/ece592f26/hlee58/tmp/hazel-phase3-20260911/runs/icelake_8358/followup-v1/cross_core_reload/95d0c3ec66f7be71/attempt-1789258511675402177"}
{"event": "point_noisy", "family": "cross_core_reload", "flags": ["frequent involuntary context switches"], "attempt": "/gpfs_common/share04/ece592f26/hlee58/tmp/hazel-phase3-20260911/runs/icelake_8358/followup-v1/cross_core_reload/95d0c3ec66f7be71/attempt-1789258519787301055"}
{"event": "point_passed", "family": "same_core_reload", "params": {"mode": "probe", "bytes": 262144, "stride": 64, "offset": 0, "batch": 1024, "seed": 5922026, "order": "random", "page": "huge", "align": 0, "address_list": "-", "extra_args": [0, "huge", "-", -1], "timed_loads": 1}, "median": 66.0}
{"event": "point_noisy", "family": "cross_core_reload", "flags": ["frequent involuntary context switches"], "attempt": "/gpfs_common/share04/ece592f26/hlee58/tmp/hazel-phase3-20260911/runs/icelake_8358/followup-v1/cross_core_reload/eda48e9ccd23d8ce/attempt-1789258536077648844"}
{"event": "point_noisy", "family": "cross_core_reload", "flags": ["frequent involuntary context switches"], "attempt": "/gpfs_common/share04/ece592f26/hlee58/tmp/hazel-phase3-20260911/runs/icelake_8358/followup-v1/cross_core_reload/eda48e9ccd23d8ce/attempt-1789258540869763037"}
{"event": "point_noisy", "family": "cross_core_reload", "flags": ["frequent involuntary context switches"], "attempt": "/gpfs_common/share04/ece592f26/hlee58/tmp/hazel-phase3-20260911/runs/icelake_8358/followup-v1/cross_core_reload/eda48e9ccd23d8ce/attempt-1789258544816702349"}
{"event": "point_noisy", "family": "cross_core_reload", "flags": ["frequent involuntary context switches"], "attempt": "/gpfs_common/share04/ece592f26/hlee58/tmp/hazel-phase3-20260911/runs/icelake_8358/followup-v1/cross_core_reload/9cfc53eafc9f4c9f/attempt-1789258548656899019"}
{"event": "point_noisy", "family": "cross_core_reload", "flags": ["frequent involuntary context switches"], "attempt": "/gpfs_common/share04/ece592f26/hlee58/tmp/hazel-phase3-20260911/runs/icelake_8358/followup-v1/cross_core_reload/9cfc53eafc9f4c9f/attempt-1789258552746041064"}
{"event": "point_noisy", "family": "cross_core_reload", "flags": ["frequent involuntary context switches"], "attempt": "/gpfs_common/share04/ece592f26/hlee58/tmp/hazel-phase3-20260911/runs/icelake_8358/followup-v1/cross_core_reload/9cfc53eafc9f4c9f/attempt-1789258556602531962"}
{"event": "point_noisy", "family": "cross_core_reload", "flags": ["frequent involuntary context switches"], "attempt": "/gpfs_common/share04/ece592f26/hlee58/tmp/hazel-phase3-20260911/runs/icelake_8358/followup-v1/cross_core_reload/d18be66fb1003ee7/attempt-1789258560575594620"}
{"event": "point_noisy", "family": "cross_core_reload", "flags": ["frequent involuntary context switches"], "attempt": "/gpfs_common/share04/ece592f26/hlee58/tmp/hazel-phase3-20260911/runs/icelake_8358/followup-v1/cross_core_reload/d18be66fb1003ee7/attempt-1789258590028291773"}
{"event": "point_noisy", "family": "cross_core_reload", "flags": ["frequent involuntary context switches", "block median drift exceeds 20 percent"], "attempt": "/gpfs_common/share04/ece592f26/hlee58/tmp/hazel-phase3-20260911/runs/icelake_8358/followup-v1/cross_core_reload/d18be66fb1003ee7/attempt-1789258618375623312"}
{"event": "point_noisy", "family": "cross_core_reload", "flags": ["frequent involuntary context switches", "block median drift exceeds 20 percent"], "attempt": "/gpfs_common/share04/ece592f26/hlee58/tmp/hazel-phase3-20260911/runs/icelake_8358/followup-v1/cross_core_reload/eb541a559e4344f9/attempt-1789258646739461712"}
{"event": "point_noisy", "family": "cross_core_reload", "flags": ["frequent involuntary context switches"], "attempt": "/gpfs_common/share04/ece592f26/hlee58/tmp/hazel-phase3-20260911/runs/icelake_8358/followup-v1/cross_core_reload/eb541a559e4344f9/attempt-1789258675040488217"}
{"event": "point_noisy", "family": "cross_core_reload", "flags": ["frequent involuntary context switches", "block median drift exceeds 20 percent"], "attempt": "/gpfs_common/share04/ece592f26/hlee58/tmp/hazel-phase3-20260911/runs/icelake_8358/followup-v1/cross_core_reload/eb541a559e4344f9/attempt-1789258703467429915"}
{"event": "point_passed", "family": "same_core_reload", "params": {"mode": "probe", "bytes": 8388608, "stride": 64, "offset": 0, "batch": 1024, "seed": 5922026, "order": "random", "page": "huge", "align": 0, "address_list": "-", "extra_args": [0, "huge", "-", -1], "timed_loads": 1}, "median": 66.0}
{"event": "point_noisy", "family": "cross_core_reload", "flags": ["frequent involuntary context switches"], "attempt": "/gpfs_common/share04/ece592f26/hlee58/tmp/hazel-phase3-20260911/runs/icelake_8358/followup-v1/cross_core_reload/6bc5c38bb6e31d3a/attempt-1789258761314527328"}
{"event": "point_noisy", "family": "cross_core_reload", "flags": ["frequent involuntary context switches"], "attempt": "/gpfs_common/share04/ece592f26/hlee58/tmp/hazel-phase3-20260911/runs/icelake_8358/followup-v1/cross_core_reload/6bc5c38bb6e31d3a/attempt-1789258766286464526"}
{"event": "point_noisy", "family": "cross_core_reload", "flags": ["frequent involuntary context switches"], "attempt": "/gpfs_common/share04/ece592f26/hlee58/tmp/hazel-phase3-20260911/runs/icelake_8358/followup-v1/cross_core_reload/6bc5c38bb6e31d3a/attempt-1789258770642375398"}
{"event": "point_noisy", "family": "cross_core_reload", "flags": ["frequent involuntary context switches"], "attempt": "/gpfs_common/share04/ece592f26/hlee58/tmp/hazel-phase3-20260911/runs/icelake_8358/followup-v1/cross_core_reload/0c2cad467a698ba2/attempt-1789258774832782446"}
{"event": "point_noisy", "family": "cross_core_reload", "flags": ["frequent involuntary context switches"], "attempt": "/gpfs_common/share04/ece592f26/hlee58/tmp/hazel-phase3-20260911/runs/icelake_8358/followup-v1/cross_core_reload/0c2cad467a698ba2/attempt-1789258778982280105"}
{"event": "point_noisy", "family": "cross_core_reload", "flags": ["frequent involuntary context switches"], "attempt": "/gpfs_common/share04/ece592f26/hlee58/tmp/hazel-phase3-20260911/runs/icelake_8358/followup-v1/cross_core_reload/0c2cad467a698ba2/attempt-1789258783304925380"}
{"event": "point_noisy", "family": "cross_core_reload", "flags": ["frequent involuntary context switches"], "attempt": "/gpfs_common/share04/ece592f26/hlee58/tmp/hazel-phase3-20260911/runs/icelake_8358/followup-v1/cross_core_reload/833a308ab62acf94/attempt-1789258787716677401"}
{"event": "point_noisy", "family": "cross_core_reload", "flags": ["frequent involuntary context switches"], "attempt": "/gpfs_common/share04/ece592f26/hlee58/tmp/hazel-phase3-20260911/runs/icelake_8358/followup-v1/cross_core_reload/833a308ab62acf94/attempt-1789258841770625676"}
{"event": "point_noisy", "family": "cross_core_reload", "flags": ["frequent involuntary context switches"], "attempt": "/gpfs_common/share04/ece592f26/hlee58/tmp/hazel-phase3-20260911/runs/icelake_8358/followup-v1/cross_core_reload/833a308ab62acf94/attempt-1789258894685292049"}
{"event": "point_noisy", "family": "cross_core_reload", "flags": ["frequent involuntary context switches", "block median drift exceeds 20 percent"], "attempt": "/gpfs_common/share04/ece592f26/hlee58/tmp/hazel-phase3-20260911/runs/icelake_8358/followup-v1/cross_core_reload/e78e1d1f7f182904/attempt-1789258947448693839"}
{"event": "point_noisy", "family": "cross_core_reload", "flags": ["frequent involuntary context switches", "block median drift exceeds 20 percent"], "attempt": "/gpfs_common/share04/ece592f26/hlee58/tmp/hazel-phase3-20260911/runs/icelake_8358/followup-v1/cross_core_reload/e78e1d1f7f182904/attempt-1789259000636615640"}
{"event": "point_noisy", "family": "cross_core_reload", "flags": ["frequent involuntary context switches"], "attempt": "/gpfs_common/share04/ece592f26/hlee58/tmp/hazel-phase3-20260911/runs/icelake_8358/followup-v1/cross_core_reload/e78e1d1f7f182904/attempt-1789259053318304020"}
{"event": "point_passed", "family": "same_core_reload", "params": {"mode": "probe", "bytes": 67108864, "stride": 64, "offset": 0, "batch": 1024, "seed": 5922026, "order": "random", "page": "huge", "align": 0, "address_list": "-", "extra_args": [0, "huge", "-", -1], "timed_loads": 1}, "median": 66.0}
{"event": "point_passed", "family": "target_hot", "params": {"mode": "hot", "bytes": 1024, "stride": 8, "offset": 0, "batch": 256, "seed": 5922026, "order": "random", "align": 0, "page": "base", "address_list": "-", "extra_args": [0, "base", "-", -1], "timed_loads": 1}, "median": 54.0}
Follow-up segment job=816184 constraint=icelake_8358 stage=cross status=0 end=2026-09-12T20:26:05-04:00
{"record": "/gpfs_common/share04/ece592f26/hlee58/tmp/hazel-phase3-20260911/submissions/icelake_8358/followup-l2-20260913T002605.437180Z.json", "returncode": 0, "job_id": "816199", "stderr": ""}

------------------------------------------------------------
Resource usage summary:

    Job ID            : 816184
    Job name          : hz-icelake8-f5
    User / Account    : hlee58 / ece592f26_cpu
    Partition / QOS   : compute_partners / short
    Submitted         : 2026-09-12T20:14:02
    Started           : 2026-09-12T20:14:08
    Wait time         : 6 sec
    Elapsed (wall)    : 00:11:57
    Nodes             : 1 (c059n01)
    CPUs allocated    : 3
    Tasks             : 1
    CPU time (total)  : 1111.41 sec  (user 1109.04, sys 2.38)
    CPU efficiency    : 51.7%
    Memory in use     : 145.38 MB  (sampled at job end; see seff for peak)
    Memory requested  : 2G
    Working directory : /gpfs_common/share04/ece592f26/hlee58/tmp/hazel-phase3-20260911/suite
    Exit code         : 0:0

    For final accounting (Slurm's MaxRSS, billing, etc.):  seff 816184
------------------------------------------------------------
