{"event": "point_noisy", "family": "cross_core_reload_final", "flags": ["frequent involuntary context switches"], "attempt": "/gpfs_common/share04/ece592f26/hlee58/tmp/hazel-phase3-20260911/runs/icelake_8358/followup-v1/cross_core_reload_final/1a8a04f25b3f755f/attempt-1789260626040307557"}
{"event": "point_noisy", "family": "cross_core_reload_final", "flags": ["frequent involuntary context switches"], "attempt": "/gpfs_common/share04/ece592f26/hlee58/tmp/hazel-phase3-20260911/runs/icelake_8358/followup-v1/cross_core_reload_final/1a8a04f25b3f755f/attempt-1789260629679877356"}
{"event": "point_noisy", "family": "cross_core_reload_final", "flags": ["frequent involuntary context switches"], "attempt": "/gpfs_common/share04/ece592f26/hlee58/tmp/hazel-phase3-20260911/runs/icelake_8358/followup-v1/cross_core_reload_final/1a8a04f25b3f755f/attempt-1789260633508430841"}
{"event": "point_noisy", "family": "cross_core_reload_final", "flags": ["frequent involuntary context switches"], "attempt": "/gpfs_common/share04/ece592f26/hlee58/tmp/hazel-phase3-20260911/runs/icelake_8358/followup-v1/cross_core_reload_final/2d448b83966e41ef/attempt-1789260637438681064"}
{"event": "point_noisy", "family": "cross_core_reload_final", "flags": ["frequent involuntary context switches"], "attempt": "/gpfs_common/share04/ece592f26/hlee58/tmp/hazel-phase3-20260911/runs/icelake_8358/followup-v1/cross_core_reload_final/2d448b83966e41ef/attempt-1789260641661123244"}
{"event": "point_noisy", "family": "cross_core_reload_final", "flags": ["frequent involuntary context switches"], "attempt": "/gpfs_common/share04/ece592f26/hlee58/tmp/hazel-phase3-20260911/runs/icelake_8358/followup-v1/cross_core_reload_final/2d448b83966e41ef/attempt-1789260645706596384"}
{"event": "point_noisy", "family": "cross_core_reload_final", "flags": ["frequent involuntary context switches", "block median drift exceeds 20 percent"], "attempt": "/gpfs_common/share04/ece592f26/hlee58/tmp/hazel-phase3-20260911/runs/icelake_8358/followup-v1/cross_core_reload_final/ba0c5a343871bfd5/attempt-1789260649713432174"}
{"event": "point_noisy", "family": "cross_core_reload_final", "flags": ["frequent involuntary context switches"], "attempt": "/gpfs_common/share04/ece592f26/hlee58/tmp/hazel-phase3-20260911/runs/icelake_8358/followup-v1/cross_core_reload_final/ba0c5a343871bfd5/attempt-1789260658386237865"}
{"event": "point_noisy", "family": "cross_core_reload_final", "flags": ["frequent involuntary context switches"], "attempt": "/gpfs_common/share04/ece592f26/hlee58/tmp/hazel-phase3-20260911/runs/icelake_8358/followup-v1/cross_core_reload_final/ba0c5a343871bfd5/attempt-1789260666724466957"}
{"event": "point_noisy", "family": "cross_core_reload_final", "flags": ["frequent involuntary context switches"], "attempt": "/gpfs_common/share04/ece592f26/hlee58/tmp/hazel-phase3-20260911/runs/icelake_8358/followup-v1/cross_core_reload_final/0db645aeb4832fe3/attempt-1789260675035298704"}
{"event": "point_noisy", "family": "cross_core_reload_final", "flags": ["frequent involuntary context switches"], "attempt": "/gpfs_common/share04/ece592f26/hlee58/tmp/hazel-phase3-20260911/runs/icelake_8358/followup-v1/cross_core_reload_final/0db645aeb4832fe3/attempt-1789260683127742373"}
{"event": "point_noisy", "family": "cross_core_reload_final", "flags": ["frequent involuntary context switches"], "attempt": "/gpfs_common/share04/ece592f26/hlee58/tmp/hazel-phase3-20260911/runs/icelake_8358/followup-v1/cross_core_reload_final/0db645aeb4832fe3/attempt-1789260691274166948"}
{"event": "point_noisy", "family": "same_core_reload_final", "flags": ["block median drift exceeds 20 percent"], "attempt": "/gpfs_common/share04/ece592f26/hlee58/tmp/hazel-phase3-20260911/runs/icelake_8358/followup-v1/same_core_reload_final/10907b1900e13701/attempt-1789260699313189831"}
{"event": "point_passed", "family": "same_core_reload_final", "params": {"mode": "probe", "bytes": 262144, "stride": 64, "offset": 0, "batch": 1024, "seed": 5924029, "order": "random", "page": "huge", "align": 0, "address_list": "-", "extra_args": [0, "huge", "-", -1], "timed_loads": 1}, "median": 66.0}
{"event": "point_noisy", "family": "cross_core_reload_final", "flags": ["frequent involuntary context switches"], "attempt": "/gpfs_common/share04/ece592f26/hlee58/tmp/hazel-phase3-20260911/runs/icelake_8358/followup-v1/cross_core_reload_final/e51d52ac3659388c/attempt-1789260717101564325"}
{"event": "point_noisy", "family": "cross_core_reload_final", "flags": ["frequent involuntary context switches"], "attempt": "/gpfs_common/share04/ece592f26/hlee58/tmp/hazel-phase3-20260911/runs/icelake_8358/followup-v1/cross_core_reload_final/e51d52ac3659388c/attempt-1789260721176490841"}
{"event": "point_noisy", "family": "cross_core_reload_final", "flags": ["frequent involuntary context switches"], "attempt": "/gpfs_common/share04/ece592f26/hlee58/tmp/hazel-phase3-20260911/runs/icelake_8358/followup-v1/cross_core_reload_final/e51d52ac3659388c/attempt-1789260726268044085"}
{"event": "point_noisy", "family": "cross_core_reload_final", "flags": ["frequent involuntary context switches"], "attempt": "/gpfs_common/share04/ece592f26/hlee58/tmp/hazel-phase3-20260911/runs/icelake_8358/followup-v1/cross_core_reload_final/fb059aa5eecac1c8/attempt-1789260730148176344"}
{"event": "point_noisy", "family": "cross_core_reload_final", "flags": ["frequent involuntary context switches"], "attempt": "/gpfs_common/share04/ece592f26/hlee58/tmp/hazel-phase3-20260911/runs/icelake_8358/followup-v1/cross_core_reload_final/fb059aa5eecac1c8/attempt-1789260734040721472"}
{"event": "point_noisy", "family": "cross_core_reload_final", "flags": ["frequent involuntary context switches"], "attempt": "/gpfs_common/share04/ece592f26/hlee58/tmp/hazel-phase3-20260911/runs/icelake_8358/followup-v1/cross_core_reload_final/fb059aa5eecac1c8/attempt-1789260737935032592"}
{"event": "point_noisy", "family": "cross_core_reload_final", "flags": ["frequent involuntary context switches", "block median drift exceeds 20 percent"], "attempt": "/gpfs_common/share04/ece592f26/hlee58/tmp/hazel-phase3-20260911/runs/icelake_8358/followup-v1/cross_core_reload_final/6c8854cbba65108b/attempt-1789260741969496245"}
{"event": "point_noisy", "family": "cross_core_reload_final", "flags": ["frequent involuntary context switches", "block median drift exceeds 20 percent"], "attempt": "/gpfs_common/share04/ece592f26/hlee58/tmp/hazel-phase3-20260911/runs/icelake_8358/followup-v1/cross_core_reload_final/6c8854cbba65108b/attempt-1789260768234605368"}
{"event": "point_noisy", "family": "cross_core_reload_final", "flags": ["frequent involuntary context switches", "block median drift exceeds 20 percent"], "attempt": "/gpfs_common/share04/ece592f26/hlee58/tmp/hazel-phase3-20260911/runs/icelake_8358/followup-v1/cross_core_reload_final/6c8854cbba65108b/attempt-1789260794518699935"}
{"event": "point_noisy", "family": "cross_core_reload_final", "flags": ["frequent involuntary context switches"], "attempt": "/gpfs_common/share04/ece592f26/hlee58/tmp/hazel-phase3-20260911/runs/icelake_8358/followup-v1/cross_core_reload_final/4fe782accce44bba/attempt-1789260820917206456"}
{"event": "point_noisy", "family": "cross_core_reload_final", "flags": ["frequent involuntary context switches"], "attempt": "/gpfs_common/share04/ece592f26/hlee58/tmp/hazel-phase3-20260911/runs/icelake_8358/followup-v1/cross_core_reload_final/4fe782accce44bba/attempt-1789260847266507469"}
{"event": "point_noisy", "family": "cross_core_reload_final", "flags": ["frequent involuntary context switches"], "attempt": "/gpfs_common/share04/ece592f26/hlee58/tmp/hazel-phase3-20260911/runs/icelake_8358/followup-v1/cross_core_reload_final/4fe782accce44bba/attempt-1789260873576859135"}
{"event": "point_passed", "family": "same_core_reload_final", "params": {"mode": "probe", "bytes": 8388608, "stride": 64, "offset": 0, "batch": 1024, "seed": 5924029, "order": "random", "page": "huge", "align": 0, "address_list": "-", "extra_args": [0, "huge", "-", -1], "timed_loads": 1}, "median": 66.0}
{"event": "point_noisy", "family": "cross_core_reload_final", "flags": ["frequent involuntary context switches"], "attempt": "/gpfs_common/share04/ece592f26/hlee58/tmp/hazel-phase3-20260911/runs/icelake_8358/followup-v1/cross_core_reload_final/08dfb33b6ab65a8e/attempt-1789260926587341671"}
{"event": "point_noisy", "family": "cross_core_reload_final", "flags": ["frequent involuntary context switches"], "attempt": "/gpfs_common/share04/ece592f26/hlee58/tmp/hazel-phase3-20260911/runs/icelake_8358/followup-v1/cross_core_reload_final/08dfb33b6ab65a8e/attempt-1789260931148484162"}
{"event": "point_noisy", "family": "cross_core_reload_final", "flags": ["frequent involuntary context switches"], "attempt": "/gpfs_common/share04/ece592f26/hlee58/tmp/hazel-phase3-20260911/runs/icelake_8358/followup-v1/cross_core_reload_final/08dfb33b6ab65a8e/attempt-1789260935792376758"}
{"event": "point_noisy", "family": "cross_core_reload_final", "flags": ["frequent involuntary context switches"], "attempt": "/gpfs_common/share04/ece592f26/hlee58/tmp/hazel-phase3-20260911/runs/icelake_8358/followup-v1/cross_core_reload_final/c5ad78c81349369b/attempt-1789260939774522002"}
{"event": "point_noisy", "family": "cross_core_reload_final", "flags": ["frequent involuntary context switches"], "attempt": "/gpfs_common/share04/ece592f26/hlee58/tmp/hazel-phase3-20260911/runs/icelake_8358/followup-v1/cross_core_reload_final/c5ad78c81349369b/attempt-1789260943738496065"}
{"event": "point_noisy", "family": "cross_core_reload_final", "flags": ["frequent involuntary context switches"], "attempt": "/gpfs_common/share04/ece592f26/hlee58/tmp/hazel-phase3-20260911/runs/icelake_8358/followup-v1/cross_core_reload_final/c5ad78c81349369b/attempt-1789260947733966623"}
{"event": "point_noisy", "family": "cross_core_reload_final", "flags": ["frequent involuntary context switches"], "attempt": "/gpfs_common/share04/ece592f26/hlee58/tmp/hazel-phase3-20260911/runs/icelake_8358/followup-v1/cross_core_reload_final/76b811e44c611d41/attempt-1789260951959827685"}
{"event": "point_noisy", "family": "cross_core_reload_final", "flags": ["frequent involuntary context switches", "block median drift exceeds 20 percent"], "attempt": "/gpfs_common/share04/ece592f26/hlee58/tmp/hazel-phase3-20260911/runs/icelake_8358/followup-v1/cross_core_reload_final/76b811e44c611d41/attempt-1789261004381739663"}
{"event": "point_noisy", "family": "cross_core_reload_final", "flags": ["frequent involuntary context switches", "block median drift exceeds 20 percent"], "attempt": "/gpfs_common/share04/ece592f26/hlee58/tmp/hazel-phase3-20260911/runs/icelake_8358/followup-v1/cross_core_reload_final/76b811e44c611d41/attempt-1789261056451905448"}
{"event": "point_noisy", "family": "cross_core_reload_final", "flags": ["frequent involuntary context switches"], "attempt": "/gpfs_common/share04/ece592f26/hlee58/tmp/hazel-phase3-20260911/runs/icelake_8358/followup-v1/cross_core_reload_final/eb102bff5aebd391/attempt-1789261108409733143"}
{"event": "point_noisy", "family": "cross_core_reload_final", "flags": ["frequent involuntary context switches", "block median drift exceeds 20 percent"], "attempt": "/gpfs_common/share04/ece592f26/hlee58/tmp/hazel-phase3-20260911/runs/icelake_8358/followup-v1/cross_core_reload_final/eb102bff5aebd391/attempt-1789261160958608424"}
{"event": "point_noisy", "family": "cross_core_reload_final", "flags": ["frequent involuntary context switches", "block median drift exceeds 20 percent"], "attempt": "/gpfs_common/share04/ece592f26/hlee58/tmp/hazel-phase3-20260911/runs/icelake_8358/followup-v1/cross_core_reload_final/eb102bff5aebd391/attempt-1789261213348950972"}
{"event": "point_passed", "family": "same_core_reload_final", "params": {"mode": "probe", "bytes": 67108864, "stride": 64, "offset": 0, "batch": 1024, "seed": 5924029, "order": "random", "page": "huge", "align": 0, "address_list": "-", "extra_args": [0, "huge", "-", -1], "timed_loads": 1}, "median": 66.0}
{"event": "point_passed", "family": "target_hot_final", "params": {"mode": "hot", "bytes": 1024, "stride": 8, "offset": 0, "batch": 256, "seed": 5924030, "order": "random", "align": 0, "page": "base", "address_list": "-", "extra_args": [0, "base", "-", -1], "timed_loads": 1}, "median": 54.0}
Follow-up segment job=816330 constraint=icelake_8358 stage=inclusion_final status=0 end=2026-09-12T21:02:09-04:00
{"record": "/gpfs_common/share04/ece592f26/hlee58/tmp/hazel-phase3-20260911/submissions/icelake_8358/followup-analysis-20260913T010209.589997Z.json", "returncode": 0, "job_id": "816351", "stderr": ""}

------------------------------------------------------------
Resource usage summary:

    Job ID            : 816330
    Job name          : hz-icelake8-f8
    User / Account    : hlee58 / ece592f26_cpu
    Partition / QOS   : compute_partners / short
    Submitted         : 2026-09-12T20:50:18
    Started           : 2026-09-12T20:50:19
    Wait time         : 1 sec
    Elapsed (wall)    : 00:11:50
    Nodes             : 1 (c059n01)
    CPUs allocated    : 3
    Tasks             : 1
    CPU time (total)  : 1082.15 sec  (user 1079.27, sys 2.89)
    CPU efficiency    : 50.8%
    Memory in use     : 165.22 MB  (sampled at job end; see seff for peak)
    Memory requested  : 2G
    Working directory : /gpfs_common/share04/ece592f26/hlee58/tmp/hazel-phase3-20260911/suite
    Exit code         : 0:0

    For final accounting (Slurm's MaxRSS, billing, etc.):  seff 816330
------------------------------------------------------------
