
------------------------------------------------------------
Resource usage summary:

    Job ID            : 816351
    Job name          : hz-icelake8-fverify
    User / Account    : hlee58 / ece592f26_cpu
    Partition / QOS   : compute / normal
    Submitted         : 2026-09-12T21:02:09
    Started           : 2026-09-12T21:02:10
    Wait time         : 1 sec
    Elapsed (wall)    : 00:03:26
    Nodes             : 1 (c207n01)
    CPUs allocated    : 1
    Tasks             : 1
    CPU time (total)  : 145.04 sec  (user 143.49, sys 1.57)
    CPU efficiency    : 70.4%
    Memory in use     : 76.73 MB  (sampled at job end; see seff for peak)
    Memory requested  : 4G
    Working directory : /gpfs_common/share04/ece592f26/hlee58/tmp/hazel-phase3-20260911/suite
    Exit code         : 0:0

    For final accounting (Slurm's MaxRSS, billing, etc.):  seff 816351
------------------------------------------------------------
