{"event": "point_passed", "family": "functional", "params": {"mode": "overhead", "bytes": 1024, "stride": 8, "offset": 0, "batch": 256, "seed": 5922026, "order": "random", "align": 0, "page": "base", "address_list": "-", "extra_args": [0, "base", "-", -1], "timed_loads": 1}, "median": 66.0}
{"event": "point_passed", "family": "functional", "params": {"mode": "chase", "bytes": 65536, "stride": 8, "offset": 0, "batch": 256, "seed": 5922026, "order": "random", "align": 0, "page": "base", "address_list": "-", "extra_args": [0, "base", "-", -1]}, "median": 8.0}
{"event": "point_passed", "family": "functional", "params": {"mode": "spatial", "bytes": 65536, "stride": 512, "offset": 40, "batch": 256, "seed": 5922026, "order": "random", "align": 24, "page": "base", "address_list": "-", "extra_args": [24, "base", "-", -1]}, "median": 14.2890625}
{"event": "point_passed", "family": "functional", "params": {"mode": "chase", "bytes": 65536, "stride": 8, "offset": 0, "batch": 256, "seed": 5922026, "order": "random", "page": "huge", "align": 0, "address_list": "-", "extra_args": [0, "huge", "-", -1]}, "median": 8.0234375}
{"event": "point_passed", "family": "functional", "params": {"mode": "hot", "bytes": 1024, "stride": 8, "offset": 0, "batch": 256, "seed": 5922026, "order": "random", "align": 0, "page": "base", "address_list": "-", "extra_args": [0, "base", "-", -1], "timed_loads": 1}, "median": 72.0}
{"event": "point_passed", "family": "functional", "params": {"mode": "probe", "bytes": 65536, "stride": 8, "offset": 0, "batch": 32, "seed": 5922026, "order": "random", "align": 0, "page": "base", "address_list": "-", "extra_args": [0, "base", "-", -1], "timed_loads": 1}, "median": 76.0}
{"event": "waiting_for_idle", "family": "functional", "reason": "No pair of idle physical cores in one socket passed every idle window; waiting for a pair", "next_check_seconds": 15}
{"event": "waiting_for_idle", "family": "functional", "reason": "No pair of idle physical cores in one socket passed every idle window; waiting for a pair", "next_check_seconds": 15}
{"event": "waiting_for_idle", "family": "functional", "reason": "No pair of idle physical cores in one socket passed every idle window; waiting for a pair", "next_check_seconds": 15}
{"event": "waiting_for_idle", "family": "functional", "reason": "No pair of idle physical cores in one socket passed every idle window; waiting for a pair", "next_check_seconds": 15}
{"event": "waiting_for_idle", "family": "functional", "reason": "No pair of idle physical cores in one socket passed every idle window; waiting for a pair", "next_check_seconds": 15}
{"event": "waiting_for_idle", "family": "functional", "reason": "No pair of idle physical cores in one socket passed every idle window; waiting for a pair", "next_check_seconds": 15}
{"event": "waiting_for_idle", "family": "functional", "reason": "No pair of idle physical cores in one socket passed every idle window; waiting for a pair", "next_check_seconds": 15}
{"event": "waiting_for_idle", "family": "functional", "reason": "No pair of idle physical cores in one socket passed every idle window; waiting for a pair", "next_check_seconds": 15}
{"event": "waiting_for_idle", "family": "functional", "reason": "No pair of idle physical cores in one socket passed every idle window; waiting for a pair", "next_check_seconds": 15}
{"event": "waiting_for_idle", "family": "functional", "reason": "No pair of idle physical cores in one socket passed every idle window; waiting for a pair", "next_check_seconds": 15}
{"event": "waiting_for_idle", "family": "functional", "reason": "No pair of idle physical cores in one socket passed every idle window; waiting for a pair", "next_check_seconds": 15}
{"event": "waiting_for_idle", "family": "functional", "reason": "No pair of idle physical cores in one socket passed every idle window; waiting for a pair", "next_check_seconds": 15}
{"event": "waiting_for_idle", "family": "functional", "reason": "No pair of idle physical cores in one socket passed every idle window; waiting for a pair", "next_check_seconds": 15}
{"event": "waiting_for_idle", "family": "functional", "reason": "No pair of idle physical cores in one socket passed every idle window; waiting for a pair", "next_check_seconds": 15}
{"event": "waiting_for_idle", "family": "functional", "reason": "No pair of idle physical cores in one socket passed every idle window; waiting for a pair", "next_check_seconds": 15}
{"event": "waiting_for_idle", "family": "functional", "reason": "No pair of idle physical cores in one socket passed every idle window; waiting for a pair", "next_check_seconds": 15}
{"event": "waiting_for_idle", "family": "functional", "reason": "No pair of idle physical cores in one socket passed every idle window; waiting for a pair", "next_check_seconds": 15}
{"event": "waiting_for_idle", "family": "functional", "reason": "No pair of idle physical cores in one socket passed every idle window; waiting for a pair", "next_check_seconds": 15}
{"event": "waiting_for_idle", "family": "functional", "reason": "No pair of idle physical cores in one socket passed every idle window; waiting for a pair", "next_check_seconds": 15}
{"event": "waiting_for_idle", "family": "functional", "reason": "No pair of idle physical cores in one socket passed every idle window; waiting for a pair", "next_check_seconds": 15}
{"event": "waiting_for_idle", "family": "functional", "reason": "No pair of idle physical cores in one socket passed every idle window; waiting for a pair", "next_check_seconds": 15}
{"event": "waiting_for_idle", "family": "functional", "reason": "No pair of idle physical cores in one socket passed every idle window; waiting for a pair", "next_check_seconds": 15}
{"event": "waiting_for_idle", "family": "functional", "reason": "No pair of idle physical cores in one socket passed every idle window; waiting for a pair", "next_check_seconds": 15}
{"event": "waiting_for_idle", "family": "functional", "reason": "No pair of idle physical cores in one socket passed every idle window; waiting for a pair", "next_check_seconds": 15}
{"event": "waiting_for_idle", "family": "functional", "reason": "No pair of idle physical cores in one socket passed every idle window; waiting for a pair", "next_check_seconds": 15}
{"event": "waiting_for_idle", "family": "functional", "reason": "No pair of idle physical cores in one socket passed every idle window; waiting for a pair", "next_check_seconds": 15}
{"event": "waiting_for_idle", "family": "functional", "reason": "No pair of idle physical cores in one socket passed every idle window; waiting for a pair", "next_check_seconds": 15}
{"event": "waiting_for_idle", "family": "functional", "reason": "No pair of idle physical cores in one socket passed every idle window; waiting for a pair", "next_check_seconds": 15}
{"event": "waiting_for_idle", "family": "functional", "reason": "No pair of idle physical cores in one socket passed every idle window; waiting for a pair", "next_check_seconds": 15}
{"event": "waiting_for_idle", "family": "functional", "reason": "No pair of idle physical cores in one socket passed every idle window; waiting for a pair", "next_check_seconds": 15}
{"event": "waiting_for_idle", "family": "functional", "reason": "No pair of idle physical cores in one socket passed every idle window; waiting for a pair", "next_check_seconds": 15}
{"event": "waiting_for_idle", "family": "functional", "reason": "No pair of idle physical cores in one socket passed every idle window; waiting for a pair", "next_check_seconds": 15}
{"event": "waiting_for_idle", "family": "functional", "reason": "No pair of idle physical cores in one socket passed every idle window; waiting for a pair", "next_check_seconds": 15}
{"event": "waiting_for_idle", "family": "functional", "reason": "No pair of idle physical cores in one socket passed every idle window; waiting for a pair", "next_check_seconds": 15}
{"event": "waiting_for_idle", "family": "functional", "reason": "No pair of idle physical cores in one socket passed every idle window; waiting for a pair", "next_check_seconds": 15}
{"event": "waiting_for_idle", "family": "functional", "reason": "No pair of idle physical cores in one socket passed every idle window; waiting for a pair", "next_check_seconds": 15}
{"event": "waiting_for_idle", "family": "functional", "reason": "No pair of idle physical cores in one socket passed every idle window; waiting for a pair", "next_check_seconds": 15}
{"event": "waiting_for_idle", "family": "functional", "reason": "No pair of idle physical cores in one socket passed every idle window; waiting for a pair", "next_check_seconds": 15}
{"event": "waiting_for_idle", "family": "functional", "reason": "No pair of idle physical cores in one socket passed every idle window; waiting for a pair", "next_check_seconds": 15}
{"event": "waiting_for_idle", "family": "functional", "reason": "No pair of idle physical cores in one socket passed every idle window; waiting for a pair", "next_check_seconds": 15}
{"event": "waiting_for_idle", "family": "functional", "reason": "No pair of idle physical cores in one socket passed every idle window; waiting for a pair", "next_check_seconds": 15}
{"event": "waiting_for_idle", "family": "functional", "reason": "No pair of idle physical cores in one socket passed every idle window; waiting for a pair", "next_check_seconds": 15}
{"event": "waiting_for_idle", "family": "functional", "reason": "No pair of idle physical cores in one socket passed every idle window; waiting for a pair", "next_check_seconds": 15}
{"event": "waiting_for_idle", "family": "functional", "reason": "No pair of idle physical cores in one socket passed every idle window; waiting for a pair", "next_check_seconds": 15}
{"event": "waiting_for_idle", "family": "functional", "reason": "No pair of idle physical cores in one socket passed every idle window; waiting for a pair", "next_check_seconds": 15}
{"event": "waiting_for_idle", "family": "functional", "reason": "No pair of idle physical cores in one socket passed every idle window; waiting for a pair", "next_check_seconds": 15}
{"event": "waiting_for_idle", "family": "functional", "reason": "No pair of idle physical cores in one socket passed every idle window; waiting for a pair", "next_check_seconds": 15}
{"event": "waiting_for_idle", "family": "functional", "reason": "No pair of idle physical cores in one socket passed every idle window; waiting for a pair", "next_check_seconds": 15}
{"event": "waiting_for_idle", "family": "functional", "reason": "No pair of idle physical cores in one socket passed every idle window; waiting for a pair", "next_check_seconds": 15}
{"event": "waiting_for_idle", "family": "functional", "reason": "No pair of idle physical cores in one socket passed every idle window; waiting for a pair", "next_check_seconds": 15}
{"event": "waiting_for_idle", "family": "functional", "reason": "No pair of idle physical cores in one socket passed every idle window; waiting for a pair", "next_check_seconds": 15}
{"event": "waiting_for_idle", "family": "functional", "reason": "No pair of idle physical cores in one socket passed every idle window; waiting for a pair", "next_check_seconds": 15}
{"event": "waiting_for_idle", "family": "functional", "reason": "No pair of idle physical cores in one socket passed every idle window; waiting for a pair", "next_check_seconds": 15}
{"event": "waiting_for_idle", "family": "functional", "reason": "No pair of idle physical cores in one socket passed every idle window; waiting for a pair", "next_check_seconds": 15}
{"event": "waiting_for_idle", "family": "functional", "reason": "No pair of idle physical cores in one socket passed every idle window; waiting for a pair", "next_check_seconds": 15}
{"event": "waiting_for_idle", "family": "functional", "reason": "No pair of idle physical cores in one socket passed every idle window; waiting for a pair", "next_check_seconds": 15}
{"event": "waiting_for_idle", "family": "functional", "reason": "No pair of idle physical cores in one socket passed every idle window; waiting for a pair", "next_check_seconds": 15}
{"event": "waiting_for_idle", "family": "functional", "reason": "No pair of idle physical cores in one socket passed every idle window; waiting for a pair", "next_check_seconds": 15}
{"event": "waiting_for_idle", "family": "functional", "reason": "No pair of idle physical cores in one socket passed every idle window; waiting for a pair", "next_check_seconds": 15}
{"event": "waiting_for_idle", "family": "functional", "reason": "No pair of idle physical cores in one socket passed every idle window; waiting for a pair", "next_check_seconds": 15}
{"event": "waiting_for_idle", "family": "functional", "reason": "No pair of idle physical cores in one socket passed every idle window; waiting for a pair", "next_check_seconds": 15}
{"event": "waiting_for_idle", "family": "functional", "reason": "No pair of idle physical cores in one socket passed every idle window; waiting for a pair", "next_check_seconds": 15}
{"event": "waiting_for_idle", "family": "functional", "reason": "No pair of idle physical cores in one socket passed every idle window; waiting for a pair", "next_check_seconds": 15}
{"event": "waiting_for_idle", "family": "functional", "reason": "No pair of idle physical cores in one socket passed every idle window; waiting for a pair", "next_check_seconds": 15}
{"event": "waiting_for_idle", "family": "functional", "reason": "No pair of idle physical cores in one socket passed every idle window; waiting for a pair", "next_check_seconds": 15}
{"event": "waiting_for_idle", "family": "functional", "reason": "No pair of idle physical cores in one socket passed every idle window; waiting for a pair", "next_check_seconds": 15}
{"event": "waiting_for_idle", "family": "functional", "reason": "No pair of idle physical cores in one socket passed every idle window; waiting for a pair", "next_check_seconds": 15}
{"event": "waiting_for_idle", "family": "functional", "reason": "No pair of idle physical cores in one socket passed every idle window; waiting for a pair", "next_check_seconds": 15}
{"event": "waiting_for_idle", "family": "functional", "reason": "No pair of idle physical cores in one socket passed every idle window; waiting for a pair", "next_check_seconds": 15}
{"event": "waiting_for_idle", "family": "functional", "reason": "No pair of idle physical cores in one socket passed every idle window; waiting for a pair", "next_check_seconds": 15}
{"event": "waiting_for_idle", "family": "functional", "reason": "No pair of idle physical cores in one socket passed every idle window; waiting for a pair", "next_check_seconds": 15}
{"event": "waiting_for_idle", "family": "functional", "reason": "No core and complete SMT sibling group passed all idle windows; waiting for a pair", "next_check_seconds": 15}
{"event": "waiting_for_idle", "family": "functional", "reason": "No pair of idle physical cores in one socket passed every idle window; waiting for a pair", "next_check_seconds": 15}
{"event": "waiting_for_idle", "family": "functional", "reason": "No pair of idle physical cores in one socket passed every idle window; waiting for a pair", "next_check_seconds": 15}
{"event": "waiting_for_idle", "family": "functional", "reason": "No pair of idle physical cores in one socket passed every idle window; waiting for a pair", "next_check_seconds": 15}
{"event": "waiting_for_idle", "family": "functional", "reason": "No pair of idle physical cores in one socket passed every idle window; waiting for a pair", "next_check_seconds": 15}
{"event": "waiting_for_idle", "family": "functional", "reason": "No pair of idle physical cores in one socket passed every idle window; waiting for a pair", "next_check_seconds": 15}
{"event": "waiting_for_idle", "family": "functional", "reason": "No pair of idle physical cores in one socket passed every idle window; waiting for a pair", "next_check_seconds": 15}
{"event": "waiting_for_idle", "family": "functional", "reason": "No pair of idle physical cores in one socket passed every idle window; waiting for a pair", "next_check_seconds": 15}
{"event": "waiting_for_idle", "family": "functional", "reason": "No pair of idle physical cores in one socket passed every idle window; waiting for a pair", "next_check_seconds": 15}
{"event": "waiting_for_idle", "family": "functional", "reason": "No pair of idle physical cores in one socket passed every idle window; waiting for a pair", "next_check_seconds": 15}
{"event": "waiting_for_idle", "family": "functional", "reason": "No pair of idle physical cores in one socket passed every idle window; waiting for a pair", "next_check_seconds": 15}
{"event": "waiting_for_idle", "family": "functional", "reason": "No pair of idle physical cores in one socket passed every idle window; waiting for a pair", "next_check_seconds": 15}
{"event": "waiting_for_idle", "family": "functional", "reason": "No pair of idle physical cores in one socket passed every idle window; waiting for a pair", "next_check_seconds": 15}
{"event": "waiting_for_idle", "family": "functional", "reason": "No pair of idle physical cores in one socket passed every idle window; waiting for a pair", "next_check_seconds": 15}
{"event": "waiting_for_idle", "family": "functional", "reason": "No pair of idle physical cores in one socket passed every idle window; waiting for a pair", "next_check_seconds": 15}
{"event": "waiting_for_idle", "family": "functional", "reason": "No pair of idle physical cores in one socket passed every idle window; waiting for a pair", "next_check_seconds": 15}
{"event": "waiting_for_idle", "family": "functional", "reason": "No pair of idle physical cores in one socket passed every idle window; waiting for a pair", "next_check_seconds": 15}
{"event": "waiting_for_idle", "family": "functional", "reason": "No pair of idle physical cores in one socket passed every idle window; waiting for a pair", "next_check_seconds": 15}
{"event": "waiting_for_idle", "family": "functional", "reason": "No pair of idle physical cores in one socket passed every idle window; waiting for a pair", "next_check_seconds": 15}
{"event": "waiting_for_idle", "family": "functional", "reason": "No pair of idle physical cores in one socket passed every idle window; waiting for a pair", "next_check_seconds": 15}
{"event": "waiting_for_idle", "family": "functional", "reason": "No pair of idle physical cores in one socket passed every idle window; waiting for a pair", "next_check_seconds": 15}
{"event": "waiting_for_idle", "family": "functional", "reason": "No pair of idle physical cores in one socket passed every idle window; waiting for a pair", "next_check_seconds": 15}
{"event": "waiting_for_idle", "family": "functional", "reason": "No pair of idle physical cores in one socket passed every idle window; waiting for a pair", "next_check_seconds": 15}
{"event": "waiting_for_idle", "family": "functional", "reason": "No pair of idle physical cores in one socket passed every idle window; waiting for a pair", "next_check_seconds": 15}
{"event": "waiting_for_idle", "family": "functional", "reason": "No pair of idle physical cores in one socket passed every idle window; waiting for a pair", "next_check_seconds": 15}
{"event": "waiting_for_idle", "family": "functional", "reason": "No pair of idle physical cores in one socket passed every idle window; waiting for a pair", "next_check_seconds": 15}
{"event": "waiting_for_idle", "family": "functional", "reason": "No pair of idle physical cores in one socket passed every idle window; waiting for a pair", "next_check_seconds": 15}
{"event": "waiting_for_idle", "family": "functional", "reason": "No pair of idle physical cores in one socket passed every idle window; waiting for a pair", "next_check_seconds": 15}
{"event": "waiting_for_idle", "family": "functional", "reason": "No pair of idle physical cores in one socket passed every idle window; waiting for a pair", "next_check_seconds": 15}
{"event": "waiting_for_idle", "family": "functional", "reason": "No pair of idle physical cores in one socket passed every idle window; waiting for a pair", "next_check_seconds": 15}
{"event": "waiting_for_idle", "family": "functional", "reason": "No pair of idle physical cores in one socket passed every idle window; waiting for a pair", "next_check_seconds": 15}
{"event": "waiting_for_idle", "family": "functional", "reason": "No pair of idle physical cores in one socket passed every idle window; waiting for a pair", "next_check_seconds": 15}
{"event": "waiting_for_idle", "family": "functional", "reason": "No pair of idle physical cores in one socket passed every idle window; waiting for a pair", "next_check_seconds": 15}
{"event": "waiting_for_idle", "family": "functional", "reason": "No pair of idle physical cores in one socket passed every idle window; waiting for a pair", "next_check_seconds": 15}
{"event": "waiting_for_idle", "family": "functional", "reason": "No pair of idle physical cores in one socket passed every idle window; waiting for a pair", "next_check_seconds": 15}
{"event": "waiting_for_idle", "family": "functional", "reason": "No pair of idle physical cores in one socket passed every idle window; waiting for a pair", "next_check_seconds": 15}
{"event": "waiting_for_idle", "family": "functional", "reason": "No pair of idle physical cores in one socket passed every idle window; waiting for a pair", "next_check_seconds": 15}
{"event": "waiting_for_idle", "family": "functional", "reason": "No pair of idle physical cores in one socket passed every idle window; waiting for a pair", "next_check_seconds": 15}
{"event": "waiting_for_idle", "family": "functional", "reason": "No pair of idle physical cores in one socket passed every idle window; waiting for a pair", "next_check_seconds": 15}
{"event": "waiting_for_idle", "family": "functional", "reason": "No pair of idle physical cores in one socket passed every idle window; waiting for a pair", "next_check_seconds": 15}
{"event": "waiting_for_idle", "family": "functional", "reason": "No pair of idle physical cores in one socket passed every idle window; waiting for a pair", "next_check_seconds": 15}
{"event": "waiting_for_idle", "family": "functional", "reason": "No pair of idle physical cores in one socket passed every idle window; waiting for a pair", "next_check_seconds": 15}
{"event": "waiting_for_idle", "family": "functional", "reason": "No pair of idle physical cores in one socket passed every idle window; waiting for a pair", "next_check_seconds": 15}
{"event": "waiting_for_idle", "family": "functional", "reason": "No pair of idle physical cores in one socket passed every idle window; waiting for a pair", "next_check_seconds": 15}
{"event": "waiting_for_idle", "family": "functional", "reason": "No pair of idle physical cores in one socket passed every idle window; waiting for a pair", "next_check_seconds": 15}
{"event": "waiting_for_idle", "family": "functional", "reason": "No pair of idle physical cores in one socket passed every idle window; waiting for a pair", "next_check_seconds": 15}
{"event": "waiting_for_idle", "family": "functional", "reason": "No pair of idle physical cores in one socket passed every idle window; waiting for a pair", "next_check_seconds": 15}
{"event": "waiting_for_idle", "family": "functional", "reason": "No pair of idle physical cores in one socket passed every idle window; waiting for a pair", "next_check_seconds": 15}
{"event": "waiting_for_idle", "family": "functional", "reason": "No pair of idle physical cores in one socket passed every idle window; waiting for a pair", "next_check_seconds": 15}
{"event": "waiting_for_idle", "family": "functional", "reason": "No pair of idle physical cores in one socket passed every idle window; waiting for a pair", "next_check_seconds": 15}
{"event": "waiting_for_idle", "family": "functional", "reason": "No pair of idle physical cores in one socket passed every idle window; waiting for a pair", "next_check_seconds": 15}
{"event": "waiting_for_idle", "family": "functional", "reason": "No pair of idle physical cores in one socket passed every idle window; waiting for a pair", "next_check_seconds": 15}
{"event": "waiting_for_idle", "family": "functional", "reason": "No pair of idle physical cores in one socket passed every idle window; waiting for a pair", "next_check_seconds": 15}
{"event": "waiting_for_idle", "family": "functional", "reason": "No pair of idle physical cores in one socket passed every idle window; waiting for a pair", "next_check_seconds": 15}
{"event": "waiting_for_idle", "family": "functional", "reason": "No pair of idle physical cores in one socket passed every idle window; waiting for a pair", "next_check_seconds": 15}
{"event": "waiting_for_idle", "family": "functional", "reason": "No pair of idle physical cores in one socket passed every idle window; waiting for a pair", "next_check_seconds": 15}
{"event": "waiting_for_idle", "family": "functional", "reason": "No pair of idle physical cores in one socket passed every idle window; waiting for a pair", "next_check_seconds": 15}
{"event": "waiting_for_idle", "family": "functional", "reason": "No pair of idle physical cores in one socket passed every idle window; waiting for a pair", "next_check_seconds": 15}
{"event": "waiting_for_idle", "family": "functional", "reason": "No pair of idle physical cores in one socket passed every idle window; waiting for a pair", "next_check_seconds": 15}
{"event": "waiting_for_idle", "family": "functional", "reason": "No pair of idle physical cores in one socket passed every idle window; waiting for a pair", "next_check_seconds": 15}
{"event": "waiting_for_idle", "family": "functional", "reason": "No pair of idle physical cores in one socket passed every idle window; waiting for a pair", "next_check_seconds": 15}
{"event": "waiting_for_idle", "family": "functional", "reason": "No pair of idle physical cores in one socket passed every idle window; waiting for a pair", "next_check_seconds": 15}
{"event": "waiting_for_idle", "family": "functional", "reason": "No pair of idle physical cores in one socket passed every idle window; waiting for a pair", "next_check_seconds": 15}
{"event": "waiting_for_idle", "family": "functional", "reason": "No pair of idle physical cores in one socket passed every idle window; waiting for a pair", "next_check_seconds": 15}
{"event": "waiting_for_idle", "family": "functional", "reason": "No pair of idle physical cores in one socket passed every idle window; waiting for a pair", "next_check_seconds": 15}
{"event": "waiting_for_idle", "family": "functional", "reason": "No pair of idle physical cores in one socket passed every idle window; waiting for a pair", "next_check_seconds": 15}
{"event": "waiting_for_idle", "family": "functional", "reason": "No pair of idle physical cores in one socket passed every idle window; waiting for a pair", "next_check_seconds": 15}
{"event": "waiting_for_idle", "family": "functional", "reason": "No core and complete SMT sibling group passed all idle windows; waiting for a pair", "next_check_seconds": 15}
{"event": "waiting_for_idle", "family": "functional", "reason": "No pair of idle physical cores in one socket passed every idle window; waiting for a pair", "next_check_seconds": 15}
{"event": "waiting_for_idle", "family": "functional", "reason": "No pair of idle physical cores in one socket passed every idle window; waiting for a pair", "next_check_seconds": 15}
{"event": "waiting_for_idle", "family": "functional", "reason": "No pair of idle physical cores in one socket passed every idle window; waiting for a pair", "next_check_seconds": 15}
{"event": "waiting_for_idle", "family": "functional", "reason": "No pair of idle physical cores in one socket passed every idle window; waiting for a pair", "next_check_seconds": 15}
{"event": "waiting_for_idle", "family": "functional", "reason": "No pair of idle physical cores in one socket passed every idle window; waiting for a pair", "next_check_seconds": 15}
{"event": "waiting_for_idle", "family": "functional", "reason": "No pair of idle physical cores in one socket passed every idle window; waiting for a pair", "next_check_seconds": 15}
{"event": "waiting_for_idle", "family": "functional", "reason": "No pair of idle physical cores in one socket passed every idle window; waiting for a pair", "next_check_seconds": 15}
{"event": "waiting_for_idle", "family": "functional", "reason": "No pair of idle physical cores in one socket passed every idle window; waiting for a pair", "next_check_seconds": 15}
{"event": "waiting_for_idle", "family": "functional", "reason": "No pair of idle physical cores in one socket passed every idle window; waiting for a pair", "next_check_seconds": 15}
{"event": "waiting_for_idle", "family": "functional", "reason": "No pair of idle physical cores in one socket passed every idle window; waiting for a pair", "next_check_seconds": 15}
{"event": "waiting_for_idle", "family": "functional", "reason": "No pair of idle physical cores in one socket passed every idle window; waiting for a pair", "next_check_seconds": 15}
{"event": "waiting_for_idle", "family": "functional", "reason": "No pair of idle physical cores in one socket passed every idle window; waiting for a pair", "next_check_seconds": 15}
{"event": "waiting_for_idle", "family": "functional", "reason": "No pair of idle physical cores in one socket passed every idle window; waiting for a pair", "next_check_seconds": 15}
{"event": "waiting_for_idle", "family": "functional", "reason": "No core and complete SMT sibling group passed all idle windows; waiting for a pair", "next_check_seconds": 15}
{"event": "waiting_for_idle", "family": "functional", "reason": "No pair of idle physical cores in one socket passed every idle window; waiting for a pair", "next_check_seconds": 15}
{"event": "waiting_for_idle", "family": "functional", "reason": "No pair of idle physical cores in one socket passed every idle window; waiting for a pair", "next_check_seconds": 15}
{"event": "waiting_for_idle", "family": "functional", "reason": "No pair of idle physical cores in one socket passed every idle window; waiting for a pair", "next_check_seconds": 15}
{"event": "waiting_for_idle", "family": "functional", "reason": "No pair of idle physical cores in one socket passed every idle window; waiting for a pair", "next_check_seconds": 15}
{"event": "waiting_for_idle", "family": "functional", "reason": "No pair of idle physical cores in one socket passed every idle window; waiting for a pair", "next_check_seconds": 15}
{"event": "waiting_for_idle", "family": "functional", "reason": "No pair of idle physical cores in one socket passed every idle window; waiting for a pair", "next_check_seconds": 15}
{"event": "waiting_for_idle", "family": "functional", "reason": "No pair of idle physical cores in one socket passed every idle window; waiting for a pair", "next_check_seconds": 15}
{"event": "waiting_for_idle", "family": "functional", "reason": "No pair of idle physical cores in one socket passed every idle window; waiting for a pair", "next_check_seconds": 15}
{"event": "waiting_for_idle", "family": "functional", "reason": "No pair of idle physical cores in one socket passed every idle window; waiting for a pair", "next_check_seconds": 15}
{"event": "waiting_for_idle", "family": "functional", "reason": "No pair of idle physical cores in one socket passed every idle window; waiting for a pair", "next_check_seconds": 15}
{"event": "waiting_for_idle", "family": "functional", "reason": "No pair of idle physical cores in one socket passed every idle window; waiting for a pair", "next_check_seconds": 15}
{"event": "waiting_for_idle", "family": "functional", "reason": "No pair of idle physical cores in one socket passed every idle window; waiting for a pair", "next_check_seconds": 15}
{"event": "waiting_for_idle", "family": "functional", "reason": "No pair of idle physical cores in one socket passed every idle window; waiting for a pair", "next_check_seconds": 15}
{"event": "waiting_for_idle", "family": "functional", "reason": "No pair of idle physical cores in one socket passed every idle window; waiting for a pair", "next_check_seconds": 15}
{"event": "waiting_for_idle", "family": "functional", "reason": "No pair of idle physical cores in one socket passed every idle window; waiting for a pair", "next_check_seconds": 15}
{"event": "waiting_for_idle", "family": "functional", "reason": "No pair of idle physical cores in one socket passed every idle window; waiting for a pair", "next_check_seconds": 15}
{"event": "waiting_for_idle", "family": "functional", "reason": "No pair of idle physical cores in one socket passed every idle window; waiting for a pair", "next_check_seconds": 15}
{"event": "waiting_for_idle", "family": "functional", "reason": "No pair of idle physical cores in one socket passed every idle window; waiting for a pair", "next_check_seconds": 15}
{"event": "waiting_for_idle", "family": "functional", "reason": "No pair of idle physical cores in one socket passed every idle window; waiting for a pair", "next_check_seconds": 15}
{"event": "waiting_for_idle", "family": "functional", "reason": "No pair of idle physical cores in one socket passed every idle window; waiting for a pair", "next_check_seconds": 15}
{"event": "waiting_for_idle", "family": "functional", "reason": "No pair of idle physical cores in one socket passed every idle window; waiting for a pair", "next_check_seconds": 15}
{"event": "waiting_for_idle", "family": "functional", "reason": "No pair of idle physical cores in one socket passed every idle window; waiting for a pair", "next_check_seconds": 15}
{"event": "waiting_for_idle", "family": "functional", "reason": "No pair of idle physical cores in one socket passed every idle window; waiting for a pair", "next_check_seconds": 15}
{"event": "waiting_for_idle", "family": "functional", "reason": "No pair of idle physical cores in one socket passed every idle window; waiting for a pair", "next_check_seconds": 15}
{"event": "waiting_for_idle", "family": "functional", "reason": "No pair of idle physical cores in one socket passed every idle window; waiting for a pair", "next_check_seconds": 15}
{"event": "waiting_for_idle", "family": "functional", "reason": "No pair of idle physical cores in one socket passed every idle window; waiting for a pair", "next_check_seconds": 15}
{"event": "waiting_for_idle", "family": "functional", "reason": "No pair of idle physical cores in one socket passed every idle window; waiting for a pair", "next_check_seconds": 15}
{"event": "waiting_for_idle", "family": "functional", "reason": "No pair of idle physical cores in one socket passed every idle window; waiting for a pair", "next_check_seconds": 15}
{"event": "waiting_for_idle", "family": "functional", "reason": "No core and complete SMT sibling group passed all idle windows; waiting for a pair", "next_check_seconds": 15}
{"event": "waiting_for_idle", "family": "functional", "reason": "No pair of idle physical cores in one socket passed every idle window; waiting for a pair", "next_check_seconds": 15}
{"event": "waiting_for_idle", "family": "functional", "reason": "No pair of idle physical cores in one socket passed every idle window; waiting for a pair", "next_check_seconds": 15}
{"event": "waiting_for_idle", "family": "functional", "reason": "No pair of idle physical cores in one socket passed every idle window; waiting for a pair", "next_check_seconds": 15}
{"event": "waiting_for_idle", "family": "functional", "reason": "No pair of idle physical cores in one socket passed every idle window; waiting for a pair", "next_check_seconds": 15}
{"event": "waiting_for_idle", "family": "functional", "reason": "No pair of idle physical cores in one socket passed every idle window; waiting for a pair", "next_check_seconds": 15}
{"event": "waiting_for_idle", "family": "functional", "reason": "No pair of idle physical cores in one socket passed every idle window; waiting for a pair", "next_check_seconds": 15}
{"event": "waiting_for_idle", "family": "functional", "reason": "No pair of idle physical cores in one socket passed every idle window; waiting for a pair", "next_check_seconds": 15}
{"event": "waiting_for_idle", "family": "functional", "reason": "No pair of idle physical cores in one socket passed every idle window; waiting for a pair", "next_check_seconds": 15}
{"event": "waiting_for_idle", "family": "functional", "reason": "No pair of idle physical cores in one socket passed every idle window; waiting for a pair", "next_check_seconds": 15}
{"event": "waiting_for_idle", "family": "functional", "reason": "No pair of idle physical cores in one socket passed every idle window; waiting for a pair", "next_check_seconds": 15}
{"event": "waiting_for_idle", "family": "functional", "reason": "No pair of idle physical cores in one socket passed every idle window; waiting for a pair", "next_check_seconds": 15}
{"event": "waiting_for_idle", "family": "functional", "reason": "No pair of idle physical cores in one socket passed every idle window; waiting for a pair", "next_check_seconds": 15}
{"event": "waiting_for_idle", "family": "functional", "reason": "No pair of idle physical cores in one socket passed every idle window; waiting for a pair", "next_check_seconds": 15}
{"event": "waiting_for_idle", "family": "functional", "reason": "No pair of idle physical cores in one socket passed every idle window; waiting for a pair", "next_check_seconds": 15}
{"event": "waiting_for_idle", "family": "functional", "reason": "No pair of idle physical cores in one socket passed every idle window; waiting for a pair", "next_check_seconds": 15}
{"event": "waiting_for_idle", "family": "functional", "reason": "No pair of idle physical cores in one socket passed every idle window; waiting for a pair", "next_check_seconds": 15}
{"event": "waiting_for_idle", "family": "functional", "reason": "No pair of idle physical cores in one socket passed every idle window; waiting for a pair", "next_check_seconds": 15}
{"event": "waiting_for_idle", "family": "functional", "reason": "No pair of idle physical cores in one socket passed every idle window; waiting for a pair", "next_check_seconds": 15}
{"event": "waiting_for_idle", "family": "functional", "reason": "No pair of idle physical cores in one socket passed every idle window; waiting for a pair", "next_check_seconds": 15}
{"event": "waiting_for_idle", "family": "functional", "reason": "No pair of idle physical cores in one socket passed every idle window; waiting for a pair", "next_check_seconds": 15}
{"event": "waiting_for_idle", "family": "functional", "reason": "No pair of idle physical cores in one socket passed every idle window; waiting for a pair", "next_check_seconds": 15}
{"event": "waiting_for_idle", "family": "functional", "reason": "No pair of idle physical cores in one socket passed every idle window; waiting for a pair", "next_check_seconds": 15}
{"event": "waiting_for_idle", "family": "functional", "reason": "No pair of idle physical cores in one socket passed every idle window; waiting for a pair", "next_check_seconds": 15}
{"event": "waiting_for_idle", "family": "functional", "reason": "No pair of idle physical cores in one socket passed every idle window; waiting for a pair", "next_check_seconds": 15}
{"event": "waiting_for_idle", "family": "functional", "reason": "No pair of idle physical cores in one socket passed every idle window; waiting for a pair", "next_check_seconds": 15}
{"event": "waiting_for_idle", "family": "functional", "reason": "No pair of idle physical cores in one socket passed every idle window; waiting for a pair", "next_check_seconds": 15}
{"event": "waiting_for_idle", "family": "functional", "reason": "No pair of idle physical cores in one socket passed every idle window; waiting for a pair", "next_check_seconds": 15}
{"event": "waiting_for_idle", "family": "functional", "reason": "No pair of idle physical cores in one socket passed every idle window; waiting for a pair", "next_check_seconds": 15}
{"event": "waiting_for_idle", "family": "functional", "reason": "No pair of idle physical cores in one socket passed every idle window; waiting for a pair", "next_check_seconds": 15}
{"event": "waiting_for_idle", "family": "functional", "reason": "No pair of idle physical cores in one socket passed every idle window; waiting for a pair", "next_check_seconds": 15}
{"event": "waiting_for_idle", "family": "functional", "reason": "No pair of idle physical cores in one socket passed every idle window; waiting for a pair", "next_check_seconds": 15}
{"event": "waiting_for_idle", "family": "functional", "reason": "No pair of idle physical cores in one socket passed every idle window; waiting for a pair", "next_check_seconds": 15}
{"event": "waiting_for_idle", "family": "functional", "reason": "No pair of idle physical cores in one socket passed every idle window; waiting for a pair", "next_check_seconds": 15}
{"event": "waiting_for_idle", "family": "functional", "reason": "No pair of idle physical cores in one socket passed every idle window; waiting for a pair", "next_check_seconds": 15}
{"event": "waiting_for_idle", "family": "functional", "reason": "No pair of idle physical cores in one socket passed every idle window; waiting for a pair", "next_check_seconds": 15}
{"event": "waiting_for_idle", "family": "functional", "reason": "No pair of idle physical cores in one socket passed every idle window; waiting for a pair", "next_check_seconds": 15}
{"event": "waiting_for_idle", "family": "functional", "reason": "No pair of idle physical cores in one socket passed every idle window; waiting for a pair", "next_check_seconds": 15}
{"event": "waiting_for_idle", "family": "functional", "reason": "No pair of idle physical cores in one socket passed every idle window; waiting for a pair", "next_check_seconds": 15}
{"event": "waiting_for_idle", "family": "functional", "reason": "No pair of idle physical cores in one socket passed every idle window; waiting for a pair", "next_check_seconds": 15}
{"event": "waiting_for_idle", "family": "functional", "reason": "No pair of idle physical cores in one socket passed every idle window; waiting for a pair", "next_check_seconds": 15}
{"event": "waiting_for_idle", "family": "functional", "reason": "No pair of idle physical cores in one socket passed every idle window; waiting for a pair", "next_check_seconds": 15}
{"event": "waiting_for_idle", "family": "functional", "reason": "No pair of idle physical cores in one socket passed every idle window; waiting for a pair", "next_check_seconds": 15}
{"event": "waiting_for_idle", "family": "functional", "reason": "No pair of idle physical cores in one socket passed every idle window; waiting for a pair", "next_check_seconds": 15}
{"event": "waiting_for_idle", "family": "functional", "reason": "No pair of idle physical cores in one socket passed every idle window; waiting for a pair", "next_check_seconds": 15}
{"event": "waiting_for_idle", "family": "functional", "reason": "No pair of idle physical cores in one socket passed every idle window; waiting for a pair", "next_check_seconds": 15}
{"event": "waiting_for_idle", "family": "functional", "reason": "No pair of idle physical cores in one socket passed every idle window; waiting for a pair", "next_check_seconds": 15}
{"event": "waiting_for_idle", "family": "functional", "reason": "No pair of idle physical cores in one socket passed every idle window; waiting for a pair", "next_check_seconds": 15}
{"event": "waiting_for_idle", "family": "functional", "reason": "No pair of idle physical cores in one socket passed every idle window; waiting for a pair", "next_check_seconds": 15}
{"event": "waiting_for_idle", "family": "functional", "reason": "No pair of idle physical cores in one socket passed every idle window; waiting for a pair", "next_check_seconds": 15}
{"event": "waiting_for_idle", "family": "functional", "reason": "No pair of idle physical cores in one socket passed every idle window; waiting for a pair", "next_check_seconds": 15}
{"event": "waiting_for_idle", "family": "functional", "reason": "No pair of idle physical cores in one socket passed every idle window; waiting for a pair", "next_check_seconds": 15}
{"event": "waiting_for_idle", "family": "functional", "reason": "No pair of idle physical cores in one socket passed every idle window; waiting for a pair", "next_check_seconds": 15}
{"event": "waiting_for_idle", "family": "functional", "reason": "No pair of idle physical cores in one socket passed every idle window; waiting for a pair", "next_check_seconds": 15}
{"event": "waiting_for_idle", "family": "functional", "reason": "No pair of idle physical cores in one socket passed every idle window; waiting for a pair", "next_check_seconds": 15}
{"event": "waiting_for_idle", "family": "functional", "reason": "No pair of idle physical cores in one socket passed every idle window; waiting for a pair", "next_check_seconds": 15}
{"event": "waiting_for_idle", "family": "functional", "reason": "No pair of idle physical cores in one socket passed every idle window; waiting for a pair", "next_check_seconds": 15}
{"event": "waiting_for_idle", "family": "functional", "reason": "No pair of idle physical cores in one socket passed every idle window; waiting for a pair", "next_check_seconds": 15}
{"event": "waiting_for_idle", "family": "functional", "reason": "No pair of idle physical cores in one socket passed every idle window; waiting for a pair", "next_check_seconds": 15}
{"event": "waiting_for_idle", "family": "functional", "reason": "No pair of idle physical cores in one socket passed every idle window; waiting for a pair", "next_check_seconds": 15}
{"event": "waiting_for_idle", "family": "functional", "reason": "No pair of idle physical cores in one socket passed every idle window; waiting for a pair", "next_check_seconds": 15}
{"event": "waiting_for_idle", "family": "functional", "reason": "No pair of idle physical cores in one socket passed every idle window; waiting for a pair", "next_check_seconds": 15}
{"event": "waiting_for_idle", "family": "functional", "reason": "No pair of idle physical cores in one socket passed every idle window; waiting for a pair", "next_check_seconds": 15}
{"event": "waiting_for_idle", "family": "functional", "reason": "No pair of idle physical cores in one socket passed every idle window; waiting for a pair", "next_check_seconds": 15}
{"event": "waiting_for_idle", "family": "functional", "reason": "No pair of idle physical cores in one socket passed every idle window; waiting for a pair", "next_check_seconds": 15}
{"event": "waiting_for_idle", "family": "functional", "reason": "No pair of idle physical cores in one socket passed every idle window; waiting for a pair", "next_check_seconds": 15}
{"event": "waiting_for_idle", "family": "functional", "reason": "No pair of idle physical cores in one socket passed every idle window; waiting for a pair", "next_check_seconds": 15}
{"event": "waiting_for_idle", "family": "functional", "reason": "No pair of idle physical cores in one socket passed every idle window; waiting for a pair", "next_check_seconds": 15}
{"event": "waiting_for_idle", "family": "functional", "reason": "No pair of idle physical cores in one socket passed every idle window; waiting for a pair", "next_check_seconds": 15}
{"event": "waiting_for_idle", "family": "functional", "reason": "No pair of idle physical cores in one socket passed every idle window; waiting for a pair", "next_check_seconds": 15}
{"event": "waiting_for_idle", "family": "functional", "reason": "No pair of idle physical cores in one socket passed every idle window; waiting for a pair", "next_check_seconds": 15}
{"event": "waiting_for_idle", "family": "functional", "reason": "No pair of idle physical cores in one socket passed every idle window; waiting for a pair", "next_check_seconds": 15}
{"event": "waiting_for_idle", "family": "functional", "reason": "No pair of idle physical cores in one socket passed every idle window; waiting for a pair", "next_check_seconds": 15}
{"event": "waiting_for_idle", "family": "functional", "reason": "No pair of idle physical cores in one socket passed every idle window; waiting for a pair", "next_check_seconds": 15}
{"event": "waiting_for_idle", "family": "functional", "reason": "No pair of idle physical cores in one socket passed every idle window; waiting for a pair", "next_check_seconds": 15}
{"event": "waiting_for_idle", "family": "functional", "reason": "No pair of idle physical cores in one socket passed every idle window; waiting for a pair", "next_check_seconds": 15}
{"event": "waiting_for_idle", "family": "functional", "reason": "No pair of idle physical cores in one socket passed every idle window; waiting for a pair", "next_check_seconds": 15}
{"event": "waiting_for_idle", "family": "functional", "reason": "No pair of idle physical cores in one socket passed every idle window; waiting for a pair", "next_check_seconds": 15}
{"event": "waiting_for_idle", "family": "functional", "reason": "No pair of idle physical cores in one socket passed every idle window; waiting for a pair", "next_check_seconds": 15}
{"event": "waiting_for_idle", "family": "functional", "reason": "No pair of idle physical cores in one socket passed every idle window; waiting for a pair", "next_check_seconds": 15}
{"event": "waiting_for_idle", "family": "functional", "reason": "No pair of idle physical cores in one socket passed every idle window; waiting for a pair", "next_check_seconds": 15}
{"event": "waiting_for_idle", "family": "functional", "reason": "No pair of idle physical cores in one socket passed every idle window; waiting for a pair", "next_check_seconds": 15}
{"event": "waiting_for_idle", "family": "functional", "reason": "No pair of idle physical cores in one socket passed every idle window; waiting for a pair", "next_check_seconds": 15}
{"event": "waiting_for_idle", "family": "functional", "reason": "No pair of idle physical cores in one socket passed every idle window; waiting for a pair", "next_check_seconds": 15}
{"event": "waiting_for_idle", "family": "functional", "reason": "No pair of idle physical cores in one socket passed every idle window; waiting for a pair", "next_check_seconds": 15}
{"event": "waiting_for_idle", "family": "functional", "reason": "No pair of idle physical cores in one socket passed every idle window; waiting for a pair", "next_check_seconds": 15}
{"event": "waiting_for_idle", "family": "functional", "reason": "No pair of idle physical cores in one socket passed every idle window; waiting for a pair", "next_check_seconds": 15}
{"event": "waiting_for_idle", "family": "functional", "reason": "No pair of idle physical cores in one socket passed every idle window; waiting for a pair", "next_check_seconds": 15}
{"event": "waiting_for_idle", "family": "functional", "reason": "No pair of idle physical cores in one socket passed every idle window; waiting for a pair", "next_check_seconds": 15}
{"event": "waiting_for_idle", "family": "functional", "reason": "No pair of idle physical cores in one socket passed every idle window; waiting for a pair", "next_check_seconds": 15}
{"event": "waiting_for_idle", "family": "functional", "reason": "No pair of idle physical cores in one socket passed every idle window; waiting for a pair", "next_check_seconds": 15}
{"event": "waiting_for_idle", "family": "functional", "reason": "No pair of idle physical cores in one socket passed every idle window; waiting for a pair", "next_check_seconds": 15}
{"event": "waiting_for_idle", "family": "functional", "reason": "No pair of idle physical cores in one socket passed every idle window; waiting for a pair", "next_check_seconds": 15}
{"event": "waiting_for_idle", "family": "functional", "reason": "No pair of idle physical cores in one socket passed every idle window; waiting for a pair", "next_check_seconds": 15}
{"event": "waiting_for_idle", "family": "functional", "reason": "No pair of idle physical cores in one socket passed every idle window; waiting for a pair", "next_check_seconds": 15}
{"event": "waiting_for_idle", "family": "functional", "reason": "No pair of idle physical cores in one socket passed every idle window; waiting for a pair", "next_check_seconds": 15}
{"event": "waiting_for_idle", "family": "functional", "reason": "No pair of idle physical cores in one socket passed every idle window; waiting for a pair", "next_check_seconds": 15}
{"event": "waiting_for_idle", "family": "functional", "reason": "No pair of idle physical cores in one socket passed every idle window; waiting for a pair", "next_check_seconds": 15}
{"event": "waiting_for_idle", "family": "functional", "reason": "No pair of idle physical cores in one socket passed every idle window; waiting for a pair", "next_check_seconds": 15}
{"event": "waiting_for_idle", "family": "functional", "reason": "No pair of idle physical cores in one socket passed every idle window; waiting for a pair", "next_check_seconds": 15}
{"event": "waiting_for_idle", "family": "functional", "reason": "No pair of idle physical cores in one socket passed every idle window; waiting for a pair", "next_check_seconds": 15}
{"event": "waiting_for_idle", "family": "functional", "reason": "No pair of idle physical cores in one socket passed every idle window; waiting for a pair", "next_check_seconds": 15}
{"event": "waiting_for_idle", "family": "functional", "reason": "No pair of idle physical cores in one socket passed every idle window; waiting for a pair", "next_check_seconds": 15}
{"event": "waiting_for_idle", "family": "functional", "reason": "No pair of idle physical cores in one socket passed every idle window; waiting for a pair", "next_check_seconds": 15}
{"event": "waiting_for_idle", "family": "functional", "reason": "No pair of idle physical cores in one socket passed every idle window; waiting for a pair", "next_check_seconds": 15}
{"event": "waiting_for_idle", "family": "functional", "reason": "No core and complete SMT sibling group passed all idle windows; waiting for a pair", "next_check_seconds": 15}
{"event": "waiting_for_idle", "family": "functional", "reason": "No pair of idle physical cores in one socket passed every idle window; waiting for a pair", "next_check_seconds": 15}
{"event": "waiting_for_idle", "family": "functional", "reason": "No pair of idle physical cores in one socket passed every idle window; waiting for a pair", "next_check_seconds": 15}
{"event": "waiting_for_idle", "family": "functional", "reason": "No pair of idle physical cores in one socket passed every idle window; waiting for a pair", "next_check_seconds": 15}
{"event": "waiting_for_idle", "family": "functional", "reason": "No pair of idle physical cores in one socket passed every idle window; waiting for a pair", "next_check_seconds": 15}
{"event": "waiting_for_idle", "family": "functional", "reason": "No pair of idle physical cores in one socket passed every idle window; waiting for a pair", "next_check_seconds": 15}
{"event": "waiting_for_idle", "family": "functional", "reason": "No pair of idle physical cores in one socket passed every idle window; waiting for a pair", "next_check_seconds": 15}
{"event": "waiting_for_idle", "family": "functional", "reason": "No pair of idle physical cores in one socket passed every idle window; waiting for a pair", "next_check_seconds": 15}
{"event": "waiting_for_idle", "family": "functional", "reason": "No pair of idle physical cores in one socket passed every idle window; waiting for a pair", "next_check_seconds": 15}
{"event": "waiting_for_idle", "family": "functional", "reason": "No pair of idle physical cores in one socket passed every idle window; waiting for a pair", "next_check_seconds": 15}
{"event": "waiting_for_idle", "family": "functional", "reason": "No pair of idle physical cores in one socket passed every idle window; waiting for a pair", "next_check_seconds": 15}
{"event": "waiting_for_idle", "family": "functional", "reason": "No pair of idle physical cores in one socket passed every idle window; waiting for a pair", "next_check_seconds": 15}
{"event": "waiting_for_idle", "family": "functional", "reason": "No pair of idle physical cores in one socket passed every idle window; waiting for a pair", "next_check_seconds": 15}
{"event": "waiting_for_idle", "family": "functional", "reason": "No pair of idle physical cores in one socket passed every idle window; waiting for a pair", "next_check_seconds": 15}
{"event": "waiting_for_idle", "family": "functional", "reason": "No pair of idle physical cores in one socket passed every idle window; waiting for a pair", "next_check_seconds": 15}
{"event": "waiting_for_idle", "family": "functional", "reason": "No pair of idle physical cores in one socket passed every idle window; waiting for a pair", "next_check_seconds": 15}
{"event": "waiting_for_idle", "family": "functional", "reason": "No pair of idle physical cores in one socket passed every idle window; waiting for a pair", "next_check_seconds": 15}
{"event": "waiting_for_idle", "family": "functional", "reason": "No pair of idle physical cores in one socket passed every idle window; waiting for a pair", "next_check_seconds": 15}
{"event": "waiting_for_idle", "family": "functional", "reason": "No pair of idle physical cores in one socket passed every idle window; waiting for a pair", "next_check_seconds": 15}
{"event": "waiting_for_idle", "family": "functional", "reason": "No pair of idle physical cores in one socket passed every idle window; waiting for a pair", "next_check_seconds": 15}
{"event": "waiting_for_idle", "family": "functional", "reason": "No pair of idle physical cores in one socket passed every idle window; waiting for a pair", "next_check_seconds": 15}
{"event": "waiting_for_idle", "family": "functional", "reason": "No pair of idle physical cores in one socket passed every idle window; waiting for a pair", "next_check_seconds": 15}
{"event": "waiting_for_idle", "family": "functional", "reason": "No pair of idle physical cores in one socket passed every idle window; waiting for a pair", "next_check_seconds": 15}
{"event": "waiting_for_idle", "family": "functional", "reason": "No pair of idle physical cores in one socket passed every idle window; waiting for a pair", "next_check_seconds": 15}
{"event": "waiting_for_idle", "family": "functional", "reason": "No pair of idle physical cores in one socket passed every idle window; waiting for a pair", "next_check_seconds": 15}
{"event": "waiting_for_idle", "family": "functional", "reason": "No pair of idle physical cores in one socket passed every idle window; waiting for a pair", "next_check_seconds": 15}
{"event": "waiting_for_idle", "family": "functional", "reason": "No pair of idle physical cores in one socket passed every idle window; waiting for a pair", "next_check_seconds": 15}
{"event": "waiting_for_idle", "family": "functional", "reason": "No pair of idle physical cores in one socket passed every idle window; waiting for a pair", "next_check_seconds": 15}
{"event": "waiting_for_idle", "family": "functional", "reason": "No pair of idle physical cores in one socket passed every idle window; waiting for a pair", "next_check_seconds": 15}
{"event": "waiting_for_idle", "family": "functional", "reason": "No pair of idle physical cores in one socket passed every idle window; waiting for a pair", "next_check_seconds": 15}
{"event": "waiting_for_idle", "family": "functional", "reason": "No pair of idle physical cores in one socket passed every idle window; waiting for a pair", "next_check_seconds": 15}
{"event": "waiting_for_idle", "family": "functional", "reason": "No pair of idle physical cores in one socket passed every idle window; waiting for a pair", "next_check_seconds": 15}
{"event": "waiting_for_idle", "family": "functional", "reason": "No pair of idle physical cores in one socket passed every idle window; waiting for a pair", "next_check_seconds": 15}
{"event": "waiting_for_idle", "family": "functional", "reason": "No pair of idle physical cores in one socket passed every idle window; waiting for a pair", "next_check_seconds": 15}
{"event": "waiting_for_idle", "family": "functional", "reason": "No pair of idle physical cores in one socket passed every idle window; waiting for a pair", "next_check_seconds": 15}
{"event": "waiting_for_idle", "family": "functional", "reason": "No pair of idle physical cores in one socket passed every idle window; waiting for a pair", "next_check_seconds": 15}
{"event": "waiting_for_idle", "family": "functional", "reason": "No pair of idle physical cores in one socket passed every idle window; waiting for a pair", "next_check_seconds": 15}
{"event": "waiting_for_idle", "family": "functional", "reason": "No pair of idle physical cores in one socket passed every idle window; waiting for a pair", "next_check_seconds": 15}
{"event": "waiting_for_idle", "family": "functional", "reason": "No pair of idle physical cores in one socket passed every idle window; waiting for a pair", "next_check_seconds": 15}
{"event": "waiting_for_idle", "family": "functional", "reason": "No pair of idle physical cores in one socket passed every idle window; waiting for a pair", "next_check_seconds": 15}
{"event": "waiting_for_idle", "family": "functional", "reason": "No pair of idle physical cores in one socket passed every idle window; waiting for a pair", "next_check_seconds": 15}
{"event": "waiting_for_idle", "family": "functional", "reason": "No pair of idle physical cores in one socket passed every idle window; waiting for a pair", "next_check_seconds": 15}
{"event": "waiting_for_idle", "family": "functional", "reason": "No pair of idle physical cores in one socket passed every idle window; waiting for a pair", "next_check_seconds": 15}
{"event": "waiting_for_idle", "family": "functional", "reason": "No pair of idle physical cores in one socket passed every idle window; waiting for a pair", "next_check_seconds": 15}
{"event": "waiting_for_idle", "family": "functional", "reason": "No pair of idle physical cores in one socket passed every idle window; waiting for a pair", "next_check_seconds": 15}
{"event": "waiting_for_idle", "family": "functional", "reason": "No pair of idle physical cores in one socket passed every idle window; waiting for a pair", "next_check_seconds": 15}
{"event": "waiting_for_idle", "family": "functional", "reason": "No pair of idle physical cores in one socket passed every idle window; waiting for a pair", "next_check_seconds": 15}
{"event": "waiting_for_idle", "family": "functional", "reason": "No pair of idle physical cores in one socket passed every idle window; waiting for a pair", "next_check_seconds": 15}
{"event": "waiting_for_idle", "family": "functional", "reason": "No pair of idle physical cores in one socket passed every idle window; waiting for a pair", "next_check_seconds": 15}
{"event": "waiting_for_idle", "family": "functional", "reason": "No pair of idle physical cores in one socket passed every idle window; waiting for a pair", "next_check_seconds": 15}
{"event": "waiting_for_idle", "family": "functional", "reason": "No pair of idle physical cores in one socket passed every idle window; waiting for a pair", "next_check_seconds": 15}
{"event": "waiting_for_idle", "family": "functional", "reason": "No pair of idle physical cores in one socket passed every idle window; waiting for a pair", "next_check_seconds": 15}
{"event": "waiting_for_idle", "family": "functional", "reason": "No pair of idle physical cores in one socket passed every idle window; waiting for a pair", "next_check_seconds": 15}
{"event": "waiting_for_idle", "family": "functional", "reason": "No pair of idle physical cores in one socket passed every idle window; waiting for a pair", "next_check_seconds": 15}
{"event": "waiting_for_idle", "family": "functional", "reason": "No pair of idle physical cores in one socket passed every idle window; waiting for a pair", "next_check_seconds": 15}
{"event": "waiting_for_idle", "family": "functional", "reason": "No pair of idle physical cores in one socket passed every idle window; waiting for a pair", "next_check_seconds": 15}
{"event": "waiting_for_idle", "family": "functional", "reason": "No pair of idle physical cores in one socket passed every idle window; waiting for a pair", "next_check_seconds": 15}
{"event": "waiting_for_idle", "family": "functional", "reason": "No pair of idle physical cores in one socket passed every idle window; waiting for a pair", "next_check_seconds": 15}
{"event": "waiting_for_idle", "family": "functional", "reason": "No pair of idle physical cores in one socket passed every idle window; waiting for a pair", "next_check_seconds": 15}
{"event": "waiting_for_idle", "family": "functional", "reason": "No pair of idle physical cores in one socket passed every idle window; waiting for a pair", "next_check_seconds": 15}
{"event": "waiting_for_idle", "family": "functional", "reason": "No pair of idle physical cores in one socket passed every idle window; waiting for a pair", "next_check_seconds": 15}
{"event": "waiting_for_idle", "family": "functional", "reason": "No pair of idle physical cores in one socket passed every idle window; waiting for a pair", "next_check_seconds": 15}
{"event": "waiting_for_idle", "family": "functional", "reason": "No pair of idle physical cores in one socket passed every idle window; waiting for a pair", "next_check_seconds": 15}
{"event": "waiting_for_idle", "family": "functional", "reason": "No pair of idle physical cores in one socket passed every idle window; waiting for a pair", "next_check_seconds": 15}
{"event": "waiting_for_idle", "family": "functional", "reason": "No pair of idle physical cores in one socket passed every idle window; waiting for a pair", "next_check_seconds": 15}
{"event": "waiting_for_idle", "family": "functional", "reason": "No pair of idle physical cores in one socket passed every idle window; waiting for a pair", "next_check_seconds": 15}
{"event": "waiting_for_idle", "family": "functional", "reason": "No pair of idle physical cores in one socket passed every idle window; waiting for a pair", "next_check_seconds": 15}
{"event": "waiting_for_idle", "family": "functional", "reason": "No pair of idle physical cores in one socket passed every idle window; waiting for a pair", "next_check_seconds": 15}
{"event": "waiting_for_idle", "family": "functional", "reason": "No pair of idle physical cores in one socket passed every idle window; waiting for a pair", "next_check_seconds": 15}
{"event": "waiting_for_idle", "family": "functional", "reason": "No pair of idle physical cores in one socket passed every idle window; waiting for a pair", "next_check_seconds": 15}
{"event": "waiting_for_idle", "family": "functional", "reason": "No pair of idle physical cores in one socket passed every idle window; waiting for a pair", "next_check_seconds": 15}
{"event": "waiting_for_idle", "family": "functional", "reason": "No pair of idle physical cores in one socket passed every idle window; waiting for a pair", "next_check_seconds": 15}
{"event": "waiting_for_idle", "family": "functional", "reason": "No pair of idle physical cores in one socket passed every idle window; waiting for a pair", "next_check_seconds": 15}
{"event": "waiting_for_idle", "family": "functional", "reason": "No pair of idle physical cores in one socket passed every idle window; waiting for a pair", "next_check_seconds": 15}
{"event": "waiting_for_idle", "family": "functional", "reason": "No pair of idle physical cores in one socket passed every idle window; waiting for a pair", "next_check_seconds": 15}
{"event": "waiting_for_idle", "family": "functional", "reason": "No pair of idle physical cores in one socket passed every idle window; waiting for a pair", "next_check_seconds": 15}
{"event": "waiting_for_idle", "family": "functional", "reason": "No pair of idle physical cores in one socket passed every idle window; waiting for a pair", "next_check_seconds": 15}
{"event": "waiting_for_idle", "family": "functional", "reason": "No pair of idle physical cores in one socket passed every idle window; waiting for a pair", "next_check_seconds": 15}
{"event": "waiting_for_idle", "family": "functional", "reason": "No pair of idle physical cores in one socket passed every idle window; waiting for a pair", "next_check_seconds": 15}
{"event": "waiting_for_idle", "family": "functional", "reason": "No pair of idle physical cores in one socket passed every idle window; waiting for a pair", "next_check_seconds": 15}
{"event": "waiting_for_idle", "family": "functional", "reason": "No pair of idle physical cores in one socket passed every idle window; waiting for a pair", "next_check_seconds": 15}
{"event": "waiting_for_idle", "family": "functional", "reason": "No pair of idle physical cores in one socket passed every idle window; waiting for a pair", "next_check_seconds": 15}
{"event": "waiting_for_idle", "family": "functional", "reason": "No pair of idle physical cores in one socket passed every idle window; waiting for a pair", "next_check_seconds": 15}
{"event": "waiting_for_idle", "family": "functional", "reason": "No pair of idle physical cores in one socket passed every idle window; waiting for a pair", "next_check_seconds": 15}
{"event": "waiting_for_idle", "family": "functional", "reason": "No pair of idle physical cores in one socket passed every idle window; waiting for a pair", "next_check_seconds": 15}
{"event": "waiting_for_idle", "family": "functional", "reason": "No pair of idle physical cores in one socket passed every idle window; waiting for a pair", "next_check_seconds": 15}
{"event": "waiting_for_idle", "family": "functional", "reason": "No pair of idle physical cores in one socket passed every idle window; waiting for a pair", "next_check_seconds": 15}
{"event": "waiting_for_idle", "family": "functional", "reason": "No pair of idle physical cores in one socket passed every idle window; waiting for a pair", "next_check_seconds": 15}
{"event": "waiting_for_idle", "family": "functional", "reason": "No pair of idle physical cores in one socket passed every idle window; waiting for a pair", "next_check_seconds": 15}
{"event": "waiting_for_idle", "family": "functional", "reason": "No pair of idle physical cores in one socket passed every idle window; waiting for a pair", "next_check_seconds": 15}
{"event": "waiting_for_idle", "family": "functional", "reason": "No pair of idle physical cores in one socket passed every idle window; waiting for a pair", "next_check_seconds": 15}
{"event": "waiting_for_idle", "family": "functional", "reason": "No pair of idle physical cores in one socket passed every idle window; waiting for a pair", "next_check_seconds": 15}
{"event": "waiting_for_idle", "family": "functional", "reason": "No pair of idle physical cores in one socket passed every idle window; waiting for a pair", "next_check_seconds": 15}
{"event": "waiting_for_idle", "family": "functional", "reason": "No pair of idle physical cores in one socket passed every idle window; waiting for a pair", "next_check_seconds": 15}
{"event": "waiting_for_idle", "family": "functional", "reason": "No pair of idle physical cores in one socket passed every idle window; waiting for a pair", "next_check_seconds": 15}
{"event": "waiting_for_idle", "family": "functional", "reason": "No pair of idle physical cores in one socket passed every idle window; waiting for a pair", "next_check_seconds": 15}
{"event": "waiting_for_idle", "family": "functional", "reason": "No pair of idle physical cores in one socket passed every idle window; waiting for a pair", "next_check_seconds": 15}
{"event": "waiting_for_idle", "family": "functional", "reason": "No pair of idle physical cores in one socket passed every idle window; waiting for a pair", "next_check_seconds": 15}
{"event": "waiting_for_idle", "family": "functional", "reason": "No pair of idle physical cores in one socket passed every idle window; waiting for a pair", "next_check_seconds": 15}
{"event": "waiting_for_idle", "family": "functional", "reason": "No pair of idle physical cores in one socket passed every idle window; waiting for a pair", "next_check_seconds": 15}
{"event": "waiting_for_idle", "family": "functional", "reason": "No pair of idle physical cores in one socket passed every idle window; waiting for a pair", "next_check_seconds": 15}
{"event": "waiting_for_idle", "family": "functional", "reason": "No pair of idle physical cores in one socket passed every idle window; waiting for a pair", "next_check_seconds": 15}
{"event": "waiting_for_idle", "family": "functional", "reason": "No pair of idle physical cores in one socket passed every idle window; waiting for a pair", "next_check_seconds": 15}
{"event": "waiting_for_idle", "family": "functional", "reason": "No pair of idle physical cores in one socket passed every idle window; waiting for a pair", "next_check_seconds": 15}
{"event": "waiting_for_idle", "family": "functional", "reason": "No pair of idle physical cores in one socket passed every idle window; waiting for a pair", "next_check_seconds": 15}
{"event": "waiting_for_idle", "family": "functional", "reason": "No pair of idle physical cores in one socket passed every idle window; waiting for a pair", "next_check_seconds": 15}
{"event": "waiting_for_idle", "family": "functional", "reason": "No pair of idle physical cores in one socket passed every idle window; waiting for a pair", "next_check_seconds": 15}
{"event": "waiting_for_idle", "family": "functional", "reason": "No pair of idle physical cores in one socket passed every idle window; waiting for a pair", "next_check_seconds": 15}
{"event": "waiting_for_idle", "family": "functional", "reason": "No pair of idle physical cores in one socket passed every idle window; waiting for a pair", "next_check_seconds": 15}
{"event": "waiting_for_idle", "family": "functional", "reason": "No pair of idle physical cores in one socket passed every idle window; waiting for a pair", "next_check_seconds": 15}
{"event": "waiting_for_idle", "family": "functional", "reason": "No pair of idle physical cores in one socket passed every idle window; waiting for a pair", "next_check_seconds": 15}
{"event": "waiting_for_idle", "family": "functional", "reason": "No pair of idle physical cores in one socket passed every idle window; waiting for a pair", "next_check_seconds": 15}
{"event": "waiting_for_idle", "family": "functional", "reason": "No pair of idle physical cores in one socket passed every idle window; waiting for a pair", "next_check_seconds": 15}
{"event": "waiting_for_idle", "family": "functional", "reason": "No pair of idle physical cores in one socket passed every idle window; waiting for a pair", "next_check_seconds": 15}
{"event": "waiting_for_idle", "family": "functional", "reason": "No pair of idle physical cores in one socket passed every idle window; waiting for a pair", "next_check_seconds": 15}
{"event": "waiting_for_idle", "family": "functional", "reason": "No pair of idle physical cores in one socket passed every idle window; waiting for a pair", "next_check_seconds": 15}
{"event": "waiting_for_idle", "family": "functional", "reason": "No pair of idle physical cores in one socket passed every idle window; waiting for a pair", "next_check_seconds": 15}
{"event": "waiting_for_idle", "family": "functional", "reason": "No pair of idle physical cores in one socket passed every idle window; waiting for a pair", "next_check_seconds": 15}
{"event": "waiting_for_idle", "family": "functional", "reason": "No pair of idle physical cores in one socket passed every idle window; waiting for a pair", "next_check_seconds": 15}
{"event": "waiting_for_idle", "family": "functional", "reason": "No pair of idle physical cores in one socket passed every idle window; waiting for a pair", "next_check_seconds": 15}
