{"event": "waiting_for_idle", "family": "functional", "reason": "No pair of idle physical cores in one socket passed every idle window; waiting for a pair", "next_check_seconds": 15}
{"event": "waiting_for_idle", "family": "functional", "reason": "No pair of idle physical cores in one socket passed every idle window; waiting for a pair", "next_check_seconds": 15}
{"event": "waiting_for_idle", "family": "functional", "reason": "No pair of idle physical cores in one socket passed every idle window; waiting for a pair", "next_check_seconds": 15}
{"event": "waiting_for_idle", "family": "functional", "reason": "No pair of idle physical cores in one socket passed every idle window; waiting for a pair", "next_check_seconds": 15}
{"event": "waiting_for_idle", "family": "functional", "reason": "No pair of idle physical cores in one socket passed every idle window; waiting for a pair", "next_check_seconds": 15}
{"event": "waiting_for_idle", "family": "functional", "reason": "No pair of idle physical cores in one socket passed every idle window; waiting for a pair", "next_check_seconds": 15}
{"event": "waiting_for_idle", "family": "functional", "reason": "No pair of idle physical cores in one socket passed every idle window; waiting for a pair", "next_check_seconds": 15}
{"event": "waiting_for_idle", "family": "functional", "reason": "No pair of idle physical cores in one socket passed every idle window; waiting for a pair", "next_check_seconds": 15}
{"event": "waiting_for_idle", "family": "functional", "reason": "No pair of idle physical cores in one socket passed every idle window; waiting for a pair", "next_check_seconds": 15}
{"event": "waiting_for_idle", "family": "functional", "reason": "No pair of idle physical cores in one socket passed every idle window; waiting for a pair", "next_check_seconds": 15}
{"event": "waiting_for_idle", "family": "functional", "reason": "No pair of idle physical cores in one socket passed every idle window; waiting for a pair", "next_check_seconds": 15}
{"event": "waiting_for_idle", "family": "functional", "reason": "No pair of idle physical cores in one socket passed every idle window; waiting for a pair", "next_check_seconds": 15}
{"event": "waiting_for_idle", "family": "functional", "reason": "No pair of idle physical cores in one socket passed every idle window; waiting for a pair", "next_check_seconds": 15}
{"event": "waiting_for_idle", "family": "functional", "reason": "No pair of idle physical cores in one socket passed every idle window; waiting for a pair", "next_check_seconds": 15}
{"event": "waiting_for_idle", "family": "functional", "reason": "No pair of idle physical cores in one socket passed every idle window; waiting for a pair", "next_check_seconds": 15}
{"event": "waiting_for_idle", "family": "functional", "reason": "No pair of idle physical cores in one socket passed every idle window; waiting for a pair", "next_check_seconds": 15}
{"event": "waiting_for_idle", "family": "functional", "reason": "No pair of idle physical cores in one socket passed every idle window; waiting for a pair", "next_check_seconds": 15}
{"event": "waiting_for_idle", "family": "functional", "reason": "No pair of idle physical cores in one socket passed every idle window; waiting for a pair", "next_check_seconds": 15}
{"event": "waiting_for_idle", "family": "functional", "reason": "No pair of idle physical cores in one socket passed every idle window; waiting for a pair", "next_check_seconds": 15}
{"event": "waiting_for_idle", "family": "functional", "reason": "No pair of idle physical cores in one socket passed every idle window; waiting for a pair", "next_check_seconds": 15}
{"event": "waiting_for_idle", "family": "functional", "reason": "No pair of idle physical cores in one socket passed every idle window; waiting for a pair", "next_check_seconds": 15}
{"event": "waiting_for_idle", "family": "functional", "reason": "No pair of idle physical cores in one socket passed every idle window; waiting for a pair", "next_check_seconds": 15}
{"event": "waiting_for_idle", "family": "functional", "reason": "No pair of idle physical cores in one socket passed every idle window; waiting for a pair", "next_check_seconds": 15}
{"event": "waiting_for_idle", "family": "functional", "reason": "No pair of idle physical cores in one socket passed every idle window; waiting for a pair", "next_check_seconds": 15}
{"event": "waiting_for_idle", "family": "functional", "reason": "No pair of idle physical cores in one socket passed every idle window; waiting for a pair", "next_check_seconds": 15}
{"event": "waiting_for_idle", "family": "functional", "reason": "No pair of idle physical cores in one socket passed every idle window; waiting for a pair", "next_check_seconds": 15}
{"event": "waiting_for_idle", "family": "functional", "reason": "No pair of idle physical cores in one socket passed every idle window; waiting for a pair", "next_check_seconds": 15}
{"event": "waiting_for_idle", "family": "functional", "reason": "No pair of idle physical cores in one socket passed every idle window; waiting for a pair", "next_check_seconds": 15}
{"event": "waiting_for_idle", "family": "functional", "reason": "No pair of idle physical cores in one socket passed every idle window; waiting for a pair", "next_check_seconds": 15}
{"event": "waiting_for_idle", "family": "functional", "reason": "No pair of idle physical cores in one socket passed every idle window; waiting for a pair", "next_check_seconds": 15}
{"event": "waiting_for_idle", "family": "functional", "reason": "No pair of idle physical cores in one socket passed every idle window; waiting for a pair", "next_check_seconds": 15}
{"event": "waiting_for_idle", "family": "functional", "reason": "No pair of idle physical cores in one socket passed every idle window; waiting for a pair", "next_check_seconds": 15}
{"event": "waiting_for_idle", "family": "functional", "reason": "No pair of idle physical cores in one socket passed every idle window; waiting for a pair", "next_check_seconds": 15}
{"event": "waiting_for_idle", "family": "functional", "reason": "No pair of idle physical cores in one socket passed every idle window; waiting for a pair", "next_check_seconds": 15}
{"event": "waiting_for_idle", "family": "functional", "reason": "No pair of idle physical cores in one socket passed every idle window; waiting for a pair", "next_check_seconds": 15}
{"event": "waiting_for_idle", "family": "functional", "reason": "No pair of idle physical cores in one socket passed every idle window; waiting for a pair", "next_check_seconds": 15}
{"event": "waiting_for_idle", "family": "functional", "reason": "No pair of idle physical cores in one socket passed every idle window; waiting for a pair", "next_check_seconds": 15}
{"event": "waiting_for_idle", "family": "functional", "reason": "No pair of idle physical cores in one socket passed every idle window; waiting for a pair", "next_check_seconds": 15}
{"event": "waiting_for_idle", "family": "functional", "reason": "No pair of idle physical cores in one socket passed every idle window; waiting for a pair", "next_check_seconds": 15}
{"event": "waiting_for_idle", "family": "functional", "reason": "No pair of idle physical cores in one socket passed every idle window; waiting for a pair", "next_check_seconds": 15}
{"event": "waiting_for_idle", "family": "functional", "reason": "No pair of idle physical cores in one socket passed every idle window; waiting for a pair", "next_check_seconds": 15}
{"event": "waiting_for_idle", "family": "functional", "reason": "No pair of idle physical cores in one socket passed every idle window; waiting for a pair", "next_check_seconds": 15}
{"event": "waiting_for_idle", "family": "functional", "reason": "No pair of idle physical cores in one socket passed every idle window; waiting for a pair", "next_check_seconds": 15}
{"event": "waiting_for_idle", "family": "functional", "reason": "No pair of idle physical cores in one socket passed every idle window; waiting for a pair", "next_check_seconds": 15}
{"event": "waiting_for_idle", "family": "functional", "reason": "No pair of idle physical cores in one socket passed every idle window; waiting for a pair", "next_check_seconds": 15}
{"event": "waiting_for_idle", "family": "functional", "reason": "No pair of idle physical cores in one socket passed every idle window; waiting for a pair", "next_check_seconds": 15}
{"event": "waiting_for_idle", "family": "functional", "reason": "No pair of idle physical cores in one socket passed every idle window; waiting for a pair", "next_check_seconds": 15}
{"event": "waiting_for_idle", "family": "functional", "reason": "No pair of idle physical cores in one socket passed every idle window; waiting for a pair", "next_check_seconds": 15}
{"event": "waiting_for_idle", "family": "functional", "reason": "No pair of idle physical cores in one socket passed every idle window; waiting for a pair", "next_check_seconds": 15}
{"event": "waiting_for_idle", "family": "functional", "reason": "No pair of idle physical cores in one socket passed every idle window; waiting for a pair", "next_check_seconds": 15}
{"event": "waiting_for_idle", "family": "functional", "reason": "No pair of idle physical cores in one socket passed every idle window; waiting for a pair", "next_check_seconds": 15}
{"event": "waiting_for_idle", "family": "functional", "reason": "No pair of idle physical cores in one socket passed every idle window; waiting for a pair", "next_check_seconds": 15}
{"event": "waiting_for_idle", "family": "functional", "reason": "No pair of idle physical cores in one socket passed every idle window; waiting for a pair", "next_check_seconds": 15}
{"event": "waiting_for_idle", "family": "functional", "reason": "No pair of idle physical cores in one socket passed every idle window; waiting for a pair", "next_check_seconds": 15}
{"event": "waiting_for_idle", "family": "functional", "reason": "No pair of idle physical cores in one socket passed every idle window; waiting for a pair", "next_check_seconds": 15}
{"event": "waiting_for_idle", "family": "functional", "reason": "No pair of idle physical cores in one socket passed every idle window; waiting for a pair", "next_check_seconds": 15}
{"event": "waiting_for_idle", "family": "functional", "reason": "No pair of idle physical cores in one socket passed every idle window; waiting for a pair", "next_check_seconds": 15}
{"event": "waiting_for_idle", "family": "functional", "reason": "No pair of idle physical cores in one socket passed every idle window; waiting for a pair", "next_check_seconds": 15}
{"event": "waiting_for_idle", "family": "functional", "reason": "No pair of idle physical cores in one socket passed every idle window; waiting for a pair", "next_check_seconds": 15}
{"event": "waiting_for_idle", "family": "functional", "reason": "No pair of idle physical cores in one socket passed every idle window; waiting for a pair", "next_check_seconds": 15}
{"event": "waiting_for_idle", "family": "functional", "reason": "No pair of idle physical cores in one socket passed every idle window; waiting for a pair", "next_check_seconds": 15}
{"event": "waiting_for_idle", "family": "functional", "reason": "No pair of idle physical cores in one socket passed every idle window; waiting for a pair", "next_check_seconds": 15}
{"event": "waiting_for_idle", "family": "functional", "reason": "No pair of idle physical cores in one socket passed every idle window; waiting for a pair", "next_check_seconds": 15}
{"event": "waiting_for_idle", "family": "functional", "reason": "No pair of idle physical cores in one socket passed every idle window; waiting for a pair", "next_check_seconds": 15}
{"event": "waiting_for_idle", "family": "functional", "reason": "No pair of idle physical cores in one socket passed every idle window; waiting for a pair", "next_check_seconds": 15}
{"event": "waiting_for_idle", "family": "functional", "reason": "No pair of idle physical cores in one socket passed every idle window; waiting for a pair", "next_check_seconds": 15}
{"event": "waiting_for_idle", "family": "functional", "reason": "No pair of idle physical cores in one socket passed every idle window; waiting for a pair", "next_check_seconds": 15}
{"event": "waiting_for_idle", "family": "functional", "reason": "No pair of idle physical cores in one socket passed every idle window; waiting for a pair", "next_check_seconds": 15}
{"event": "waiting_for_idle", "family": "functional", "reason": "No pair of idle physical cores in one socket passed every idle window; waiting for a pair", "next_check_seconds": 15}
{"event": "waiting_for_idle", "family": "functional", "reason": "No pair of idle physical cores in one socket passed every idle window; waiting for a pair", "next_check_seconds": 15}
{"event": "waiting_for_idle", "family": "functional", "reason": "No pair of idle physical cores in one socket passed every idle window; waiting for a pair", "next_check_seconds": 15}
{"event": "waiting_for_idle", "family": "functional", "reason": "No pair of idle physical cores in one socket passed every idle window; waiting for a pair", "next_check_seconds": 15}
{"event": "waiting_for_idle", "family": "functional", "reason": "No pair of idle physical cores in one socket passed every idle window; waiting for a pair", "next_check_seconds": 15}
{"event": "waiting_for_idle", "family": "functional", "reason": "No pair of idle physical cores in one socket passed every idle window; waiting for a pair", "next_check_seconds": 15}
{"event": "waiting_for_idle", "family": "functional", "reason": "No pair of idle physical cores in one socket passed every idle window; waiting for a pair", "next_check_seconds": 15}
{"event": "waiting_for_idle", "family": "functional", "reason": "No pair of idle physical cores in one socket passed every idle window; waiting for a pair", "next_check_seconds": 15}
{"event": "waiting_for_idle", "family": "functional", "reason": "No pair of idle physical cores in one socket passed every idle window; waiting for a pair", "next_check_seconds": 15}
{"event": "waiting_for_idle", "family": "functional", "reason": "No pair of idle physical cores in one socket passed every idle window; waiting for a pair", "next_check_seconds": 15}
{"event": "waiting_for_idle", "family": "functional", "reason": "No pair of idle physical cores in one socket passed every idle window; waiting for a pair", "next_check_seconds": 15}
{"event": "waiting_for_idle", "family": "functional", "reason": "No pair of idle physical cores in one socket passed every idle window; waiting for a pair", "next_check_seconds": 15}
{"event": "waiting_for_idle", "family": "functional", "reason": "No pair of idle physical cores in one socket passed every idle window; waiting for a pair", "next_check_seconds": 15}
{"event": "waiting_for_idle", "family": "functional", "reason": "No pair of idle physical cores in one socket passed every idle window; waiting for a pair", "next_check_seconds": 15}
{"event": "waiting_for_idle", "family": "functional", "reason": "No pair of idle physical cores in one socket passed every idle window; waiting for a pair", "next_check_seconds": 15}
{"event": "waiting_for_idle", "family": "functional", "reason": "No pair of idle physical cores in one socket passed every idle window; waiting for a pair", "next_check_seconds": 15}
{"event": "waiting_for_idle", "family": "functional", "reason": "No pair of idle physical cores in one socket passed every idle window; waiting for a pair", "next_check_seconds": 15}
{"event": "waiting_for_idle", "family": "functional", "reason": "No pair of idle physical cores in one socket passed every idle window; waiting for a pair", "next_check_seconds": 15}
{"event": "waiting_for_idle", "family": "functional", "reason": "No pair of idle physical cores in one socket passed every idle window; waiting for a pair", "next_check_seconds": 15}
{"event": "waiting_for_idle", "family": "functional", "reason": "No pair of idle physical cores in one socket passed every idle window; waiting for a pair", "next_check_seconds": 15}
{"event": "waiting_for_idle", "family": "functional", "reason": "No pair of idle physical cores in one socket passed every idle window; waiting for a pair", "next_check_seconds": 15}
{"event": "waiting_for_idle", "family": "functional", "reason": "No pair of idle physical cores in one socket passed every idle window; waiting for a pair", "next_check_seconds": 15}
{"event": "waiting_for_idle", "family": "functional", "reason": "No pair of idle physical cores in one socket passed every idle window; waiting for a pair", "next_check_seconds": 15}
{"event": "waiting_for_idle", "family": "functional", "reason": "No pair of idle physical cores in one socket passed every idle window; waiting for a pair", "next_check_seconds": 15}
{"event": "waiting_for_idle", "family": "functional", "reason": "No pair of idle physical cores in one socket passed every idle window; waiting for a pair", "next_check_seconds": 15}
{"event": "waiting_for_idle", "family": "functional", "reason": "No pair of idle physical cores in one socket passed every idle window; waiting for a pair", "next_check_seconds": 15}
{"event": "waiting_for_idle", "family": "functional", "reason": "No pair of idle physical cores in one socket passed every idle window; waiting for a pair", "next_check_seconds": 15}
{"event": "waiting_for_idle", "family": "functional", "reason": "No pair of idle physical cores in one socket passed every idle window; waiting for a pair", "next_check_seconds": 15}
{"event": "waiting_for_idle", "family": "functional", "reason": "No pair of idle physical cores in one socket passed every idle window; waiting for a pair", "next_check_seconds": 15}
{"event": "waiting_for_idle", "family": "functional", "reason": "No pair of idle physical cores in one socket passed every idle window; waiting for a pair", "next_check_seconds": 15}
{"event": "waiting_for_idle", "family": "functional", "reason": "No pair of idle physical cores in one socket passed every idle window; waiting for a pair", "next_check_seconds": 15}
{"event": "waiting_for_idle", "family": "functional", "reason": "No pair of idle physical cores in one socket passed every idle window; waiting for a pair", "next_check_seconds": 15}
{"event": "waiting_for_idle", "family": "functional", "reason": "No pair of idle physical cores in one socket passed every idle window; waiting for a pair", "next_check_seconds": 15}
{"event": "waiting_for_idle", "family": "functional", "reason": "No pair of idle physical cores in one socket passed every idle window; waiting for a pair", "next_check_seconds": 15}
{"event": "waiting_for_idle", "family": "functional", "reason": "No pair of idle physical cores in one socket passed every idle window; waiting for a pair", "next_check_seconds": 15}
{"event": "waiting_for_idle", "family": "functional", "reason": "No pair of idle physical cores in one socket passed every idle window; waiting for a pair", "next_check_seconds": 15}
{"event": "waiting_for_idle", "family": "functional", "reason": "No pair of idle physical cores in one socket passed every idle window; waiting for a pair", "next_check_seconds": 15}
{"event": "waiting_for_idle", "family": "functional", "reason": "No pair of idle physical cores in one socket passed every idle window; waiting for a pair", "next_check_seconds": 15}
{"event": "waiting_for_idle", "family": "functional", "reason": "No pair of idle physical cores in one socket passed every idle window; waiting for a pair", "next_check_seconds": 15}
{"event": "waiting_for_idle", "family": "functional", "reason": "No pair of idle physical cores in one socket passed every idle window; waiting for a pair", "next_check_seconds": 15}
{"event": "waiting_for_idle", "family": "functional", "reason": "No pair of idle physical cores in one socket passed every idle window; waiting for a pair", "next_check_seconds": 15}
{"event": "waiting_for_idle", "family": "functional", "reason": "No pair of idle physical cores in one socket passed every idle window; waiting for a pair", "next_check_seconds": 15}
{"event": "waiting_for_idle", "family": "functional", "reason": "No pair of idle physical cores in one socket passed every idle window; waiting for a pair", "next_check_seconds": 15}
{"event": "waiting_for_idle", "family": "functional", "reason": "No pair of idle physical cores in one socket passed every idle window; waiting for a pair", "next_check_seconds": 15}
{"event": "waiting_for_idle", "family": "functional", "reason": "No pair of idle physical cores in one socket passed every idle window; waiting for a pair", "next_check_seconds": 15}
{"event": "waiting_for_idle", "family": "functional", "reason": "No pair of idle physical cores in one socket passed every idle window; waiting for a pair", "next_check_seconds": 15}
{"event": "waiting_for_idle", "family": "functional", "reason": "No pair of idle physical cores in one socket passed every idle window; waiting for a pair", "next_check_seconds": 15}
{"event": "waiting_for_idle", "family": "functional", "reason": "No pair of idle physical cores in one socket passed every idle window; waiting for a pair", "next_check_seconds": 15}
{"event": "waiting_for_idle", "family": "functional", "reason": "No pair of idle physical cores in one socket passed every idle window; waiting for a pair", "next_check_seconds": 15}
{"event": "waiting_for_idle", "family": "functional", "reason": "No pair of idle physical cores in one socket passed every idle window; waiting for a pair", "next_check_seconds": 15}
{"event": "waiting_for_idle", "family": "functional", "reason": "No pair of idle physical cores in one socket passed every idle window; waiting for a pair", "next_check_seconds": 15}
{"event": "waiting_for_idle", "family": "functional", "reason": "No pair of idle physical cores in one socket passed every idle window; waiting for a pair", "next_check_seconds": 15}
{"event": "waiting_for_idle", "family": "functional", "reason": "No pair of idle physical cores in one socket passed every idle window; waiting for a pair", "next_check_seconds": 15}
{"event": "waiting_for_idle", "family": "functional", "reason": "No pair of idle physical cores in one socket passed every idle window; waiting for a pair", "next_check_seconds": 15}
{"event": "waiting_for_idle", "family": "functional", "reason": "No pair of idle physical cores in one socket passed every idle window; waiting for a pair", "next_check_seconds": 15}
{"event": "waiting_for_idle", "family": "functional", "reason": "No pair of idle physical cores in one socket passed every idle window; waiting for a pair", "next_check_seconds": 15}
{"event": "waiting_for_idle", "family": "functional", "reason": "No pair of idle physical cores in one socket passed every idle window; waiting for a pair", "next_check_seconds": 15}
{"event": "waiting_for_idle", "family": "functional", "reason": "No pair of idle physical cores in one socket passed every idle window; waiting for a pair", "next_check_seconds": 15}
{"event": "waiting_for_idle", "family": "functional", "reason": "No pair of idle physical cores in one socket passed every idle window; waiting for a pair", "next_check_seconds": 15}
{"event": "waiting_for_idle", "family": "functional", "reason": "No pair of idle physical cores in one socket passed every idle window; waiting for a pair", "next_check_seconds": 15}
{"event": "waiting_for_idle", "family": "functional", "reason": "No pair of idle physical cores in one socket passed every idle window; waiting for a pair", "next_check_seconds": 15}
{"event": "waiting_for_idle", "family": "functional", "reason": "No pair of idle physical cores in one socket passed every idle window; waiting for a pair", "next_check_seconds": 15}
{"event": "waiting_for_idle", "family": "functional", "reason": "No pair of idle physical cores in one socket passed every idle window; waiting for a pair", "next_check_seconds": 15}
{"event": "waiting_for_idle", "family": "functional", "reason": "No pair of idle physical cores in one socket passed every idle window; waiting for a pair", "next_check_seconds": 15}
{"event": "waiting_for_idle", "family": "functional", "reason": "No pair of idle physical cores in one socket passed every idle window; waiting for a pair", "next_check_seconds": 15}
{"event": "waiting_for_idle", "family": "functional", "reason": "No pair of idle physical cores in one socket passed every idle window; waiting for a pair", "next_check_seconds": 15}
{"event": "waiting_for_idle", "family": "functional", "reason": "No pair of idle physical cores in one socket passed every idle window; waiting for a pair", "next_check_seconds": 15}
{"event": "waiting_for_idle", "family": "functional", "reason": "No pair of idle physical cores in one socket passed every idle window; waiting for a pair", "next_check_seconds": 15}
{"event": "waiting_for_idle", "family": "functional", "reason": "No pair of idle physical cores in one socket passed every idle window; waiting for a pair", "next_check_seconds": 15}
{"event": "waiting_for_idle", "family": "functional", "reason": "No pair of idle physical cores in one socket passed every idle window; waiting for a pair", "next_check_seconds": 15}
{"event": "waiting_for_idle", "family": "functional", "reason": "No pair of idle physical cores in one socket passed every idle window; waiting for a pair", "next_check_seconds": 15}
{"event": "waiting_for_idle", "family": "functional", "reason": "No pair of idle physical cores in one socket passed every idle window; waiting for a pair", "next_check_seconds": 15}
{"event": "waiting_for_idle", "family": "functional", "reason": "No pair of idle physical cores in one socket passed every idle window; waiting for a pair", "next_check_seconds": 15}
{"event": "waiting_for_idle", "family": "functional", "reason": "No pair of idle physical cores in one socket passed every idle window; waiting for a pair", "next_check_seconds": 15}
{"event": "waiting_for_idle", "family": "functional", "reason": "No pair of idle physical cores in one socket passed every idle window; waiting for a pair", "next_check_seconds": 15}
{"event": "waiting_for_idle", "family": "functional", "reason": "No pair of idle physical cores in one socket passed every idle window; waiting for a pair", "next_check_seconds": 15}
{"event": "waiting_for_idle", "family": "functional", "reason": "No pair of idle physical cores in one socket passed every idle window; waiting for a pair", "next_check_seconds": 15}
{"event": "waiting_for_idle", "family": "functional", "reason": "No pair of idle physical cores in one socket passed every idle window; waiting for a pair", "next_check_seconds": 15}
{"event": "waiting_for_idle", "family": "functional", "reason": "No pair of idle physical cores in one socket passed every idle window; waiting for a pair", "next_check_seconds": 15}
{"event": "waiting_for_idle", "family": "functional", "reason": "No pair of idle physical cores in one socket passed every idle window; waiting for a pair", "next_check_seconds": 15}
{"event": "waiting_for_idle", "family": "functional", "reason": "No pair of idle physical cores in one socket passed every idle window; waiting for a pair", "next_check_seconds": 15}
{"event": "waiting_for_idle", "family": "functional", "reason": "No pair of idle physical cores in one socket passed every idle window; waiting for a pair", "next_check_seconds": 15}
{"event": "waiting_for_idle", "family": "functional", "reason": "No pair of idle physical cores in one socket passed every idle window; waiting for a pair", "next_check_seconds": 15}

------------------------------------------------------------
Resource usage summary:

    Job ID            : 815838
    Job name          : hz-icelake8-f0
    User / Account    : hlee58 / ece592f26_cpu
    Partition / QOS   : compute_partners / short
    Submitted         : 2026-09-12T17:33:54
    Started           : 2026-09-12T17:34:23
    Wait time         : 29 sec
    Elapsed (wall)    : 00:42:49
    Nodes             : 1 (c059n01)
    CPUs allocated    : 2
    Tasks             : 1
    CPU time (total)  : 3.48 sec  (user 2.84, sys 0.65)
    CPU efficiency    : 0.1%
    Memory in use     : 29.29 MB  (sampled at job end; see seff for peak)
    Memory requested  : 2G
    Working directory : /gpfs_common/share03/rotenberg/hlee58/ECE592_proj1
    Exit code         : 0:0

    For final accounting (Slurm's MaxRSS, billing, etc.):  seff 815838
------------------------------------------------------------
