{"event": "point_passed", "family": "spatial_alignment", "params": {"mode": "spatial", "bytes": 524288, "stride": 512, "offset": 120, "batch": 256, "seed": 5922026, "order": "random", "align": 0, "page": "base", "address_list": "-", "extra_args": [0, "base", "-", -1]}, "median": 16.109375}
{"event": "point_passed", "family": "spatial_alignment", "params": {"mode": "spatial", "bytes": 524288, "stride": 512, "offset": 32, "batch": 256, "seed": 5922026, "order": "random", "align": 0, "page": "base", "address_list": "-", "extra_args": [0, "base", "-", -1]}, "median": 11.625}
{"event": "point_passed", "family": "spatial_alignment", "params": {"mode": "spatial", "bytes": 524288, "stride": 512, "offset": 104, "batch": 256, "seed": 5922026, "order": "random", "align": 0, "page": "base", "address_list": "-", "extra_args": [0, "base", "-", -1]}, "median": 16.1484375}
{"event": "point_passed", "family": "spatial_alignment", "params": {"mode": "spatial", "bytes": 524288, "stride": 512, "offset": 56, "batch": 256, "seed": 5922026, "order": "random", "align": 0, "page": "base", "address_list": "-", "extra_args": [0, "base", "-", -1]}, "median": 11.65625}
{"event": "point_passed", "family": "spatial_alignment", "params": {"mode": "spatial", "bytes": 524288, "stride": 512, "offset": 88, "batch": 256, "seed": 5922026, "order": "random", "align": 0, "page": "base", "address_list": "-", "extra_args": [0, "base", "-", -1]}, "median": 16.109375}
{"event": "point_passed", "family": "spatial_alignment", "params": {"mode": "spatial", "bytes": 524288, "stride": 512, "offset": 8, "batch": 256, "seed": 5922026, "order": "random", "align": 0, "page": "base", "address_list": "-", "extra_args": [0, "base", "-", -1]}, "median": 11.6015625}
{"event": "point_passed", "family": "spatial_alignment", "params": {"mode": "spatial", "bytes": 524288, "stride": 512, "offset": 16, "batch": 256, "seed": 5922026, "order": "random", "align": 0, "page": "base", "address_list": "-", "extra_args": [0, "base", "-", -1]}, "median": 11.6796875}
{"event": "point_passed", "family": "spatial_alignment", "params": {"mode": "spatial", "bytes": 524288, "stride": 512, "offset": 96, "batch": 256, "seed": 5922026, "order": "random", "align": 0, "page": "base", "address_list": "-", "extra_args": [0, "base", "-", -1]}, "median": 16.109375}
{"event": "point_passed", "family": "spatial_alignment", "params": {"mode": "spatial", "bytes": 524288, "stride": 512, "offset": 40, "batch": 256, "seed": 5922026, "order": "random", "align": 0, "page": "base", "address_list": "-", "extra_args": [0, "base", "-", -1]}, "median": 11.6484375}
{"event": "point_passed", "family": "spatial_alignment", "params": {"mode": "spatial", "bytes": 524288, "stride": 512, "offset": 24, "batch": 256, "seed": 5922026, "order": "random", "align": 0, "page": "base", "address_list": "-", "extra_args": [0, "base", "-", -1]}, "median": 11.671875}
{"event": "point_passed", "family": "spatial_alignment", "params": {"mode": "spatial", "bytes": 524288, "stride": 512, "offset": 112, "batch": 256, "seed": 5922026, "order": "random", "align": 0, "page": "base", "address_list": "-", "extra_args": [0, "base", "-", -1]}, "median": 16.1328125}
{"event": "point_passed", "family": "spatial_alignment", "params": {"mode": "spatial", "bytes": 524288, "stride": 512, "offset": 136, "batch": 256, "seed": 5922026, "order": "random", "align": 0, "page": "base", "address_list": "-", "extra_args": [0, "base", "-", -1]}, "median": 16.1484375}
{"event": "point_passed", "family": "spatial_alignment", "params": {"mode": "spatial", "bytes": 524288, "stride": 512, "offset": 80, "batch": 256, "seed": 5922026, "order": "random", "align": 0, "page": "base", "address_list": "-", "extra_args": [0, "base", "-", -1]}, "median": 16.1796875}
{"event": "point_passed", "family": "spatial_alignment", "params": {"mode": "spatial", "bytes": 524288, "stride": 512, "offset": 64, "batch": 256, "seed": 5922026, "order": "random", "align": 0, "page": "base", "address_list": "-", "extra_args": [0, "base", "-", -1]}, "median": 16.140625}
{"event": "point_passed", "family": "spatial_alignment", "params": {"mode": "spatial", "bytes": 524288, "stride": 512, "offset": 48, "batch": 256, "seed": 5922026, "order": "random", "align": 0, "page": "base", "address_list": "-", "extra_args": [0, "base", "-", -1]}, "median": 11.6015625}
{"event": "point_passed", "family": "spatial_alignment", "params": {"mode": "spatial", "bytes": 524288, "stride": 512, "offset": 72, "batch": 256, "seed": 5922026, "order": "random", "align": 0, "page": "base", "address_list": "-", "extra_args": [0, "base", "-", -1]}, "median": 16.1484375}
{"event": "point_passed", "family": "spatial_alignment", "params": {"mode": "spatial", "bytes": 524288, "stride": 512, "offset": 128, "batch": 256, "seed": 5922026, "order": "random", "align": 0, "page": "base", "address_list": "-", "extra_args": [0, "base", "-", -1]}, "median": 16.1015625}
{"event": "point_passed", "family": "spatial_alignment", "params": {"mode": "spatial", "bytes": 524288, "stride": 512, "offset": 104, "batch": 256, "seed": 5922050, "order": "random", "align": 24, "page": "base", "address_list": "-", "extra_args": [24, "base", "-", -1]}, "median": 16.265625}
{"event": "point_passed", "family": "spatial_alignment", "params": {"mode": "spatial", "bytes": 524288, "stride": 512, "offset": 16, "batch": 256, "seed": 5922050, "order": "random", "align": 24, "page": "base", "address_list": "-", "extra_args": [24, "base", "-", -1]}, "median": 11.765625}
{"event": "point_passed", "family": "spatial_alignment", "params": {"mode": "spatial", "bytes": 524288, "stride": 512, "offset": 112, "batch": 256, "seed": 5922050, "order": "random", "align": 24, "page": "base", "address_list": "-", "extra_args": [24, "base", "-", -1]}, "median": 16.2578125}
{"event": "point_passed", "family": "spatial_alignment", "params": {"mode": "spatial", "bytes": 524288, "stride": 512, "offset": 40, "batch": 256, "seed": 5922050, "order": "random", "align": 24, "page": "base", "address_list": "-", "extra_args": [24, "base", "-", -1]}, "median": 16.2578125}
{"event": "point_passed", "family": "spatial_alignment", "params": {"mode": "spatial", "bytes": 524288, "stride": 512, "offset": 24, "batch": 256, "seed": 5922050, "order": "random", "align": 24, "page": "base", "address_list": "-", "extra_args": [24, "base", "-", -1]}, "median": 11.734375}
{"event": "point_passed", "family": "spatial_alignment", "params": {"mode": "spatial", "bytes": 524288, "stride": 512, "offset": 32, "batch": 256, "seed": 5922050, "order": "random", "align": 24, "page": "base", "address_list": "-", "extra_args": [24, "base", "-", -1]}, "median": 11.7734375}
{"event": "point_passed", "family": "spatial_alignment", "params": {"mode": "spatial", "bytes": 524288, "stride": 512, "offset": 128, "batch": 256, "seed": 5922050, "order": "random", "align": 24, "page": "base", "address_list": "-", "extra_args": [24, "base", "-", -1]}, "median": 16.2890625}
{"event": "point_passed", "family": "spatial_alignment", "params": {"mode": "spatial", "bytes": 524288, "stride": 512, "offset": 88, "batch": 256, "seed": 5922050, "order": "random", "align": 24, "page": "base", "address_list": "-", "extra_args": [24, "base", "-", -1]}, "median": 16.25}
{"event": "point_passed", "family": "spatial_alignment", "params": {"mode": "spatial", "bytes": 524288, "stride": 512, "offset": 136, "batch": 256, "seed": 5922050, "order": "random", "align": 24, "page": "base", "address_list": "-", "extra_args": [24, "base", "-", -1]}, "median": 16.265625}
{"event": "point_passed", "family": "spatial_alignment", "params": {"mode": "spatial", "bytes": 524288, "stride": 512, "offset": 48, "batch": 256, "seed": 5922050, "order": "random", "align": 24, "page": "base", "address_list": "-", "extra_args": [24, "base", "-", -1]}, "median": 16.2578125}
{"event": "point_passed", "family": "spatial_alignment", "params": {"mode": "spatial", "bytes": 524288, "stride": 512, "offset": 72, "batch": 256, "seed": 5922050, "order": "random", "align": 24, "page": "base", "address_list": "-", "extra_args": [24, "base", "-", -1]}, "median": 16.265625}
{"event": "point_passed", "family": "spatial_alignment", "params": {"mode": "spatial", "bytes": 524288, "stride": 512, "offset": 8, "batch": 256, "seed": 5922050, "order": "random", "align": 24, "page": "base", "address_list": "-", "extra_args": [24, "base", "-", -1]}, "median": 11.734375}
{"event": "point_passed", "family": "spatial_alignment", "params": {"mode": "spatial", "bytes": 524288, "stride": 512, "offset": 64, "batch": 256, "seed": 5922050, "order": "random", "align": 24, "page": "base", "address_list": "-", "extra_args": [24, "base", "-", -1]}, "median": 16.2421875}
{"event": "point_passed", "family": "spatial_alignment", "params": {"mode": "spatial", "bytes": 524288, "stride": 512, "offset": 96, "batch": 256, "seed": 5922050, "order": "random", "align": 24, "page": "base", "address_list": "-", "extra_args": [24, "base", "-", -1]}, "median": 16.2890625}
{"event": "point_passed", "family": "spatial_alignment", "params": {"mode": "spatial", "bytes": 524288, "stride": 512, "offset": 80, "batch": 256, "seed": 5922050, "order": "random", "align": 24, "page": "base", "address_list": "-", "extra_args": [24, "base", "-", -1]}, "median": 16.2890625}
{"event": "point_passed", "family": "spatial_alignment", "params": {"mode": "spatial", "bytes": 524288, "stride": 512, "offset": 56, "batch": 256, "seed": 5922050, "order": "random", "align": 24, "page": "base", "address_list": "-", "extra_args": [24, "base", "-", -1]}, "median": 16.234375}
{"event": "point_passed", "family": "spatial_alignment", "params": {"mode": "spatial", "bytes": 524288, "stride": 512, "offset": 120, "batch": 256, "seed": 5922050, "order": "random", "align": 24, "page": "base", "address_list": "-", "extra_args": [24, "base", "-", -1]}, "median": 16.234375}
{"event": "point_passed", "family": "spatial_alignment", "params": {"mode": "spatial", "bytes": 2097152, "stride": 512, "offset": 104, "batch": 256, "seed": 5922026, "order": "random", "align": 0, "page": "base", "address_list": "-", "extra_args": [0, "base", "-", -1]}, "median": 59.71875}
{"event": "point_passed", "family": "spatial_alignment", "params": {"mode": "spatial", "bytes": 2097152, "stride": 512, "offset": 136, "batch": 256, "seed": 5922026, "order": "random", "align": 0, "page": "base", "address_list": "-", "extra_args": [0, "base", "-", -1]}, "median": 63.0390625}
{"event": "point_passed", "family": "spatial_alignment", "params": {"mode": "spatial", "bytes": 2097152, "stride": 512, "offset": 72, "batch": 256, "seed": 5922026, "order": "random", "align": 0, "page": "base", "address_list": "-", "extra_args": [0, "base", "-", -1]}, "median": 60.203125}
{"event": "point_passed", "family": "spatial_alignment", "params": {"mode": "spatial", "bytes": 2097152, "stride": 512, "offset": 40, "batch": 256, "seed": 5922026, "order": "random", "align": 0, "page": "base", "address_list": "-", "extra_args": [0, "base", "-", -1]}, "median": 35.3828125}
{"event": "point_passed", "family": "spatial_alignment", "params": {"mode": "spatial", "bytes": 2097152, "stride": 512, "offset": 80, "batch": 256, "seed": 5922026, "order": "random", "align": 0, "page": "base", "address_list": "-", "extra_args": [0, "base", "-", -1]}, "median": 59.546875}
{"event": "point_passed", "family": "spatial_alignment", "params": {"mode": "spatial", "bytes": 2097152, "stride": 512, "offset": 24, "batch": 256, "seed": 5922026, "order": "random", "align": 0, "page": "base", "address_list": "-", "extra_args": [0, "base", "-", -1]}, "median": 34.6484375}
{"event": "point_passed", "family": "spatial_alignment", "params": {"mode": "spatial", "bytes": 2097152, "stride": 512, "offset": 56, "batch": 256, "seed": 5922026, "order": "random", "align": 0, "page": "base", "address_list": "-", "extra_args": [0, "base", "-", -1]}, "median": 34.921875}
{"event": "point_passed", "family": "spatial_alignment", "params": {"mode": "spatial", "bytes": 2097152, "stride": 512, "offset": 120, "batch": 256, "seed": 5922026, "order": "random", "align": 0, "page": "base", "address_list": "-", "extra_args": [0, "base", "-", -1]}, "median": 60.125}
{"event": "point_passed", "family": "spatial_alignment", "params": {"mode": "spatial", "bytes": 2097152, "stride": 512, "offset": 64, "batch": 256, "seed": 5922026, "order": "random", "align": 0, "page": "base", "address_list": "-", "extra_args": [0, "base", "-", -1]}, "median": 59.1796875}
{"event": "point_passed", "family": "spatial_alignment", "params": {"mode": "spatial", "bytes": 2097152, "stride": 512, "offset": 32, "batch": 256, "seed": 5922026, "order": "random", "align": 0, "page": "base", "address_list": "-", "extra_args": [0, "base", "-", -1]}, "median": 34.90625}
{"event": "point_passed", "family": "spatial_alignment", "params": {"mode": "spatial", "bytes": 2097152, "stride": 512, "offset": 96, "batch": 256, "seed": 5922026, "order": "random", "align": 0, "page": "base", "address_list": "-", "extra_args": [0, "base", "-", -1]}, "median": 59.609375}
{"event": "point_passed", "family": "spatial_alignment", "params": {"mode": "spatial", "bytes": 2097152, "stride": 512, "offset": 128, "batch": 256, "seed": 5922026, "order": "random", "align": 0, "page": "base", "address_list": "-", "extra_args": [0, "base", "-", -1]}, "median": 62.9609375}
{"event": "point_passed", "family": "spatial_alignment", "params": {"mode": "spatial", "bytes": 2097152, "stride": 512, "offset": 88, "batch": 256, "seed": 5922026, "order": "random", "align": 0, "page": "base", "address_list": "-", "extra_args": [0, "base", "-", -1]}, "median": 60.0390625}
{"event": "point_passed", "family": "spatial_alignment", "params": {"mode": "spatial", "bytes": 2097152, "stride": 512, "offset": 48, "batch": 256, "seed": 5922026, "order": "random", "align": 0, "page": "base", "address_list": "-", "extra_args": [0, "base", "-", -1]}, "median": 34.7421875}
{"event": "point_passed", "family": "spatial_alignment", "params": {"mode": "spatial", "bytes": 2097152, "stride": 512, "offset": 16, "batch": 256, "seed": 5922026, "order": "random", "align": 0, "page": "base", "address_list": "-", "extra_args": [0, "base", "-", -1]}, "median": 34.78125}
{"event": "point_passed", "family": "spatial_alignment", "params": {"mode": "spatial", "bytes": 2097152, "stride": 512, "offset": 112, "batch": 256, "seed": 5922026, "order": "random", "align": 0, "page": "base", "address_list": "-", "extra_args": [0, "base", "-", -1]}, "median": 59.6796875}
{"event": "point_passed", "family": "spatial_alignment", "params": {"mode": "spatial", "bytes": 2097152, "stride": 512, "offset": 8, "batch": 256, "seed": 5922026, "order": "random", "align": 0, "page": "base", "address_list": "-", "extra_args": [0, "base", "-", -1]}, "median": 34.125}
{"event": "point_passed", "family": "spatial_alignment", "params": {"mode": "spatial", "bytes": 2097152, "stride": 512, "offset": 136, "batch": 256, "seed": 5922050, "order": "random", "align": 24, "page": "base", "address_list": "-", "extra_args": [24, "base", "-", -1]}, "median": 62.2578125}
{"event": "point_passed", "family": "spatial_alignment", "params": {"mode": "spatial", "bytes": 2097152, "stride": 512, "offset": 48, "batch": 256, "seed": 5922050, "order": "random", "align": 24, "page": "base", "address_list": "-", "extra_args": [24, "base", "-", -1]}, "median": 59.4609375}
{"event": "point_passed", "family": "spatial_alignment", "params": {"mode": "spatial", "bytes": 2097152, "stride": 512, "offset": 32, "batch": 256, "seed": 5922050, "order": "random", "align": 24, "page": "base", "address_list": "-", "extra_args": [24, "base", "-", -1]}, "median": 34.6328125}
{"event": "point_passed", "family": "spatial_alignment", "params": {"mode": "spatial", "bytes": 2097152, "stride": 512, "offset": 96, "batch": 256, "seed": 5922050, "order": "random", "align": 24, "page": "base", "address_list": "-", "extra_args": [24, "base", "-", -1]}, "median": 59.7578125}
{"event": "point_passed", "family": "spatial_alignment", "params": {"mode": "spatial", "bytes": 2097152, "stride": 512, "offset": 104, "batch": 256, "seed": 5922050, "order": "random", "align": 24, "page": "base", "address_list": "-", "extra_args": [24, "base", "-", -1]}, "median": 63.1875}
{"event": "point_passed", "family": "spatial_alignment", "params": {"mode": "spatial", "bytes": 2097152, "stride": 512, "offset": 80, "batch": 256, "seed": 5922050, "order": "random", "align": 24, "page": "base", "address_list": "-", "extra_args": [24, "base", "-", -1]}, "median": 60.0859375}
{"event": "point_passed", "family": "spatial_alignment", "params": {"mode": "spatial", "bytes": 2097152, "stride": 512, "offset": 8, "batch": 256, "seed": 5922050, "order": "random", "align": 24, "page": "base", "address_list": "-", "extra_args": [24, "base", "-", -1]}, "median": 35.1875}
{"event": "point_passed", "family": "spatial_alignment", "params": {"mode": "spatial", "bytes": 2097152, "stride": 512, "offset": 72, "batch": 256, "seed": 5922050, "order": "random", "align": 24, "page": "base", "address_list": "-", "extra_args": [24, "base", "-", -1]}, "median": 60.1328125}
{"event": "point_passed", "family": "spatial_alignment", "params": {"mode": "spatial", "bytes": 2097152, "stride": 512, "offset": 120, "batch": 256, "seed": 5922050, "order": "random", "align": 24, "page": "base", "address_list": "-", "extra_args": [24, "base", "-", -1]}, "median": 62.7265625}
{"event": "point_passed", "family": "spatial_alignment", "params": {"mode": "spatial", "bytes": 2097152, "stride": 512, "offset": 128, "batch": 256, "seed": 5922050, "order": "random", "align": 24, "page": "base", "address_list": "-", "extra_args": [24, "base", "-", -1]}, "median": 62.640625}
{"event": "point_passed", "family": "spatial_alignment", "params": {"mode": "spatial", "bytes": 2097152, "stride": 512, "offset": 16, "batch": 256, "seed": 5922050, "order": "random", "align": 24, "page": "base", "address_list": "-", "extra_args": [24, "base", "-", -1]}, "median": 35.1171875}
{"event": "point_passed", "family": "spatial_alignment", "params": {"mode": "spatial", "bytes": 2097152, "stride": 512, "offset": 64, "batch": 256, "seed": 5922050, "order": "random", "align": 24, "page": "base", "address_list": "-", "extra_args": [24, "base", "-", -1]}, "median": 59.71875}
{"event": "point_passed", "family": "spatial_alignment", "params": {"mode": "spatial", "bytes": 2097152, "stride": 512, "offset": 40, "batch": 256, "seed": 5922050, "order": "random", "align": 24, "page": "base", "address_list": "-", "extra_args": [24, "base", "-", -1]}, "median": 59.4375}
{"event": "point_passed", "family": "spatial_alignment", "params": {"mode": "spatial", "bytes": 2097152, "stride": 512, "offset": 56, "batch": 256, "seed": 5922050, "order": "random", "align": 24, "page": "base", "address_list": "-", "extra_args": [24, "base", "-", -1]}, "median": 59.90625}
{"event": "point_passed", "family": "spatial_alignment", "params": {"mode": "spatial", "bytes": 2097152, "stride": 512, "offset": 24, "batch": 256, "seed": 5922050, "order": "random", "align": 24, "page": "base", "address_list": "-", "extra_args": [24, "base", "-", -1]}, "median": 35.5859375}
{"event": "point_passed", "family": "spatial_alignment", "params": {"mode": "spatial", "bytes": 2097152, "stride": 512, "offset": 88, "batch": 256, "seed": 5922050, "order": "random", "align": 24, "page": "base", "address_list": "-", "extra_args": [24, "base", "-", -1]}, "median": 61.1171875}
{"event": "point_passed", "family": "spatial_alignment", "params": {"mode": "spatial", "bytes": 2097152, "stride": 512, "offset": 112, "batch": 256, "seed": 5922050, "order": "random", "align": 24, "page": "base", "address_list": "-", "extra_args": [24, "base", "-", -1]}, "median": 63.78125}
Follow-up segment job=815975 constraint=icelake_8358 stage=spatial status=0 end=2026-09-12T18:30:57-04:00
{"record": "/gpfs_common/share04/ece592f26/hlee58/tmp/hazel-phase3-20260911/submissions/icelake_8358/followup-capacity-20260912T223057.285812Z.json", "returncode": 0, "job_id": "815980", "stderr": ""}

------------------------------------------------------------
Resource usage summary:

    Job ID            : 815975
    Job name          : hz-icelake8-f1
    User / Account    : hlee58 / ece592f26_cpu
    Partition / QOS   : compute_partners / short
    Submitted         : 2026-09-12T18:19:06
    Started           : 2026-09-12T18:19:30
    Wait time         : 24 sec
    Elapsed (wall)    : 00:11:27
    Nodes             : 1 (c059n01)
    CPUs allocated    : 3
    Tasks             : 1
    CPU time (total)  : 544.73 sec  (user 542.88, sys 1.86)
    CPU efficiency    : 26.4%
    Memory in use     : 84.92 MB  (sampled at job end; see seff for peak)
    Memory requested  : 2G
    Working directory : /gpfs_common/share04/ece592f26/hlee58/tmp/hazel-phase3-20260911/suite
    Exit code         : 0:0

    For final accounting (Slurm's MaxRSS, billing, etc.):  seff 815975
------------------------------------------------------------
