Hazel segment: job=810646 constraint=icelake_8358 stage=full start=2026-09-11T22:07:58-04:00
Invocation: srun --cpu-bind=cores --hint=nomultithread python3 scripts/hazel_worker.py full
{"event": "point_passed", "family": "timer", "params": {"mode": "overhead", "bytes": 1024, "stride": 8, "offset": 0, "batch": 128, "seed": 5922026, "order": "random"}, "median": 64.0}
{"event": "point_passed", "family": "loop", "params": {"mode": "loop", "bytes": 1024, "stride": 8, "offset": 0, "batch": 128, "seed": 5922026, "order": "random"}, "median": 1.53125}
{"event": "point_passed", "family": "latency", "params": {"mode": "chase", "bytes": 1024, "stride": 8, "offset": 0, "batch": 128, "seed": 5922026, "order": "random"}, "median": 5.53125}
{"event": "point_passed", "family": "latency", "params": {"mode": "chase", "bytes": 1024, "stride": 8, "offset": 0, "batch": 256, "seed": 5922026, "order": "random"}, "median": 5.25}
{"event": "point_passed", "family": "capacity", "params": {"mode": "chase", "bytes": 2048, "stride": 8, "offset": 0, "batch": 256, "seed": 5922026, "order": "random"}, "median": 5.25}
{"event": "point_passed", "family": "capacity", "params": {"mode": "chase", "bytes": 4194304, "stride": 8, "offset": 0, "batch": 256, "seed": 5922026, "order": "regular"}, "median": 5.25}
{"event": "point_passed", "family": "capacity", "params": {"mode": "chase", "bytes": 268435456, "stride": 8, "offset": 0, "batch": 256, "seed": 5922026, "order": "random"}, "median": 242.2265625}
{"event": "point_passed", "family": "capacity", "params": {"mode": "chase", "bytes": 1048576, "stride": 8, "offset": 0, "batch": 256, "seed": 5922026, "order": "regular"}, "median": 5.25}
{"event": "point_passed", "family": "capacity", "params": {"mode": "chase", "bytes": 1024, "stride": 8, "offset": 0, "batch": 256, "seed": 5922026, "order": "random"}, "median": 5.25}
{"event": "point_passed", "family": "capacity", "params": {"mode": "chase", "bytes": 8388608, "stride": 8, "offset": 0, "batch": 256, "seed": 5922026, "order": "regular"}, "median": 5.25}
{"event": "point_passed", "family": "capacity", "params": {"mode": "chase", "bytes": 134217728, "stride": 8, "offset": 0, "batch": 256, "seed": 5922026, "order": "regular"}, "median": 5.25}
{"event": "point_passed", "family": "capacity", "params": {"mode": "chase", "bytes": 32768, "stride": 8, "offset": 0, "batch": 256, "seed": 5922026, "order": "random"}, "median": 5.25}
{"event": "point_passed", "family": "capacity", "params": {"mode": "chase", "bytes": 4096, "stride": 8, "offset": 0, "batch": 256, "seed": 5922026, "order": "random"}, "median": 5.25}
{"event": "point_passed", "family": "capacity", "params": {"mode": "chase", "bytes": 262144, "stride": 8, "offset": 0, "batch": 256, "seed": 5922026, "order": "regular"}, "median": 5.25}
{"event": "point_passed", "family": "capacity", "params": {"mode": "chase", "bytes": 65536, "stride": 8, "offset": 0, "batch": 256, "seed": 5922026, "order": "random"}, "median": 7.984375}
{"event": "point_passed", "family": "capacity", "params": {"mode": "chase", "bytes": 33554432, "stride": 8, "offset": 0, "batch": 256, "seed": 5922026, "order": "regular"}, "median": 5.25}
{"event": "point_passed", "family": "capacity", "params": {"mode": "chase", "bytes": 65536, "stride": 8, "offset": 0, "batch": 256, "seed": 5922026, "order": "regular"}, "median": 5.25}
{"event": "point_passed", "family": "capacity", "params": {"mode": "chase", "bytes": 4096, "stride": 8, "offset": 0, "batch": 256, "seed": 5922026, "order": "regular"}, "median": 5.25}
{"event": "point_noisy", "family": "capacity", "flags": ["block median drift exceeds 20 percent"], "attempt": "/gpfs_common/share04/ece592f26/hlee58/tmp/hazel-phase3-20260911/runs/icelake_8358/baseline/full/capacity/cd4bf9189a71a1ed/attempt-1789178997007478094"}
{"event": "point_noisy", "family": "capacity", "flags": ["frequent involuntary context switches"], "attempt": "/gpfs_common/share04/ece592f26/hlee58/tmp/hazel-phase3-20260911/runs/icelake_8358/baseline/full/capacity/cd4bf9189a71a1ed/attempt-1789179009364578859"}
{"event": "point_noisy", "family": "capacity", "flags": ["frequent involuntary context switches"], "attempt": "/gpfs_common/share04/ece592f26/hlee58/tmp/hazel-phase3-20260911/runs/icelake_8358/baseline/full/capacity/cd4bf9189a71a1ed/attempt-1789179020840417201"}
{"event": "point_noisy", "family": "capacity", "flags": ["frequent involuntary context switches"], "attempt": "/gpfs_common/share04/ece592f26/hlee58/tmp/hazel-phase3-20260911/runs/icelake_8358/baseline/full/capacity/f69414550fdbd9a9/attempt-1789179032355600713"}
{"event": "point_passed", "family": "capacity", "params": {"mode": "chase", "bytes": 1024, "stride": 8, "offset": 0, "batch": 256, "seed": 5922026, "order": "regular"}, "median": 5.25}
{"event": "point_passed", "family": "capacity", "params": {"mode": "chase", "bytes": 131072, "stride": 8, "offset": 0, "batch": 256, "seed": 5922026, "order": "regular"}, "median": 5.25}
{"event": "point_passed", "family": "capacity", "params": {"mode": "chase", "bytes": 67108864, "stride": 8, "offset": 0, "batch": 256, "seed": 5922026, "order": "random"}, "median": 139.8046875}
{"event": "point_passed", "family": "capacity", "params": {"mode": "chase", "bytes": 131072, "stride": 8, "offset": 0, "batch": 256, "seed": 5922026, "order": "random"}, "median": 11.265625}
{"event": "point_passed", "family": "capacity", "params": {"mode": "chase", "bytes": 16384, "stride": 8, "offset": 0, "batch": 256, "seed": 5922026, "order": "random"}, "median": 5.25}
{"event": "point_passed", "family": "capacity", "params": {"mode": "chase", "bytes": 524288, "stride": 8, "offset": 0, "batch": 256, "seed": 5922026, "order": "random"}, "median": 17.0703125}
{"event": "point_passed", "family": "capacity", "params": {"mode": "chase", "bytes": 8192, "stride": 8, "offset": 0, "batch": 256, "seed": 5922026, "order": "regular"}, "median": 5.25}
{"event": "point_passed", "family": "capacity", "params": {"mode": "chase", "bytes": 524288, "stride": 8, "offset": 0, "batch": 256, "seed": 5922026, "order": "regular"}, "median": 5.25}
{"event": "point_passed", "family": "capacity", "params": {"mode": "chase", "bytes": 2048, "stride": 8, "offset": 0, "batch": 256, "seed": 5922026, "order": "regular"}, "median": 5.25}
{"event": "point_passed", "family": "capacity", "params": {"mode": "chase", "bytes": 8192, "stride": 8, "offset": 0, "batch": 256, "seed": 5922026, "order": "random"}, "median": 5.25}
{"event": "point_passed", "family": "capacity", "params": {"mode": "chase", "bytes": 16777216, "stride": 8, "offset": 0, "batch": 256, "seed": 5922026, "order": "regular"}, "median": 5.25}
{"event": "point_passed", "family": "capacity", "params": {"mode": "chase", "bytes": 134217728, "stride": 8, "offset": 0, "batch": 256, "seed": 5922026, "order": "random"}, "median": 207.4765625}
{"event": "point_passed", "family": "capacity", "params": {"mode": "chase", "bytes": 2097152, "stride": 8, "offset": 0, "batch": 256, "seed": 5922026, "order": "regular"}, "median": 5.25}
{"event": "point_noisy", "family": "capacity", "flags": ["block median drift exceeds 20 percent"], "attempt": "/gpfs_common/share04/ece592f26/hlee58/tmp/hazel-phase3-20260911/runs/icelake_8358/baseline/full/capacity/ee8db35754534f63/attempt-1789179145614210354"}
{"event": "point_noisy", "family": "capacity", "flags": ["frequent involuntary context switches"], "attempt": "/gpfs_common/share04/ece592f26/hlee58/tmp/hazel-phase3-20260911/runs/icelake_8358/baseline/full/capacity/ee8db35754534f63/attempt-1789179159833539452"}
{"event": "point_noisy", "family": "capacity", "flags": ["frequent involuntary context switches"], "attempt": "/gpfs_common/share04/ece592f26/hlee58/tmp/hazel-phase3-20260911/runs/icelake_8358/baseline/full/capacity/ee8db35754534f63/attempt-1789179173058944702"}
{"event": "point_noisy", "family": "capacity", "flags": ["frequent involuntary context switches"], "attempt": "/gpfs_common/share04/ece592f26/hlee58/tmp/hazel-phase3-20260911/runs/icelake_8358/baseline/full/capacity/3adb09848a965464/attempt-1789179186310698481"}
{"event": "point_passed", "family": "capacity", "params": {"mode": "chase", "bytes": 16384, "stride": 8, "offset": 0, "batch": 256, "seed": 5922026, "order": "regular"}, "median": 5.25}
{"event": "point_noisy", "family": "capacity", "flags": ["block median drift exceeds 20 percent"], "attempt": "/gpfs_common/share04/ece592f26/hlee58/tmp/hazel-phase3-20260911/runs/icelake_8358/baseline/full/capacity/42d07c07c02a11de/attempt-1789179193784891112"}
{"event": "point_noisy", "family": "capacity", "flags": ["frequent involuntary context switches"], "attempt": "/gpfs_common/share04/ece592f26/hlee58/tmp/hazel-phase3-20260911/runs/icelake_8358/baseline/full/capacity/42d07c07c02a11de/attempt-1789179209421329076"}
{"event": "point_noisy", "family": "capacity", "flags": ["frequent involuntary context switches"], "attempt": "/gpfs_common/share04/ece592f26/hlee58/tmp/hazel-phase3-20260911/runs/icelake_8358/baseline/full/capacity/42d07c07c02a11de/attempt-1789179224068064975"}
{"event": "point_noisy", "family": "capacity", "flags": ["frequent involuntary context switches"], "attempt": "/gpfs_common/share04/ece592f26/hlee58/tmp/hazel-phase3-20260911/runs/icelake_8358/baseline/full/capacity/6e93b3dac452cb3c/attempt-1789179238887739606"}
{"event": "point_passed", "family": "capacity", "params": {"mode": "chase", "bytes": 32768, "stride": 8, "offset": 0, "batch": 256, "seed": 5922026, "order": "regular"}, "median": 5.25}
{"event": "point_passed", "family": "capacity", "params": {"mode": "chase", "bytes": 67108864, "stride": 8, "offset": 0, "batch": 256, "seed": 5922026, "order": "regular"}, "median": 5.25}
{"event": "point_noisy", "family": "capacity", "flags": ["block median drift exceeds 20 percent"], "attempt": "/gpfs_common/share04/ece592f26/hlee58/tmp/hazel-phase3-20260911/runs/icelake_8358/baseline/full/capacity/f037869accb3fd53/attempt-1789179254856866095"}
{"event": "point_noisy", "family": "capacity", "flags": ["frequent involuntary context switches"], "attempt": "/gpfs_common/share04/ece592f26/hlee58/tmp/hazel-phase3-20260911/runs/icelake_8358/baseline/full/capacity/f037869accb3fd53/attempt-1789179271528847628"}
{"event": "point_noisy", "family": "capacity", "flags": ["frequent involuntary context switches"], "attempt": "/gpfs_common/share04/ece592f26/hlee58/tmp/hazel-phase3-20260911/runs/icelake_8358/baseline/full/capacity/f037869accb3fd53/attempt-1789179287294866670"}
{"event": "point_noisy", "family": "capacity", "flags": ["frequent involuntary context switches"], "attempt": "/gpfs_common/share04/ece592f26/hlee58/tmp/hazel-phase3-20260911/runs/icelake_8358/baseline/full/capacity/8030d623a0b1b36c/attempt-1789179303080185485"}
{"event": "point_passed", "family": "capacity", "params": {"mode": "chase", "bytes": 1048576, "stride": 8, "offset": 0, "batch": 256, "seed": 5922026, "order": "random"}, "median": 20.9921875}
{"event": "point_passed", "family": "capacity", "params": {"mode": "chase", "bytes": 262144, "stride": 8, "offset": 0, "batch": 256, "seed": 5922026, "order": "random"}, "median": 12.8984375}
{"event": "point_noisy", "family": "capacity", "flags": ["block median drift exceeds 20 percent"], "attempt": "/gpfs_common/share04/ece592f26/hlee58/tmp/hazel-phase3-20260911/runs/icelake_8358/baseline/full/capacity/7042ae960df0e7a4/attempt-1789179333273710991"}
{"event": "point_noisy", "family": "capacity", "flags": ["frequent involuntary context switches"], "attempt": "/gpfs_common/share04/ece592f26/hlee58/tmp/hazel-phase3-20260911/runs/icelake_8358/baseline/full/capacity/7042ae960df0e7a4/attempt-1789179350155378507"}
{"event": "point_noisy", "family": "capacity", "flags": ["frequent involuntary context switches"], "attempt": "/gpfs_common/share04/ece592f26/hlee58/tmp/hazel-phase3-20260911/runs/icelake_8358/baseline/full/capacity/7042ae960df0e7a4/attempt-1789179366114428091"}
{"event": "point_noisy", "family": "capacity", "flags": ["frequent involuntary context switches"], "attempt": "/gpfs_common/share04/ece592f26/hlee58/tmp/hazel-phase3-20260911/runs/icelake_8358/baseline/full/capacity/3e44d6c79f54972b/attempt-1789179382015163963"}
{"event": "point_passed", "family": "capacity", "params": {"mode": "chase", "bytes": 268435456, "stride": 8, "offset": 0, "batch": 256, "seed": 5922026, "order": "regular"}, "median": 5.25}
{"event": "point_passed", "family": "capacity", "params": {"mode": "chase", "bytes": 40960, "stride": 8, "offset": 0, "batch": 256, "seed": 5922026, "order": "regular"}, "median": 5.296875}
{"event": "point_passed", "family": "capacity", "params": {"mode": "chase", "bytes": 36864, "stride": 8, "offset": 0, "batch": 256, "seed": 5922026, "order": "regular"}, "median": 5.25}
{"event": "point_noisy", "family": "capacity", "flags": ["block median drift exceeds 20 percent"], "attempt": "/gpfs_common/share04/ece592f26/hlee58/tmp/hazel-phase3-20260911/runs/icelake_8358/baseline/full/capacity/337fd2cdafe2f561/attempt-1789179404461731769"}
{"event": "point_noisy", "family": "capacity", "flags": ["frequent involuntary context switches"], "attempt": "/gpfs_common/share04/ece592f26/hlee58/tmp/hazel-phase3-20260911/runs/icelake_8358/baseline/full/capacity/337fd2cdafe2f561/attempt-1789179420523983289"}
{"event": "point_noisy", "family": "capacity", "flags": ["frequent involuntary context switches"], "attempt": "/gpfs_common/share04/ece592f26/hlee58/tmp/hazel-phase3-20260911/runs/icelake_8358/baseline/full/capacity/337fd2cdafe2f561/attempt-1789179435819813988"}
{"event": "point_noisy", "family": "capacity", "flags": ["frequent involuntary context switches"], "attempt": "/gpfs_common/share04/ece592f26/hlee58/tmp/hazel-phase3-20260911/runs/icelake_8358/baseline/full/capacity/d9ba9136e57e7a05/attempt-1789179451215127817"}
{"event": "point_passed", "family": "capacity", "params": {"mode": "chase", "bytes": 117440512, "stride": 8, "offset": 0, "batch": 256, "seed": 5922026, "order": "regular"}, "median": 5.25}
{"event": "point_passed", "family": "capacity", "params": {"mode": "chase", "bytes": 100663296, "stride": 8, "offset": 0, "batch": 256, "seed": 5922026, "order": "regular"}, "median": 5.2578125}
{"event": "point_passed", "family": "capacity", "params": {"mode": "chase", "bytes": 73728, "stride": 8, "offset": 0, "batch": 256, "seed": 5922026, "order": "regular"}, "median": 5.25}
{"event": "point_passed", "family": "capacity", "params": {"mode": "chase", "bytes": 34078720, "stride": 8, "offset": 0, "batch": 256, "seed": 5922026, "order": "regular"}, "median": 5.25}
{"event": "point_passed", "family": "capacity", "params": {"mode": "chase", "bytes": 49152, "stride": 8, "offset": 0, "batch": 256, "seed": 5922026, "order": "random"}, "median": 5.3671875}
{"event": "point_passed", "family": "capacity", "params": {"mode": "chase", "bytes": 25821184, "stride": 8, "offset": 0, "batch": 256, "seed": 5922026, "order": "regular"}, "median": 5.25}
{"event": "point_passed", "family": "capacity", "params": {"mode": "chase", "bytes": 851968, "stride": 8, "offset": 0, "batch": 256, "seed": 5922026, "order": "random"}, "median": 18.6953125}
{"event": "point_passed", "family": "capacity", "params": {"mode": "chase", "bytes": 50593792, "stride": 8, "offset": 0, "batch": 256, "seed": 5922026, "order": "random"}, "median": 105.3359375}
{"event": "point_passed", "family": "capacity", "params": {"mode": "chase", "bytes": 61440, "stride": 8, "offset": 0, "batch": 256, "seed": 5922026, "order": "regular"}, "median": 5.25}
{"event": "point_passed", "family": "capacity", "params": {"mode": "chase", "bytes": 75497472, "stride": 8, "offset": 0, "batch": 256, "seed": 5922026, "order": "random"}, "median": 154.34375}
{"event": "point_passed", "family": "capacity", "params": {"mode": "chase", "bytes": 45056, "stride": 8, "offset": 0, "batch": 256, "seed": 5922026, "order": "regular"}, "median": 5.28125}
{"event": "point_passed", "family": "capacity", "params": {"mode": "chase", "bytes": 458752, "stride": 8, "offset": 0, "batch": 256, "seed": 5922026, "order": "random"}, "median": 16.484375}
{"event": "point_passed", "family": "capacity", "params": {"mode": "chase", "bytes": 360448, "stride": 8, "offset": 0, "batch": 256, "seed": 5922026, "order": "regular"}, "median": 5.25}
{"event": "point_passed", "family": "capacity", "params": {"mode": "chase", "bytes": 425984, "stride": 8, "offset": 0, "batch": 256, "seed": 5922026, "order": "regular"}, "median": 5.25}
{"event": "point_passed", "family": "capacity", "params": {"mode": "chase", "bytes": 90112, "stride": 8, "offset": 0, "batch": 256, "seed": 5922026, "order": "regular"}, "median": 5.25}
{"event": "point_passed", "family": "capacity", "params": {"mode": "chase", "bytes": 983040, "stride": 8, "offset": 0, "batch": 256, "seed": 5922026, "order": "random"}, "median": 19.8359375}
{"event": "point_passed", "family": "capacity", "params": {"mode": "chase", "bytes": 81920, "stride": 8, "offset": 0, "batch": 256, "seed": 5922026, "order": "random"}, "median": 9.2890625}
{"event": "point_passed", "family": "capacity", "params": {"mode": "chase", "bytes": 109051904, "stride": 8, "offset": 0, "batch": 256, "seed": 5922026, "order": "regular"}, "median": 5.25}
{"event": "point_passed", "family": "capacity", "params": {"mode": "chase", "bytes": 786432, "stride": 8, "offset": 0, "batch": 256, "seed": 5922026, "order": "regular"}, "median": 5.25}
{"event": "point_passed", "family": "capacity", "params": {"mode": "chase", "bytes": 114688, "stride": 8, "offset": 0, "batch": 256, "seed": 5922026, "order": "regular"}, "median": 5.25}
{"event": "point_passed", "family": "capacity", "params": {"mode": "chase", "bytes": 589824, "stride": 8, "offset": 0, "batch": 256, "seed": 5922026, "order": "regular"}, "median": 5.25}
{"event": "point_passed", "family": "capacity", "params": {"mode": "chase", "bytes": 655360, "stride": 8, "offset": 0, "batch": 256, "seed": 5922026, "order": "regular"}, "median": 5.25}
{"event": "point_passed", "family": "capacity", "params": {"mode": "chase", "bytes": 58851328, "stride": 8, "offset": 0, "batch": 256, "seed": 5922026, "order": "regular"}, "median": 5.2734375}
{"event": "point_passed", "family": "capacity", "params": {"mode": "chase", "bytes": 294912, "stride": 8, "offset": 0, "batch": 256, "seed": 5922026, "order": "random"}, "median": 13.84375}
{"event": "point_passed", "family": "capacity", "params": {"mode": "chase", "bytes": 851968, "stride": 8, "offset": 0, "batch": 256, "seed": 5922026, "order": "regular"}, "median": 5.25}
{"event": "point_passed", "family": "capacity", "params": {"mode": "chase", "bytes": 83886080, "stride": 8, "offset": 0, "batch": 256, "seed": 5922026, "order": "random"}, "median": 166.4296875}
{"event": "point_passed", "family": "capacity", "params": {"mode": "chase", "bytes": 491520, "stride": 8, "offset": 0, "batch": 256, "seed": 5922026, "order": "regular"}, "median": 5.25}
{"event": "point_passed", "family": "capacity", "params": {"mode": "chase", "bytes": 393216, "stride": 8, "offset": 0, "batch": 256, "seed": 5922026, "order": "random"}, "median": 15.671875}
{"event": "point_passed", "family": "capacity", "params": {"mode": "chase", "bytes": 57344, "stride": 8, "offset": 0, "batch": 256, "seed": 5922026, "order": "random"}, "median": 6.828125}
{"event": "point_passed", "family": "capacity", "params": {"mode": "chase", "bytes": 9306112, "stride": 8, "offset": 0, "batch": 256, "seed": 5922026, "order": "regular"}, "median": 5.25}
{"event": "point_passed", "family": "capacity", "params": {"mode": "chase", "bytes": 58851328, "stride": 8, "offset": 0, "batch": 256, "seed": 5922026, "order": "random"}, "median": 122.4140625}
{"event": "point_passed", "family": "capacity", "params": {"mode": "chase", "bytes": 294912, "stride": 8, "offset": 0, "batch": 256, "seed": 5922026, "order": "regular"}, "median": 5.25}
{"event": "point_passed", "family": "capacity", "params": {"mode": "chase", "bytes": 106496, "stride": 8, "offset": 0, "batch": 256, "seed": 5922026, "order": "regular"}, "median": 5.25}
{"event": "point_passed", "family": "capacity", "params": {"mode": "chase", "bytes": 917504, "stride": 8, "offset": 0, "batch": 256, "seed": 5922026, "order": "regular"}, "median": 5.25}
{"event": "point_passed", "family": "capacity", "params": {"mode": "chase", "bytes": 122880, "stride": 8, "offset": 0, "batch": 256, "seed": 5922026, "order": "random"}, "median": 11.015625}
{"event": "point_passed", "family": "capacity", "params": {"mode": "chase", "bytes": 360448, "stride": 8, "offset": 0, "batch": 256, "seed": 5922026, "order": "random"}, "median": 15.1875}
{"event": "point_passed", "family": "capacity", "params": {"mode": "chase", "bytes": 98304, "stride": 8, "offset": 0, "batch": 256, "seed": 5922026, "order": "regular"}, "median": 5.25}
{"event": "point_passed", "family": "capacity", "params": {"mode": "chase", "bytes": 57344, "stride": 8, "offset": 0, "batch": 256, "seed": 5922026, "order": "regular"}, "median": 5.25}
{"event": "point_passed", "family": "capacity", "params": {"mode": "chase", "bytes": 45056, "stride": 8, "offset": 0, "batch": 256, "seed": 5922026, "order": "random"}, "median": 5.25}
{"event": "point_passed", "family": "capacity", "params": {"mode": "chase", "bytes": 92274688, "stride": 8, "offset": 0, "batch": 256, "seed": 5922026, "order": "random"}, "median": 176.6875}
{"event": "point_passed", "family": "capacity", "params": {"mode": "chase", "bytes": 720896, "stride": 8, "offset": 0, "batch": 256, "seed": 5922026, "order": "regular"}, "median": 5.25}
{"event": "point_passed", "family": "capacity", "params": {"mode": "chase", "bytes": 786432, "stride": 8, "offset": 0, "batch": 256, "seed": 5922026, "order": "random"}, "median": 18.46875}
{"event": "point_noisy", "family": "capacity", "flags": ["block median drift exceeds 20 percent"], "attempt": "/gpfs_common/share04/ece592f26/hlee58/tmp/hazel-phase3-20260911/runs/icelake_8358/baseline/full/capacity/4924fd82032c7594/attempt-1789179804134662436"}
{"event": "point_noisy", "family": "capacity", "flags": ["frequent involuntary context switches"], "attempt": "/gpfs_common/share04/ece592f26/hlee58/tmp/hazel-phase3-20260911/runs/icelake_8358/baseline/full/capacity/4924fd82032c7594/attempt-1789179820837256885"}
{"event": "point_noisy", "family": "capacity", "flags": ["frequent involuntary context switches"], "attempt": "/gpfs_common/share04/ece592f26/hlee58/tmp/hazel-phase3-20260911/runs/icelake_8358/baseline/full/capacity/4924fd82032c7594/attempt-1789179836670014769"}
{"event": "point_noisy", "family": "capacity", "flags": ["frequent involuntary context switches"], "attempt": "/gpfs_common/share04/ece592f26/hlee58/tmp/hazel-phase3-20260911/runs/icelake_8358/baseline/full/capacity/961dc2ced4957523/attempt-1789179852474694118"}
{"event": "point_passed", "family": "capacity", "params": {"mode": "chase", "bytes": 655360, "stride": 8, "offset": 0, "batch": 256, "seed": 5922026, "order": "random"}, "median": 17.890625}
{"event": "point_passed", "family": "capacity", "params": {"mode": "chase", "bytes": 61440, "stride": 8, "offset": 0, "batch": 256, "seed": 5922026, "order": "random"}, "median": 7.4453125}
{"event": "point_passed", "family": "capacity", "params": {"mode": "chase", "bytes": 40960, "stride": 8, "offset": 0, "batch": 256, "seed": 5922026, "order": "random"}, "median": 5.25}
{"event": "point_passed", "family": "capacity", "params": {"mode": "chase", "bytes": 98304, "stride": 8, "offset": 0, "batch": 256, "seed": 5922026, "order": "random"}, "median": 10.203125}
{"event": "point_noisy", "family": "capacity", "flags": ["block median drift exceeds 20 percent"], "attempt": "/gpfs_common/share04/ece592f26/hlee58/tmp/hazel-phase3-20260911/runs/icelake_8358/baseline/full/capacity/df57615560a529ac/attempt-1789179892465492028"}
{"event": "point_noisy", "family": "capacity", "flags": ["frequent involuntary context switches"], "attempt": "/gpfs_common/share04/ece592f26/hlee58/tmp/hazel-phase3-20260911/runs/icelake_8358/baseline/full/capacity/df57615560a529ac/attempt-1789179910096048751"}
{"event": "point_noisy", "family": "capacity", "flags": ["frequent involuntary context switches"], "attempt": "/gpfs_common/share04/ece592f26/hlee58/tmp/hazel-phase3-20260911/runs/icelake_8358/baseline/full/capacity/df57615560a529ac/attempt-1789179927108018567"}
{"event": "point_noisy", "family": "capacity", "flags": ["frequent involuntary context switches"], "attempt": "/gpfs_common/share04/ece592f26/hlee58/tmp/hazel-phase3-20260911/runs/icelake_8358/baseline/full/capacity/9b147f59185be950/attempt-1789179944125904779"}
{"event": "point_passed", "family": "capacity", "params": {"mode": "chase", "bytes": 92274688, "stride": 8, "offset": 0, "batch": 256, "seed": 5922026, "order": "regular"}, "median": 5.25}
{"event": "point_passed", "family": "capacity", "params": {"mode": "chase", "bytes": 327680, "stride": 8, "offset": 0, "batch": 256, "seed": 5922026, "order": "random"}, "median": 14.5234375}
{"event": "point_passed", "family": "capacity", "params": {"mode": "chase", "bytes": 49152, "stride": 8, "offset": 0, "batch": 256, "seed": 5922026, "order": "regular"}, "median": 5.25}
{"event": "point_passed", "family": "capacity", "params": {"mode": "chase", "bytes": 114688, "stride": 8, "offset": 0, "batch": 256, "seed": 5922026, "order": "random"}, "median": 10.8515625}
{"event": "point_passed", "family": "capacity", "params": {"mode": "chase", "bytes": 100663296, "stride": 8, "offset": 0, "batch": 256, "seed": 5922026, "order": "random"}, "median": 184.9921875}
{"event": "point_passed", "family": "capacity", "params": {"mode": "chase", "bytes": 125829120, "stride": 8, "offset": 0, "batch": 256, "seed": 5922026, "order": "random"}, "median": 202.96875}
{"event": "point_passed", "family": "capacity", "params": {"mode": "chase", "bytes": 327680, "stride": 8, "offset": 0, "batch": 256, "seed": 5922026, "order": "regular"}, "median": 5.25}
{"event": "point_passed", "family": "capacity", "params": {"mode": "chase", "bytes": 83886080, "stride": 8, "offset": 0, "batch": 256, "seed": 5922026, "order": "regular"}, "median": 5.25}
{"event": "point_passed", "family": "capacity", "params": {"mode": "chase", "bytes": 125829120, "stride": 8, "offset": 0, "batch": 256, "seed": 5922026, "order": "regular"}, "median": 5.265625}
{"event": "point_passed", "family": "capacity", "params": {"mode": "chase", "bytes": 42336256, "stride": 8, "offset": 0, "batch": 256, "seed": 5922026, "order": "regular"}, "median": 5.25}
{"event": "point_passed", "family": "capacity", "params": {"mode": "chase", "bytes": 109051904, "stride": 8, "offset": 0, "batch": 256, "seed": 5922026, "order": "random"}, "median": 192.1328125}
{"event": "point_passed", "family": "capacity", "params": {"mode": "chase", "bytes": 50593792, "stride": 8, "offset": 0, "batch": 256, "seed": 5922026, "order": "regular"}, "median": 5.25}
{"event": "point_passed", "family": "capacity", "params": {"mode": "chase", "bytes": 36864, "stride": 8, "offset": 0, "batch": 256, "seed": 5922026, "order": "random"}, "median": 5.25}
{"event": "point_passed", "family": "capacity", "params": {"mode": "chase", "bytes": 106496, "stride": 8, "offset": 0, "batch": 256, "seed": 5922026, "order": "random"}, "median": 10.484375}
{"event": "point_passed", "family": "capacity", "params": {"mode": "chase", "bytes": 75497472, "stride": 8, "offset": 0, "batch": 256, "seed": 5922026, "order": "regular"}, "median": 5.25}
{"event": "point_passed", "family": "capacity", "params": {"mode": "chase", "bytes": 53248, "stride": 8, "offset": 0, "batch": 256, "seed": 5922026, "order": "random"}, "median": 6.09375}
{"event": "point_passed", "family": "capacity", "params": {"mode": "chase", "bytes": 53248, "stride": 8, "offset": 0, "batch": 256, "seed": 5922026, "order": "regular"}, "median": 5.25}
{"event": "point_noisy", "family": "capacity", "flags": ["block median drift exceeds 20 percent"], "attempt": "/gpfs_common/share04/ece592f26/hlee58/tmp/hazel-phase3-20260911/runs/icelake_8358/baseline/full/capacity/5aadde834c5ed49e/attempt-1789180137600643953"}
{"event": "point_noisy", "family": "capacity", "flags": ["frequent involuntary context switches"], "attempt": "/gpfs_common/share04/ece592f26/hlee58/tmp/hazel-phase3-20260911/runs/icelake_8358/baseline/full/capacity/5aadde834c5ed49e/attempt-1789180154471060005"}
{"event": "point_noisy", "family": "capacity", "flags": ["frequent involuntary context switches"], "attempt": "/gpfs_common/share04/ece592f26/hlee58/tmp/hazel-phase3-20260911/runs/icelake_8358/baseline/full/capacity/5aadde834c5ed49e/attempt-1789180170279085659"}
{"event": "point_noisy", "family": "capacity", "flags": ["frequent involuntary context switches"], "attempt": "/gpfs_common/share04/ece592f26/hlee58/tmp/hazel-phase3-20260911/runs/icelake_8358/baseline/full/capacity/a96b15476e5bc0fc/attempt-1789180186081828138"}
{"event": "point_passed", "family": "capacity", "params": {"mode": "chase", "bytes": 393216, "stride": 8, "offset": 0, "batch": 256, "seed": 5922026, "order": "regular"}, "median": 5.25}
{"event": "point_noisy", "family": "capacity", "flags": ["block median drift exceeds 20 percent"], "attempt": "/gpfs_common/share04/ece592f26/hlee58/tmp/hazel-phase3-20260911/runs/icelake_8358/baseline/full/capacity/ca0b7343dd43f6a6/attempt-1789180194829587198"}
{"event": "point_noisy", "family": "capacity", "flags": ["frequent involuntary context switches"], "attempt": "/gpfs_common/share04/ece592f26/hlee58/tmp/hazel-phase3-20260911/runs/icelake_8358/baseline/full/capacity/ca0b7343dd43f6a6/attempt-1789180206607550328"}
{"event": "point_noisy", "family": "capacity", "flags": ["frequent involuntary context switches"], "attempt": "/gpfs_common/share04/ece592f26/hlee58/tmp/hazel-phase3-20260911/runs/icelake_8358/baseline/full/capacity/ca0b7343dd43f6a6/attempt-1789180216348755733"}
{"event": "point_noisy", "family": "capacity", "flags": ["frequent involuntary context switches"], "attempt": "/gpfs_common/share04/ece592f26/hlee58/tmp/hazel-phase3-20260911/runs/icelake_8358/baseline/full/capacity/9c859c63cc59d6d3/attempt-1789180225682631377"}
{"event": "point_passed", "family": "capacity", "params": {"mode": "chase", "bytes": 81920, "stride": 8, "offset": 0, "batch": 256, "seed": 5922026, "order": "regular"}, "median": 5.25}
{"event": "point_passed", "family": "capacity", "params": {"mode": "chase", "bytes": 589824, "stride": 8, "offset": 0, "batch": 256, "seed": 5922026, "order": "random"}, "median": 17.5546875}
{"event": "point_passed", "family": "capacity", "params": {"mode": "chase", "bytes": 983040, "stride": 8, "offset": 0, "batch": 256, "seed": 5922026, "order": "regular"}, "median": 5.25}
{"event": "point_passed", "family": "capacity", "params": {"mode": "chase", "bytes": 90112, "stride": 8, "offset": 0, "batch": 256, "seed": 5922026, "order": "random"}, "median": 9.7421875}
{"event": "point_passed", "family": "capacity", "params": {"mode": "chase", "bytes": 458752, "stride": 8, "offset": 0, "batch": 256, "seed": 5922026, "order": "regular"}, "median": 5.25}
{"event": "point_passed", "family": "capacity", "params": {"mode": "chase", "bytes": 117440512, "stride": 8, "offset": 0, "batch": 256, "seed": 5922026, "order": "random"}, "median": 197.5390625}
{"event": "point_passed", "family": "capacity", "params": {"mode": "chase", "bytes": 17563648, "stride": 8, "offset": 0, "batch": 256, "seed": 5922026, "order": "regular"}, "median": 5.25}
{"event": "point_passed", "family": "capacity", "params": {"mode": "chase", "bytes": 425984, "stride": 8, "offset": 0, "batch": 256, "seed": 5922026, "order": "random"}, "median": 16.109375}
{"event": "point_passed", "family": "capacity", "params": {"mode": "chase", "bytes": 73728, "stride": 8, "offset": 0, "batch": 256, "seed": 5922026, "order": "random"}, "median": 8.671875}
{"event": "point_noisy", "family": "capacity", "flags": ["block median drift exceeds 20 percent"], "attempt": "/gpfs_common/share04/ece592f26/hlee58/tmp/hazel-phase3-20260911/runs/icelake_8358/baseline/full/capacity/ad25d50057a007e0/attempt-1789180317911873825"}
{"event": "point_noisy", "family": "capacity", "flags": ["frequent involuntary context switches"], "attempt": "/gpfs_common/share04/ece592f26/hlee58/tmp/hazel-phase3-20260911/runs/icelake_8358/baseline/full/capacity/ad25d50057a007e0/attempt-1789180335014781839"}
{"event": "point_noisy", "family": "capacity", "flags": ["frequent involuntary context switches"], "attempt": "/gpfs_common/share04/ece592f26/hlee58/tmp/hazel-phase3-20260911/runs/icelake_8358/baseline/full/capacity/ad25d50057a007e0/attempt-1789180351051275832"}
{"event": "point_noisy", "family": "capacity", "flags": ["frequent involuntary context switches"], "attempt": "/gpfs_common/share04/ece592f26/hlee58/tmp/hazel-phase3-20260911/runs/icelake_8358/baseline/full/capacity/6c00ccd5837e2018/attempt-1789180367018219194"}
{"event": "point_passed", "family": "capacity", "params": {"mode": "chase", "bytes": 122880, "stride": 8, "offset": 0, "batch": 256, "seed": 5922026, "order": "regular"}, "median": 5.25}
{"event": "point_passed", "family": "capacity", "params": {"mode": "chase", "bytes": 720896, "stride": 8, "offset": 0, "batch": 256, "seed": 5922026, "order": "random"}, "median": 18.2109375}
{"event": "point_passed", "family": "capacity", "params": {"mode": "chase", "bytes": 491520, "stride": 8, "offset": 0, "batch": 256, "seed": 5922026, "order": "random"}, "median": 16.765625}
{"event": "point_passed", "family": "line_size", "params": {"mode": "spatial", "bytes": 524288, "stride": 512, "offset": 248, "batch": 256, "seed": 5922026, "order": "random"}, "median": 16.09375}
{"event": "point_noisy", "family": "line_size", "flags": ["block median drift exceeds 20 percent"], "attempt": "/gpfs_common/share04/ece592f26/hlee58/tmp/hazel-phase3-20260911/runs/icelake_8358/baseline/full/line_size/27a1be29080330b9/attempt-1789180402242152848"}
{"event": "point_noisy", "family": "line_size", "flags": ["frequent involuntary context switches"], "attempt": "/gpfs_common/share04/ece592f26/hlee58/tmp/hazel-phase3-20260911/runs/icelake_8358/baseline/full/line_size/27a1be29080330b9/attempt-1789180417416545545"}
{"event": "point_noisy", "family": "line_size", "flags": ["frequent involuntary context switches"], "attempt": "/gpfs_common/share04/ece592f26/hlee58/tmp/hazel-phase3-20260911/runs/icelake_8358/baseline/full/line_size/27a1be29080330b9/attempt-1789180431466756719"}
{"event": "point_noisy", "family": "line_size", "flags": ["frequent involuntary context switches"], "attempt": "/gpfs_common/share04/ece592f26/hlee58/tmp/hazel-phase3-20260911/runs/icelake_8358/baseline/full/line_size/f68057e5c08e7b45/attempt-1789180445583303479"}
{"event": "point_passed", "family": "line_size", "params": {"mode": "spatial", "bytes": 524288, "stride": 512, "offset": 256, "batch": 256, "seed": 5922026, "order": "random"}, "median": 16.0703125}
{"event": "point_noisy", "family": "line_size", "flags": ["block median drift exceeds 20 percent"], "attempt": "/gpfs_common/share04/ece592f26/hlee58/tmp/hazel-phase3-20260911/runs/icelake_8358/baseline/full/line_size/5d2927fff7a318bd/attempt-1789180458566594018"}
{"event": "point_noisy", "family": "line_size", "flags": ["frequent involuntary context switches"], "attempt": "/gpfs_common/share04/ece592f26/hlee58/tmp/hazel-phase3-20260911/runs/icelake_8358/baseline/full/line_size/5d2927fff7a318bd/attempt-1789180475079058477"}
{"event": "point_noisy", "family": "line_size", "flags": ["frequent involuntary context switches"], "attempt": "/gpfs_common/share04/ece592f26/hlee58/tmp/hazel-phase3-20260911/runs/icelake_8358/baseline/full/line_size/5d2927fff7a318bd/attempt-1789180490088433513"}
{"event": "point_noisy", "family": "line_size", "flags": ["frequent involuntary context switches"], "attempt": "/gpfs_common/share04/ece592f26/hlee58/tmp/hazel-phase3-20260911/runs/icelake_8358/baseline/full/line_size/0147a6c8dc0b8283/attempt-1789180505523594520"}
{"event": "point_passed", "family": "line_size", "params": {"mode": "spatial", "bytes": 524288, "stride": 512, "offset": 136, "batch": 256, "seed": 5922026, "order": "random"}, "median": 16.0859375}
{"event": "point_passed", "family": "line_size", "params": {"mode": "spatial", "bytes": 524288, "stride": 512, "offset": 8, "batch": 256, "seed": 5922026, "order": "random"}, "median": 11.5703125}
{"event": "point_passed", "family": "line_size", "params": {"mode": "spatial", "bytes": 2097152, "stride": 512, "offset": 72, "batch": 256, "seed": 5922026, "order": "random"}, "median": 61.34375}
{"event": "point_passed", "family": "line_size", "params": {"mode": "spatial", "bytes": 524288, "stride": 512, "offset": 128, "batch": 256, "seed": 5922026, "order": "random"}, "median": 16.109375}
{"event": "point_passed", "family": "line_size", "params": {"mode": "spatial", "bytes": 524288, "stride": 512, "offset": 96, "batch": 256, "seed": 5922026, "order": "random"}, "median": 16.0703125}
{"event": "point_passed", "family": "line_size", "params": {"mode": "spatial", "bytes": 524288, "stride": 512, "offset": 40, "batch": 256, "seed": 5922026, "order": "random"}, "median": 11.6171875}
{"event": "point_passed", "family": "line_size", "params": {"mode": "spatial", "bytes": 524288, "stride": 512, "offset": 112, "batch": 256, "seed": 5922026, "order": "random"}, "median": 16.1171875}
{"event": "point_passed", "family": "line_size", "params": {"mode": "spatial", "bytes": 2097152, "stride": 512, "offset": 32, "batch": 256, "seed": 5922026, "order": "random"}, "median": 35.8828125}
{"event": "point_passed", "family": "line_size", "params": {"mode": "spatial", "bytes": 2097152, "stride": 512, "offset": 120, "batch": 256, "seed": 5922026, "order": "random"}, "median": 61.125}
{"event": "point_passed", "family": "line_size", "params": {"mode": "spatial", "bytes": 2097152, "stride": 512, "offset": 8, "batch": 256, "seed": 5922026, "order": "random"}, "median": 35.5234375}
{"event": "point_passed", "family": "line_size", "params": {"mode": "spatial", "bytes": 524288, "stride": 512, "offset": 184, "batch": 256, "seed": 5922026, "order": "random"}, "median": 16.0703125}
{"event": "point_passed", "family": "line_size", "params": {"mode": "spatial", "bytes": 524288, "stride": 512, "offset": 24, "batch": 256, "seed": 5922026, "order": "random"}, "median": 11.578125}
{"event": "point_passed", "family": "line_size", "params": {"mode": "spatial", "bytes": 524288, "stride": 512, "offset": 88, "batch": 256, "seed": 5922026, "order": "random"}, "median": 16.1015625}
{"event": "point_passed", "family": "line_size", "params": {"mode": "spatial", "bytes": 524288, "stride": 512, "offset": 72, "batch": 256, "seed": 5922026, "order": "random"}, "median": 16.0703125}
{"event": "point_passed", "family": "line_size", "params": {"mode": "spatial", "bytes": 2097152, "stride": 512, "offset": 24, "batch": 256, "seed": 5922026, "order": "random"}, "median": 34.6171875}
{"event": "point_passed", "family": "line_size", "params": {"mode": "spatial", "bytes": 2097152, "stride": 512, "offset": 136, "batch": 256, "seed": 5922026, "order": "random"}, "median": 64.953125}
{"event": "point_passed", "family": "line_size", "params": {"mode": "spatial", "bytes": 2097152, "stride": 512, "offset": 104, "batch": 256, "seed": 5922026, "order": "random"}, "median": 61.4609375}
{"event": "point_passed", "family": "line_size", "params": {"mode": "spatial", "bytes": 2097152, "stride": 512, "offset": 40, "batch": 256, "seed": 5922026, "order": "random"}, "median": 35.4609375}
{"event": "point_passed", "family": "line_size", "params": {"mode": "spatial", "bytes": 2097152, "stride": 512, "offset": 96, "batch": 256, "seed": 5922026, "order": "random"}, "median": 61.53125}
{"event": "point_passed", "family": "line_size", "params": {"mode": "spatial", "bytes": 524288, "stride": 512, "offset": 200, "batch": 256, "seed": 5922026, "order": "random"}, "median": 16.1015625}
{"event": "point_passed", "family": "line_size", "params": {"mode": "spatial", "bytes": 524288, "stride": 512, "offset": 56, "batch": 256, "seed": 5922026, "order": "random"}, "median": 11.59375}
{"event": "point_passed", "family": "line_size", "params": {"mode": "spatial", "bytes": 524288, "stride": 512, "offset": 64, "batch": 256, "seed": 5922026, "order": "random"}, "median": 16.1015625}
{"event": "point_passed", "family": "line_size", "params": {"mode": "spatial", "bytes": 524288, "stride": 512, "offset": 32, "batch": 256, "seed": 5922026, "order": "random"}, "median": 11.5703125}
{"event": "point_passed", "family": "line_size", "params": {"mode": "spatial", "bytes": 2097152, "stride": 512, "offset": 16, "batch": 256, "seed": 5922026, "order": "random"}, "median": 35.9921875}
{"event": "point_passed", "family": "line_size", "params": {"mode": "spatial", "bytes": 524288, "stride": 512, "offset": 48, "batch": 256, "seed": 5922026, "order": "random"}, "median": 11.59375}
{"event": "point_passed", "family": "line_size", "params": {"mode": "spatial", "bytes": 524288, "stride": 512, "offset": 16, "batch": 256, "seed": 5922026, "order": "random"}, "median": 11.6015625}
{"event": "point_passed", "family": "line_size", "params": {"mode": "spatial", "bytes": 2097152, "stride": 512, "offset": 64, "batch": 256, "seed": 5922026, "order": "random"}, "median": 60.6875}
{"event": "point_passed", "family": "line_size", "params": {"mode": "spatial", "bytes": 2097152, "stride": 512, "offset": 192, "batch": 256, "seed": 5922026, "order": "random"}, "median": 61.2421875}
{"event": "point_passed", "family": "line_size", "params": {"mode": "spatial", "bytes": 524288, "stride": 512, "offset": 80, "batch": 256, "seed": 5922026, "order": "random"}, "median": 16.078125}
{"event": "point_passed", "family": "line_size", "params": {"mode": "spatial", "bytes": 2097152, "stride": 512, "offset": 264, "batch": 256, "seed": 5922026, "order": "random"}, "median": 65.4921875}
{"event": "point_passed", "family": "line_size", "params": {"mode": "spatial", "bytes": 524288, "stride": 512, "offset": 264, "batch": 256, "seed": 5922026, "order": "random"}, "median": 16.1015625}
{"event": "point_passed", "family": "line_size", "params": {"mode": "spatial", "bytes": 524288, "stride": 512, "offset": 192, "batch": 256, "seed": 5922026, "order": "random"}, "median": 16.109375}
{"event": "point_passed", "family": "line_size", "params": {"mode": "spatial", "bytes": 2097152, "stride": 512, "offset": 80, "batch": 256, "seed": 5922026, "order": "random"}, "median": 61.125}
{"event": "point_passed", "family": "line_size", "params": {"mode": "spatial", "bytes": 524288, "stride": 512, "offset": 104, "batch": 256, "seed": 5922026, "order": "random"}, "median": 16.1015625}
{"event": "point_passed", "family": "line_size", "params": {"mode": "spatial", "bytes": 2097152, "stride": 512, "offset": 48, "batch": 256, "seed": 5922026, "order": "random"}, "median": 36.3828125}
{"event": "point_passed", "family": "line_size", "params": {"mode": "spatial", "bytes": 2097152, "stride": 512, "offset": 200, "batch": 256, "seed": 5922026, "order": "random"}, "median": 60.8125}
{"event": "point_passed", "family": "line_size", "params": {"mode": "spatial", "bytes": 2097152, "stride": 512, "offset": 248, "batch": 256, "seed": 5922026, "order": "random"}, "median": 61.984375}
{"event": "point_passed", "family": "line_size", "params": {"mode": "spatial", "bytes": 524288, "stride": 512, "offset": 120, "batch": 256, "seed": 5922026, "order": "random"}, "median": 16.0703125}
{"event": "point_passed", "family": "line_size", "params": {"mode": "spatial", "bytes": 2097152, "stride": 512, "offset": 56, "batch": 256, "seed": 5922026, "order": "random"}, "median": 35.1953125}
{"event": "point_passed", "family": "line_size", "params": {"mode": "spatial", "bytes": 2097152, "stride": 512, "offset": 128, "batch": 256, "seed": 5922026, "order": "random"}, "median": 63.78125}
{"event": "point_passed", "family": "line_size", "params": {"mode": "spatial", "bytes": 2097152, "stride": 512, "offset": 88, "batch": 256, "seed": 5922026, "order": "random"}, "median": 60.0703125}
{"event": "point_passed", "family": "line_size", "params": {"mode": "spatial", "bytes": 2097152, "stride": 512, "offset": 184, "batch": 256, "seed": 5922026, "order": "random"}, "median": 63.328125}
{"event": "point_passed", "family": "associativity", "params": {"mode": "chase", "bytes": 327680, "stride": 65536, "offset": 0, "batch": 256, "seed": 5922026, "order": "random"}, "median": 12.25}
{"event": "point_noisy", "family": "associativity", "flags": ["block median drift exceeds 20 percent"], "attempt": "/gpfs_common/share04/ece592f26/hlee58/tmp/hazel-phase3-20260911/runs/icelake_8358/baseline/full/associativity/1da24cba0899f915/attempt-1789180965857047054"}
{"event": "point_noisy", "family": "associativity", "flags": ["frequent involuntary context switches"], "attempt": "/gpfs_common/share04/ece592f26/hlee58/tmp/hazel-phase3-20260911/runs/icelake_8358/baseline/full/associativity/1da24cba0899f915/attempt-1789180972483319764"}
{"event": "point_noisy", "family": "associativity", "flags": ["frequent involuntary context switches"], "attempt": "/gpfs_common/share04/ece592f26/hlee58/tmp/hazel-phase3-20260911/runs/icelake_8358/baseline/full/associativity/1da24cba0899f915/attempt-1789180978398425925"}
{"event": "point_noisy", "family": "associativity", "flags": ["frequent involuntary context switches"], "attempt": "/gpfs_common/share04/ece592f26/hlee58/tmp/hazel-phase3-20260911/runs/icelake_8358/baseline/full/associativity/338bafeff6212060/attempt-1789180983230596441"}
{"event": "point_passed", "family": "associativity", "params": {"mode": "chase", "bytes": 262144, "stride": 16384, "offset": 0, "batch": 256, "seed": 5922026, "order": "random"}, "median": 14.2578125}
{"event": "point_passed", "family": "associativity", "params": {"mode": "chase", "bytes": 2097152, "stride": 262144, "offset": 0, "batch": 256, "seed": 5922026, "order": "random"}, "median": 12.25}
{"event": "point_passed", "family": "associativity", "params": {"mode": "chase", "bytes": 458752, "stride": 65536, "offset": 0, "batch": 256, "seed": 5922026, "order": "random"}, "median": 12.25}
{"event": "point_noisy", "family": "associativity", "flags": ["block median drift exceeds 20 percent"], "attempt": "/gpfs_common/share04/ece592f26/hlee58/tmp/hazel-phase3-20260911/runs/icelake_8358/baseline/full/associativity/201d03b0408e0349/attempt-1789181006801044208"}
{"event": "point_noisy", "family": "associativity", "flags": ["frequent involuntary context switches"], "attempt": "/gpfs_common/share04/ece592f26/hlee58/tmp/hazel-phase3-20260911/runs/icelake_8358/baseline/full/associativity/201d03b0408e0349/attempt-1789181014401642213"}
{"event": "point_noisy", "family": "associativity", "flags": ["frequent involuntary context switches"], "attempt": "/gpfs_common/share04/ece592f26/hlee58/tmp/hazel-phase3-20260911/runs/icelake_8358/baseline/full/associativity/201d03b0408e0349/attempt-1789181020661261304"}
{"event": "point_noisy", "family": "associativity", "flags": ["frequent involuntary context switches"], "attempt": "/gpfs_common/share04/ece592f26/hlee58/tmp/hazel-phase3-20260911/runs/icelake_8358/baseline/full/associativity/a029dff7d1b56dff/attempt-1789181026797907221"}
{"event": "point_passed", "family": "associativity", "params": {"mode": "chase", "bytes": 61440, "stride": 4096, "offset": 0, "batch": 256, "seed": 5922026, "order": "random"}, "median": 14.25}
{"event": "point_noisy", "family": "associativity", "flags": ["block median drift exceeds 20 percent"], "attempt": "/gpfs_common/share04/ece592f26/hlee58/tmp/hazel-phase3-20260911/runs/icelake_8358/baseline/full/associativity/588f13e97f19bd3a/attempt-1789181038726399095"}
{"event": "point_noisy", "family": "associativity", "flags": ["frequent involuntary context switches"], "attempt": "/gpfs_common/share04/ece592f26/hlee58/tmp/hazel-phase3-20260911/runs/icelake_8358/baseline/full/associativity/588f13e97f19bd3a/attempt-1789181045609628109"}
{"event": "point_noisy", "family": "associativity", "flags": ["frequent involuntary context switches"], "attempt": "/gpfs_common/share04/ece592f26/hlee58/tmp/hazel-phase3-20260911/runs/icelake_8358/baseline/full/associativity/588f13e97f19bd3a/attempt-1789181052178358946"}
{"event": "point_noisy", "family": "associativity", "flags": ["frequent involuntary context switches"], "attempt": "/gpfs_common/share04/ece592f26/hlee58/tmp/hazel-phase3-20260911/runs/icelake_8358/baseline/full/associativity/1e90118842f3c7c6/attempt-1789181057011965619"}
{"event": "point_passed", "family": "associativity", "params": {"mode": "chase", "bytes": 212992, "stride": 16384, "offset": 0, "batch": 256, "seed": 5922026, "order": "random"}, "median": 12.796875}
{"event": "point_noisy", "family": "associativity", "flags": ["block median drift exceeds 20 percent"], "attempt": "/gpfs_common/share04/ece592f26/hlee58/tmp/hazel-phase3-20260911/runs/icelake_8358/baseline/full/associativity/8b84980936061e4c/attempt-1789181069651570169"}
{"event": "point_noisy", "family": "associativity", "flags": ["frequent involuntary context switches"], "attempt": "/gpfs_common/share04/ece592f26/hlee58/tmp/hazel-phase3-20260911/runs/icelake_8358/baseline/full/associativity/8b84980936061e4c/attempt-1789181076494640486"}
{"event": "point_noisy", "family": "associativity", "flags": ["frequent involuntary context switches"], "attempt": "/gpfs_common/share04/ece592f26/hlee58/tmp/hazel-phase3-20260911/runs/icelake_8358/baseline/full/associativity/8b84980936061e4c/attempt-1789181083014058922"}
{"event": "point_noisy", "family": "associativity", "flags": ["frequent involuntary context switches"], "attempt": "/gpfs_common/share04/ece592f26/hlee58/tmp/hazel-phase3-20260911/runs/icelake_8358/baseline/full/associativity/7ea601b5c11ee3bb/attempt-1789181089178919384"}
{"event": "point_passed", "family": "associativity", "params": {"mode": "chase", "bytes": 1835008, "stride": 262144, "offset": 0, "batch": 256, "seed": 5922026, "order": "random"}, "median": 12.25}
{"event": "point_noisy", "family": "associativity", "flags": ["block median drift exceeds 20 percent"], "attempt": "/gpfs_common/share04/ece592f26/hlee58/tmp/hazel-phase3-20260911/runs/icelake_8358/baseline/full/associativity/6919712b091fa935/attempt-1789181100355298161"}
{"event": "point_noisy", "family": "associativity", "flags": ["frequent involuntary context switches"], "attempt": "/gpfs_common/share04/ece592f26/hlee58/tmp/hazel-phase3-20260911/runs/icelake_8358/baseline/full/associativity/6919712b091fa935/attempt-1789181107414537710"}
{"event": "point_noisy", "family": "associativity", "flags": ["frequent involuntary context switches"], "attempt": "/gpfs_common/share04/ece592f26/hlee58/tmp/hazel-phase3-20260911/runs/icelake_8358/baseline/full/associativity/6919712b091fa935/attempt-1789181112454377775"}
{"event": "point_noisy", "family": "associativity", "flags": ["frequent involuntary context switches"], "attempt": "/gpfs_common/share04/ece592f26/hlee58/tmp/hazel-phase3-20260911/runs/icelake_8358/baseline/full/associativity/9d9613d20a7aaee6/attempt-1789181118460041643"}
{"event": "point_passed", "family": "associativity", "params": {"mode": "chase", "bytes": 49152, "stride": 4096, "offset": 0, "batch": 256, "seed": 5922026, "order": "random"}, "median": 6.0234375}
{"event": "point_passed", "family": "associativity", "params": {"mode": "chase", "bytes": 65536, "stride": 4096, "offset": 0, "batch": 256, "seed": 5922026, "order": "random"}, "median": 12.59375}
{"event": "point_noisy", "family": "associativity", "flags": ["block median drift exceeds 20 percent"], "attempt": "/gpfs_common/share04/ece592f26/hlee58/tmp/hazel-phase3-20260911/runs/icelake_8358/baseline/full/associativity/94005cf415017b84/attempt-1789181132712034524"}
{"event": "point_noisy", "family": "associativity", "flags": ["frequent involuntary context switches"], "attempt": "/gpfs_common/share04/ece592f26/hlee58/tmp/hazel-phase3-20260911/runs/icelake_8358/baseline/full/associativity/94005cf415017b84/attempt-1789181139549348620"}
{"event": "point_noisy", "family": "associativity", "flags": ["frequent involuntary context switches"], "attempt": "/gpfs_common/share04/ece592f26/hlee58/tmp/hazel-phase3-20260911/runs/icelake_8358/baseline/full/associativity/94005cf415017b84/attempt-1789181145501777495"}
{"event": "point_noisy", "family": "associativity", "flags": ["frequent involuntary context switches"], "attempt": "/gpfs_common/share04/ece592f26/hlee58/tmp/hazel-phase3-20260911/runs/icelake_8358/baseline/full/associativity/999c4717498a179b/attempt-1789181151703702493"}
{"event": "point_passed", "family": "associativity", "params": {"mode": "chase", "bytes": 2621440, "stride": 262144, "offset": 0, "batch": 256, "seed": 5922026, "order": "random"}, "median": 12.25}
{"event": "point_passed", "family": "associativity", "params": {"mode": "chase", "bytes": 245760, "stride": 16384, "offset": 0, "batch": 256, "seed": 5922026, "order": "random"}, "median": 14.3125}
{"event": "point_passed", "family": "associativity", "params": {"mode": "chase", "bytes": 1048576, "stride": 262144, "offset": 0, "batch": 256, "seed": 5922026, "order": "random"}, "median": 5.25}
{"event": "point_passed", "family": "associativity", "params": {"mode": "chase", "bytes": 1572864, "stride": 262144, "offset": 0, "batch": 256, "seed": 5922026, "order": "random"}, "median": 12.25}
{"event": "point_passed", "family": "associativity", "params": {"mode": "chase", "bytes": 36864, "stride": 4096, "offset": 0, "batch": 256, "seed": 5922026, "order": "random"}, "median": 5.25}
{"event": "point_passed", "family": "associativity", "params": {"mode": "chase", "bytes": 196608, "stride": 16384, "offset": 0, "batch": 256, "seed": 5922026, "order": "random"}, "median": 5.25}
{"event": "point_noisy", "family": "associativity", "flags": ["block median drift exceeds 20 percent"], "attempt": "/gpfs_common/share04/ece592f26/hlee58/tmp/hazel-phase3-20260911/runs/icelake_8358/baseline/full/associativity/33323388b381190b/attempt-1789181187954258504"}
{"event": "point_noisy", "family": "associativity", "flags": ["frequent involuntary context switches"], "attempt": "/gpfs_common/share04/ece592f26/hlee58/tmp/hazel-phase3-20260911/runs/icelake_8358/baseline/full/associativity/33323388b381190b/attempt-1789181195106187882"}
{"event": "point_noisy", "family": "associativity", "flags": ["frequent involuntary context switches"], "attempt": "/gpfs_common/share04/ece592f26/hlee58/tmp/hazel-phase3-20260911/runs/icelake_8358/baseline/full/associativity/33323388b381190b/attempt-1789181200528592051"}
{"event": "point_noisy", "family": "associativity", "flags": ["frequent involuntary context switches"], "attempt": "/gpfs_common/share04/ece592f26/hlee58/tmp/hazel-phase3-20260911/runs/icelake_8358/baseline/full/associativity/c9257c1095fe5b07/attempt-1789181206732834185"}
{"event": "point_noisy", "family": "associativity", "flags": ["block median drift exceeds 20 percent"], "attempt": "/gpfs_common/share04/ece592f26/hlee58/tmp/hazel-phase3-20260911/runs/icelake_8358/baseline/full/associativity/c9257c1095fe5b07/attempt-1789181212756277960"}
{"event": "point_passed", "family": "associativity", "params": {"mode": "chase", "bytes": 983040, "stride": 65536, "offset": 0, "batch": 256, "seed": 5922026, "order": "random"}, "median": 16.25}
{"event": "point_passed", "family": "associativity", "params": {"mode": "chase", "bytes": 90112, "stride": 4096, "offset": 0, "batch": 256, "seed": 5922026, "order": "random"}, "median": 10.734375}
{"event": "point_noisy", "family": "associativity", "flags": ["block median drift exceeds 20 percent"], "attempt": "/gpfs_common/share04/ece592f26/hlee58/tmp/hazel-phase3-20260911/runs/icelake_8358/baseline/full/associativity/0a202acd686ea04b/attempt-1789181232925407515"}
{"event": "point_noisy", "family": "associativity", "flags": ["frequent involuntary context switches"], "attempt": "/gpfs_common/share04/ece592f26/hlee58/tmp/hazel-phase3-20260911/runs/icelake_8358/baseline/full/associativity/0a202acd686ea04b/attempt-1789181239626325776"}
{"event": "point_noisy", "family": "associativity", "flags": ["frequent involuntary context switches"], "attempt": "/gpfs_common/share04/ece592f26/hlee58/tmp/hazel-phase3-20260911/runs/icelake_8358/baseline/full/associativity/0a202acd686ea04b/attempt-1789181245721818632"}
{"event": "point_noisy", "family": "associativity", "flags": ["frequent involuntary context switches"], "attempt": "/gpfs_common/share04/ece592f26/hlee58/tmp/hazel-phase3-20260911/runs/icelake_8358/baseline/full/associativity/373cab8940f6b91b/attempt-1789181252030516757"}
{"event": "point_passed", "family": "associativity", "params": {"mode": "chase", "bytes": 12288, "stride": 4096, "offset": 0, "batch": 256, "seed": 5922026, "order": "random"}, "median": 5.25}
{"event": "point_passed", "family": "associativity", "params": {"mode": "chase", "bytes": 2359296, "stride": 262144, "offset": 0, "batch": 256, "seed": 5922026, "order": "random"}, "median": 12.25}
{"event": "point_passed", "family": "associativity", "params": {"mode": "chase", "bytes": 163840, "stride": 16384, "offset": 0, "batch": 256, "seed": 5922026, "order": "random"}, "median": 5.25}
{"event": "point_passed", "family": "associativity", "params": {"mode": "chase", "bytes": 24576, "stride": 4096, "offset": 0, "batch": 256, "seed": 5922026, "order": "random"}, "median": 5.25}
{"event": "point_noisy", "family": "associativity", "flags": ["block median drift exceeds 20 percent"], "attempt": "/gpfs_common/share04/ece592f26/hlee58/tmp/hazel-phase3-20260911/runs/icelake_8358/baseline/full/associativity/0491972b4b35426c/attempt-1789181273423261015"}
{"event": "point_noisy", "family": "associativity", "flags": ["frequent involuntary context switches"], "attempt": "/gpfs_common/share04/ece592f26/hlee58/tmp/hazel-phase3-20260911/runs/icelake_8358/baseline/full/associativity/0491972b4b35426c/attempt-1789181280827810369"}
{"event": "point_noisy", "family": "associativity", "flags": ["frequent involuntary context switches"], "attempt": "/gpfs_common/share04/ece592f26/hlee58/tmp/hazel-phase3-20260911/runs/icelake_8358/baseline/full/associativity/0491972b4b35426c/attempt-1789181285645278061"}
{"event": "point_noisy", "family": "associativity", "flags": ["frequent involuntary context switches"], "attempt": "/gpfs_common/share04/ece592f26/hlee58/tmp/hazel-phase3-20260911/runs/icelake_8358/baseline/full/associativity/8b973359e663b192/attempt-1789181290707168912"}
{"event": "point_passed", "family": "associativity", "params": {"mode": "chase", "bytes": 720896, "stride": 65536, "offset": 0, "batch": 256, "seed": 5922026, "order": "random"}, "median": 12.25}
{"event": "point_passed", "family": "associativity", "params": {"mode": "chase", "bytes": 114688, "stride": 16384, "offset": 0, "batch": 256, "seed": 5922026, "order": "random"}, "median": 5.25}
{"event": "point_passed", "family": "associativity", "params": {"mode": "chase", "bytes": 180224, "stride": 16384, "offset": 0, "batch": 256, "seed": 5922026, "order": "random"}, "median": 5.25}
{"event": "point_passed", "family": "associativity", "params": {"mode": "chase", "bytes": 32768, "stride": 4096, "offset": 0, "batch": 256, "seed": 5922026, "order": "random"}, "median": 5.25}
{"event": "point_passed", "family": "associativity", "params": {"mode": "chase", "bytes": 786432, "stride": 262144, "offset": 0, "batch": 256, "seed": 5922026, "order": "random"}, "median": 5.25}
{"event": "point_passed", "family": "associativity", "params": {"mode": "chase", "bytes": 294912, "stride": 16384, "offset": 0, "batch": 256, "seed": 5922026, "order": "random"}, "median": 18.15625}
{"event": "point_passed", "family": "associativity", "params": {"mode": "chase", "bytes": 73728, "stride": 4096, "offset": 0, "batch": 256, "seed": 5922026, "order": "random"}, "median": 14.25}
{"event": "point_noisy", "family": "associativity", "flags": ["block median drift exceeds 20 percent"], "attempt": "/gpfs_common/share04/ece592f26/hlee58/tmp/hazel-phase3-20260911/runs/icelake_8358/baseline/full/associativity/8375c2c552680262/attempt-1789181330062935392"}
{"event": "point_noisy", "family": "associativity", "flags": ["frequent involuntary context switches"], "attempt": "/gpfs_common/share04/ece592f26/hlee58/tmp/hazel-phase3-20260911/runs/icelake_8358/baseline/full/associativity/8375c2c552680262/attempt-1789181336773027680"}
{"event": "point_noisy", "family": "associativity", "flags": ["frequent involuntary context switches"], "attempt": "/gpfs_common/share04/ece592f26/hlee58/tmp/hazel-phase3-20260911/runs/icelake_8358/baseline/full/associativity/8375c2c552680262/attempt-1789181343182970008"}
{"event": "point_noisy", "family": "associativity", "flags": ["frequent involuntary context switches"], "attempt": "/gpfs_common/share04/ece592f26/hlee58/tmp/hazel-phase3-20260911/runs/icelake_8358/baseline/full/associativity/16a49b09d7a9a691/attempt-1789181347983752356"}
{"event": "point_passed", "family": "associativity", "params": {"mode": "chase", "bytes": 229376, "stride": 16384, "offset": 0, "batch": 256, "seed": 5922026, "order": "random"}, "median": 14.25}
{"event": "point_passed", "family": "associativity", "params": {"mode": "chase", "bytes": 196608, "stride": 65536, "offset": 0, "batch": 256, "seed": 5922026, "order": "random"}, "median": 5.25}
{"event": "point_passed", "family": "associativity", "params": {"mode": "chase", "bytes": 6291456, "stride": 262144, "offset": 0, "batch": 256, "seed": 5922026, "order": "random"}, "median": 21.25}
{"event": "point_passed", "family": "associativity", "params": {"mode": "chase", "bytes": 28672, "stride": 4096, "offset": 0, "batch": 256, "seed": 5922026, "order": "random"}, "median": 5.25}
{"event": "point_passed", "family": "associativity", "params": {"mode": "chase", "bytes": 94208, "stride": 4096, "offset": 0, "batch": 256, "seed": 5922026, "order": "random"}, "median": 14.25}
{"event": "point_passed", "family": "associativity", "params": {"mode": "chase", "bytes": 131072, "stride": 65536, "offset": 0, "batch": 256, "seed": 5922026, "order": "random"}, "median": 5.25}
{"event": "point_passed", "family": "associativity", "params": {"mode": "chase", "bytes": 278528, "stride": 16384, "offset": 0, "batch": 256, "seed": 5922026, "order": "random"}, "median": 16.3046875}
{"event": "point_noisy", "family": "associativity", "flags": ["block median drift exceeds 20 percent"], "attempt": "/gpfs_common/share04/ece592f26/hlee58/tmp/hazel-phase3-20260911/runs/icelake_8358/baseline/full/associativity/2879de04cdd616d4/attempt-1789181392432903265"}
{"event": "point_noisy", "family": "associativity", "flags": ["frequent involuntary context switches"], "attempt": "/gpfs_common/share04/ece592f26/hlee58/tmp/hazel-phase3-20260911/runs/icelake_8358/baseline/full/associativity/2879de04cdd616d4/attempt-1789181399320380177"}
{"event": "point_noisy", "family": "associativity", "flags": ["frequent involuntary context switches"], "attempt": "/gpfs_common/share04/ece592f26/hlee58/tmp/hazel-phase3-20260911/runs/icelake_8358/baseline/full/associativity/2879de04cdd616d4/attempt-1789181405274359139"}
{"event": "point_noisy", "family": "associativity", "flags": ["frequent involuntary context switches"], "attempt": "/gpfs_common/share04/ece592f26/hlee58/tmp/hazel-phase3-20260911/runs/icelake_8358/baseline/full/associativity/747e23fce24858b8/attempt-1789181411361856858"}
{"event": "point_noisy", "family": "associativity", "flags": ["block median drift exceeds 20 percent"], "attempt": "/gpfs_common/share04/ece592f26/hlee58/tmp/hazel-phase3-20260911/runs/icelake_8358/baseline/full/associativity/747e23fce24858b8/attempt-1789181416275988512"}
{"event": "point_passed", "family": "associativity", "params": {"mode": "chase", "bytes": 1179648, "stride": 65536, "offset": 0, "batch": 256, "seed": 5922026, "order": "random"}, "median": 16.25}
{"event": "point_passed", "family": "associativity", "params": {"mode": "chase", "bytes": 147456, "stride": 16384, "offset": 0, "batch": 256, "seed": 5922026, "order": "random"}, "median": 4.015625}
{"event": "point_passed", "family": "associativity", "params": {"mode": "chase", "bytes": 69632, "stride": 4096, "offset": 0, "batch": 256, "seed": 5922026, "order": "random"}, "median": 14.2578125}
{"event": "point_passed", "family": "associativity", "params": {"mode": "chase", "bytes": 81920, "stride": 16384, "offset": 0, "batch": 256, "seed": 5922026, "order": "random"}, "median": 5.25}
{"event": "point_noisy", "family": "associativity", "flags": ["block median drift exceeds 20 percent"], "attempt": "/gpfs_common/share04/ece592f26/hlee58/tmp/hazel-phase3-20260911/runs/icelake_8358/baseline/full/associativity/ec8cc6866a60f3b2/attempt-1789181442743086120"}
{"event": "point_noisy", "family": "associativity", "flags": ["frequent involuntary context switches"], "attempt": "/gpfs_common/share04/ece592f26/hlee58/tmp/hazel-phase3-20260911/runs/icelake_8358/baseline/full/associativity/ec8cc6866a60f3b2/attempt-1789181449980384185"}
{"event": "point_noisy", "family": "associativity", "flags": ["frequent involuntary context switches"], "attempt": "/gpfs_common/share04/ece592f26/hlee58/tmp/hazel-phase3-20260911/runs/icelake_8358/baseline/full/associativity/ec8cc6866a60f3b2/attempt-1789181456072635607"}
{"event": "point_noisy", "family": "associativity", "flags": ["frequent involuntary context switches"], "attempt": "/gpfs_common/share04/ece592f26/hlee58/tmp/hazel-phase3-20260911/runs/icelake_8358/baseline/full/associativity/ec6c8fc1aa841772/attempt-1789181460821964246"}
{"event": "point_passed", "family": "associativity", "params": {"mode": "chase", "bytes": 45056, "stride": 4096, "offset": 0, "batch": 256, "seed": 5922026, "order": "random"}, "median": 5.25}
{"event": "point_passed", "family": "associativity", "params": {"mode": "chase", "bytes": 393216, "stride": 65536, "offset": 0, "batch": 256, "seed": 5922026, "order": "random"}, "median": 12.25}
{"event": "point_passed", "family": "associativity", "params": {"mode": "chase", "bytes": 524288, "stride": 65536, "offset": 0, "batch": 256, "seed": 5922026, "order": "random"}, "median": 12.25}
{"event": "point_noisy", "family": "associativity", "flags": ["block median drift exceeds 20 percent"], "attempt": "/gpfs_common/share04/ece592f26/hlee58/tmp/hazel-phase3-20260911/runs/icelake_8358/baseline/full/associativity/7d5cfd759d320e39/attempt-1789181480628856091"}
{"event": "point_noisy", "family": "associativity", "flags": ["frequent involuntary context switches"], "attempt": "/gpfs_common/share04/ece592f26/hlee58/tmp/hazel-phase3-20260911/runs/icelake_8358/baseline/full/associativity/7d5cfd759d320e39/attempt-1789181487563891360"}
{"event": "point_noisy", "family": "associativity", "flags": ["frequent involuntary context switches"], "attempt": "/gpfs_common/share04/ece592f26/hlee58/tmp/hazel-phase3-20260911/runs/icelake_8358/baseline/full/associativity/7d5cfd759d320e39/attempt-1789181492556678319"}
{"event": "point_noisy", "family": "associativity", "flags": ["frequent involuntary context switches"], "attempt": "/gpfs_common/share04/ece592f26/hlee58/tmp/hazel-phase3-20260911/runs/icelake_8358/baseline/full/associativity/8ef542ee337bfae8/attempt-1789181498502496824"}
{"event": "point_noisy", "family": "associativity", "flags": ["block median drift exceeds 20 percent"], "attempt": "/gpfs_common/share04/ece592f26/hlee58/tmp/hazel-phase3-20260911/runs/icelake_8358/baseline/full/associativity/8ef542ee337bfae8/attempt-1789181504944098540"}
{"event": "point_passed", "family": "associativity", "params": {"mode": "chase", "bytes": 851968, "stride": 65536, "offset": 0, "batch": 256, "seed": 5922026, "order": "random"}, "median": 16.25}
{"event": "point_passed", "family": "associativity", "params": {"mode": "chase", "bytes": 655360, "stride": 65536, "offset": 0, "batch": 256, "seed": 5922026, "order": "random"}, "median": 9.3671875}
{"event": "point_passed", "family": "associativity", "params": {"mode": "chase", "bytes": 98304, "stride": 16384, "offset": 0, "batch": 256, "seed": 5922026, "order": "random"}, "median": 5.25}
{"event": "point_passed", "family": "associativity", "params": {"mode": "chase", "bytes": 77824, "stride": 4096, "offset": 0, "batch": 256, "seed": 5922026, "order": "random"}, "median": 14.25}
{"event": "point_noisy", "family": "associativity", "flags": ["block median drift exceeds 20 percent"], "attempt": "/gpfs_common/share04/ece592f26/hlee58/tmp/hazel-phase3-20260911/runs/icelake_8358/baseline/full/associativity/82762457e6bd1081/attempt-1789181533131801200"}
{"event": "point_noisy", "family": "associativity", "flags": ["frequent involuntary context switches"], "attempt": "/gpfs_common/share04/ece592f26/hlee58/tmp/hazel-phase3-20260911/runs/icelake_8358/baseline/full/associativity/82762457e6bd1081/attempt-1789181539843044458"}
{"event": "point_noisy", "family": "associativity", "flags": ["frequent involuntary context switches"], "attempt": "/gpfs_common/share04/ece592f26/hlee58/tmp/hazel-phase3-20260911/runs/icelake_8358/baseline/full/associativity/82762457e6bd1081/attempt-1789181545481086731"}
{"event": "point_noisy", "family": "associativity", "flags": ["frequent involuntary context switches"], "attempt": "/gpfs_common/share04/ece592f26/hlee58/tmp/hazel-phase3-20260911/runs/icelake_8358/baseline/full/associativity/35289608df8eec81/attempt-1789181551082644329"}
{"event": "point_passed", "family": "associativity", "params": {"mode": "chase", "bytes": 524288, "stride": 262144, "offset": 0, "batch": 256, "seed": 5922026, "order": "random"}, "median": 5.25}
{"event": "point_passed", "family": "associativity", "params": {"mode": "chase", "bytes": 53248, "stride": 4096, "offset": 0, "batch": 256, "seed": 5922026, "order": "random"}, "median": 14.2578125}
{"event": "point_noisy", "family": "associativity", "flags": ["block median drift exceeds 20 percent"], "attempt": "/gpfs_common/share04/ece592f26/hlee58/tmp/hazel-phase3-20260911/runs/icelake_8358/baseline/full/associativity/104e6657a84db695/attempt-1789181567285962538"}
{"event": "point_noisy", "family": "associativity", "flags": ["frequent involuntary context switches"], "attempt": "/gpfs_common/share04/ece592f26/hlee58/tmp/hazel-phase3-20260911/runs/icelake_8358/baseline/full/associativity/104e6657a84db695/attempt-1789181573988941581"}
{"event": "point_noisy", "family": "associativity", "flags": ["frequent involuntary context switches"], "attempt": "/gpfs_common/share04/ece592f26/hlee58/tmp/hazel-phase3-20260911/runs/icelake_8358/baseline/full/associativity/104e6657a84db695/attempt-1789181580344204638"}
{"event": "point_noisy", "family": "associativity", "flags": ["frequent involuntary context switches"], "attempt": "/gpfs_common/share04/ece592f26/hlee58/tmp/hazel-phase3-20260911/runs/icelake_8358/baseline/full/associativity/17cbfb250276390f/attempt-1789181586969952026"}
{"event": "point_noisy", "family": "associativity", "flags": ["block median drift exceeds 20 percent"], "attempt": "/gpfs_common/share04/ece592f26/hlee58/tmp/hazel-phase3-20260911/runs/icelake_8358/baseline/full/associativity/17cbfb250276390f/attempt-1789181593273862117"}
{"event": "point_noisy", "family": "associativity", "flags": ["block median drift exceeds 20 percent"], "attempt": "/gpfs_common/share04/ece592f26/hlee58/tmp/hazel-phase3-20260911/runs/icelake_8358/baseline/full/associativity/17cbfb250276390f/attempt-1789181600348243314"}
{"event": "point_passed", "family": "associativity", "params": {"mode": "chase", "bytes": 1245184, "stride": 65536, "offset": 0, "batch": 256, "seed": 5922026, "order": "random"}, "median": 16.25}
{"event": "point_passed", "family": "associativity", "params": {"mode": "chase", "bytes": 40960, "stride": 4096, "offset": 0, "batch": 256, "seed": 5922026, "order": "random"}, "median": 4.015625}
{"event": "point_passed", "family": "associativity", "params": {"mode": "chase", "bytes": 589824, "stride": 65536, "offset": 0, "batch": 256, "seed": 5922026, "order": "random"}, "median": 12.25}
{"event": "point_passed", "family": "associativity", "params": {"mode": "chase", "bytes": 49152, "stride": 16384, "offset": 0, "batch": 256, "seed": 5922026, "order": "random"}, "median": 5.25}
{"event": "point_noisy", "family": "associativity", "flags": ["block median drift exceeds 20 percent"], "attempt": "/gpfs_common/share04/ece592f26/hlee58/tmp/hazel-phase3-20260911/runs/icelake_8358/baseline/full/associativity/a8ea4e77cc3f5894/attempt-1789181627251814479"}
{"event": "point_noisy", "family": "associativity", "flags": ["frequent involuntary context switches"], "attempt": "/gpfs_common/share04/ece592f26/hlee58/tmp/hazel-phase3-20260911/runs/icelake_8358/baseline/full/associativity/a8ea4e77cc3f5894/attempt-1789181635106741327"}
{"event": "point_noisy", "family": "associativity", "flags": ["frequent involuntary context switches"], "attempt": "/gpfs_common/share04/ece592f26/hlee58/tmp/hazel-phase3-20260911/runs/icelake_8358/baseline/full/associativity/a8ea4e77cc3f5894/attempt-1789181641249258004"}
{"event": "point_noisy", "family": "associativity", "flags": ["frequent involuntary context switches"], "attempt": "/gpfs_common/share04/ece592f26/hlee58/tmp/hazel-phase3-20260911/runs/icelake_8358/baseline/full/associativity/f6de43ddf7fa7bb2/attempt-1789181647775039180"}
{"event": "point_noisy", "family": "associativity", "flags": ["block median drift exceeds 20 percent"], "attempt": "/gpfs_common/share04/ece592f26/hlee58/tmp/hazel-phase3-20260911/runs/icelake_8358/baseline/full/associativity/f6de43ddf7fa7bb2/attempt-1789181653701284267"}
{"event": "point_noisy", "family": "associativity", "flags": ["block median drift exceeds 20 percent"], "attempt": "/gpfs_common/share04/ece592f26/hlee58/tmp/hazel-phase3-20260911/runs/icelake_8358/baseline/full/associativity/f6de43ddf7fa7bb2/attempt-1789181660794245457"}
{"event": "point_noisy", "family": "associativity", "flags": ["block median drift exceeds 20 percent"], "attempt": "/gpfs_common/share04/ece592f26/hlee58/tmp/hazel-phase3-20260911/runs/icelake_8358/baseline/full/associativity/0d1f915b33f506d9/attempt-1789181667745383150"}
{"event": "point_noisy", "family": "associativity", "flags": ["frequent involuntary context switches"], "attempt": "/gpfs_common/share04/ece592f26/hlee58/tmp/hazel-phase3-20260911/runs/icelake_8358/baseline/full/associativity/0d1f915b33f506d9/attempt-1789181674431973056"}
{"event": "point_noisy", "family": "associativity", "flags": ["frequent involuntary context switches"], "attempt": "/gpfs_common/share04/ece592f26/hlee58/tmp/hazel-phase3-20260911/runs/icelake_8358/baseline/full/associativity/0d1f915b33f506d9/attempt-1789181680528988432"}
{"event": "point_noisy", "family": "associativity", "flags": ["frequent involuntary context switches"], "attempt": "/gpfs_common/share04/ece592f26/hlee58/tmp/hazel-phase3-20260911/runs/icelake_8358/baseline/full/associativity/aa5c1f934b2fc231/attempt-1789181686696640369"}
{"event": "point_noisy", "family": "associativity", "flags": ["block median drift exceeds 20 percent"], "attempt": "/gpfs_common/share04/ece592f26/hlee58/tmp/hazel-phase3-20260911/runs/icelake_8358/baseline/full/associativity/aa5c1f934b2fc231/attempt-1789181693655424595"}
{"event": "point_noisy", "family": "associativity", "flags": ["block median drift exceeds 20 percent"], "attempt": "/gpfs_common/share04/ece592f26/hlee58/tmp/hazel-phase3-20260911/runs/icelake_8358/baseline/full/associativity/aa5c1f934b2fc231/attempt-1789181700607507776"}
{"event": "point_passed", "family": "associativity", "params": {"mode": "chase", "bytes": 32768, "stride": 16384, "offset": 0, "batch": 256, "seed": 5922026, "order": "random"}, "median": 5.25}
{"event": "point_passed", "family": "associativity", "params": {"mode": "chase", "bytes": 2883584, "stride": 262144, "offset": 0, "batch": 256, "seed": 5922026, "order": "random"}, "median": 12.25}
{"event": "point_passed", "family": "associativity", "params": {"mode": "chase", "bytes": 98304, "stride": 4096, "offset": 0, "batch": 256, "seed": 5922026, "order": "random"}, "median": 14.25}
{"event": "point_passed", "family": "associativity", "params": {"mode": "chase", "bytes": 8192, "stride": 4096, "offset": 0, "batch": 256, "seed": 5922026, "order": "random"}, "median": 5.25}
{"event": "point_passed", "family": "associativity", "params": {"mode": "chase", "bytes": 1310720, "stride": 262144, "offset": 0, "batch": 256, "seed": 5922026, "order": "random"}, "median": 12.25}
{"event": "point_passed", "family": "associativity", "params": {"mode": "chase", "bytes": 3145728, "stride": 262144, "offset": 0, "batch": 256, "seed": 5922026, "order": "random"}, "median": 12.25}
{"event": "point_passed", "family": "associativity", "params": {"mode": "chase", "bytes": 57344, "stride": 4096, "offset": 0, "batch": 256, "seed": 5922026, "order": "random"}, "median": 9.7421875}
{"event": "point_noisy", "family": "associativity", "flags": ["block median drift exceeds 20 percent"], "attempt": "/gpfs_common/share04/ece592f26/hlee58/tmp/hazel-phase3-20260911/runs/icelake_8358/baseline/full/associativity/30a898edb0853594/attempt-1789181746758131574"}
{"event": "point_noisy", "family": "associativity", "flags": ["frequent involuntary context switches"], "attempt": "/gpfs_common/share04/ece592f26/hlee58/tmp/hazel-phase3-20260911/runs/icelake_8358/baseline/full/associativity/30a898edb0853594/attempt-1789181753212107743"}
{"event": "point_noisy", "family": "associativity", "flags": ["frequent involuntary context switches"], "attempt": "/gpfs_common/share04/ece592f26/hlee58/tmp/hazel-phase3-20260911/runs/icelake_8358/baseline/full/associativity/30a898edb0853594/attempt-1789181758025631275"}
{"event": "point_noisy", "family": "associativity", "flags": ["frequent involuntary context switches"], "attempt": "/gpfs_common/share04/ece592f26/hlee58/tmp/hazel-phase3-20260911/runs/icelake_8358/baseline/full/associativity/8c411b8bc6a39a76/attempt-1789181762834272676"}
{"event": "point_passed", "family": "associativity", "params": {"mode": "chase", "bytes": 81920, "stride": 4096, "offset": 0, "batch": 256, "seed": 5922026, "order": "random"}, "median": 13.34375}
{"event": "point_noisy", "family": "associativity", "flags": ["block median drift exceeds 20 percent"], "attempt": "/gpfs_common/share04/ece592f26/hlee58/tmp/hazel-phase3-20260911/runs/icelake_8358/baseline/full/associativity/c81526f117f3dba4/attempt-1789181773810299107"}
{"event": "point_noisy", "family": "associativity", "flags": ["frequent involuntary context switches"], "attempt": "/gpfs_common/share04/ece592f26/hlee58/tmp/hazel-phase3-20260911/runs/icelake_8358/baseline/full/associativity/c81526f117f3dba4/attempt-1789181780746804341"}
{"event": "point_noisy", "family": "associativity", "flags": ["frequent involuntary context switches"], "attempt": "/gpfs_common/share04/ece592f26/hlee58/tmp/hazel-phase3-20260911/runs/icelake_8358/baseline/full/associativity/c81526f117f3dba4/attempt-1789181786794141464"}
{"event": "point_noisy", "family": "associativity", "flags": ["frequent involuntary context switches"], "attempt": "/gpfs_common/share04/ece592f26/hlee58/tmp/hazel-phase3-20260911/runs/icelake_8358/baseline/full/associativity/7302d430988271dc/attempt-1789181792901321787"}
{"event": "point_passed", "family": "associativity", "params": {"mode": "chase", "bytes": 86016, "stride": 4096, "offset": 0, "batch": 256, "seed": 5922026, "order": "random"}, "median": 14.25}
{"event": "point_noisy", "family": "associativity", "flags": ["block median drift exceeds 20 percent"], "attempt": "/gpfs_common/share04/ece592f26/hlee58/tmp/hazel-phase3-20260911/runs/icelake_8358/baseline/full/associativity/77e82df3ebb30876/attempt-1789181805104415738"}
{"event": "point_noisy", "family": "associativity", "flags": ["frequent involuntary context switches"], "attempt": "/gpfs_common/share04/ece592f26/hlee58/tmp/hazel-phase3-20260911/runs/icelake_8358/baseline/full/associativity/77e82df3ebb30876/attempt-1789181812222162442"}
{"event": "point_noisy", "family": "associativity", "flags": ["frequent involuntary context switches"], "attempt": "/gpfs_common/share04/ece592f26/hlee58/tmp/hazel-phase3-20260911/runs/icelake_8358/baseline/full/associativity/77e82df3ebb30876/attempt-1789181818482237876"}
{"event": "point_noisy", "family": "associativity", "flags": ["frequent involuntary context switches"], "attempt": "/gpfs_common/share04/ece592f26/hlee58/tmp/hazel-phase3-20260911/runs/icelake_8358/baseline/full/associativity/9acc8d7d0d19ed7c/attempt-1789181824744047852"}
{"event": "point_passed", "family": "associativity", "params": {"mode": "chase", "bytes": 131072, "stride": 16384, "offset": 0, "batch": 256, "seed": 5922026, "order": "random"}, "median": 5.25}
{"event": "point_passed", "family": "associativity", "params": {"mode": "chase", "bytes": 16384, "stride": 4096, "offset": 0, "batch": 256, "seed": 5922026, "order": "random"}, "median": 5.25}
{"event": "point_noisy", "family": "associativity", "flags": ["block median drift exceeds 20 percent"], "attempt": "/gpfs_common/share04/ece592f26/hlee58/tmp/hazel-phase3-20260911/runs/icelake_8358/baseline/full/associativity/a7a71ea4504b0590/attempt-1789181838987345411"}
{"event": "point_noisy", "family": "associativity", "flags": ["frequent involuntary context switches"], "attempt": "/gpfs_common/share04/ece592f26/hlee58/tmp/hazel-phase3-20260911/runs/icelake_8358/baseline/full/associativity/a7a71ea4504b0590/attempt-1789181846133620566"}
{"event": "point_noisy", "family": "associativity", "flags": ["frequent involuntary context switches"], "attempt": "/gpfs_common/share04/ece592f26/hlee58/tmp/hazel-phase3-20260911/runs/icelake_8358/baseline/full/associativity/a7a71ea4504b0590/attempt-1789181852112297469"}
{"event": "point_noisy", "family": "associativity", "flags": ["frequent involuntary context switches"], "attempt": "/gpfs_common/share04/ece592f26/hlee58/tmp/hazel-phase3-20260911/runs/icelake_8358/baseline/full/associativity/a7adfdfc0fa9bfe1/attempt-1789181858345720840"}
{"event": "point_passed", "family": "associativity", "params": {"mode": "chase", "bytes": 65536, "stride": 16384, "offset": 0, "batch": 256, "seed": 5922026, "order": "random"}, "median": 5.25}
{"event": "point_passed", "family": "associativity", "params": {"mode": "chase", "bytes": 20480, "stride": 4096, "offset": 0, "batch": 256, "seed": 5922026, "order": "random"}, "median": 5.25}
{"event": "point_passed", "family": "associativity", "params": {"mode": "chase", "bytes": 262144, "stride": 65536, "offset": 0, "batch": 256, "seed": 5922026, "order": "random"}, "median": 5.25}
{"event": "point_passed", "family": "associativity", "params": {"mode": "chase", "bytes": 786432, "stride": 65536, "offset": 0, "batch": 256, "seed": 5922026, "order": "random"}, "median": 13.140625}
{"event": "point_noisy", "family": "associativity", "flags": ["block median drift exceeds 20 percent"], "attempt": "/gpfs_common/share04/ece592f26/hlee58/tmp/hazel-phase3-20260911/runs/icelake_8358/baseline/full/associativity/d96e30e4f707d9ba/attempt-1789181881352666949"}
{"event": "point_noisy", "family": "associativity", "flags": ["frequent involuntary context switches"], "attempt": "/gpfs_common/share04/ece592f26/hlee58/tmp/hazel-phase3-20260911/runs/icelake_8358/baseline/full/associativity/d96e30e4f707d9ba/attempt-1789181888577496232"}
{"event": "point_noisy", "family": "associativity", "flags": ["frequent involuntary context switches"], "attempt": "/gpfs_common/share04/ece592f26/hlee58/tmp/hazel-phase3-20260911/runs/icelake_8358/baseline/full/associativity/d96e30e4f707d9ba/attempt-1789181894149052198"}
{"event": "point_passed", "family": "inclusion_policy", "params": {"mode": "reload", "bytes": 1024, "stride": 8, "offset": 0, "batch": 32, "seed": 5922026, "order": "random"}, "median": 56.0}
{"event": "point_passed", "family": "inclusion_policy", "params": {"mode": "reload", "bytes": 1024, "stride": 8, "offset": 0, "batch": 512, "seed": 5922026, "order": "random"}, "median": 74.0}
{"event": "point_noisy", "family": "inclusion_policy", "flags": ["block median drift exceeds 20 percent"], "attempt": "/gpfs_common/share04/ece592f26/hlee58/tmp/hazel-phase3-20260911/runs/icelake_8358/baseline/full/inclusion_policy/0ae4fe51612aff70/attempt-1789181908929963242"}
{"event": "point_noisy", "family": "inclusion_policy", "flags": ["frequent involuntary context switches", "block median drift exceeds 20 percent"], "attempt": "/gpfs_common/share04/ece592f26/hlee58/tmp/hazel-phase3-20260911/runs/icelake_8358/baseline/full/inclusion_policy/0ae4fe51612aff70/attempt-1789181916767269455"}
{"event": "point_noisy", "family": "inclusion_policy", "flags": ["frequent involuntary context switches"], "attempt": "/gpfs_common/share04/ece592f26/hlee58/tmp/hazel-phase3-20260911/runs/icelake_8358/baseline/full/inclusion_policy/0ae4fe51612aff70/attempt-1789181923785317479"}
{"event": "point_passed", "family": "inclusion_policy", "params": {"mode": "reload", "bytes": 65536, "stride": 8, "offset": 0, "batch": 32, "seed": 5922026, "order": "random"}, "median": 56.0}
{"event": "point_noisy", "family": "inclusion_policy", "flags": ["frequent involuntary context switches"], "attempt": "/gpfs_common/share04/ece592f26/hlee58/tmp/hazel-phase3-20260911/runs/icelake_8358/baseline/full/inclusion_policy/09264f309289607b/attempt-1789181934668687543"}
{"event": "point_passed", "family": "inclusion_policy", "params": {"mode": "reload", "bytes": 65536, "stride": 8, "offset": 0, "batch": 512, "seed": 5922026, "order": "random"}, "median": 74.0}
{"event": "point_noisy", "family": "inclusion_policy", "flags": ["block median drift exceeds 20 percent"], "attempt": "/gpfs_common/share04/ece592f26/hlee58/tmp/hazel-phase3-20260911/runs/icelake_8358/baseline/full/inclusion_policy/ad0279856ca99a1d/attempt-1789181945982317889"}
{"event": "point_noisy", "family": "inclusion_policy", "flags": ["frequent involuntary context switches"], "attempt": "/gpfs_common/share04/ece592f26/hlee58/tmp/hazel-phase3-20260911/runs/icelake_8358/baseline/full/inclusion_policy/ad0279856ca99a1d/attempt-1789181955810611383"}
{"event": "point_noisy", "family": "inclusion_policy", "flags": ["frequent involuntary context switches"], "attempt": "/gpfs_common/share04/ece592f26/hlee58/tmp/hazel-phase3-20260911/runs/icelake_8358/baseline/full/inclusion_policy/ad0279856ca99a1d/attempt-1789181964491976628"}
{"event": "point_passed", "family": "inclusion_policy", "params": {"mode": "reload", "bytes": 131072, "stride": 8, "offset": 0, "batch": 32, "seed": 5922026, "order": "random"}, "median": 56.0}
{"event": "point_noisy", "family": "inclusion_policy", "flags": ["frequent involuntary context switches"], "attempt": "/gpfs_common/share04/ece592f26/hlee58/tmp/hazel-phase3-20260911/runs/icelake_8358/baseline/full/inclusion_policy/fe2db7388c6d6d64/attempt-1789181977094546945"}
{"event": "point_noisy", "family": "inclusion_policy", "flags": ["block median drift exceeds 20 percent"], "attempt": "/gpfs_common/share04/ece592f26/hlee58/tmp/hazel-phase3-20260911/runs/icelake_8358/baseline/full/inclusion_policy/fe2db7388c6d6d64/attempt-1789181982897612217"}
{"event": "point_passed", "family": "inclusion_policy", "params": {"mode": "reload", "bytes": 131072, "stride": 8, "offset": 0, "batch": 512, "seed": 5922026, "order": "random"}, "median": 56.0}
{"event": "point_passed", "family": "inclusion_policy", "params": {"mode": "reload", "bytes": 131072, "stride": 8, "offset": 0, "batch": 2048, "seed": 5922026, "order": "random"}, "median": 70.0}
{"event": "point_passed", "family": "inclusion_policy", "params": {"mode": "reload", "bytes": 524288, "stride": 8, "offset": 0, "batch": 32, "seed": 5922026, "order": "random"}, "median": 62.0}
{"event": "point_noisy", "family": "inclusion_policy", "flags": ["block median drift exceeds 20 percent"], "attempt": "/gpfs_common/share04/ece592f26/hlee58/tmp/hazel-phase3-20260911/runs/icelake_8358/baseline/full/inclusion_policy/10769efbbbd50276/attempt-1789182010618998722"}
{"event": "point_noisy", "family": "inclusion_policy", "flags": ["frequent involuntary context switches"], "attempt": "/gpfs_common/share04/ece592f26/hlee58/tmp/hazel-phase3-20260911/runs/icelake_8358/baseline/full/inclusion_policy/10769efbbbd50276/attempt-1789182018375487135"}
{"event": "point_noisy", "family": "inclusion_policy", "flags": ["frequent involuntary context switches"], "attempt": "/gpfs_common/share04/ece592f26/hlee58/tmp/hazel-phase3-20260911/runs/icelake_8358/baseline/full/inclusion_policy/10769efbbbd50276/attempt-1789182025152928741"}
{"event": "point_noisy", "family": "inclusion_policy", "flags": ["frequent involuntary context switches"], "attempt": "/gpfs_common/share04/ece592f26/hlee58/tmp/hazel-phase3-20260911/runs/icelake_8358/baseline/full/inclusion_policy/09fcceb9f0701d51/attempt-1789182032042106442"}
{"event": "point_noisy", "family": "inclusion_policy", "flags": ["block median drift exceeds 20 percent"], "attempt": "/gpfs_common/share04/ece592f26/hlee58/tmp/hazel-phase3-20260911/runs/icelake_8358/baseline/full/inclusion_policy/09fcceb9f0701d51/attempt-1789182046286561881"}
{"event": "point_passed", "family": "inclusion_policy", "params": {"mode": "reload", "bytes": 524288, "stride": 8, "offset": 0, "batch": 2048, "seed": 5922026, "order": "random"}, "median": 84.0}
{"event": "point_passed", "family": "inclusion_policy", "params": {"mode": "reload", "bytes": 1048576, "stride": 8, "offset": 0, "batch": 32, "seed": 5922026, "order": "random"}, "median": 62.0}
{"event": "point_noisy", "family": "inclusion_policy", "flags": ["block median drift exceeds 20 percent"], "attempt": "/gpfs_common/share04/ece592f26/hlee58/tmp/hazel-phase3-20260911/runs/icelake_8358/baseline/full/inclusion_policy/fbbffd030515d451/attempt-1789182081018124055"}
{"event": "point_noisy", "family": "inclusion_policy", "flags": ["frequent involuntary context switches"], "attempt": "/gpfs_common/share04/ece592f26/hlee58/tmp/hazel-phase3-20260911/runs/icelake_8358/baseline/full/inclusion_policy/fbbffd030515d451/attempt-1789182090172221426"}
{"event": "point_noisy", "family": "inclusion_policy", "flags": ["frequent involuntary context switches"], "attempt": "/gpfs_common/share04/ece592f26/hlee58/tmp/hazel-phase3-20260911/runs/icelake_8358/baseline/full/inclusion_policy/fbbffd030515d451/attempt-1789182097639587536"}
{"event": "point_noisy", "family": "inclusion_policy", "flags": ["frequent involuntary context switches"], "attempt": "/gpfs_common/share04/ece592f26/hlee58/tmp/hazel-phase3-20260911/runs/icelake_8358/baseline/full/inclusion_policy/f2810db75d34e351/attempt-1789182105461756391"}
{"event": "point_noisy", "family": "inclusion_policy", "flags": ["block median drift exceeds 20 percent"], "attempt": "/gpfs_common/share04/ece592f26/hlee58/tmp/hazel-phase3-20260911/runs/icelake_8358/baseline/full/inclusion_policy/f2810db75d34e351/attempt-1789182124336339420"}
{"event": "point_passed", "family": "inclusion_policy", "params": {"mode": "reload", "bytes": 1048576, "stride": 8, "offset": 0, "batch": 2048, "seed": 5922026, "order": "random"}, "median": 80.0}
{"event": "point_passed", "family": "inclusion_policy", "params": {"mode": "reload", "bytes": 67108864, "stride": 8, "offset": 0, "batch": 32, "seed": 5922026, "order": "random"}, "median": 62.0}
{"event": "point_passed", "family": "inclusion_policy", "params": {"mode": "reload", "bytes": 67108864, "stride": 8, "offset": 0, "batch": 512, "seed": 5922026, "order": "random"}, "median": 78.0}
{"event": "point_passed", "family": "inclusion_policy", "params": {"mode": "reload", "bytes": 67108864, "stride": 8, "offset": 0, "batch": 2048, "seed": 5922026, "order": "random"}, "median": 84.0}
{"event": "point_passed", "family": "inclusion_policy", "params": {"mode": "reload", "bytes": 134217728, "stride": 8, "offset": 0, "batch": 32, "seed": 5922026, "order": "random"}, "median": 62.0}
{"event": "point_passed", "family": "inclusion_policy", "params": {"mode": "reload", "bytes": 134217728, "stride": 8, "offset": 0, "batch": 512, "seed": 5922026, "order": "random"}, "median": 84.0}
{"event": "point_passed", "family": "inclusion_policy", "params": {"mode": "reload", "bytes": 134217728, "stride": 8, "offset": 0, "batch": 2048, "seed": 5922026, "order": "random"}, "median": 90.0}
{"event": "point_passed", "family": "inclusion_policy", "params": {"mode": "reload", "bytes": 268435456, "stride": 8, "offset": 0, "batch": 32, "seed": 5922026, "order": "random"}, "median": 64.0}
{"event": "point_passed", "family": "inclusion_policy", "params": {"mode": "reload", "bytes": 268435456, "stride": 8, "offset": 0, "batch": 512, "seed": 5922026, "order": "random"}, "median": 78.0}
{"event": "point_passed", "family": "inclusion_policy", "params": {"mode": "reload", "bytes": 268435456, "stride": 8, "offset": 0, "batch": 2048, "seed": 5922026, "order": "random"}, "median": 88.0}
{"event": "point_passed", "family": "software_metric", "params": {"mode": "chase", "bytes": 1024, "stride": 8, "offset": 0, "batch": 1, "seed": 5922026, "order": "random"}, "median": 74.0}
{"event": "point_passed", "family": "software_metric", "params": {"mode": "chase", "bytes": 1048576, "stride": 8, "offset": 0, "batch": 1, "seed": 5922026, "order": "random"}, "median": 88.0}
{"event": "point_passed", "family": "software_metric", "params": {"mode": "chase", "bytes": 268435456, "stride": 8, "offset": 0, "batch": 1, "seed": 5922026, "order": "random"}, "median": 292.0}
Hazel segment: job=810646 constraint=icelake_8358 stage=full status=0 end=2026-09-11T23:14:53-04:00

------------------------------------------------------------
Resource usage summary:

    Job ID            : 810646
    Job name          : hz-icelake835-full
    User / Account    : hlee58 / ece592f26_cpu
    Partition / QOS   : compute_partners / short
    Submitted         : 2026-09-11T22:07:29
    Started           : 2026-09-11T22:07:57
    Wait time         : 28 sec
    Elapsed (wall)    : 01:06:57
    Nodes             : 1 (c059n01)
    CPUs allocated    : 2
    Tasks             : 1
    CPU time (total)  : 3151.00 sec  (user 3136.85, sys 14.16)
    CPU efficiency    : 39.2%
    Memory in use     : 585.69 MB  (sampled at job end; see seff for peak)
    Memory requested  : 2G
    Working directory : /gpfs_common/share03/rotenberg/hlee58/ECE592_proj1
    Exit code         : 0:0

    For final accounting (Slurm's MaxRSS, billing, etc.):  seff 810646
------------------------------------------------------------
