{"time": "2026-09-12T03:36:31.859577+00:00", "constraint": "turin", "watched_job": "810649", "caretaker_job": "810871", "action": "submit_analysis", "command": ["python3", "/gpfs_common/share04/ece592f26/hlee58/tmp/hazel-phase3-20260911/suite/submit_analysis.py", "turin"], "returncode": 0, "stdout": "{\"record\": \"/gpfs_common/share04/ece592f26/hlee58/tmp/hazel-phase3-20260911/submissions/turin/analysis-20260912T033631.955540Z.json\", \"returncode\": 0, \"job_id\": \"811137\", \"stderr\": \"\"}\n", "stderr": ""}

------------------------------------------------------------
Resource usage summary:

    Job ID            : 810871
    Job name          : hz-care-810649
    User / Account    : hlee58 / ece592f26_cpu
    Partition / QOS   : compute / normal
    Submitted         : 2026-09-11T22:34:48
    Started           : 2026-09-11T23:36:31
    Wait time         : 3703 sec
    Elapsed (wall)    : 00:00:04
    Nodes             : 1 (c207n01)
    CPUs allocated    : 1
    Tasks             : 1
    CPU time (total)  : 0.22 sec  (user 0.14, sys 0.09)
    CPU efficiency    : 5.5%
    Memory in use     : 19.92 MB  (sampled at job end; see seff for peak)
    Memory requested  : 512M
    Working directory : /gpfs_common/share03/rotenberg/hlee58/ECE592_proj1
    Exit code         : 0:0

    For final accounting (Slurm's MaxRSS, billing, etc.):  seff 810871
------------------------------------------------------------
