{"event": "point_passed", "family": "spatial_alignment", "params": {"mode": "spatial", "bytes": 524288, "stride": 512, "offset": 120, "batch": 512, "seed": 5922026, "order": "random", "align": 0, "page": "base", "address_list": "-", "extra_args": [0, "base", "-", -1]}, "median": 11.6796875}
{"event": "point_passed", "family": "spatial_alignment", "params": {"mode": "spatial", "bytes": 524288, "stride": 512, "offset": 32, "batch": 512, "seed": 5922026, "order": "random", "align": 0, "page": "base", "address_list": "-", "extra_args": [0, "base", "-", -1]}, "median": 7.97265625}
{"event": "point_passed", "family": "spatial_alignment", "params": {"mode": "spatial", "bytes": 524288, "stride": 512, "offset": 104, "batch": 512, "seed": 5922026, "order": "random", "align": 0, "page": "base", "address_list": "-", "extra_args": [0, "base", "-", -1]}, "median": 11.6796875}
{"event": "point_passed", "family": "spatial_alignment", "params": {"mode": "spatial", "bytes": 524288, "stride": 512, "offset": 56, "batch": 512, "seed": 5922026, "order": "random", "align": 0, "page": "base", "address_list": "-", "extra_args": [0, "base", "-", -1]}, "median": 8.0234375}
{"event": "point_passed", "family": "spatial_alignment", "params": {"mode": "spatial", "bytes": 524288, "stride": 512, "offset": 88, "batch": 512, "seed": 5922026, "order": "random", "align": 0, "page": "base", "address_list": "-", "extra_args": [0, "base", "-", -1]}, "median": 11.6796875}
{"event": "point_passed", "family": "spatial_alignment", "params": {"mode": "spatial", "bytes": 524288, "stride": 512, "offset": 8, "batch": 512, "seed": 5922026, "order": "random", "align": 0, "page": "base", "address_list": "-", "extra_args": [0, "base", "-", -1]}, "median": 7.97265625}
{"event": "point_passed", "family": "spatial_alignment", "params": {"mode": "spatial", "bytes": 524288, "stride": 512, "offset": 16, "batch": 512, "seed": 5922026, "order": "random", "align": 0, "page": "base", "address_list": "-", "extra_args": [0, "base", "-", -1]}, "median": 7.97265625}
{"event": "point_passed", "family": "spatial_alignment", "params": {"mode": "spatial", "bytes": 524288, "stride": 512, "offset": 96, "batch": 512, "seed": 5922026, "order": "random", "align": 0, "page": "base", "address_list": "-", "extra_args": [0, "base", "-", -1]}, "median": 11.6796875}
{"event": "point_passed", "family": "spatial_alignment", "params": {"mode": "spatial", "bytes": 524288, "stride": 512, "offset": 40, "batch": 512, "seed": 5922026, "order": "random", "align": 0, "page": "base", "address_list": "-", "extra_args": [0, "base", "-", -1]}, "median": 7.97265625}
{"event": "point_passed", "family": "spatial_alignment", "params": {"mode": "spatial", "bytes": 524288, "stride": 512, "offset": 24, "batch": 512, "seed": 5922026, "order": "random", "align": 0, "page": "base", "address_list": "-", "extra_args": [0, "base", "-", -1]}, "median": 8.4296875}
{"event": "point_passed", "family": "spatial_alignment", "params": {"mode": "spatial", "bytes": 524288, "stride": 512, "offset": 112, "batch": 512, "seed": 5922026, "order": "random", "align": 0, "page": "base", "address_list": "-", "extra_args": [0, "base", "-", -1]}, "median": 11.6796875}
{"event": "point_passed", "family": "spatial_alignment", "params": {"mode": "spatial", "bytes": 524288, "stride": 512, "offset": 136, "batch": 512, "seed": 5922026, "order": "random", "align": 0, "page": "base", "address_list": "-", "extra_args": [0, "base", "-", -1]}, "median": 11.6796875}
{"event": "point_passed", "family": "spatial_alignment", "params": {"mode": "spatial", "bytes": 524288, "stride": 512, "offset": 80, "batch": 512, "seed": 5922026, "order": "random", "align": 0, "page": "base", "address_list": "-", "extra_args": [0, "base", "-", -1]}, "median": 11.6796875}
{"event": "point_passed", "family": "spatial_alignment", "params": {"mode": "spatial", "bytes": 524288, "stride": 512, "offset": 64, "batch": 512, "seed": 5922026, "order": "random", "align": 0, "page": "base", "address_list": "-", "extra_args": [0, "base", "-", -1]}, "median": 11.6796875}
{"event": "point_passed", "family": "spatial_alignment", "params": {"mode": "spatial", "bytes": 524288, "stride": 512, "offset": 48, "batch": 512, "seed": 5922026, "order": "random", "align": 0, "page": "base", "address_list": "-", "extra_args": [0, "base", "-", -1]}, "median": 7.97265625}
{"event": "point_passed", "family": "spatial_alignment", "params": {"mode": "spatial", "bytes": 524288, "stride": 512, "offset": 72, "batch": 512, "seed": 5922026, "order": "random", "align": 0, "page": "base", "address_list": "-", "extra_args": [0, "base", "-", -1]}, "median": 11.6796875}
{"event": "point_passed", "family": "spatial_alignment", "params": {"mode": "spatial", "bytes": 524288, "stride": 512, "offset": 128, "batch": 512, "seed": 5922026, "order": "random", "align": 0, "page": "base", "address_list": "-", "extra_args": [0, "base", "-", -1]}, "median": 11.73046875}
{"event": "point_passed", "family": "spatial_alignment", "params": {"mode": "spatial", "bytes": 524288, "stride": 512, "offset": 104, "batch": 512, "seed": 5922050, "order": "random", "align": 24, "page": "base", "address_list": "-", "extra_args": [24, "base", "-", -1]}, "median": 11.73046875}
{"event": "point_passed", "family": "spatial_alignment", "params": {"mode": "spatial", "bytes": 524288, "stride": 512, "offset": 16, "batch": 512, "seed": 5922050, "order": "random", "align": 24, "page": "base", "address_list": "-", "extra_args": [24, "base", "-", -1]}, "median": 8.0234375}
{"event": "point_passed", "family": "spatial_alignment", "params": {"mode": "spatial", "bytes": 524288, "stride": 512, "offset": 112, "batch": 512, "seed": 5922050, "order": "random", "align": 24, "page": "base", "address_list": "-", "extra_args": [24, "base", "-", -1]}, "median": 11.73046875}
{"event": "point_passed", "family": "spatial_alignment", "params": {"mode": "spatial", "bytes": 524288, "stride": 512, "offset": 40, "batch": 512, "seed": 5922050, "order": "random", "align": 24, "page": "base", "address_list": "-", "extra_args": [24, "base", "-", -1]}, "median": 12.33984375}
{"event": "point_passed", "family": "spatial_alignment", "params": {"mode": "spatial", "bytes": 524288, "stride": 512, "offset": 24, "batch": 512, "seed": 5922050, "order": "random", "align": 24, "page": "base", "address_list": "-", "extra_args": [24, "base", "-", -1]}, "median": 8.0234375}
{"event": "point_passed", "family": "spatial_alignment", "params": {"mode": "spatial", "bytes": 524288, "stride": 512, "offset": 32, "batch": 512, "seed": 5922050, "order": "random", "align": 24, "page": "base", "address_list": "-", "extra_args": [24, "base", "-", -1]}, "median": 8.0234375}
{"event": "point_passed", "family": "spatial_alignment", "params": {"mode": "spatial", "bytes": 524288, "stride": 512, "offset": 128, "batch": 512, "seed": 5922050, "order": "random", "align": 24, "page": "base", "address_list": "-", "extra_args": [24, "base", "-", -1]}, "median": 11.73046875}
{"event": "point_passed", "family": "spatial_alignment", "params": {"mode": "spatial", "bytes": 524288, "stride": 512, "offset": 88, "batch": 512, "seed": 5922050, "order": "random", "align": 24, "page": "base", "address_list": "-", "extra_args": [24, "base", "-", -1]}, "median": 11.73046875}
{"event": "point_passed", "family": "spatial_alignment", "params": {"mode": "spatial", "bytes": 524288, "stride": 512, "offset": 136, "batch": 512, "seed": 5922050, "order": "random", "align": 24, "page": "base", "address_list": "-", "extra_args": [24, "base", "-", -1]}, "median": 11.73046875}
{"event": "point_passed", "family": "spatial_alignment", "params": {"mode": "spatial", "bytes": 524288, "stride": 512, "offset": 48, "batch": 512, "seed": 5922050, "order": "random", "align": 24, "page": "base", "address_list": "-", "extra_args": [24, "base", "-", -1]}, "median": 11.73046875}
{"event": "point_passed", "family": "spatial_alignment", "params": {"mode": "spatial", "bytes": 524288, "stride": 512, "offset": 72, "batch": 512, "seed": 5922050, "order": "random", "align": 24, "page": "base", "address_list": "-", "extra_args": [24, "base", "-", -1]}, "median": 11.73046875}
{"event": "point_passed", "family": "spatial_alignment", "params": {"mode": "spatial", "bytes": 524288, "stride": 512, "offset": 8, "batch": 512, "seed": 5922050, "order": "random", "align": 24, "page": "base", "address_list": "-", "extra_args": [24, "base", "-", -1]}, "median": 8.0234375}
{"event": "point_passed", "family": "spatial_alignment", "params": {"mode": "spatial", "bytes": 524288, "stride": 512, "offset": 64, "batch": 512, "seed": 5922050, "order": "random", "align": 24, "page": "base", "address_list": "-", "extra_args": [24, "base", "-", -1]}, "median": 11.73046875}
{"event": "point_passed", "family": "spatial_alignment", "params": {"mode": "spatial", "bytes": 524288, "stride": 512, "offset": 96, "batch": 512, "seed": 5922050, "order": "random", "align": 24, "page": "base", "address_list": "-", "extra_args": [24, "base", "-", -1]}, "median": 11.73046875}
{"event": "point_passed", "family": "spatial_alignment", "params": {"mode": "spatial", "bytes": 524288, "stride": 512, "offset": 80, "batch": 512, "seed": 5922050, "order": "random", "align": 24, "page": "base", "address_list": "-", "extra_args": [24, "base", "-", -1]}, "median": 11.73046875}
{"event": "point_passed", "family": "spatial_alignment", "params": {"mode": "spatial", "bytes": 524288, "stride": 512, "offset": 56, "batch": 512, "seed": 5922050, "order": "random", "align": 24, "page": "base", "address_list": "-", "extra_args": [24, "base", "-", -1]}, "median": 11.73046875}
{"event": "point_passed", "family": "spatial_alignment", "params": {"mode": "spatial", "bytes": 524288, "stride": 512, "offset": 120, "batch": 512, "seed": 5922050, "order": "random", "align": 24, "page": "base", "address_list": "-", "extra_args": [24, "base", "-", -1]}, "median": 11.73046875}
{"event": "point_passed", "family": "spatial_alignment", "params": {"mode": "spatial", "bytes": 2097152, "stride": 512, "offset": 104, "batch": 512, "seed": 5922026, "order": "random", "align": 0, "page": "base", "address_list": "-", "extra_args": [0, "base", "-", -1]}, "median": 26.45703125}
{"event": "point_passed", "family": "spatial_alignment", "params": {"mode": "spatial", "bytes": 2097152, "stride": 512, "offset": 136, "batch": 512, "seed": 5922026, "order": "random", "align": 0, "page": "base", "address_list": "-", "extra_args": [0, "base", "-", -1]}, "median": 22.59765625}
{"event": "point_passed", "family": "spatial_alignment", "params": {"mode": "spatial", "bytes": 2097152, "stride": 512, "offset": 72, "batch": 512, "seed": 5922026, "order": "random", "align": 0, "page": "base", "address_list": "-", "extra_args": [0, "base", "-", -1]}, "median": 26.5078125}
{"event": "point_passed", "family": "spatial_alignment", "params": {"mode": "spatial", "bytes": 2097152, "stride": 512, "offset": 40, "batch": 512, "seed": 5922026, "order": "random", "align": 0, "page": "base", "address_list": "-", "extra_args": [0, "base", "-", -1]}, "median": 21.734375}
{"event": "point_passed", "family": "spatial_alignment", "params": {"mode": "spatial", "bytes": 2097152, "stride": 512, "offset": 80, "batch": 512, "seed": 5922026, "order": "random", "align": 0, "page": "base", "address_list": "-", "extra_args": [0, "base", "-", -1]}, "median": 26.45703125}
{"event": "point_passed", "family": "spatial_alignment", "params": {"mode": "spatial", "bytes": 2097152, "stride": 512, "offset": 24, "batch": 512, "seed": 5922026, "order": "random", "align": 0, "page": "base", "address_list": "-", "extra_args": [0, "base", "-", -1]}, "median": 21.734375}
{"event": "point_passed", "family": "spatial_alignment", "params": {"mode": "spatial", "bytes": 2097152, "stride": 512, "offset": 56, "batch": 512, "seed": 5922026, "order": "random", "align": 0, "page": "base", "address_list": "-", "extra_args": [0, "base", "-", -1]}, "median": 21.68359375}
{"event": "point_passed", "family": "spatial_alignment", "params": {"mode": "spatial", "bytes": 2097152, "stride": 512, "offset": 120, "batch": 512, "seed": 5922026, "order": "random", "align": 0, "page": "base", "address_list": "-", "extra_args": [0, "base", "-", -1]}, "median": 26.5078125}
{"event": "point_passed", "family": "spatial_alignment", "params": {"mode": "spatial", "bytes": 2097152, "stride": 512, "offset": 64, "batch": 512, "seed": 5922026, "order": "random", "align": 0, "page": "base", "address_list": "-", "extra_args": [0, "base", "-", -1]}, "median": 26.45703125}
{"event": "point_passed", "family": "spatial_alignment", "params": {"mode": "spatial", "bytes": 2097152, "stride": 512, "offset": 32, "batch": 512, "seed": 5922026, "order": "random", "align": 0, "page": "base", "address_list": "-", "extra_args": [0, "base", "-", -1]}, "median": 21.734375}
{"event": "point_passed", "family": "spatial_alignment", "params": {"mode": "spatial", "bytes": 2097152, "stride": 512, "offset": 96, "batch": 512, "seed": 5922026, "order": "random", "align": 0, "page": "base", "address_list": "-", "extra_args": [0, "base", "-", -1]}, "median": 26.5078125}
{"event": "point_passed", "family": "spatial_alignment", "params": {"mode": "spatial", "bytes": 2097152, "stride": 512, "offset": 128, "batch": 512, "seed": 5922026, "order": "random", "align": 0, "page": "base", "address_list": "-", "extra_args": [0, "base", "-", -1]}, "median": 22.546875}
{"event": "point_passed", "family": "spatial_alignment", "params": {"mode": "spatial", "bytes": 2097152, "stride": 512, "offset": 88, "batch": 512, "seed": 5922026, "order": "random", "align": 0, "page": "base", "address_list": "-", "extra_args": [0, "base", "-", -1]}, "median": 26.45703125}
{"event": "point_passed", "family": "spatial_alignment", "params": {"mode": "spatial", "bytes": 2097152, "stride": 512, "offset": 48, "batch": 512, "seed": 5922026, "order": "random", "align": 0, "page": "base", "address_list": "-", "extra_args": [0, "base", "-", -1]}, "median": 21.78515625}
{"event": "point_passed", "family": "spatial_alignment", "params": {"mode": "spatial", "bytes": 2097152, "stride": 512, "offset": 16, "batch": 512, "seed": 5922026, "order": "random", "align": 0, "page": "base", "address_list": "-", "extra_args": [0, "base", "-", -1]}, "median": 21.734375}
{"event": "point_passed", "family": "spatial_alignment", "params": {"mode": "spatial", "bytes": 2097152, "stride": 512, "offset": 112, "batch": 512, "seed": 5922026, "order": "random", "align": 0, "page": "base", "address_list": "-", "extra_args": [0, "base", "-", -1]}, "median": 26.5078125}
{"event": "point_passed", "family": "spatial_alignment", "params": {"mode": "spatial", "bytes": 2097152, "stride": 512, "offset": 8, "batch": 512, "seed": 5922026, "order": "random", "align": 0, "page": "base", "address_list": "-", "extra_args": [0, "base", "-", -1]}, "median": 21.734375}
{"event": "point_passed", "family": "spatial_alignment", "params": {"mode": "spatial", "bytes": 2097152, "stride": 512, "offset": 136, "batch": 512, "seed": 5922050, "order": "random", "align": 24, "page": "base", "address_list": "-", "extra_args": [24, "base", "-", -1]}, "median": 22.6484375}
{"event": "point_passed", "family": "spatial_alignment", "params": {"mode": "spatial", "bytes": 2097152, "stride": 512, "offset": 48, "batch": 512, "seed": 5922050, "order": "random", "align": 24, "page": "base", "address_list": "-", "extra_args": [24, "base", "-", -1]}, "median": 26.45703125}
{"event": "point_passed", "family": "spatial_alignment", "params": {"mode": "spatial", "bytes": 2097152, "stride": 512, "offset": 32, "batch": 512, "seed": 5922050, "order": "random", "align": 24, "page": "base", "address_list": "-", "extra_args": [24, "base", "-", -1]}, "median": 21.58203125}
{"event": "point_passed", "family": "spatial_alignment", "params": {"mode": "spatial", "bytes": 2097152, "stride": 512, "offset": 96, "batch": 512, "seed": 5922050, "order": "random", "align": 24, "page": "base", "address_list": "-", "extra_args": [24, "base", "-", -1]}, "median": 26.40625}
{"event": "point_passed", "family": "spatial_alignment", "params": {"mode": "spatial", "bytes": 2097152, "stride": 512, "offset": 104, "batch": 512, "seed": 5922050, "order": "random", "align": 24, "page": "base", "address_list": "-", "extra_args": [24, "base", "-", -1]}, "median": 22.69921875}
{"event": "point_passed", "family": "spatial_alignment", "params": {"mode": "spatial", "bytes": 2097152, "stride": 512, "offset": 80, "batch": 512, "seed": 5922050, "order": "random", "align": 24, "page": "base", "address_list": "-", "extra_args": [24, "base", "-", -1]}, "median": 26.5078125}
{"event": "point_passed", "family": "spatial_alignment", "params": {"mode": "spatial", "bytes": 2097152, "stride": 512, "offset": 8, "batch": 512, "seed": 5922050, "order": "random", "align": 24, "page": "base", "address_list": "-", "extra_args": [24, "base", "-", -1]}, "median": 21.68359375}
{"event": "point_passed", "family": "spatial_alignment", "params": {"mode": "spatial", "bytes": 2097152, "stride": 512, "offset": 72, "batch": 512, "seed": 5922050, "order": "random", "align": 24, "page": "base", "address_list": "-", "extra_args": [24, "base", "-", -1]}, "median": 26.45703125}
{"event": "point_passed", "family": "spatial_alignment", "params": {"mode": "spatial", "bytes": 2097152, "stride": 512, "offset": 120, "batch": 512, "seed": 5922050, "order": "random", "align": 24, "page": "base", "address_list": "-", "extra_args": [24, "base", "-", -1]}, "median": 22.75}
{"event": "point_passed", "family": "spatial_alignment", "params": {"mode": "spatial", "bytes": 2097152, "stride": 512, "offset": 128, "batch": 512, "seed": 5922050, "order": "random", "align": 24, "page": "base", "address_list": "-", "extra_args": [24, "base", "-", -1]}, "median": 22.6484375}
{"event": "point_passed", "family": "spatial_alignment", "params": {"mode": "spatial", "bytes": 2097152, "stride": 512, "offset": 16, "batch": 512, "seed": 5922050, "order": "random", "align": 24, "page": "base", "address_list": "-", "extra_args": [24, "base", "-", -1]}, "median": 21.734375}
{"event": "point_passed", "family": "spatial_alignment", "params": {"mode": "spatial", "bytes": 2097152, "stride": 512, "offset": 64, "batch": 512, "seed": 5922050, "order": "random", "align": 24, "page": "base", "address_list": "-", "extra_args": [24, "base", "-", -1]}, "median": 26.45703125}
{"event": "point_passed", "family": "spatial_alignment", "params": {"mode": "spatial", "bytes": 2097152, "stride": 512, "offset": 40, "batch": 512, "seed": 5922050, "order": "random", "align": 24, "page": "base", "address_list": "-", "extra_args": [24, "base", "-", -1]}, "median": 26.5078125}
{"event": "point_passed", "family": "spatial_alignment", "params": {"mode": "spatial", "bytes": 2097152, "stride": 512, "offset": 56, "batch": 512, "seed": 5922050, "order": "random", "align": 24, "page": "base", "address_list": "-", "extra_args": [24, "base", "-", -1]}, "median": 26.55859375}
{"event": "point_passed", "family": "spatial_alignment", "params": {"mode": "spatial", "bytes": 2097152, "stride": 512, "offset": 24, "batch": 512, "seed": 5922050, "order": "random", "align": 24, "page": "base", "address_list": "-", "extra_args": [24, "base", "-", -1]}, "median": 21.734375}
{"event": "point_passed", "family": "spatial_alignment", "params": {"mode": "spatial", "bytes": 2097152, "stride": 512, "offset": 88, "batch": 512, "seed": 5922050, "order": "random", "align": 24, "page": "base", "address_list": "-", "extra_args": [24, "base", "-", -1]}, "median": 26.55859375}
{"event": "point_passed", "family": "spatial_alignment", "params": {"mode": "spatial", "bytes": 2097152, "stride": 512, "offset": 112, "batch": 512, "seed": 5922050, "order": "random", "align": 24, "page": "base", "address_list": "-", "extra_args": [24, "base", "-", -1]}, "median": 22.69921875}
Follow-up segment job=815976 constraint=turin stage=spatial status=0 end=2026-09-12T18:28:37-04:00
{"record": "/gpfs_common/share04/ece592f26/hlee58/tmp/hazel-phase3-20260911/submissions/turin/followup-capacity-20260912T222837.148222Z.json", "returncode": 0, "job_id": "815978", "stderr": ""}

------------------------------------------------------------
Resource usage summary:

    Job ID            : 815976
    Job name          : hz-turin-f1
    User / Account    : hlee58 / ece592f26_cpu
    Partition / QOS   : compute_partners / short
    Submitted         : 2026-09-12T18:19:08
    Started           : 2026-09-12T18:19:30
    Wait time         : 22 sec
    Elapsed (wall)    : 00:09:07
    Nodes             : 1 (n0405)
    CPUs allocated    : 3
    Tasks             : 1
    CPU time (total)  : 401.73 sec  (user 400.56, sys 1.18)
    CPU efficiency    : 24.5%
    Memory in use     : 74.00 MB  (sampled at job end; see seff for peak)
    Memory requested  : 2G
    Working directory : /gpfs_common/share04/ece592f26/hlee58/tmp/hazel-phase3-20260911/suite
    Exit code         : 0:0

    For final accounting (Slurm's MaxRSS, billing, etc.):  seff 815976
------------------------------------------------------------
