{"event": "point_passed", "family": "followup_overhead", "params": {"mode": "overhead", "bytes": 1024, "stride": 8, "offset": 0, "batch": 512, "seed": 5922026, "order": "random", "align": 0, "page": "base", "address_list": "-", "extra_args": [0, "base", "-", -1], "timed_loads": 1}, "median": 78.0}
{"event": "point_passed", "family": "followup_hot_batch", "params": {"mode": "chase", "bytes": 1024, "stride": 8, "offset": 0, "batch": 512, "seed": 5922026, "order": "random", "align": 0, "page": "base", "address_list": "-", "extra_args": [0, "base", "-", -1]}, "median": 3.30078125}
{"event": "point_passed", "family": "spatial_confirmation", "params": {"mode": "spatial", "bytes": 524288, "stride": 512, "offset": 56, "batch": 512, "seed": 5922329, "order": "random", "align": 0, "cohort_repetition": 0, "page": "base", "address_list": "-", "extra_args": [0, "base", "-", -1]}, "median": 8.07421875}
{"event": "point_passed", "family": "spatial_confirmation", "params": {"mode": "spatial", "bytes": 524288, "stride": 512, "offset": 64, "batch": 512, "seed": 5922329, "order": "random", "align": 0, "cohort_repetition": 0, "page": "base", "address_list": "-", "extra_args": [0, "base", "-", -1]}, "median": 11.73046875}
{"event": "point_passed", "family": "spatial_confirmation", "params": {"mode": "spatial", "bytes": 524288, "stride": 512, "offset": 72, "batch": 512, "seed": 5922329, "order": "random", "align": 0, "cohort_repetition": 0, "page": "base", "address_list": "-", "extra_args": [0, "base", "-", -1]}, "median": 11.73046875}
{"event": "point_passed", "family": "spatial_confirmation", "params": {"mode": "spatial", "bytes": 524288, "stride": 512, "offset": 56, "batch": 512, "seed": 5922430, "order": "random", "align": 0, "cohort_repetition": 0, "page": "base", "address_list": "-", "extra_args": [0, "base", "-", -1]}, "median": 7.97265625}
{"event": "point_passed", "family": "spatial_confirmation", "params": {"mode": "spatial", "bytes": 524288, "stride": 512, "offset": 64, "batch": 512, "seed": 5922430, "order": "random", "align": 0, "cohort_repetition": 0, "page": "base", "address_list": "-", "extra_args": [0, "base", "-", -1]}, "median": 11.6796875}
{"event": "point_passed", "family": "spatial_confirmation", "params": {"mode": "spatial", "bytes": 524288, "stride": 512, "offset": 72, "batch": 512, "seed": 5922430, "order": "random", "align": 0, "cohort_repetition": 0, "page": "base", "address_list": "-", "extra_args": [0, "base", "-", -1]}, "median": 11.6796875}
{"event": "point_passed", "family": "spatial_confirmation", "params": {"mode": "spatial", "bytes": 524288, "stride": 512, "offset": 32, "batch": 512, "seed": 5922329, "order": "random", "align": 24, "cohort_repetition": 0, "page": "base", "address_list": "-", "extra_args": [24, "base", "-", -1]}, "median": 8.07421875}
{"event": "point_passed", "family": "spatial_confirmation", "params": {"mode": "spatial", "bytes": 524288, "stride": 512, "offset": 48, "batch": 512, "seed": 5922329, "order": "random", "align": 24, "cohort_repetition": 0, "page": "base", "address_list": "-", "extra_args": [24, "base", "-", -1]}, "median": 11.73046875}
{"event": "point_passed", "family": "spatial_confirmation", "params": {"mode": "spatial", "bytes": 524288, "stride": 512, "offset": 40, "batch": 512, "seed": 5922329, "order": "random", "align": 24, "cohort_repetition": 0, "page": "base", "address_list": "-", "extra_args": [24, "base", "-", -1]}, "median": 11.73046875}
{"event": "point_passed", "family": "spatial_confirmation", "params": {"mode": "spatial", "bytes": 524288, "stride": 512, "offset": 32, "batch": 512, "seed": 5922430, "order": "random", "align": 24, "cohort_repetition": 0, "page": "base", "address_list": "-", "extra_args": [24, "base", "-", -1]}, "median": 7.97265625}
{"event": "point_passed", "family": "spatial_confirmation", "params": {"mode": "spatial", "bytes": 524288, "stride": 512, "offset": 40, "batch": 512, "seed": 5922430, "order": "random", "align": 24, "cohort_repetition": 0, "page": "base", "address_list": "-", "extra_args": [24, "base", "-", -1]}, "median": 11.6796875}
{"event": "point_passed", "family": "spatial_confirmation", "params": {"mode": "spatial", "bytes": 524288, "stride": 512, "offset": 48, "batch": 512, "seed": 5922430, "order": "random", "align": 24, "cohort_repetition": 0, "page": "base", "address_list": "-", "extra_args": [24, "base", "-", -1]}, "median": 11.6796875}
{"event": "point_passed", "family": "spatial_confirmation", "params": {"mode": "spatial", "bytes": 524288, "stride": 512, "offset": 32, "batch": 512, "seed": 5922329, "order": "random", "align": 40, "cohort_repetition": 0, "page": "base", "address_list": "-", "extra_args": [40, "base", "-", -1]}, "median": 11.73046875}
{"event": "point_passed", "family": "spatial_confirmation", "params": {"mode": "spatial", "bytes": 524288, "stride": 512, "offset": 24, "batch": 512, "seed": 5922329, "order": "random", "align": 40, "cohort_repetition": 0, "page": "base", "address_list": "-", "extra_args": [40, "base", "-", -1]}, "median": 11.6796875}
{"event": "point_passed", "family": "spatial_confirmation", "params": {"mode": "spatial", "bytes": 524288, "stride": 512, "offset": 16, "batch": 512, "seed": 5922329, "order": "random", "align": 40, "cohort_repetition": 0, "page": "base", "address_list": "-", "extra_args": [40, "base", "-", -1]}, "median": 8.0234375}
{"event": "point_passed", "family": "spatial_confirmation", "params": {"mode": "spatial", "bytes": 524288, "stride": 512, "offset": 16, "batch": 512, "seed": 5922430, "order": "random", "align": 40, "cohort_repetition": 0, "page": "base", "address_list": "-", "extra_args": [40, "base", "-", -1]}, "median": 8.0234375}
{"event": "point_passed", "family": "spatial_confirmation", "params": {"mode": "spatial", "bytes": 524288, "stride": 512, "offset": 24, "batch": 512, "seed": 5922430, "order": "random", "align": 40, "cohort_repetition": 0, "page": "base", "address_list": "-", "extra_args": [40, "base", "-", -1]}, "median": 11.6796875}
{"event": "point_passed", "family": "spatial_confirmation", "params": {"mode": "spatial", "bytes": 524288, "stride": 512, "offset": 32, "batch": 512, "seed": 5922430, "order": "random", "align": 40, "cohort_repetition": 0, "page": "base", "address_list": "-", "extra_args": [40, "base", "-", -1]}, "median": 11.6796875}
{"event": "point_passed", "family": "spatial_confirmation", "params": {"mode": "spatial", "bytes": 2097152, "stride": 512, "offset": 64, "batch": 512, "seed": 5922329, "order": "random", "align": 0, "cohort_repetition": 0, "page": "base", "address_list": "-", "extra_args": [0, "base", "-", -1]}, "median": 24.578125}
{"event": "point_passed", "family": "spatial_confirmation", "params": {"mode": "spatial", "bytes": 2097152, "stride": 512, "offset": 72, "batch": 512, "seed": 5922329, "order": "random", "align": 0, "cohort_repetition": 0, "page": "base", "address_list": "-", "extra_args": [0, "base", "-", -1]}, "median": 24.42578125}
{"event": "point_passed", "family": "spatial_confirmation", "params": {"mode": "spatial", "bytes": 2097152, "stride": 512, "offset": 56, "batch": 512, "seed": 5922329, "order": "random", "align": 0, "cohort_repetition": 0, "page": "base", "address_list": "-", "extra_args": [0, "base", "-", -1]}, "median": 21.328125}
{"event": "point_passed", "family": "spatial_confirmation", "params": {"mode": "spatial", "bytes": 2097152, "stride": 512, "offset": 64, "batch": 512, "seed": 5922430, "order": "random", "align": 0, "cohort_repetition": 0, "page": "base", "address_list": "-", "extra_args": [0, "base", "-", -1]}, "median": 24.578125}
{"event": "point_passed", "family": "spatial_confirmation", "params": {"mode": "spatial", "bytes": 2097152, "stride": 512, "offset": 56, "batch": 512, "seed": 5922430, "order": "random", "align": 0, "cohort_repetition": 0, "page": "base", "address_list": "-", "extra_args": [0, "base", "-", -1]}, "median": 21.328125}
{"event": "point_passed", "family": "spatial_confirmation", "params": {"mode": "spatial", "bytes": 2097152, "stride": 512, "offset": 72, "batch": 512, "seed": 5922430, "order": "random", "align": 0, "cohort_repetition": 0, "page": "base", "address_list": "-", "extra_args": [0, "base", "-", -1]}, "median": 24.62890625}
{"event": "point_passed", "family": "spatial_confirmation", "params": {"mode": "spatial", "bytes": 2097152, "stride": 512, "offset": 32, "batch": 512, "seed": 5922329, "order": "random", "align": 24, "cohort_repetition": 0, "page": "base", "address_list": "-", "extra_args": [24, "base", "-", -1]}, "median": 21.328125}
{"event": "point_passed", "family": "spatial_confirmation", "params": {"mode": "spatial", "bytes": 2097152, "stride": 512, "offset": 40, "batch": 512, "seed": 5922329, "order": "random", "align": 24, "cohort_repetition": 0, "page": "base", "address_list": "-", "extra_args": [24, "base", "-", -1]}, "median": 24.578125}
{"event": "point_passed", "family": "spatial_confirmation", "params": {"mode": "spatial", "bytes": 2097152, "stride": 512, "offset": 48, "batch": 512, "seed": 5922329, "order": "random", "align": 24, "cohort_repetition": 0, "page": "base", "address_list": "-", "extra_args": [24, "base", "-", -1]}, "median": 24.62890625}
{"event": "point_passed", "family": "spatial_confirmation", "params": {"mode": "spatial", "bytes": 2097152, "stride": 512, "offset": 48, "batch": 512, "seed": 5922430, "order": "random", "align": 24, "cohort_repetition": 0, "page": "base", "address_list": "-", "extra_args": [24, "base", "-", -1]}, "median": 24.6796875}
{"event": "point_passed", "family": "spatial_confirmation", "params": {"mode": "spatial", "bytes": 2097152, "stride": 512, "offset": 32, "batch": 512, "seed": 5922430, "order": "random", "align": 24, "cohort_repetition": 0, "page": "base", "address_list": "-", "extra_args": [24, "base", "-", -1]}, "median": 21.4296875}
{"event": "point_passed", "family": "spatial_confirmation", "params": {"mode": "spatial", "bytes": 2097152, "stride": 512, "offset": 40, "batch": 512, "seed": 5922430, "order": "random", "align": 24, "cohort_repetition": 0, "page": "base", "address_list": "-", "extra_args": [24, "base", "-", -1]}, "median": 24.578125}
{"event": "point_passed", "family": "spatial_confirmation", "params": {"mode": "spatial", "bytes": 2097152, "stride": 512, "offset": 16, "batch": 512, "seed": 5922329, "order": "random", "align": 40, "cohort_repetition": 0, "page": "base", "address_list": "-", "extra_args": [40, "base", "-", -1]}, "median": 21.37890625}
{"event": "point_passed", "family": "spatial_confirmation", "params": {"mode": "spatial", "bytes": 2097152, "stride": 512, "offset": 24, "batch": 512, "seed": 5922329, "order": "random", "align": 40, "cohort_repetition": 0, "page": "base", "address_list": "-", "extra_args": [40, "base", "-", -1]}, "median": 24.578125}
{"event": "point_passed", "family": "spatial_confirmation", "params": {"mode": "spatial", "bytes": 2097152, "stride": 512, "offset": 32, "batch": 512, "seed": 5922329, "order": "random", "align": 40, "cohort_repetition": 0, "page": "base", "address_list": "-", "extra_args": [40, "base", "-", -1]}, "median": 24.62890625}
{"event": "point_passed", "family": "spatial_confirmation", "params": {"mode": "spatial", "bytes": 2097152, "stride": 512, "offset": 32, "batch": 512, "seed": 5922430, "order": "random", "align": 40, "cohort_repetition": 0, "page": "base", "address_list": "-", "extra_args": [40, "base", "-", -1]}, "median": 24.6796875}
{"event": "point_passed", "family": "spatial_confirmation", "params": {"mode": "spatial", "bytes": 2097152, "stride": 512, "offset": 24, "batch": 512, "seed": 5922430, "order": "random", "align": 40, "cohort_repetition": 0, "page": "base", "address_list": "-", "extra_args": [40, "base", "-", -1]}, "median": 24.6796875}
{"event": "point_passed", "family": "spatial_confirmation", "params": {"mode": "spatial", "bytes": 2097152, "stride": 512, "offset": 16, "batch": 512, "seed": 5922430, "order": "random", "align": 40, "cohort_repetition": 0, "page": "base", "address_list": "-", "extra_args": [40, "base", "-", -1]}, "median": 21.4296875}
Follow-up segment job=816116 constraint=turin stage=confirm status=0 end=2026-09-12T19:30:30-04:00
{"record": "/gpfs_common/share04/ece592f26/hlee58/tmp/hazel-phase3-20260911/submissions/turin/followup-conflict-20260912T233031.002934Z.json", "returncode": 0, "job_id": "816143", "stderr": ""}

------------------------------------------------------------
Resource usage summary:

    Job ID            : 816116
    Job name          : hz-turin-f3
    User / Account    : hlee58 / ece592f26_cpu
    Partition / QOS   : compute_partners / short
    Submitted         : 2026-09-12T19:25:31
    Started           : 2026-09-12T19:25:36
    Wait time         : 5 sec
    Elapsed (wall)    : 00:04:55
    Nodes             : 1 (n0405)
    CPUs allocated    : 3
    Tasks             : 1
    CPU time (total)  : 212.20 sec  (user 211.55, sys 0.66)
    CPU efficiency    : 24.0%
    Memory in use     : 77.81 MB  (sampled at job end; see seff for peak)
    Memory requested  : 2G
    Working directory : /gpfs_common/share04/ece592f26/hlee58/tmp/hazel-phase3-20260911/suite
    Exit code         : 0:0

    For final accounting (Slurm's MaxRSS, billing, etc.):  seff 816116
------------------------------------------------------------
