{"event": "point_passed", "family": "cross_core_reload", "params": {"mode": "cross", "bytes": 262144, "stride": 64, "offset": 0, "batch": 1024, "seed": 5922026, "order": "random", "page": "huge", "align": 0, "address_list": "-", "extra_args": [0, "huge", "-", -1], "timed_loads": 1, "paired_core": true}, "median": 78.0}
{"event": "point_passed", "family": "cross_core_reload", "params": {"mode": "cross", "bytes": 262144, "stride": 64, "offset": 0, "batch": 1024, "seed": 5922027, "order": "random", "page": "huge", "align": 0, "address_list": "-", "extra_args": [0, "huge", "-", -1], "timed_loads": 1, "paired_core": true}, "median": 78.0}
{"event": "point_noisy", "family": "cross_core_reload", "flags": ["frequent involuntary context switches"], "attempt": "/gpfs_common/share04/ece592f26/hlee58/tmp/hazel-phase3-20260911/runs/turin/followup-v1/cross_core_reload/f44582df64fc6c04/attempt-1789256564969365476"}
{"event": "point_noisy", "family": "cross_core_reload", "flags": ["frequent involuntary context switches"], "attempt": "/gpfs_common/share04/ece592f26/hlee58/tmp/hazel-phase3-20260911/runs/turin/followup-v1/cross_core_reload/f44582df64fc6c04/attempt-1789256572125543594"}
{"event": "point_noisy", "family": "cross_core_reload", "flags": ["frequent involuntary context switches"], "attempt": "/gpfs_common/share04/ece592f26/hlee58/tmp/hazel-phase3-20260911/runs/turin/followup-v1/cross_core_reload/f44582df64fc6c04/attempt-1789256579305010306"}
{"event": "point_noisy", "family": "cross_core_reload", "flags": ["frequent involuntary context switches"], "attempt": "/gpfs_common/share04/ece592f26/hlee58/tmp/hazel-phase3-20260911/runs/turin/followup-v1/cross_core_reload/95d0c3ec66f7be71/attempt-1789256586491052044"}
{"event": "point_noisy", "family": "cross_core_reload", "flags": ["frequent involuntary context switches"], "attempt": "/gpfs_common/share04/ece592f26/hlee58/tmp/hazel-phase3-20260911/runs/turin/followup-v1/cross_core_reload/95d0c3ec66f7be71/attempt-1789256593586852707"}
{"event": "point_noisy", "family": "cross_core_reload", "flags": ["frequent involuntary context switches"], "attempt": "/gpfs_common/share04/ece592f26/hlee58/tmp/hazel-phase3-20260911/runs/turin/followup-v1/cross_core_reload/95d0c3ec66f7be71/attempt-1789256600679958159"}
{"event": "point_passed", "family": "same_core_reload", "params": {"mode": "probe", "bytes": 262144, "stride": 64, "offset": 0, "batch": 1024, "seed": 5922026, "order": "random", "page": "huge", "align": 0, "address_list": "-", "extra_args": [0, "huge", "-", -1], "timed_loads": 1}, "median": 78.0}
{"event": "point_noisy", "family": "cross_core_reload", "flags": ["frequent involuntary context switches"], "attempt": "/gpfs_common/share04/ece592f26/hlee58/tmp/hazel-phase3-20260911/runs/turin/followup-v1/cross_core_reload/eda48e9ccd23d8ce/attempt-1789256615399354165"}
{"event": "point_passed", "family": "cross_core_reload", "params": {"mode": "cross", "bytes": 8388608, "stride": 64, "offset": 0, "batch": 1024, "seed": 5922026, "order": "random", "page": "huge", "align": 0, "address_list": "-", "extra_args": [0, "huge", "-", -1], "timed_loads": 1, "paired_core": true}, "median": 78.0}
{"event": "point_passed", "family": "cross_core_reload", "params": {"mode": "cross", "bytes": 8388608, "stride": 64, "offset": 0, "batch": 1024, "seed": 5922027, "order": "random", "page": "huge", "align": 0, "address_list": "-", "extra_args": [0, "huge", "-", -1], "timed_loads": 1, "paired_core": true}, "median": 78.0}
{"event": "point_noisy", "family": "cross_core_reload", "flags": ["frequent involuntary context switches"], "attempt": "/gpfs_common/share04/ece592f26/hlee58/tmp/hazel-phase3-20260911/runs/turin/followup-v1/cross_core_reload/d18be66fb1003ee7/attempt-1789256623804727369"}
{"event": "point_noisy", "family": "cross_core_reload", "flags": ["frequent involuntary context switches"], "attempt": "/gpfs_common/share04/ece592f26/hlee58/tmp/hazel-phase3-20260911/runs/turin/followup-v1/cross_core_reload/d18be66fb1003ee7/attempt-1789256641500191994"}
{"event": "point_noisy", "family": "cross_core_reload", "flags": ["frequent involuntary context switches"], "attempt": "/gpfs_common/share04/ece592f26/hlee58/tmp/hazel-phase3-20260911/runs/turin/followup-v1/cross_core_reload/d18be66fb1003ee7/attempt-1789256659169647189"}
{"event": "point_noisy", "family": "cross_core_reload", "flags": ["frequent involuntary context switches"], "attempt": "/gpfs_common/share04/ece592f26/hlee58/tmp/hazel-phase3-20260911/runs/turin/followup-v1/cross_core_reload/eb541a559e4344f9/attempt-1789256676877480725"}
{"event": "point_noisy", "family": "cross_core_reload", "flags": ["frequent involuntary context switches"], "attempt": "/gpfs_common/share04/ece592f26/hlee58/tmp/hazel-phase3-20260911/runs/turin/followup-v1/cross_core_reload/eb541a559e4344f9/attempt-1789256694540284596"}
{"event": "point_noisy", "family": "cross_core_reload", "flags": ["frequent involuntary context switches"], "attempt": "/gpfs_common/share04/ece592f26/hlee58/tmp/hazel-phase3-20260911/runs/turin/followup-v1/cross_core_reload/eb541a559e4344f9/attempt-1789256712542987809"}
{"event": "point_passed", "family": "same_core_reload", "params": {"mode": "probe", "bytes": 8388608, "stride": 64, "offset": 0, "batch": 1024, "seed": 5922026, "order": "random", "page": "huge", "align": 0, "address_list": "-", "extra_args": [0, "huge", "-", -1], "timed_loads": 1}, "median": 78.0}
{"event": "point_passed", "family": "cross_core_reload", "params": {"mode": "cross", "bytes": 67108864, "stride": 64, "offset": 0, "batch": 1024, "seed": 5922026, "order": "random", "page": "huge", "align": 0, "address_list": "-", "extra_args": [0, "huge", "-", -1], "timed_loads": 1, "paired_core": true}, "median": 78.0}
{"event": "point_passed", "family": "cross_core_reload", "params": {"mode": "cross", "bytes": 67108864, "stride": 64, "offset": 0, "batch": 1024, "seed": 5922027, "order": "random", "page": "huge", "align": 0, "address_list": "-", "extra_args": [0, "huge", "-", -1], "timed_loads": 1, "paired_core": true}, "median": 78.0}
{"event": "point_noisy", "family": "cross_core_reload", "flags": ["frequent involuntary context switches"], "attempt": "/gpfs_common/share04/ece592f26/hlee58/tmp/hazel-phase3-20260911/runs/turin/followup-v1/cross_core_reload/833a308ab62acf94/attempt-1789256753743424808"}
{"event": "point_noisy", "family": "cross_core_reload", "flags": ["frequent involuntary context switches"], "attempt": "/gpfs_common/share04/ece592f26/hlee58/tmp/hazel-phase3-20260911/runs/turin/followup-v1/cross_core_reload/833a308ab62acf94/attempt-1789256852760177142"}
{"event": "point_noisy", "family": "cross_core_reload", "flags": ["frequent involuntary context switches"], "attempt": "/gpfs_common/share04/ece592f26/hlee58/tmp/hazel-phase3-20260911/runs/turin/followup-v1/cross_core_reload/833a308ab62acf94/attempt-1789256952409033243"}
{"event": "point_noisy", "family": "cross_core_reload", "flags": ["frequent involuntary context switches"], "attempt": "/gpfs_common/share04/ece592f26/hlee58/tmp/hazel-phase3-20260911/runs/turin/followup-v1/cross_core_reload/e78e1d1f7f182904/attempt-1789257054661538751"}
{"event": "point_noisy", "family": "cross_core_reload", "flags": ["frequent involuntary context switches"], "attempt": "/gpfs_common/share04/ece592f26/hlee58/tmp/hazel-phase3-20260911/runs/turin/followup-v1/cross_core_reload/e78e1d1f7f182904/attempt-1789257159271534697"}
{"event": "point_noisy", "family": "cross_core_reload", "flags": ["frequent involuntary context switches"], "attempt": "/gpfs_common/share04/ece592f26/hlee58/tmp/hazel-phase3-20260911/runs/turin/followup-v1/cross_core_reload/e78e1d1f7f182904/attempt-1789257258413239058"}
{"event": "point_passed", "family": "same_core_reload", "params": {"mode": "probe", "bytes": 67108864, "stride": 64, "offset": 0, "batch": 1024, "seed": 5922026, "order": "random", "page": "huge", "align": 0, "address_list": "-", "extra_args": [0, "huge", "-", -1], "timed_loads": 1}, "median": 78.0}
{"event": "point_passed", "family": "target_hot", "params": {"mode": "hot", "bytes": 1024, "stride": 8, "offset": 0, "batch": 512, "seed": 5922026, "order": "random", "align": 0, "page": "base", "address_list": "-", "extra_args": [0, "base", "-", -1], "timed_loads": 1}, "median": 78.0}
Follow-up segment job=816169 constraint=turin stage=cross status=0 end=2026-09-12T19:58:21-04:00
{"record": "/gpfs_common/share04/ece592f26/hlee58/tmp/hazel-phase3-20260911/submissions/turin/followup-l2-20260912T235821.703063Z.json", "returncode": 0, "job_id": "816176", "stderr": ""}

------------------------------------------------------------
Resource usage summary:

    Job ID            : 816169
    Job name          : hz-turin-f5
    User / Account    : hlee58 / ece592f26_cpu
    Partition / QOS   : compute_partners / short
    Submitted         : 2026-09-12T19:42:30
    Started           : 2026-09-12T19:42:35
    Wait time         : 5 sec
    Elapsed (wall)    : 00:15:46
    Nodes             : 1 (n0405)
    CPUs allocated    : 3
    Tasks             : 1
    CPU time (total)  : 1579.55 sec  (user 1577.92, sys 1.64)
    CPU efficiency    : 55.7%
    Memory in use     : 156.20 MB  (sampled at job end; see seff for peak)
    Memory requested  : 2G
    Working directory : /gpfs_common/share04/ece592f26/hlee58/tmp/hazel-phase3-20260911/suite
    Exit code         : 0:0

    For final accounting (Slurm's MaxRSS, billing, etc.):  seff 816169
------------------------------------------------------------
