{"event": "waiting_for_idle", "family": "functional", "reason": "No core and complete SMT sibling group passed all idle windows; waiting for a pair", "next_check_seconds": 15}
{"event": "waiting_for_idle", "family": "functional", "reason": "No core and complete SMT sibling group passed all idle windows; waiting for a pair", "next_check_seconds": 15}
{"event": "waiting_for_idle", "family": "functional", "reason": "No pair of idle physical cores in one socket passed every idle window; waiting for a pair", "next_check_seconds": 15}
{"event": "waiting_for_idle", "family": "functional", "reason": "No pair of idle physical cores in one socket passed every idle window; waiting for a pair", "next_check_seconds": 15}
{"event": "waiting_for_idle", "family": "functional", "reason": "No pair of idle physical cores in one socket passed every idle window; waiting for a pair", "next_check_seconds": 15}
{"event": "waiting_for_idle", "family": "functional", "reason": "No pair of idle physical cores in one socket passed every idle window; waiting for a pair", "next_check_seconds": 15}
{"event": "waiting_for_idle", "family": "functional", "reason": "No pair of idle physical cores in one socket passed every idle window; waiting for a pair", "next_check_seconds": 15}
{"event": "waiting_for_idle", "family": "functional", "reason": "No pair of idle physical cores in one socket passed every idle window; waiting for a pair", "next_check_seconds": 15}
{"event": "waiting_for_idle", "family": "functional", "reason": "No pair of idle physical cores in one socket passed every idle window; waiting for a pair", "next_check_seconds": 15}
{"event": "waiting_for_idle", "family": "functional", "reason": "No pair of idle physical cores in one socket passed every idle window; waiting for a pair", "next_check_seconds": 15}
{"event": "waiting_for_idle", "family": "functional", "reason": "No pair of idle physical cores in one socket passed every idle window; waiting for a pair", "next_check_seconds": 15}
{"event": "waiting_for_idle", "family": "functional", "reason": "No pair of idle physical cores in one socket passed every idle window; waiting for a pair", "next_check_seconds": 15}
{"event": "waiting_for_idle", "family": "functional", "reason": "No pair of idle physical cores in one socket passed every idle window; waiting for a pair", "next_check_seconds": 15}
{"event": "waiting_for_idle", "family": "functional", "reason": "No pair of idle physical cores in one socket passed every idle window; waiting for a pair", "next_check_seconds": 15}
{"event": "waiting_for_idle", "family": "functional", "reason": "No pair of idle physical cores in one socket passed every idle window; waiting for a pair", "next_check_seconds": 15}
{"event": "waiting_for_idle", "family": "functional", "reason": "No pair of idle physical cores in one socket passed every idle window; waiting for a pair", "next_check_seconds": 15}
{"event": "waiting_for_idle", "family": "functional", "reason": "No pair of idle physical cores in one socket passed every idle window; waiting for a pair", "next_check_seconds": 15}
{"event": "waiting_for_idle", "family": "functional", "reason": "No pair of idle physical cores in one socket passed every idle window; waiting for a pair", "next_check_seconds": 15}
{"event": "waiting_for_idle", "family": "functional", "reason": "No core and complete SMT sibling group passed all idle windows; waiting for a pair", "next_check_seconds": 15}
{"event": "waiting_for_idle", "family": "functional", "reason": "No pair of idle physical cores in one socket passed every idle window; waiting for a pair", "next_check_seconds": 15}
{"event": "waiting_for_idle", "family": "functional", "reason": "No pair of idle physical cores in one socket passed every idle window; waiting for a pair", "next_check_seconds": 15}
{"event": "waiting_for_idle", "family": "functional", "reason": "No pair of idle physical cores in one socket passed every idle window; waiting for a pair", "next_check_seconds": 15}
{"event": "waiting_for_idle", "family": "functional", "reason": "No pair of idle physical cores in one socket passed every idle window; waiting for a pair", "next_check_seconds": 15}
{"event": "waiting_for_idle", "family": "functional", "reason": "No pair of idle physical cores in one socket passed every idle window; waiting for a pair", "next_check_seconds": 15}
{"event": "waiting_for_idle", "family": "functional", "reason": "No pair of idle physical cores in one socket passed every idle window; waiting for a pair", "next_check_seconds": 15}
{"event": "waiting_for_idle", "family": "functional", "reason": "No pair of idle physical cores in one socket passed every idle window; waiting for a pair", "next_check_seconds": 15}
{"event": "waiting_for_idle", "family": "functional", "reason": "No pair of idle physical cores in one socket passed every idle window; waiting for a pair", "next_check_seconds": 15}
{"event": "waiting_for_idle", "family": "functional", "reason": "No pair of idle physical cores in one socket passed every idle window; waiting for a pair", "next_check_seconds": 15}
{"event": "waiting_for_idle", "family": "functional", "reason": "No pair of idle physical cores in one socket passed every idle window; waiting for a pair", "next_check_seconds": 15}
{"event": "waiting_for_idle", "family": "functional", "reason": "No pair of idle physical cores in one socket passed every idle window; waiting for a pair", "next_check_seconds": 15}
{"event": "waiting_for_idle", "family": "functional", "reason": "No pair of idle physical cores in one socket passed every idle window; waiting for a pair", "next_check_seconds": 15}
{"event": "waiting_for_idle", "family": "functional", "reason": "No pair of idle physical cores in one socket passed every idle window; waiting for a pair", "next_check_seconds": 15}
{"event": "waiting_for_idle", "family": "functional", "reason": "No pair of idle physical cores in one socket passed every idle window; waiting for a pair", "next_check_seconds": 15}
{"event": "waiting_for_idle", "family": "functional", "reason": "No pair of idle physical cores in one socket passed every idle window; waiting for a pair", "next_check_seconds": 15}
{"event": "waiting_for_idle", "family": "functional", "reason": "No pair of idle physical cores in one socket passed every idle window; waiting for a pair", "next_check_seconds": 15}
{"event": "waiting_for_idle", "family": "functional", "reason": "No core and complete SMT sibling group passed all idle windows; waiting for a pair", "next_check_seconds": 15}
{"event": "waiting_for_idle", "family": "functional", "reason": "No pair of idle physical cores in one socket passed every idle window; waiting for a pair", "next_check_seconds": 15}
{"event": "waiting_for_idle", "family": "functional", "reason": "No pair of idle physical cores in one socket passed every idle window; waiting for a pair", "next_check_seconds": 15}
{"event": "waiting_for_idle", "family": "functional", "reason": "No core and complete SMT sibling group passed all idle windows; waiting for a pair", "next_check_seconds": 15}
{"event": "waiting_for_idle", "family": "functional", "reason": "No pair of idle physical cores in one socket passed every idle window; waiting for a pair", "next_check_seconds": 15}
{"event": "waiting_for_idle", "family": "functional", "reason": "No pair of idle physical cores in one socket passed every idle window; waiting for a pair", "next_check_seconds": 15}
{"event": "waiting_for_idle", "family": "functional", "reason": "No pair of idle physical cores in one socket passed every idle window; waiting for a pair", "next_check_seconds": 15}
{"event": "waiting_for_idle", "family": "functional", "reason": "No pair of idle physical cores in one socket passed every idle window; waiting for a pair", "next_check_seconds": 15}
{"event": "waiting_for_idle", "family": "functional", "reason": "No pair of idle physical cores in one socket passed every idle window; waiting for a pair", "next_check_seconds": 15}
{"event": "waiting_for_idle", "family": "functional", "reason": "No pair of idle physical cores in one socket passed every idle window; waiting for a pair", "next_check_seconds": 15}
{"event": "waiting_for_idle", "family": "functional", "reason": "No pair of idle physical cores in one socket passed every idle window; waiting for a pair", "next_check_seconds": 15}
{"event": "waiting_for_idle", "family": "functional", "reason": "No pair of idle physical cores in one socket passed every idle window; waiting for a pair", "next_check_seconds": 15}
{"event": "waiting_for_idle", "family": "functional", "reason": "No pair of idle physical cores in one socket passed every idle window; waiting for a pair", "next_check_seconds": 15}
{"event": "waiting_for_idle", "family": "functional", "reason": "No core and complete SMT sibling group passed all idle windows; waiting for a pair", "next_check_seconds": 15}
{"event": "waiting_for_idle", "family": "functional", "reason": "No pair of idle physical cores in one socket passed every idle window; waiting for a pair", "next_check_seconds": 15}
{"event": "waiting_for_idle", "family": "functional", "reason": "No pair of idle physical cores in one socket passed every idle window; waiting for a pair", "next_check_seconds": 15}
{"event": "waiting_for_idle", "family": "functional", "reason": "No core and complete SMT sibling group passed all idle windows; waiting for a pair", "next_check_seconds": 15}
{"event": "waiting_for_idle", "family": "functional", "reason": "No pair of idle physical cores in one socket passed every idle window; waiting for a pair", "next_check_seconds": 15}
{"event": "waiting_for_idle", "family": "functional", "reason": "No pair of idle physical cores in one socket passed every idle window; waiting for a pair", "next_check_seconds": 15}
{"event": "waiting_for_idle", "family": "functional", "reason": "No core and complete SMT sibling group passed all idle windows; waiting for a pair", "next_check_seconds": 15}
{"event": "waiting_for_idle", "family": "functional", "reason": "No pair of idle physical cores in one socket passed every idle window; waiting for a pair", "next_check_seconds": 15}
{"event": "waiting_for_idle", "family": "functional", "reason": "No pair of idle physical cores in one socket passed every idle window; waiting for a pair", "next_check_seconds": 15}
{"event": "waiting_for_idle", "family": "functional", "reason": "No pair of idle physical cores in one socket passed every idle window; waiting for a pair", "next_check_seconds": 15}
{"event": "waiting_for_idle", "family": "functional", "reason": "No pair of idle physical cores in one socket passed every idle window; waiting for a pair", "next_check_seconds": 15}
{"event": "waiting_for_idle", "family": "functional", "reason": "No pair of idle physical cores in one socket passed every idle window; waiting for a pair", "next_check_seconds": 15}
{"event": "waiting_for_idle", "family": "functional", "reason": "No pair of idle physical cores in one socket passed every idle window; waiting for a pair", "next_check_seconds": 15}
{"event": "waiting_for_idle", "family": "functional", "reason": "No pair of idle physical cores in one socket passed every idle window; waiting for a pair", "next_check_seconds": 15}
{"event": "waiting_for_idle", "family": "functional", "reason": "No pair of idle physical cores in one socket passed every idle window; waiting for a pair", "next_check_seconds": 15}
{"event": "waiting_for_idle", "family": "functional", "reason": "No core and complete SMT sibling group passed all idle windows; waiting for a pair", "next_check_seconds": 15}
{"event": "waiting_for_idle", "family": "functional", "reason": "No pair of idle physical cores in one socket passed every idle window; waiting for a pair", "next_check_seconds": 15}
{"event": "waiting_for_idle", "family": "functional", "reason": "No pair of idle physical cores in one socket passed every idle window; waiting for a pair", "next_check_seconds": 15}
{"event": "waiting_for_idle", "family": "functional", "reason": "No core and complete SMT sibling group passed all idle windows; waiting for a pair", "next_check_seconds": 15}
{"event": "waiting_for_idle", "family": "functional", "reason": "No pair of idle physical cores in one socket passed every idle window; waiting for a pair", "next_check_seconds": 15}
{"event": "waiting_for_idle", "family": "functional", "reason": "No pair of idle physical cores in one socket passed every idle window; waiting for a pair", "next_check_seconds": 15}
{"event": "waiting_for_idle", "family": "functional", "reason": "No pair of idle physical cores in one socket passed every idle window; waiting for a pair", "next_check_seconds": 15}
{"event": "waiting_for_idle", "family": "functional", "reason": "No pair of idle physical cores in one socket passed every idle window; waiting for a pair", "next_check_seconds": 15}
{"event": "waiting_for_idle", "family": "functional", "reason": "No pair of idle physical cores in one socket passed every idle window; waiting for a pair", "next_check_seconds": 15}
{"event": "waiting_for_idle", "family": "functional", "reason": "No pair of idle physical cores in one socket passed every idle window; waiting for a pair", "next_check_seconds": 15}
{"event": "waiting_for_idle", "family": "functional", "reason": "No pair of idle physical cores in one socket passed every idle window; waiting for a pair", "next_check_seconds": 15}
{"event": "waiting_for_idle", "family": "functional", "reason": "No pair of idle physical cores in one socket passed every idle window; waiting for a pair", "next_check_seconds": 15}
{"event": "waiting_for_idle", "family": "functional", "reason": "No pair of idle physical cores in one socket passed every idle window; waiting for a pair", "next_check_seconds": 15}
{"event": "waiting_for_idle", "family": "functional", "reason": "No pair of idle physical cores in one socket passed every idle window; waiting for a pair", "next_check_seconds": 15}
{"event": "waiting_for_idle", "family": "functional", "reason": "No pair of idle physical cores in one socket passed every idle window; waiting for a pair", "next_check_seconds": 15}
{"event": "waiting_for_idle", "family": "functional", "reason": "No pair of idle physical cores in one socket passed every idle window; waiting for a pair", "next_check_seconds": 15}
{"event": "waiting_for_idle", "family": "functional", "reason": "No pair of idle physical cores in one socket passed every idle window; waiting for a pair", "next_check_seconds": 15}
{"event": "waiting_for_idle", "family": "functional", "reason": "No pair of idle physical cores in one socket passed every idle window; waiting for a pair", "next_check_seconds": 15}
{"event": "waiting_for_idle", "family": "functional", "reason": "No pair of idle physical cores in one socket passed every idle window; waiting for a pair", "next_check_seconds": 15}
{"event": "waiting_for_idle", "family": "functional", "reason": "No pair of idle physical cores in one socket passed every idle window; waiting for a pair", "next_check_seconds": 15}
{"event": "waiting_for_idle", "family": "functional", "reason": "No pair of idle physical cores in one socket passed every idle window; waiting for a pair", "next_check_seconds": 15}
{"event": "waiting_for_idle", "family": "functional", "reason": "No pair of idle physical cores in one socket passed every idle window; waiting for a pair", "next_check_seconds": 15}
{"event": "waiting_for_idle", "family": "functional", "reason": "No pair of idle physical cores in one socket passed every idle window; waiting for a pair", "next_check_seconds": 15}
{"event": "waiting_for_idle", "family": "functional", "reason": "No pair of idle physical cores in one socket passed every idle window; waiting for a pair", "next_check_seconds": 15}
{"event": "waiting_for_idle", "family": "functional", "reason": "No pair of idle physical cores in one socket passed every idle window; waiting for a pair", "next_check_seconds": 15}
{"event": "waiting_for_idle", "family": "functional", "reason": "No pair of idle physical cores in one socket passed every idle window; waiting for a pair", "next_check_seconds": 15}
{"event": "waiting_for_idle", "family": "functional", "reason": "No pair of idle physical cores in one socket passed every idle window; waiting for a pair", "next_check_seconds": 15}
{"event": "waiting_for_idle", "family": "functional", "reason": "No pair of idle physical cores in one socket passed every idle window; waiting for a pair", "next_check_seconds": 15}
{"event": "waiting_for_idle", "family": "functional", "reason": "No pair of idle physical cores in one socket passed every idle window; waiting for a pair", "next_check_seconds": 15}
{"event": "waiting_for_idle", "family": "functional", "reason": "No pair of idle physical cores in one socket passed every idle window; waiting for a pair", "next_check_seconds": 15}
{"event": "waiting_for_idle", "family": "functional", "reason": "No pair of idle physical cores in one socket passed every idle window; waiting for a pair", "next_check_seconds": 15}
{"event": "waiting_for_idle", "family": "functional", "reason": "No pair of idle physical cores in one socket passed every idle window; waiting for a pair", "next_check_seconds": 15}
{"event": "waiting_for_idle", "family": "functional", "reason": "No pair of idle physical cores in one socket passed every idle window; waiting for a pair", "next_check_seconds": 15}
{"event": "waiting_for_idle", "family": "functional", "reason": "No pair of idle physical cores in one socket passed every idle window; waiting for a pair", "next_check_seconds": 15}
{"event": "waiting_for_idle", "family": "functional", "reason": "No pair of idle physical cores in one socket passed every idle window; waiting for a pair", "next_check_seconds": 15}
{"event": "waiting_for_idle", "family": "functional", "reason": "No pair of idle physical cores in one socket passed every idle window; waiting for a pair", "next_check_seconds": 15}
{"event": "waiting_for_idle", "family": "functional", "reason": "No pair of idle physical cores in one socket passed every idle window; waiting for a pair", "next_check_seconds": 15}
{"event": "waiting_for_idle", "family": "functional", "reason": "No pair of idle physical cores in one socket passed every idle window; waiting for a pair", "next_check_seconds": 15}
{"event": "waiting_for_idle", "family": "functional", "reason": "No pair of idle physical cores in one socket passed every idle window; waiting for a pair", "next_check_seconds": 15}
{"event": "waiting_for_idle", "family": "functional", "reason": "No pair of idle physical cores in one socket passed every idle window; waiting for a pair", "next_check_seconds": 15}
{"event": "waiting_for_idle", "family": "functional", "reason": "No pair of idle physical cores in one socket passed every idle window; waiting for a pair", "next_check_seconds": 15}
{"event": "waiting_for_idle", "family": "functional", "reason": "No pair of idle physical cores in one socket passed every idle window; waiting for a pair", "next_check_seconds": 15}
{"event": "waiting_for_idle", "family": "functional", "reason": "No pair of idle physical cores in one socket passed every idle window; waiting for a pair", "next_check_seconds": 15}
{"event": "waiting_for_idle", "family": "functional", "reason": "No pair of idle physical cores in one socket passed every idle window; waiting for a pair", "next_check_seconds": 15}
{"event": "waiting_for_idle", "family": "functional", "reason": "No pair of idle physical cores in one socket passed every idle window; waiting for a pair", "next_check_seconds": 15}
{"event": "waiting_for_idle", "family": "functional", "reason": "No pair of idle physical cores in one socket passed every idle window; waiting for a pair", "next_check_seconds": 15}
{"event": "waiting_for_idle", "family": "functional", "reason": "No core and complete SMT sibling group passed all idle windows", "next_check_seconds": 15}
{"event": "waiting_for_idle", "family": "functional", "reason": "No pair of idle physical cores in one socket passed every idle window; waiting for a pair", "next_check_seconds": 15}
{"event": "waiting_for_idle", "family": "functional", "reason": "No pair of idle physical cores in one socket passed every idle window; waiting for a pair", "next_check_seconds": 15}
{"event": "waiting_for_idle", "family": "functional", "reason": "No pair of idle physical cores in one socket passed every idle window; waiting for a pair", "next_check_seconds": 15}
{"event": "waiting_for_idle", "family": "functional", "reason": "No pair of idle physical cores in one socket passed every idle window; waiting for a pair", "next_check_seconds": 15}
{"event": "waiting_for_idle", "family": "functional", "reason": "No pair of idle physical cores in one socket passed every idle window; waiting for a pair", "next_check_seconds": 15}
{"event": "waiting_for_idle", "family": "functional", "reason": "No pair of idle physical cores in one socket passed every idle window; waiting for a pair", "next_check_seconds": 15}
{"event": "waiting_for_idle", "family": "functional", "reason": "No pair of idle physical cores in one socket passed every idle window; waiting for a pair", "next_check_seconds": 15}
{"event": "waiting_for_idle", "family": "functional", "reason": "No pair of idle physical cores in one socket passed every idle window; waiting for a pair", "next_check_seconds": 15}
{"event": "waiting_for_idle", "family": "functional", "reason": "No pair of idle physical cores in one socket passed every idle window; waiting for a pair", "next_check_seconds": 15}
{"event": "waiting_for_idle", "family": "functional", "reason": "No pair of idle physical cores in one socket passed every idle window; waiting for a pair", "next_check_seconds": 15}
{"event": "waiting_for_idle", "family": "functional", "reason": "No pair of idle physical cores in one socket passed every idle window; waiting for a pair", "next_check_seconds": 15}
{"event": "waiting_for_idle", "family": "functional", "reason": "No pair of idle physical cores in one socket passed every idle window; waiting for a pair", "next_check_seconds": 15}
{"event": "waiting_for_idle", "family": "functional", "reason": "No pair of idle physical cores in one socket passed every idle window; waiting for a pair", "next_check_seconds": 15}
{"event": "waiting_for_idle", "family": "functional", "reason": "No pair of idle physical cores in one socket passed every idle window; waiting for a pair", "next_check_seconds": 15}
{"event": "waiting_for_idle", "family": "functional", "reason": "No pair of idle physical cores in one socket passed every idle window; waiting for a pair", "next_check_seconds": 15}
{"event": "waiting_for_idle", "family": "functional", "reason": "No pair of idle physical cores in one socket passed every idle window; waiting for a pair", "next_check_seconds": 15}
{"event": "waiting_for_idle", "family": "functional", "reason": "No pair of idle physical cores in one socket passed every idle window; waiting for a pair", "next_check_seconds": 15}
{"event": "waiting_for_idle", "family": "functional", "reason": "No pair of idle physical cores in one socket passed every idle window; waiting for a pair", "next_check_seconds": 15}
{"event": "waiting_for_idle", "family": "functional", "reason": "No pair of idle physical cores in one socket passed every idle window; waiting for a pair", "next_check_seconds": 15}
{"event": "waiting_for_idle", "family": "functional", "reason": "No pair of idle physical cores in one socket passed every idle window; waiting for a pair", "next_check_seconds": 15}
{"event": "waiting_for_idle", "family": "functional", "reason": "No pair of idle physical cores in one socket passed every idle window; waiting for a pair", "next_check_seconds": 15}
{"event": "waiting_for_idle", "family": "functional", "reason": "No pair of idle physical cores in one socket passed every idle window; waiting for a pair", "next_check_seconds": 15}
{"event": "waiting_for_idle", "family": "functional", "reason": "No pair of idle physical cores in one socket passed every idle window; waiting for a pair", "next_check_seconds": 15}
{"event": "waiting_for_idle", "family": "functional", "reason": "No pair of idle physical cores in one socket passed every idle window; waiting for a pair", "next_check_seconds": 15}
{"event": "waiting_for_idle", "family": "functional", "reason": "No pair of idle physical cores in one socket passed every idle window; waiting for a pair", "next_check_seconds": 15}
{"event": "waiting_for_idle", "family": "functional", "reason": "No pair of idle physical cores in one socket passed every idle window; waiting for a pair", "next_check_seconds": 15}
{"event": "waiting_for_idle", "family": "functional", "reason": "No pair of idle physical cores in one socket passed every idle window; waiting for a pair", "next_check_seconds": 15}
{"event": "waiting_for_idle", "family": "functional", "reason": "No pair of idle physical cores in one socket passed every idle window; waiting for a pair", "next_check_seconds": 15}
{"event": "waiting_for_idle", "family": "functional", "reason": "No pair of idle physical cores in one socket passed every idle window; waiting for a pair", "next_check_seconds": 15}
{"event": "waiting_for_idle", "family": "functional", "reason": "No pair of idle physical cores in one socket passed every idle window; waiting for a pair", "next_check_seconds": 15}
{"event": "waiting_for_idle", "family": "functional", "reason": "No pair of idle physical cores in one socket passed every idle window; waiting for a pair", "next_check_seconds": 15}
{"event": "waiting_for_idle", "family": "functional", "reason": "No core and complete SMT sibling group passed all idle windows; waiting for a pair", "next_check_seconds": 15}
{"event": "waiting_for_idle", "family": "functional", "reason": "No pair of idle physical cores in one socket passed every idle window; waiting for a pair", "next_check_seconds": 15}
{"event": "waiting_for_idle", "family": "functional", "reason": "No pair of idle physical cores in one socket passed every idle window; waiting for a pair", "next_check_seconds": 15}
{"event": "waiting_for_idle", "family": "functional", "reason": "No core and complete SMT sibling group passed all idle windows; waiting for a pair", "next_check_seconds": 15}
{"event": "waiting_for_idle", "family": "functional", "reason": "No pair of idle physical cores in one socket passed every idle window; waiting for a pair", "next_check_seconds": 15}
{"event": "waiting_for_idle", "family": "functional", "reason": "No pair of idle physical cores in one socket passed every idle window; waiting for a pair", "next_check_seconds": 15}
{"event": "waiting_for_idle", "family": "functional", "reason": "No pair of idle physical cores in one socket passed every idle window; waiting for a pair", "next_check_seconds": 15}
{"event": "waiting_for_idle", "family": "functional", "reason": "No pair of idle physical cores in one socket passed every idle window; waiting for a pair", "next_check_seconds": 15}
{"event": "waiting_for_idle", "family": "functional", "reason": "No pair of idle physical cores in one socket passed every idle window; waiting for a pair", "next_check_seconds": 15}
{"event": "waiting_for_idle", "family": "functional", "reason": "No pair of idle physical cores in one socket passed every idle window; waiting for a pair", "next_check_seconds": 15}

------------------------------------------------------------
Resource usage summary:

    Job ID            : 815840
    Job name          : hz-turin-f0
    User / Account    : hlee58 / ece592f26_cpu
    Partition / QOS   : compute_partners / short
    Submitted         : 2026-09-12T17:34:00
    Started           : 2026-09-12T17:34:23
    Wait time         : 23 sec
    Elapsed (wall)    : 00:42:49
    Nodes             : 1 (n0405)
    CPUs allocated    : 2
    Tasks             : 1
    CPU time (total)  : 2.42 sec  (user 1.74, sys 0.69)
    CPU efficiency    : 0.0%
    Memory in use     : 37.35 MB  (sampled at job end; see seff for peak)
    Memory requested  : 2G
    Working directory : /gpfs_common/share03/rotenberg/hlee58/ECE592_proj1
    Exit code         : 0:0

    For final accounting (Slurm's MaxRSS, billing, etc.):  seff 815840
------------------------------------------------------------
