Hazel segment: job=810649 constraint=turin stage=full start=2026-09-11T22:07:59-04:00
Invocation: srun --cpu-bind=cores --hint=nomultithread python3 scripts/hazel_worker.py full
{"event": "point_passed", "family": "timer", "params": {"mode": "overhead", "bytes": 1024, "stride": 8, "offset": 0, "batch": 128, "seed": 5922026, "order": "random"}, "median": 78.0}
{"event": "point_passed", "family": "loop", "params": {"mode": "loop", "bytes": 1024, "stride": 8, "offset": 0, "batch": 128, "seed": 5922026, "order": "random"}, "median": 1.421875}
{"event": "point_passed", "family": "latency", "params": {"mode": "chase", "bytes": 1024, "stride": 8, "offset": 0, "batch": 128, "seed": 5922026, "order": "random"}, "median": 3.65625}
{"event": "point_passed", "family": "latency", "params": {"mode": "chase", "bytes": 1024, "stride": 8, "offset": 0, "batch": 256, "seed": 5922026, "order": "random"}, "median": 3.453125}
{"event": "point_passed", "family": "latency", "params": {"mode": "chase", "bytes": 1024, "stride": 8, "offset": 0, "batch": 512, "seed": 5922026, "order": "random"}, "median": 3.30078125}
{"event": "point_passed", "family": "capacity", "params": {"mode": "chase", "bytes": 2048, "stride": 8, "offset": 0, "batch": 512, "seed": 5922026, "order": "random"}, "median": 3.25}
{"event": "point_passed", "family": "capacity", "params": {"mode": "chase", "bytes": 4194304, "stride": 8, "offset": 0, "batch": 512, "seed": 5922026, "order": "regular"}, "median": 3.25}
{"event": "point_passed", "family": "capacity", "params": {"mode": "chase", "bytes": 268435456, "stride": 8, "offset": 0, "batch": 512, "seed": 5922026, "order": "random"}, "median": 730.84375}
{"event": "point_passed", "family": "capacity", "params": {"mode": "chase", "bytes": 1048576, "stride": 8, "offset": 0, "batch": 512, "seed": 5922026, "order": "regular"}, "median": 3.30078125}
{"event": "point_passed", "family": "capacity", "params": {"mode": "chase", "bytes": 1024, "stride": 8, "offset": 0, "batch": 512, "seed": 5922026, "order": "random"}, "median": 3.30078125}
{"event": "point_passed", "family": "capacity", "params": {"mode": "chase", "bytes": 8388608, "stride": 8, "offset": 0, "batch": 512, "seed": 5922026, "order": "regular"}, "median": 3.30078125}
{"event": "point_passed", "family": "capacity", "params": {"mode": "chase", "bytes": 134217728, "stride": 8, "offset": 0, "batch": 512, "seed": 5922026, "order": "regular"}, "median": 3.30078125}
{"event": "point_passed", "family": "capacity", "params": {"mode": "chase", "bytes": 32768, "stride": 8, "offset": 0, "batch": 512, "seed": 5922026, "order": "random"}, "median": 3.25}
{"event": "point_passed", "family": "capacity", "params": {"mode": "chase", "bytes": 4096, "stride": 8, "offset": 0, "batch": 512, "seed": 5922026, "order": "random"}, "median": 3.25}
{"event": "point_passed", "family": "capacity", "params": {"mode": "chase", "bytes": 262144, "stride": 8, "offset": 0, "batch": 512, "seed": 5922026, "order": "regular"}, "median": 3.30078125}
{"event": "point_passed", "family": "capacity", "params": {"mode": "chase", "bytes": 65536, "stride": 8, "offset": 0, "batch": 512, "seed": 5922026, "order": "random"}, "median": 5.6875}
{"event": "point_passed", "family": "capacity", "params": {"mode": "chase", "bytes": 33554432, "stride": 8, "offset": 0, "batch": 512, "seed": 5922026, "order": "regular"}, "median": 3.30078125}
{"event": "point_passed", "family": "capacity", "params": {"mode": "chase", "bytes": 65536, "stride": 8, "offset": 0, "batch": 512, "seed": 5922026, "order": "regular"}, "median": 3.25}
{"event": "point_passed", "family": "capacity", "params": {"mode": "chase", "bytes": 4096, "stride": 8, "offset": 0, "batch": 512, "seed": 5922026, "order": "regular"}, "median": 3.25}
{"event": "point_passed", "family": "capacity", "params": {"mode": "chase", "bytes": 2097152, "stride": 8, "offset": 0, "batch": 512, "seed": 5922026, "order": "random"}, "median": 30.46875}
{"event": "point_passed", "family": "capacity", "params": {"mode": "chase", "bytes": 1024, "stride": 8, "offset": 0, "batch": 512, "seed": 5922026, "order": "regular"}, "median": 3.25}
{"event": "point_passed", "family": "capacity", "params": {"mode": "chase", "bytes": 131072, "stride": 8, "offset": 0, "batch": 512, "seed": 5922026, "order": "regular"}, "median": 3.25}
{"event": "point_passed", "family": "capacity", "params": {"mode": "chase", "bytes": 67108864, "stride": 8, "offset": 0, "batch": 512, "seed": 5922026, "order": "random"}, "median": 452.00390625}
{"event": "point_passed", "family": "capacity", "params": {"mode": "chase", "bytes": 131072, "stride": 8, "offset": 0, "batch": 512, "seed": 5922026, "order": "random"}, "median": 8.53125}
{"event": "point_passed", "family": "capacity", "params": {"mode": "chase", "bytes": 16384, "stride": 8, "offset": 0, "batch": 512, "seed": 5922026, "order": "random"}, "median": 3.30078125}
{"event": "point_passed", "family": "capacity", "params": {"mode": "chase", "bytes": 524288, "stride": 8, "offset": 0, "batch": 512, "seed": 5922026, "order": "random"}, "median": 11.8828125}
{"event": "point_passed", "family": "capacity", "params": {"mode": "chase", "bytes": 8192, "stride": 8, "offset": 0, "batch": 512, "seed": 5922026, "order": "regular"}, "median": 3.25}
{"event": "point_passed", "family": "capacity", "params": {"mode": "chase", "bytes": 524288, "stride": 8, "offset": 0, "batch": 512, "seed": 5922026, "order": "regular"}, "median": 3.25}
{"event": "point_passed", "family": "capacity", "params": {"mode": "chase", "bytes": 2048, "stride": 8, "offset": 0, "batch": 512, "seed": 5922026, "order": "regular"}, "median": 3.30078125}
{"event": "point_passed", "family": "capacity", "params": {"mode": "chase", "bytes": 8192, "stride": 8, "offset": 0, "batch": 512, "seed": 5922026, "order": "random"}, "median": 3.30078125}
{"event": "point_passed", "family": "capacity", "params": {"mode": "chase", "bytes": 16777216, "stride": 8, "offset": 0, "batch": 512, "seed": 5922026, "order": "regular"}, "median": 3.30078125}
{"event": "point_passed", "family": "capacity", "params": {"mode": "chase", "bytes": 134217728, "stride": 8, "offset": 0, "batch": 512, "seed": 5922026, "order": "random"}, "median": 633.69921875}
{"event": "point_passed", "family": "capacity", "params": {"mode": "chase", "bytes": 2097152, "stride": 8, "offset": 0, "batch": 512, "seed": 5922026, "order": "regular"}, "median": 3.30078125}
{"event": "point_passed", "family": "capacity", "params": {"mode": "chase", "bytes": 4194304, "stride": 8, "offset": 0, "batch": 512, "seed": 5922026, "order": "random"}, "median": 37.6796875}
{"event": "point_passed", "family": "capacity", "params": {"mode": "chase", "bytes": 16384, "stride": 8, "offset": 0, "batch": 512, "seed": 5922026, "order": "regular"}, "median": 3.25}
{"event": "point_passed", "family": "capacity", "params": {"mode": "chase", "bytes": 8388608, "stride": 8, "offset": 0, "batch": 512, "seed": 5922026, "order": "random"}, "median": 41.640625}
{"event": "point_passed", "family": "capacity", "params": {"mode": "chase", "bytes": 32768, "stride": 8, "offset": 0, "batch": 512, "seed": 5922026, "order": "regular"}, "median": 3.30078125}
{"event": "point_passed", "family": "capacity", "params": {"mode": "chase", "bytes": 67108864, "stride": 8, "offset": 0, "batch": 512, "seed": 5922026, "order": "regular"}, "median": 3.30078125}
{"event": "point_passed", "family": "capacity", "params": {"mode": "chase", "bytes": 16777216, "stride": 8, "offset": 0, "batch": 512, "seed": 5922026, "order": "random"}, "median": 44.3828125}
{"event": "point_passed", "family": "capacity", "params": {"mode": "chase", "bytes": 1048576, "stride": 8, "offset": 0, "batch": 512, "seed": 5922026, "order": "random"}, "median": 16.7578125}
{"event": "point_passed", "family": "capacity", "params": {"mode": "chase", "bytes": 262144, "stride": 8, "offset": 0, "batch": 512, "seed": 5922026, "order": "random"}, "median": 9.80078125}
{"event": "point_passed", "family": "capacity", "params": {"mode": "chase", "bytes": 33554432, "stride": 8, "offset": 0, "batch": 512, "seed": 5922026, "order": "random"}, "median": 142.23828125}
{"event": "point_passed", "family": "capacity", "params": {"mode": "chase", "bytes": 268435456, "stride": 8, "offset": 0, "batch": 512, "seed": 5922026, "order": "regular"}, "median": 3.25}
{"event": "point_passed", "family": "capacity", "params": {"mode": "chase", "bytes": 23068672, "stride": 8, "offset": 0, "batch": 512, "seed": 5922026, "order": "random"}, "median": 61.59765625}
{"event": "point_passed", "family": "capacity", "params": {"mode": "chase", "bytes": 327680, "stride": 8, "offset": 0, "batch": 512, "seed": 5922026, "order": "regular"}, "median": 3.30078125}
{"event": "point_passed", "family": "capacity", "params": {"mode": "chase", "bytes": 2359296, "stride": 8, "offset": 0, "batch": 512, "seed": 5922026, "order": "regular"}, "median": 3.30078125}
{"event": "point_passed", "family": "capacity", "params": {"mode": "chase", "bytes": 2883584, "stride": 8, "offset": 0, "batch": 512, "seed": 5922026, "order": "random"}, "median": 34.53125}
{"event": "point_passed", "family": "capacity", "params": {"mode": "chase", "bytes": 1835008, "stride": 8, "offset": 0, "batch": 512, "seed": 5922026, "order": "regular"}, "median": 3.30078125}
{"event": "point_passed", "family": "capacity", "params": {"mode": "chase", "bytes": 37748736, "stride": 8, "offset": 0, "batch": 512, "seed": 5922026, "order": "random"}, "median": 183.7265625}
{"event": "point_passed", "family": "capacity", "params": {"mode": "chase", "bytes": 20971520, "stride": 8, "offset": 0, "batch": 512, "seed": 5922026, "order": "random"}, "median": 52.45703125}
{"event": "point_passed", "family": "capacity", "params": {"mode": "chase", "bytes": 100663296, "stride": 8, "offset": 0, "batch": 512, "seed": 5922026, "order": "regular"}, "median": 3.25}
{"event": "point_passed", "family": "capacity", "params": {"mode": "chase", "bytes": 57344, "stride": 8, "offset": 0, "batch": 512, "seed": 5922026, "order": "regular"}, "median": 3.30078125}
{"event": "point_passed", "family": "capacity", "params": {"mode": "chase", "bytes": 3670016, "stride": 8, "offset": 0, "batch": 512, "seed": 5922026, "order": "regular"}, "median": 3.30078125}
{"event": "point_passed", "family": "capacity", "params": {"mode": "chase", "bytes": 61440, "stride": 8, "offset": 0, "batch": 512, "seed": 5922026, "order": "regular"}, "median": 3.30078125}
{"event": "point_passed", "family": "capacity", "params": {"mode": "chase", "bytes": 122880, "stride": 8, "offset": 0, "batch": 512, "seed": 5922026, "order": "random"}, "median": 8.27734375}
{"event": "point_passed", "family": "capacity", "params": {"mode": "chase", "bytes": 720896, "stride": 8, "offset": 0, "batch": 512, "seed": 5922026, "order": "regular"}, "median": 3.25}
{"event": "point_passed", "family": "capacity", "params": {"mode": "chase", "bytes": 3145728, "stride": 8, "offset": 0, "batch": 512, "seed": 5922026, "order": "regular"}, "median": 3.25}
{"event": "point_passed", "family": "capacity", "params": {"mode": "chase", "bytes": 41943040, "stride": 8, "offset": 0, "batch": 512, "seed": 5922026, "order": "random"}, "median": 236.08203125}
{"event": "point_passed", "family": "capacity", "params": {"mode": "chase", "bytes": 40960, "stride": 8, "offset": 0, "batch": 512, "seed": 5922026, "order": "random"}, "median": 3.30078125}
{"event": "point_passed", "family": "capacity", "params": {"mode": "chase", "bytes": 57344, "stride": 8, "offset": 0, "batch": 512, "seed": 5922026, "order": "random"}, "median": 4.671875}
{"event": "point_passed", "family": "capacity", "params": {"mode": "chase", "bytes": 117440512, "stride": 8, "offset": 0, "batch": 512, "seed": 5922026, "order": "regular"}, "median": 3.30078125}
{"event": "point_passed", "family": "capacity", "params": {"mode": "chase", "bytes": 29360128, "stride": 8, "offset": 0, "batch": 512, "seed": 5922026, "order": "random"}, "median": 90.64453125}
{"event": "point_passed", "family": "capacity", "params": {"mode": "chase", "bytes": 83886080, "stride": 8, "offset": 0, "batch": 512, "seed": 5922026, "order": "random"}, "median": 519.54296875}
{"event": "point_passed", "family": "capacity", "params": {"mode": "chase", "bytes": 393216, "stride": 8, "offset": 0, "batch": 512, "seed": 5922026, "order": "random"}, "median": 10.359375}
{"event": "point_passed", "family": "capacity", "params": {"mode": "chase", "bytes": 983040, "stride": 8, "offset": 0, "batch": 512, "seed": 5922026, "order": "random"}, "median": 14.421875}
{"event": "point_passed", "family": "capacity", "params": {"mode": "chase", "bytes": 3145728, "stride": 8, "offset": 0, "batch": 512, "seed": 5922026, "order": "random"}, "median": 35.19140625}
{"event": "point_passed", "family": "capacity", "params": {"mode": "chase", "bytes": 2359296, "stride": 8, "offset": 0, "batch": 512, "seed": 5922026, "order": "random"}, "median": 32.14453125}
{"event": "point_passed", "family": "capacity", "params": {"mode": "chase", "bytes": 49152, "stride": 8, "offset": 0, "batch": 512, "seed": 5922026, "order": "random"}, "median": 3.40234375}
{"event": "point_passed", "family": "capacity", "params": {"mode": "chase", "bytes": 327680, "stride": 8, "offset": 0, "batch": 512, "seed": 5922026, "order": "random"}, "median": 10.10546875}
{"event": "point_passed", "family": "capacity", "params": {"mode": "chase", "bytes": 40960, "stride": 8, "offset": 0, "batch": 512, "seed": 5922026, "order": "regular"}, "median": 3.30078125}
{"event": "point_passed", "family": "capacity", "params": {"mode": "chase", "bytes": 3932160, "stride": 8, "offset": 0, "batch": 512, "seed": 5922026, "order": "regular"}, "median": 3.30078125}
{"event": "point_passed", "family": "capacity", "params": {"mode": "chase", "bytes": 18874368, "stride": 8, "offset": 0, "batch": 512, "seed": 5922026, "order": "random"}, "median": 48.953125}
{"event": "point_passed", "family": "capacity", "params": {"mode": "chase", "bytes": 75497472, "stride": 8, "offset": 0, "batch": 512, "seed": 5922026, "order": "random"}, "median": 487.34765625}
{"event": "point_passed", "family": "capacity", "params": {"mode": "chase", "bytes": 49152, "stride": 8, "offset": 0, "batch": 512, "seed": 5922026, "order": "regular"}, "median": 3.30078125}
{"event": "point_passed", "family": "capacity", "params": {"mode": "chase", "bytes": 83886080, "stride": 8, "offset": 0, "batch": 512, "seed": 5922026, "order": "regular"}, "median": 3.30078125}
{"event": "point_passed", "family": "capacity", "params": {"mode": "chase", "bytes": 25165824, "stride": 8, "offset": 0, "batch": 512, "seed": 5922026, "order": "random"}, "median": 63.0703125}
{"event": "point_passed", "family": "capacity", "params": {"mode": "chase", "bytes": 37748736, "stride": 8, "offset": 0, "batch": 512, "seed": 5922026, "order": "regular"}, "median": 3.25}
{"event": "point_passed", "family": "capacity", "params": {"mode": "chase", "bytes": 2883584, "stride": 8, "offset": 0, "batch": 512, "seed": 5922026, "order": "regular"}, "median": 3.25}
{"event": "point_passed", "family": "capacity", "params": {"mode": "chase", "bytes": 360448, "stride": 8, "offset": 0, "batch": 512, "seed": 5922026, "order": "random"}, "median": 10.20703125}
{"event": "point_passed", "family": "capacity", "params": {"mode": "chase", "bytes": 61440, "stride": 8, "offset": 0, "batch": 512, "seed": 5922026, "order": "random"}, "median": 5.1796875}
{"event": "point_passed", "family": "capacity", "params": {"mode": "chase", "bytes": 786432, "stride": 8, "offset": 0, "batch": 512, "seed": 5922026, "order": "regular"}, "median": 3.30078125}
{"event": "point_passed", "family": "capacity", "params": {"mode": "chase", "bytes": 92274688, "stride": 8, "offset": 0, "batch": 512, "seed": 5922026, "order": "regular"}, "median": 3.30078125}
{"event": "point_passed", "family": "capacity", "params": {"mode": "chase", "bytes": 2621440, "stride": 8, "offset": 0, "batch": 512, "seed": 5922026, "order": "random"}, "median": 33.76953125}
{"event": "point_passed", "family": "capacity", "params": {"mode": "chase", "bytes": 31457280, "stride": 8, "offset": 0, "batch": 512, "seed": 5922026, "order": "random"}, "median": 117.76171875}
{"event": "point_passed", "family": "capacity", "params": {"mode": "chase", "bytes": 58720256, "stride": 8, "offset": 0, "batch": 512, "seed": 5922026, "order": "random"}, "median": 398.328125}
{"event": "point_passed", "family": "capacity", "params": {"mode": "chase", "bytes": 1703936, "stride": 8, "offset": 0, "batch": 512, "seed": 5922026, "order": "regular"}, "median": 3.30078125}
{"event": "point_passed", "family": "capacity", "params": {"mode": "chase", "bytes": 1179648, "stride": 8, "offset": 0, "batch": 512, "seed": 5922026, "order": "regular"}, "median": 3.30078125}
{"event": "point_passed", "family": "capacity", "params": {"mode": "chase", "bytes": 27262976, "stride": 8, "offset": 0, "batch": 512, "seed": 5922026, "order": "regular"}, "median": 3.30078125}
{"event": "point_passed", "family": "capacity", "params": {"mode": "chase", "bytes": 294912, "stride": 8, "offset": 0, "batch": 512, "seed": 5922026, "order": "random"}, "median": 10.00390625}
{"event": "point_passed", "family": "capacity", "params": {"mode": "chase", "bytes": 54525952, "stride": 8, "offset": 0, "batch": 512, "seed": 5922026, "order": "regular"}, "median": 3.30078125}
{"event": "point_passed", "family": "capacity", "params": {"mode": "chase", "bytes": 75497472, "stride": 8, "offset": 0, "batch": 512, "seed": 5922026, "order": "regular"}, "median": 3.30078125}
{"event": "point_passed", "family": "capacity", "params": {"mode": "chase", "bytes": 3407872, "stride": 8, "offset": 0, "batch": 512, "seed": 5922026, "order": "regular"}, "median": 3.30078125}
{"event": "point_passed", "family": "capacity", "params": {"mode": "chase", "bytes": 655360, "stride": 8, "offset": 0, "batch": 512, "seed": 5922026, "order": "regular"}, "median": 3.30078125}
{"event": "point_passed", "family": "capacity", "params": {"mode": "chase", "bytes": 917504, "stride": 8, "offset": 0, "batch": 512, "seed": 5922026, "order": "regular"}, "median": 3.30078125}
{"event": "point_passed", "family": "capacity", "params": {"mode": "chase", "bytes": 1966080, "stride": 8, "offset": 0, "batch": 512, "seed": 5922026, "order": "regular"}, "median": 3.30078125}
{"event": "point_passed", "family": "capacity", "params": {"mode": "chase", "bytes": 3932160, "stride": 8, "offset": 0, "batch": 512, "seed": 5922026, "order": "random"}, "median": 37.578125}
{"event": "point_passed", "family": "capacity", "params": {"mode": "chase", "bytes": 36864, "stride": 8, "offset": 0, "batch": 512, "seed": 5922026, "order": "regular"}, "median": 3.25}
{"event": "point_passed", "family": "capacity", "params": {"mode": "chase", "bytes": 109051904, "stride": 8, "offset": 0, "batch": 512, "seed": 5922026, "order": "regular"}, "median": 3.25}
{"event": "point_passed", "family": "capacity", "params": {"mode": "chase", "bytes": 294912, "stride": 8, "offset": 0, "batch": 512, "seed": 5922026, "order": "regular"}, "median": 3.30078125}
{"event": "point_passed", "family": "capacity", "params": {"mode": "chase", "bytes": 62914560, "stride": 8, "offset": 0, "batch": 512, "seed": 5922026, "order": "regular"}, "median": 3.30078125}
{"event": "point_passed", "family": "capacity", "params": {"mode": "chase", "bytes": 360448, "stride": 8, "offset": 0, "batch": 512, "seed": 5922026, "order": "regular"}, "median": 3.30078125}
{"event": "point_passed", "family": "capacity", "params": {"mode": "chase", "bytes": 1966080, "stride": 8, "offset": 0, "batch": 512, "seed": 5922026, "order": "random"}, "median": 29.859375}
{"event": "point_passed", "family": "capacity", "params": {"mode": "chase", "bytes": 851968, "stride": 8, "offset": 0, "batch": 512, "seed": 5922026, "order": "random"}, "median": 15.48828125}
{"event": "point_passed", "family": "capacity", "params": {"mode": "chase", "bytes": 31457280, "stride": 8, "offset": 0, "batch": 512, "seed": 5922026, "order": "regular"}, "median": 3.30078125}
{"event": "point_passed", "family": "capacity", "params": {"mode": "chase", "bytes": 98304, "stride": 8, "offset": 0, "batch": 512, "seed": 5922026, "order": "random"}, "median": 7.56640625}
{"event": "point_passed", "family": "capacity", "params": {"mode": "chase", "bytes": 125829120, "stride": 8, "offset": 0, "batch": 512, "seed": 5922026, "order": "random"}, "median": 624.0}
{"event": "point_passed", "family": "capacity", "params": {"mode": "chase", "bytes": 458752, "stride": 8, "offset": 0, "batch": 512, "seed": 5922026, "order": "random"}, "median": 10.359375}
{"event": "point_passed", "family": "capacity", "params": {"mode": "chase", "bytes": 1179648, "stride": 8, "offset": 0, "batch": 512, "seed": 5922026, "order": "random"}, "median": 18.6875}
{"event": "point_passed", "family": "capacity", "params": {"mode": "chase", "bytes": 1835008, "stride": 8, "offset": 0, "batch": 512, "seed": 5922026, "order": "random"}, "median": 27.9296875}
{"event": "point_passed", "family": "capacity", "params": {"mode": "chase", "bytes": 851968, "stride": 8, "offset": 0, "batch": 512, "seed": 5922026, "order": "regular"}, "median": 3.25}
{"event": "point_passed", "family": "capacity", "params": {"mode": "chase", "bytes": 81920, "stride": 8, "offset": 0, "batch": 512, "seed": 5922026, "order": "random"}, "median": 6.75390625}
{"event": "point_passed", "family": "capacity", "params": {"mode": "chase", "bytes": 98304, "stride": 8, "offset": 0, "batch": 512, "seed": 5922026, "order": "regular"}, "median": 3.30078125}
{"event": "point_passed", "family": "capacity", "params": {"mode": "chase", "bytes": 1572864, "stride": 8, "offset": 0, "batch": 512, "seed": 5922026, "order": "regular"}, "median": 3.25}
{"event": "point_passed", "family": "capacity", "params": {"mode": "chase", "bytes": 90112, "stride": 8, "offset": 0, "batch": 512, "seed": 5922026, "order": "regular"}, "median": 3.30078125}
{"event": "point_passed", "family": "capacity", "params": {"mode": "chase", "bytes": 1310720, "stride": 8, "offset": 0, "batch": 512, "seed": 5922026, "order": "random"}, "median": 21.37890625}
{"event": "point_passed", "family": "capacity", "params": {"mode": "chase", "bytes": 117440512, "stride": 8, "offset": 0, "batch": 512, "seed": 5922026, "order": "random"}, "median": 605.46484375}
{"event": "point_passed", "family": "capacity", "params": {"mode": "chase", "bytes": 92274688, "stride": 8, "offset": 0, "batch": 512, "seed": 5922026, "order": "random"}, "median": 552.65234375}
{"event": "point_passed", "family": "capacity", "params": {"mode": "chase", "bytes": 50331648, "stride": 8, "offset": 0, "batch": 512, "seed": 5922026, "order": "regular"}, "median": 3.25}
{"event": "point_passed", "family": "capacity", "params": {"mode": "chase", "bytes": 1703936, "stride": 8, "offset": 0, "batch": 512, "seed": 5922026, "order": "random"}, "median": 27.06640625}
{"event": "point_passed", "family": "capacity", "params": {"mode": "chase", "bytes": 589824, "stride": 8, "offset": 0, "batch": 512, "seed": 5922026, "order": "regular"}, "median": 3.30078125}
{"event": "point_passed", "family": "capacity", "params": {"mode": "chase", "bytes": 106496, "stride": 8, "offset": 0, "batch": 512, "seed": 5922026, "order": "regular"}, "median": 3.30078125}
{"event": "point_passed", "family": "capacity", "params": {"mode": "chase", "bytes": 41943040, "stride": 8, "offset": 0, "batch": 512, "seed": 5922026, "order": "regular"}, "median": 3.30078125}
{"event": "point_passed", "family": "capacity", "params": {"mode": "chase", "bytes": 425984, "stride": 8, "offset": 0, "batch": 512, "seed": 5922026, "order": "regular"}, "median": 3.30078125}
{"event": "point_passed", "family": "capacity", "params": {"mode": "chase", "bytes": 114688, "stride": 8, "offset": 0, "batch": 512, "seed": 5922026, "order": "regular"}, "median": 3.25}
{"event": "point_passed", "family": "capacity", "params": {"mode": "chase", "bytes": 45056, "stride": 8, "offset": 0, "batch": 512, "seed": 5922026, "order": "random"}, "median": 3.30078125}
{"event": "point_passed", "family": "capacity", "params": {"mode": "chase", "bytes": 25165824, "stride": 8, "offset": 0, "batch": 512, "seed": 5922026, "order": "regular"}, "median": 3.25}
{"event": "point_passed", "family": "capacity", "params": {"mode": "chase", "bytes": 114688, "stride": 8, "offset": 0, "batch": 512, "seed": 5922026, "order": "random"}, "median": 8.125}
{"event": "point_passed", "family": "capacity", "params": {"mode": "chase", "bytes": 45056, "stride": 8, "offset": 0, "batch": 512, "seed": 5922026, "order": "regular"}, "median": 3.30078125}
{"event": "point_passed", "family": "capacity", "params": {"mode": "chase", "bytes": 491520, "stride": 8, "offset": 0, "batch": 512, "seed": 5922026, "order": "regular"}, "median": 3.30078125}
{"event": "point_passed", "family": "capacity", "params": {"mode": "chase", "bytes": 655360, "stride": 8, "offset": 0, "batch": 512, "seed": 5922026, "order": "random"}, "median": 12.64453125}
{"event": "point_passed", "family": "capacity", "params": {"mode": "chase", "bytes": 3407872, "stride": 8, "offset": 0, "batch": 512, "seed": 5922026, "order": "random"}, "median": 36.15625}
{"event": "point_passed", "family": "capacity", "params": {"mode": "chase", "bytes": 1441792, "stride": 8, "offset": 0, "batch": 512, "seed": 5922026, "order": "regular"}, "median": 3.25}
{"event": "point_passed", "family": "capacity", "params": {"mode": "chase", "bytes": 73728, "stride": 8, "offset": 0, "batch": 512, "seed": 5922026, "order": "regular"}, "median": 3.25}
{"event": "point_passed", "family": "capacity", "params": {"mode": "chase", "bytes": 786432, "stride": 8, "offset": 0, "batch": 512, "seed": 5922026, "order": "random"}, "median": 13.55859375}
{"event": "point_passed", "family": "capacity", "params": {"mode": "chase", "bytes": 29360128, "stride": 8, "offset": 0, "batch": 512, "seed": 5922026, "order": "regular"}, "median": 3.30078125}
{"event": "point_passed", "family": "capacity", "params": {"mode": "chase", "bytes": 27262976, "stride": 8, "offset": 0, "batch": 512, "seed": 5922026, "order": "random"}, "median": 77.6953125}
{"event": "point_passed", "family": "capacity", "params": {"mode": "chase", "bytes": 46137344, "stride": 8, "offset": 0, "batch": 512, "seed": 5922026, "order": "regular"}, "median": 3.30078125}
{"event": "point_passed", "family": "capacity", "params": {"mode": "chase", "bytes": 3670016, "stride": 8, "offset": 0, "batch": 512, "seed": 5922026, "order": "random"}, "median": 36.359375}
{"event": "point_passed", "family": "capacity", "params": {"mode": "chase", "bytes": 50331648, "stride": 8, "offset": 0, "batch": 512, "seed": 5922026, "order": "random"}, "median": 326.47265625}
{"event": "point_passed", "family": "capacity", "params": {"mode": "chase", "bytes": 2621440, "stride": 8, "offset": 0, "batch": 512, "seed": 5922026, "order": "regular"}, "median": 3.25}
{"event": "point_passed", "family": "capacity", "params": {"mode": "chase", "bytes": 58720256, "stride": 8, "offset": 0, "batch": 512, "seed": 5922026, "order": "regular"}, "median": 3.25}
{"event": "point_passed", "family": "capacity", "params": {"mode": "chase", "bytes": 36864, "stride": 8, "offset": 0, "batch": 512, "seed": 5922026, "order": "random"}, "median": 3.25}
{"event": "point_passed", "family": "capacity", "params": {"mode": "chase", "bytes": 106496, "stride": 8, "offset": 0, "batch": 512, "seed": 5922026, "order": "random"}, "median": 7.8203125}
{"event": "point_passed", "family": "capacity", "params": {"mode": "chase", "bytes": 54525952, "stride": 8, "offset": 0, "batch": 512, "seed": 5922026, "order": "random"}, "median": 364.96484375}
{"event": "point_passed", "family": "capacity", "params": {"mode": "chase", "bytes": 53248, "stride": 8, "offset": 0, "batch": 512, "seed": 5922026, "order": "random"}, "median": 4.0625}
{"event": "point_passed", "family": "capacity", "params": {"mode": "chase", "bytes": 53248, "stride": 8, "offset": 0, "batch": 512, "seed": 5922026, "order": "regular"}, "median": 3.30078125}
{"event": "point_passed", "family": "capacity", "params": {"mode": "chase", "bytes": 1572864, "stride": 8, "offset": 0, "batch": 512, "seed": 5922026, "order": "random"}, "median": 25.390625}
{"event": "point_passed", "family": "capacity", "params": {"mode": "chase", "bytes": 393216, "stride": 8, "offset": 0, "batch": 512, "seed": 5922026, "order": "regular"}, "median": 3.30078125}
{"event": "point_passed", "family": "capacity", "params": {"mode": "chase", "bytes": 917504, "stride": 8, "offset": 0, "batch": 512, "seed": 5922026, "order": "random"}, "median": 14.828125}
{"event": "point_passed", "family": "capacity", "params": {"mode": "chase", "bytes": 81920, "stride": 8, "offset": 0, "batch": 512, "seed": 5922026, "order": "regular"}, "median": 3.30078125}
{"event": "point_passed", "family": "capacity", "params": {"mode": "chase", "bytes": 589824, "stride": 8, "offset": 0, "batch": 512, "seed": 5922026, "order": "random"}, "median": 12.390625}
{"event": "point_passed", "family": "capacity", "params": {"mode": "chase", "bytes": 983040, "stride": 8, "offset": 0, "batch": 512, "seed": 5922026, "order": "regular"}, "median": 3.30078125}
{"event": "point_passed", "family": "capacity", "params": {"mode": "chase", "bytes": 90112, "stride": 8, "offset": 0, "batch": 512, "seed": 5922026, "order": "random"}, "median": 7.2109375}
{"event": "point_passed", "family": "capacity", "params": {"mode": "chase", "bytes": 458752, "stride": 8, "offset": 0, "batch": 512, "seed": 5922026, "order": "regular"}, "median": 3.30078125}
{"event": "point_passed", "family": "capacity", "params": {"mode": "chase", "bytes": 109051904, "stride": 8, "offset": 0, "batch": 512, "seed": 5922026, "order": "random"}, "median": 305.703125}
{"event": "point_passed", "family": "capacity", "params": {"mode": "chase", "bytes": 1310720, "stride": 8, "offset": 0, "batch": 512, "seed": 5922026, "order": "regular"}, "median": 3.30078125}
{"event": "point_passed", "family": "capacity", "params": {"mode": "chase", "bytes": 425984, "stride": 8, "offset": 0, "batch": 512, "seed": 5922026, "order": "random"}, "median": 10.8671875}
{"event": "point_passed", "family": "capacity", "params": {"mode": "chase", "bytes": 62914560, "stride": 8, "offset": 0, "batch": 512, "seed": 5922026, "order": "random"}, "median": 228.109375}
{"event": "point_passed", "family": "capacity", "params": {"mode": "chase", "bytes": 46137344, "stride": 8, "offset": 0, "batch": 512, "seed": 5922026, "order": "random"}, "median": 163.16015625}
{"event": "point_passed", "family": "capacity", "params": {"mode": "chase", "bytes": 73728, "stride": 8, "offset": 0, "batch": 512, "seed": 5922026, "order": "random"}, "median": 6.24609375}
{"event": "point_passed", "family": "capacity", "params": {"mode": "chase", "bytes": 18874368, "stride": 8, "offset": 0, "batch": 512, "seed": 5922026, "order": "regular"}, "median": 3.30078125}
{"event": "point_passed", "family": "capacity", "params": {"mode": "chase", "bytes": 125829120, "stride": 8, "offset": 0, "batch": 512, "seed": 5922026, "order": "regular"}, "median": 3.30078125}
{"event": "point_passed", "family": "capacity", "params": {"mode": "chase", "bytes": 23068672, "stride": 8, "offset": 0, "batch": 512, "seed": 5922026, "order": "regular"}, "median": 3.30078125}
{"event": "point_passed", "family": "capacity", "params": {"mode": "chase", "bytes": 1441792, "stride": 8, "offset": 0, "batch": 512, "seed": 5922026, "order": "random"}, "median": 24.01953125}
{"event": "point_passed", "family": "capacity", "params": {"mode": "chase", "bytes": 122880, "stride": 8, "offset": 0, "batch": 512, "seed": 5922026, "order": "regular"}, "median": 3.30078125}
{"event": "point_passed", "family": "capacity", "params": {"mode": "chase", "bytes": 720896, "stride": 8, "offset": 0, "batch": 512, "seed": 5922026, "order": "random"}, "median": 13.25390625}
{"event": "point_passed", "family": "capacity", "params": {"mode": "chase", "bytes": 100663296, "stride": 8, "offset": 0, "batch": 512, "seed": 5922026, "order": "random"}, "median": 297.578125}
{"event": "point_passed", "family": "capacity", "params": {"mode": "chase", "bytes": 491520, "stride": 8, "offset": 0, "batch": 512, "seed": 5922026, "order": "random"}, "median": 11.578125}
{"event": "point_passed", "family": "capacity", "params": {"mode": "chase", "bytes": 20971520, "stride": 8, "offset": 0, "batch": 512, "seed": 5922026, "order": "regular"}, "median": 3.30078125}
{"event": "point_passed", "family": "line_size", "params": {"mode": "spatial", "bytes": 524288, "stride": 512, "offset": 72, "batch": 512, "seed": 5922026, "order": "random"}, "median": 11.78125}
{"event": "point_passed", "family": "line_size", "params": {"mode": "spatial", "bytes": 2097152, "stride": 512, "offset": 72, "batch": 512, "seed": 5922026, "order": "random"}, "median": 23.765625}
{"event": "point_passed", "family": "line_size", "params": {"mode": "spatial", "bytes": 2097152, "stride": 512, "offset": 112, "batch": 512, "seed": 5922026, "order": "random"}, "median": 23.71484375}
{"event": "point_passed", "family": "line_size", "params": {"mode": "spatial", "bytes": 2097152, "stride": 512, "offset": 192, "batch": 512, "seed": 5922026, "order": "random"}, "median": 26.609375}
{"event": "point_passed", "family": "line_size", "params": {"mode": "spatial", "bytes": 2097152, "stride": 512, "offset": 136, "batch": 512, "seed": 5922026, "order": "random"}, "median": 24.2734375}
{"event": "point_passed", "family": "line_size", "params": {"mode": "spatial", "bytes": 524288, "stride": 512, "offset": 136, "batch": 512, "seed": 5922026, "order": "random"}, "median": 11.73046875}
{"event": "point_passed", "family": "line_size", "params": {"mode": "spatial", "bytes": 2097152, "stride": 512, "offset": 32, "batch": 512, "seed": 5922026, "order": "random"}, "median": 19.6015625}
{"event": "point_passed", "family": "line_size", "params": {"mode": "spatial", "bytes": 524288, "stride": 512, "offset": 184, "batch": 512, "seed": 5922026, "order": "random"}, "median": 11.62890625}
{"event": "point_passed", "family": "line_size", "params": {"mode": "spatial", "bytes": 2097152, "stride": 512, "offset": 104, "batch": 512, "seed": 5922026, "order": "random"}, "median": 23.765625}
{"event": "point_passed", "family": "line_size", "params": {"mode": "spatial", "bytes": 524288, "stride": 512, "offset": 24, "batch": 512, "seed": 5922026, "order": "random"}, "median": 7.97265625}
{"event": "point_passed", "family": "line_size", "params": {"mode": "spatial", "bytes": 524288, "stride": 512, "offset": 40, "batch": 512, "seed": 5922026, "order": "random"}, "median": 7.97265625}
{"event": "point_passed", "family": "line_size", "params": {"mode": "spatial", "bytes": 524288, "stride": 512, "offset": 128, "batch": 512, "seed": 5922026, "order": "random"}, "median": 11.6796875}
{"event": "point_passed", "family": "line_size", "params": {"mode": "spatial", "bytes": 524288, "stride": 512, "offset": 64, "batch": 512, "seed": 5922026, "order": "random"}, "median": 11.62890625}
{"event": "point_passed", "family": "line_size", "params": {"mode": "spatial", "bytes": 2097152, "stride": 512, "offset": 80, "batch": 512, "seed": 5922026, "order": "random"}, "median": 23.61328125}
{"event": "point_passed", "family": "line_size", "params": {"mode": "spatial", "bytes": 2097152, "stride": 512, "offset": 256, "batch": 512, "seed": 5922026, "order": "random"}, "median": 24.93359375}
{"event": "point_passed", "family": "line_size", "params": {"mode": "spatial", "bytes": 524288, "stride": 512, "offset": 112, "batch": 512, "seed": 5922026, "order": "random"}, "median": 11.62890625}
{"event": "point_passed", "family": "line_size", "params": {"mode": "spatial", "bytes": 2097152, "stride": 512, "offset": 88, "batch": 512, "seed": 5922026, "order": "random"}, "median": 23.61328125}
{"event": "point_passed", "family": "line_size", "params": {"mode": "spatial", "bytes": 524288, "stride": 512, "offset": 192, "batch": 512, "seed": 5922026, "order": "random"}, "median": 11.6796875}
{"event": "point_passed", "family": "line_size", "params": {"mode": "spatial", "bytes": 524288, "stride": 512, "offset": 248, "batch": 512, "seed": 5922026, "order": "random"}, "median": 11.62890625}
{"event": "point_passed", "family": "line_size", "params": {"mode": "spatial", "bytes": 524288, "stride": 512, "offset": 96, "batch": 512, "seed": 5922026, "order": "random"}, "median": 11.6796875}
{"event": "point_passed", "family": "line_size", "params": {"mode": "spatial", "bytes": 524288, "stride": 512, "offset": 88, "batch": 512, "seed": 5922026, "order": "random"}, "median": 11.6796875}
{"event": "point_passed", "family": "line_size", "params": {"mode": "spatial", "bytes": 524288, "stride": 512, "offset": 256, "batch": 512, "seed": 5922026, "order": "random"}, "median": 11.4765625}
{"event": "point_passed", "family": "line_size", "params": {"mode": "spatial", "bytes": 2097152, "stride": 512, "offset": 40, "batch": 512, "seed": 5922026, "order": "random"}, "median": 19.55078125}
{"event": "point_passed", "family": "line_size", "params": {"mode": "spatial", "bytes": 524288, "stride": 512, "offset": 32, "batch": 512, "seed": 5922026, "order": "random"}, "median": 7.97265625}
{"event": "point_passed", "family": "line_size", "params": {"mode": "spatial", "bytes": 2097152, "stride": 512, "offset": 8, "batch": 512, "seed": 5922026, "order": "random"}, "median": 19.6015625}
{"event": "point_passed", "family": "line_size", "params": {"mode": "spatial", "bytes": 2097152, "stride": 512, "offset": 128, "batch": 512, "seed": 5922026, "order": "random"}, "median": 24.12109375}
{"event": "point_passed", "family": "line_size", "params": {"mode": "spatial", "bytes": 2097152, "stride": 512, "offset": 24, "batch": 512, "seed": 5922026, "order": "random"}, "median": 19.5}
{"event": "point_passed", "family": "line_size", "params": {"mode": "spatial", "bytes": 524288, "stride": 512, "offset": 48, "batch": 512, "seed": 5922026, "order": "random"}, "median": 7.97265625}
{"event": "point_passed", "family": "line_size", "params": {"mode": "spatial", "bytes": 2097152, "stride": 512, "offset": 64, "batch": 512, "seed": 5922026, "order": "random"}, "median": 23.61328125}
{"event": "point_passed", "family": "line_size", "params": {"mode": "spatial", "bytes": 2097152, "stride": 512, "offset": 264, "batch": 512, "seed": 5922026, "order": "random"}, "median": 25.0859375}
{"event": "point_passed", "family": "line_size", "params": {"mode": "spatial", "bytes": 524288, "stride": 512, "offset": 200, "batch": 512, "seed": 5922026, "order": "random"}, "median": 11.6796875}
{"event": "point_passed", "family": "line_size", "params": {"mode": "spatial", "bytes": 524288, "stride": 512, "offset": 8, "batch": 512, "seed": 5922026, "order": "random"}, "median": 7.97265625}
{"event": "point_passed", "family": "line_size", "params": {"mode": "spatial", "bytes": 2097152, "stride": 512, "offset": 96, "batch": 512, "seed": 5922026, "order": "random"}, "median": 23.61328125}
{"event": "point_passed", "family": "line_size", "params": {"mode": "spatial", "bytes": 524288, "stride": 512, "offset": 56, "batch": 512, "seed": 5922026, "order": "random"}, "median": 7.97265625}
{"event": "point_passed", "family": "line_size", "params": {"mode": "spatial", "bytes": 2097152, "stride": 512, "offset": 184, "batch": 512, "seed": 5922026, "order": "random"}, "median": 24.2734375}
{"event": "point_passed", "family": "line_size", "params": {"mode": "spatial", "bytes": 2097152, "stride": 512, "offset": 120, "batch": 512, "seed": 5922026, "order": "random"}, "median": 23.61328125}
{"event": "point_passed", "family": "line_size", "params": {"mode": "spatial", "bytes": 524288, "stride": 512, "offset": 264, "batch": 512, "seed": 5922026, "order": "random"}, "median": 11.578125}
{"event": "point_passed", "family": "line_size", "params": {"mode": "spatial", "bytes": 524288, "stride": 512, "offset": 80, "batch": 512, "seed": 5922026, "order": "random"}, "median": 11.6796875}
{"event": "point_passed", "family": "line_size", "params": {"mode": "spatial", "bytes": 2097152, "stride": 512, "offset": 56, "batch": 512, "seed": 5922026, "order": "random"}, "median": 19.55078125}
{"event": "point_passed", "family": "line_size", "params": {"mode": "spatial", "bytes": 524288, "stride": 512, "offset": 120, "batch": 512, "seed": 5922026, "order": "random"}, "median": 11.6796875}
{"event": "point_passed", "family": "line_size", "params": {"mode": "spatial", "bytes": 2097152, "stride": 512, "offset": 200, "batch": 512, "seed": 5922026, "order": "random"}, "median": 26.55859375}
{"event": "point_passed", "family": "line_size", "params": {"mode": "spatial", "bytes": 524288, "stride": 512, "offset": 104, "batch": 512, "seed": 5922026, "order": "random"}, "median": 11.6796875}
{"event": "point_passed", "family": "line_size", "params": {"mode": "spatial", "bytes": 524288, "stride": 512, "offset": 16, "batch": 512, "seed": 5922026, "order": "random"}, "median": 7.97265625}
{"event": "point_passed", "family": "line_size", "params": {"mode": "spatial", "bytes": 2097152, "stride": 512, "offset": 16, "batch": 512, "seed": 5922026, "order": "random"}, "median": 19.6015625}
{"event": "point_passed", "family": "line_size", "params": {"mode": "spatial", "bytes": 2097152, "stride": 512, "offset": 48, "batch": 512, "seed": 5922026, "order": "random"}, "median": 19.6015625}
{"event": "point_passed", "family": "line_size", "params": {"mode": "spatial", "bytes": 2097152, "stride": 512, "offset": 248, "batch": 512, "seed": 5922026, "order": "random"}, "median": 26.05078125}
{"event": "point_passed", "family": "associativity", "params": {"mode": "chase", "bytes": 524288, "stride": 262144, "offset": 0, "batch": 512, "seed": 5922026, "order": "random"}, "median": 3.25}
{"event": "point_passed", "family": "associativity", "params": {"mode": "chase", "bytes": 393216, "stride": 65536, "offset": 0, "batch": 512, "seed": 5922026, "order": "random"}, "median": 3.30078125}
{"event": "point_passed", "family": "associativity", "params": {"mode": "chase", "bytes": 53248, "stride": 4096, "offset": 0, "batch": 512, "seed": 5922026, "order": "random"}, "median": 21.07421875}
{"event": "point_passed", "family": "associativity", "params": {"mode": "chase", "bytes": 589824, "stride": 65536, "offset": 0, "batch": 512, "seed": 5922026, "order": "random"}, "median": 3.30078125}
{"event": "point_passed", "family": "associativity", "params": {"mode": "chase", "bytes": 81920, "stride": 4096, "offset": 0, "batch": 512, "seed": 5922026, "order": "random"}, "median": 11.0703125}
{"event": "point_passed", "family": "associativity", "params": {"mode": "chase", "bytes": 40960, "stride": 4096, "offset": 0, "batch": 512, "seed": 5922026, "order": "random"}, "median": 3.25}
{"event": "point_passed", "family": "associativity", "params": {"mode": "chase", "bytes": 786432, "stride": 262144, "offset": 0, "batch": 512, "seed": 5922026, "order": "random"}, "median": 3.30078125}
{"event": "point_passed", "family": "associativity", "params": {"mode": "chase", "bytes": 720896, "stride": 65536, "offset": 0, "batch": 512, "seed": 5922026, "order": "random"}, "median": 3.30078125}
{"event": "point_passed", "family": "associativity", "params": {"mode": "chase", "bytes": 65536, "stride": 16384, "offset": 0, "batch": 512, "seed": 5922026, "order": "random"}, "median": 3.30078125}
{"event": "point_passed", "family": "associativity", "params": {"mode": "chase", "bytes": 163840, "stride": 16384, "offset": 0, "batch": 512, "seed": 5922026, "order": "random"}, "median": 3.30078125}
{"event": "point_passed", "family": "associativity", "params": {"mode": "chase", "bytes": 61440, "stride": 4096, "offset": 0, "batch": 512, "seed": 5922026, "order": "random"}, "median": 11.12109375}
{"event": "point_passed", "family": "associativity", "params": {"mode": "chase", "bytes": 16384, "stride": 4096, "offset": 0, "batch": 512, "seed": 5922026, "order": "random"}, "median": 3.25}
{"event": "point_passed", "family": "associativity", "params": {"mode": "chase", "bytes": 4980736, "stride": 262144, "offset": 0, "batch": 512, "seed": 5922026, "order": "random"}, "median": 11.0703125}
{"event": "point_passed", "family": "associativity", "params": {"mode": "chase", "bytes": 2097152, "stride": 262144, "offset": 0, "batch": 512, "seed": 5922026, "order": "random"}, "median": 3.25}
{"event": "point_passed", "family": "associativity", "params": {"mode": "chase", "bytes": 12288, "stride": 4096, "offset": 0, "batch": 512, "seed": 5922026, "order": "random"}, "median": 3.30078125}
{"event": "point_passed", "family": "associativity", "params": {"mode": "chase", "bytes": 8192, "stride": 4096, "offset": 0, "batch": 512, "seed": 5922026, "order": "random"}, "median": 3.30078125}
{"event": "point_passed", "family": "associativity", "params": {"mode": "chase", "bytes": 69632, "stride": 4096, "offset": 0, "batch": 512, "seed": 5922026, "order": "random"}, "median": 11.12109375}
{"event": "point_passed", "family": "associativity", "params": {"mode": "chase", "bytes": 73728, "stride": 4096, "offset": 0, "batch": 512, "seed": 5922026, "order": "random"}, "median": 11.12109375}
{"event": "point_passed", "family": "associativity", "params": {"mode": "chase", "bytes": 4456448, "stride": 262144, "offset": 0, "batch": 512, "seed": 5922026, "order": "random"}, "median": 11.12109375}
{"event": "point_passed", "family": "associativity", "params": {"mode": "chase", "bytes": 524288, "stride": 65536, "offset": 0, "batch": 512, "seed": 5922026, "order": "random"}, "median": 3.30078125}
{"event": "point_passed", "family": "associativity", "params": {"mode": "chase", "bytes": 5242880, "stride": 262144, "offset": 0, "batch": 512, "seed": 5922026, "order": "random"}, "median": 11.12109375}
{"event": "point_passed", "family": "associativity", "params": {"mode": "chase", "bytes": 1245184, "stride": 65536, "offset": 0, "batch": 512, "seed": 5922026, "order": "random"}, "median": 11.0703125}
{"event": "point_passed", "family": "associativity", "params": {"mode": "chase", "bytes": 49152, "stride": 16384, "offset": 0, "batch": 512, "seed": 5922026, "order": "random"}, "median": 3.30078125}
{"event": "point_passed", "family": "associativity", "params": {"mode": "chase", "bytes": 1376256, "stride": 65536, "offset": 0, "batch": 512, "seed": 5922026, "order": "random"}, "median": 11.12109375}
{"event": "point_passed", "family": "associativity", "params": {"mode": "chase", "bytes": 2621440, "stride": 262144, "offset": 0, "batch": 512, "seed": 5922026, "order": "random"}, "median": 3.25}
{"event": "point_passed", "family": "associativity", "params": {"mode": "chase", "bytes": 786432, "stride": 65536, "offset": 0, "batch": 512, "seed": 5922026, "order": "random"}, "median": 3.25}
{"event": "point_passed", "family": "associativity", "params": {"mode": "chase", "bytes": 245760, "stride": 16384, "offset": 0, "batch": 512, "seed": 5922026, "order": "random"}, "median": 11.0703125}
{"event": "point_passed", "family": "associativity", "params": {"mode": "chase", "bytes": 360448, "stride": 16384, "offset": 0, "batch": 512, "seed": 5922026, "order": "random"}, "median": 11.0703125}
{"event": "point_passed", "family": "associativity", "params": {"mode": "chase", "bytes": 2883584, "stride": 262144, "offset": 0, "batch": 512, "seed": 5922026, "order": "random"}, "median": 3.25}
{"event": "point_passed", "family": "associativity", "params": {"mode": "chase", "bytes": 1572864, "stride": 65536, "offset": 0, "batch": 512, "seed": 5922026, "order": "random"}, "median": 11.0703125}
{"event": "point_passed", "family": "associativity", "params": {"mode": "chase", "bytes": 94208, "stride": 4096, "offset": 0, "batch": 512, "seed": 5922026, "order": "random"}, "median": 11.0703125}
{"event": "point_passed", "family": "associativity", "params": {"mode": "chase", "bytes": 3670016, "stride": 262144, "offset": 0, "batch": 512, "seed": 5922026, "order": "random"}, "median": 11.12109375}
{"event": "point_passed", "family": "associativity", "params": {"mode": "chase", "bytes": 262144, "stride": 16384, "offset": 0, "batch": 512, "seed": 5922026, "order": "random"}, "median": 11.12109375}
{"event": "point_passed", "family": "associativity", "params": {"mode": "chase", "bytes": 655360, "stride": 65536, "offset": 0, "batch": 512, "seed": 5922026, "order": "random"}, "median": 3.30078125}
{"event": "point_passed", "family": "associativity", "params": {"mode": "chase", "bytes": 6029312, "stride": 262144, "offset": 0, "batch": 512, "seed": 5922026, "order": "random"}, "median": 11.0703125}
{"event": "point_passed", "family": "associativity", "params": {"mode": "chase", "bytes": 983040, "stride": 65536, "offset": 0, "batch": 512, "seed": 5922026, "order": "random"}, "median": 11.0703125}
{"event": "point_passed", "family": "associativity", "params": {"mode": "chase", "bytes": 196608, "stride": 65536, "offset": 0, "batch": 512, "seed": 5922026, "order": "random"}, "median": 3.25}
{"event": "point_passed", "family": "associativity", "params": {"mode": "chase", "bytes": 81920, "stride": 16384, "offset": 0, "batch": 512, "seed": 5922026, "order": "random"}, "median": 3.25}
{"event": "point_passed", "family": "associativity", "params": {"mode": "chase", "bytes": 1507328, "stride": 65536, "offset": 0, "batch": 512, "seed": 5922026, "order": "random"}, "median": 11.0703125}
{"event": "point_passed", "family": "associativity", "params": {"mode": "chase", "bytes": 327680, "stride": 16384, "offset": 0, "batch": 512, "seed": 5922026, "order": "random"}, "median": 11.0703125}
{"event": "point_passed", "family": "associativity", "params": {"mode": "chase", "bytes": 20480, "stride": 4096, "offset": 0, "batch": 512, "seed": 5922026, "order": "random"}, "median": 3.30078125}
{"event": "point_passed", "family": "associativity", "params": {"mode": "chase", "bytes": 114688, "stride": 16384, "offset": 0, "batch": 512, "seed": 5922026, "order": "random"}, "median": 3.30078125}
{"event": "point_passed", "family": "associativity", "params": {"mode": "chase", "bytes": 1835008, "stride": 262144, "offset": 0, "batch": 512, "seed": 5922026, "order": "random"}, "median": 3.30078125}
{"event": "point_passed", "family": "associativity", "params": {"mode": "chase", "bytes": 36864, "stride": 4096, "offset": 0, "batch": 512, "seed": 5922026, "order": "random"}, "median": 3.30078125}
{"event": "point_passed", "family": "associativity", "params": {"mode": "chase", "bytes": 32768, "stride": 4096, "offset": 0, "batch": 512, "seed": 5922026, "order": "random"}, "median": 3.30078125}
{"event": "point_passed", "family": "associativity", "params": {"mode": "chase", "bytes": 90112, "stride": 4096, "offset": 0, "batch": 512, "seed": 5922026, "order": "random"}, "median": 11.12109375}
{"event": "point_passed", "family": "associativity", "params": {"mode": "chase", "bytes": 5505024, "stride": 262144, "offset": 0, "batch": 512, "seed": 5922026, "order": "random"}, "median": 11.12109375}
{"event": "point_passed", "family": "associativity", "params": {"mode": "chase", "bytes": 376832, "stride": 16384, "offset": 0, "batch": 512, "seed": 5922026, "order": "random"}, "median": 11.0703125}
{"event": "point_passed", "family": "associativity", "params": {"mode": "chase", "bytes": 1441792, "stride": 65536, "offset": 0, "batch": 512, "seed": 5922026, "order": "random"}, "median": 11.12109375}
{"event": "point_passed", "family": "associativity", "params": {"mode": "chase", "bytes": 262144, "stride": 65536, "offset": 0, "batch": 512, "seed": 5922026, "order": "random"}, "median": 3.30078125}
{"event": "point_passed", "family": "associativity", "params": {"mode": "chase", "bytes": 3407872, "stride": 262144, "offset": 0, "batch": 512, "seed": 5922026, "order": "random"}, "median": 21.07421875}
{"event": "point_passed", "family": "associativity", "params": {"mode": "chase", "bytes": 229376, "stride": 16384, "offset": 0, "batch": 512, "seed": 5922026, "order": "random"}, "median": 11.0703125}
{"event": "point_passed", "family": "associativity", "params": {"mode": "chase", "bytes": 1572864, "stride": 262144, "offset": 0, "batch": 512, "seed": 5922026, "order": "random"}, "median": 3.25}
{"event": "point_passed", "family": "associativity", "params": {"mode": "chase", "bytes": 4718592, "stride": 262144, "offset": 0, "batch": 512, "seed": 5922026, "order": "random"}, "median": 11.12109375}
{"event": "point_passed", "family": "associativity", "params": {"mode": "chase", "bytes": 131072, "stride": 65536, "offset": 0, "batch": 512, "seed": 5922026, "order": "random"}, "median": 3.25}
{"event": "point_passed", "family": "associativity", "params": {"mode": "chase", "bytes": 393216, "stride": 16384, "offset": 0, "batch": 512, "seed": 5922026, "order": "random"}, "median": 11.0703125}
{"event": "point_passed", "family": "associativity", "params": {"mode": "chase", "bytes": 212992, "stride": 16384, "offset": 0, "batch": 512, "seed": 5922026, "order": "random"}, "median": 21.125}
{"event": "point_passed", "family": "associativity", "params": {"mode": "chase", "bytes": 3932160, "stride": 262144, "offset": 0, "batch": 512, "seed": 5922026, "order": "random"}, "median": 11.12109375}
{"event": "point_passed", "family": "associativity", "params": {"mode": "chase", "bytes": 311296, "stride": 16384, "offset": 0, "batch": 512, "seed": 5922026, "order": "random"}, "median": 11.0703125}
{"event": "point_passed", "family": "associativity", "params": {"mode": "chase", "bytes": 917504, "stride": 65536, "offset": 0, "batch": 512, "seed": 5922026, "order": "random"}, "median": 11.0703125}
{"event": "point_passed", "family": "associativity", "params": {"mode": "chase", "bytes": 3145728, "stride": 262144, "offset": 0, "batch": 512, "seed": 5922026, "order": "random"}, "median": 3.25}
{"event": "point_passed", "family": "associativity", "params": {"mode": "chase", "bytes": 32768, "stride": 16384, "offset": 0, "batch": 512, "seed": 5922026, "order": "random"}, "median": 3.25}
{"event": "point_passed", "family": "associativity", "params": {"mode": "chase", "bytes": 1179648, "stride": 65536, "offset": 0, "batch": 512, "seed": 5922026, "order": "random"}, "median": 11.0703125}
{"event": "point_passed", "family": "associativity", "params": {"mode": "chase", "bytes": 65536, "stride": 4096, "offset": 0, "batch": 512, "seed": 5922026, "order": "random"}, "median": 11.12109375}
{"event": "point_passed", "family": "associativity", "params": {"mode": "chase", "bytes": 28672, "stride": 4096, "offset": 0, "batch": 512, "seed": 5922026, "order": "random"}, "median": 3.30078125}
{"event": "point_passed", "family": "associativity", "params": {"mode": "chase", "bytes": 5767168, "stride": 262144, "offset": 0, "batch": 512, "seed": 5922026, "order": "random"}, "median": 11.12109375}
{"event": "point_passed", "family": "associativity", "params": {"mode": "chase", "bytes": 131072, "stride": 16384, "offset": 0, "batch": 512, "seed": 5922026, "order": "random"}, "median": 3.30078125}
{"event": "point_passed", "family": "associativity", "params": {"mode": "chase", "bytes": 98304, "stride": 16384, "offset": 0, "batch": 512, "seed": 5922026, "order": "random"}, "median": 3.30078125}
{"event": "point_passed", "family": "associativity", "params": {"mode": "chase", "bytes": 45056, "stride": 4096, "offset": 0, "batch": 512, "seed": 5922026, "order": "random"}, "median": 3.30078125}
{"event": "point_passed", "family": "associativity", "params": {"mode": "chase", "bytes": 196608, "stride": 16384, "offset": 0, "batch": 512, "seed": 5922026, "order": "random"}, "median": 3.25}
{"event": "point_passed", "family": "associativity", "params": {"mode": "chase", "bytes": 98304, "stride": 4096, "offset": 0, "batch": 512, "seed": 5922026, "order": "random"}, "median": 11.0703125}
{"event": "point_passed", "family": "associativity", "params": {"mode": "chase", "bytes": 24576, "stride": 4096, "offset": 0, "batch": 512, "seed": 5922026, "order": "random"}, "median": 3.25}
{"event": "point_passed", "family": "associativity", "params": {"mode": "chase", "bytes": 86016, "stride": 4096, "offset": 0, "batch": 512, "seed": 5922026, "order": "random"}, "median": 11.0703125}
{"event": "point_passed", "family": "associativity", "params": {"mode": "chase", "bytes": 77824, "stride": 4096, "offset": 0, "batch": 512, "seed": 5922026, "order": "random"}, "median": 11.0703125}
{"event": "point_passed", "family": "associativity", "params": {"mode": "chase", "bytes": 851968, "stride": 65536, "offset": 0, "batch": 512, "seed": 5922026, "order": "random"}, "median": 21.0234375}
{"event": "point_passed", "family": "associativity", "params": {"mode": "chase", "bytes": 1310720, "stride": 65536, "offset": 0, "batch": 512, "seed": 5922026, "order": "random"}, "median": 11.0703125}
{"event": "point_passed", "family": "associativity", "params": {"mode": "chase", "bytes": 57344, "stride": 4096, "offset": 0, "batch": 512, "seed": 5922026, "order": "random"}, "median": 11.12109375}
{"event": "point_passed", "family": "associativity", "params": {"mode": "chase", "bytes": 4194304, "stride": 262144, "offset": 0, "batch": 512, "seed": 5922026, "order": "random"}, "median": 11.12109375}
{"event": "point_passed", "family": "associativity", "params": {"mode": "chase", "bytes": 1310720, "stride": 262144, "offset": 0, "batch": 512, "seed": 5922026, "order": "random"}, "median": 3.25}
{"event": "point_passed", "family": "associativity", "params": {"mode": "chase", "bytes": 1114112, "stride": 65536, "offset": 0, "batch": 512, "seed": 5922026, "order": "random"}, "median": 11.0703125}
{"event": "point_passed", "family": "associativity", "params": {"mode": "chase", "bytes": 180224, "stride": 16384, "offset": 0, "batch": 512, "seed": 5922026, "order": "random"}, "median": 3.25}
{"event": "point_passed", "family": "associativity", "params": {"mode": "chase", "bytes": 147456, "stride": 16384, "offset": 0, "batch": 512, "seed": 5922026, "order": "random"}, "median": 3.25}
{"event": "point_passed", "family": "associativity", "params": {"mode": "chase", "bytes": 1048576, "stride": 262144, "offset": 0, "batch": 512, "seed": 5922026, "order": "random"}, "median": 3.25}
{"event": "point_passed", "family": "associativity", "params": {"mode": "chase", "bytes": 6291456, "stride": 262144, "offset": 0, "batch": 512, "seed": 5922026, "order": "random"}, "median": 11.0703125}
{"event": "point_passed", "family": "associativity", "params": {"mode": "chase", "bytes": 458752, "stride": 65536, "offset": 0, "batch": 512, "seed": 5922026, "order": "random"}, "median": 3.25}
{"event": "point_passed", "family": "associativity", "params": {"mode": "chase", "bytes": 49152, "stride": 4096, "offset": 0, "batch": 512, "seed": 5922026, "order": "random"}, "median": 3.25}
{"event": "point_passed", "family": "associativity", "params": {"mode": "chase", "bytes": 344064, "stride": 16384, "offset": 0, "batch": 512, "seed": 5922026, "order": "random"}, "median": 11.0703125}
{"event": "point_passed", "family": "associativity", "params": {"mode": "chase", "bytes": 278528, "stride": 16384, "offset": 0, "batch": 512, "seed": 5922026, "order": "random"}, "median": 11.12109375}
{"event": "point_passed", "family": "associativity", "params": {"mode": "chase", "bytes": 2359296, "stride": 262144, "offset": 0, "batch": 512, "seed": 5922026, "order": "random"}, "median": 3.30078125}
{"event": "point_passed", "family": "associativity", "params": {"mode": "chase", "bytes": 327680, "stride": 65536, "offset": 0, "batch": 512, "seed": 5922026, "order": "random"}, "median": 3.30078125}
{"event": "point_passed", "family": "associativity", "params": {"mode": "chase", "bytes": 294912, "stride": 16384, "offset": 0, "batch": 512, "seed": 5922026, "order": "random"}, "median": 11.12109375}
{"event": "point_passed", "family": "associativity", "params": {"mode": "chase", "bytes": 1048576, "stride": 65536, "offset": 0, "batch": 512, "seed": 5922026, "order": "random"}, "median": 11.12109375}
{"event": "point_passed", "family": "inclusion_policy", "params": {"mode": "reload", "bytes": 1024, "stride": 8, "offset": 0, "batch": 32, "seed": 5922026, "order": "random"}, "median": 78.0}
{"event": "point_passed", "family": "inclusion_policy", "params": {"mode": "reload", "bytes": 1024, "stride": 8, "offset": 0, "batch": 512, "seed": 5922026, "order": "random"}, "median": 78.0}
{"event": "point_passed", "family": "inclusion_policy", "params": {"mode": "reload", "bytes": 1024, "stride": 8, "offset": 0, "batch": 2048, "seed": 5922026, "order": "random"}, "median": 78.0}
{"event": "point_passed", "family": "inclusion_policy", "params": {"mode": "reload", "bytes": 65536, "stride": 8, "offset": 0, "batch": 32, "seed": 5922026, "order": "random"}, "median": 78.0}
{"event": "point_passed", "family": "inclusion_policy", "params": {"mode": "reload", "bytes": 65536, "stride": 8, "offset": 0, "batch": 512, "seed": 5922026, "order": "random"}, "median": 78.0}
{"event": "point_passed", "family": "inclusion_policy", "params": {"mode": "reload", "bytes": 65536, "stride": 8, "offset": 0, "batch": 2048, "seed": 5922026, "order": "random"}, "median": 78.0}
{"event": "point_passed", "family": "inclusion_policy", "params": {"mode": "reload", "bytes": 131072, "stride": 8, "offset": 0, "batch": 32, "seed": 5922026, "order": "random"}, "median": 78.0}
{"event": "point_passed", "family": "inclusion_policy", "params": {"mode": "reload", "bytes": 131072, "stride": 8, "offset": 0, "batch": 512, "seed": 5922026, "order": "random"}, "median": 78.0}
{"event": "point_passed", "family": "inclusion_policy", "params": {"mode": "reload", "bytes": 131072, "stride": 8, "offset": 0, "batch": 2048, "seed": 5922026, "order": "random"}, "median": 78.0}
{"event": "point_passed", "family": "inclusion_policy", "params": {"mode": "reload", "bytes": 524288, "stride": 8, "offset": 0, "batch": 32, "seed": 5922026, "order": "random"}, "median": 78.0}
{"event": "point_passed", "family": "inclusion_policy", "params": {"mode": "reload", "bytes": 524288, "stride": 8, "offset": 0, "batch": 512, "seed": 5922026, "order": "random"}, "median": 78.0}
{"event": "point_passed", "family": "inclusion_policy", "params": {"mode": "reload", "bytes": 524288, "stride": 8, "offset": 0, "batch": 2048, "seed": 5922026, "order": "random"}, "median": 104.0}
{"event": "point_passed", "family": "inclusion_policy", "params": {"mode": "reload", "bytes": 1048576, "stride": 8, "offset": 0, "batch": 32, "seed": 5922026, "order": "random"}, "median": 78.0}
{"event": "point_passed", "family": "inclusion_policy", "params": {"mode": "reload", "bytes": 1048576, "stride": 8, "offset": 0, "batch": 512, "seed": 5922026, "order": "random"}, "median": 78.0}
{"event": "point_passed", "family": "inclusion_policy", "params": {"mode": "reload", "bytes": 1048576, "stride": 8, "offset": 0, "batch": 2048, "seed": 5922026, "order": "random"}, "median": 104.0}
{"event": "point_passed", "family": "inclusion_policy", "params": {"mode": "reload", "bytes": 2097152, "stride": 8, "offset": 0, "batch": 32, "seed": 5922026, "order": "random"}, "median": 78.0}
{"event": "point_passed", "family": "inclusion_policy", "params": {"mode": "reload", "bytes": 2097152, "stride": 8, "offset": 0, "batch": 512, "seed": 5922026, "order": "random"}, "median": 78.0}
{"event": "point_passed", "family": "inclusion_policy", "params": {"mode": "reload", "bytes": 2097152, "stride": 8, "offset": 0, "batch": 2048, "seed": 5922026, "order": "random"}, "median": 104.0}
{"event": "point_passed", "family": "inclusion_policy", "params": {"mode": "reload", "bytes": 4194304, "stride": 8, "offset": 0, "batch": 32, "seed": 5922026, "order": "random"}, "median": 78.0}
{"event": "point_passed", "family": "inclusion_policy", "params": {"mode": "reload", "bytes": 4194304, "stride": 8, "offset": 0, "batch": 512, "seed": 5922026, "order": "random"}, "median": 78.0}
{"event": "point_passed", "family": "inclusion_policy", "params": {"mode": "reload", "bytes": 4194304, "stride": 8, "offset": 0, "batch": 2048, "seed": 5922026, "order": "random"}, "median": 104.0}
{"event": "point_passed", "family": "inclusion_policy", "params": {"mode": "reload", "bytes": 33554432, "stride": 8, "offset": 0, "batch": 32, "seed": 5922026, "order": "random"}, "median": 78.0}
{"event": "point_passed", "family": "inclusion_policy", "params": {"mode": "reload", "bytes": 33554432, "stride": 8, "offset": 0, "batch": 512, "seed": 5922026, "order": "random"}, "median": 78.0}
{"event": "point_passed", "family": "inclusion_policy", "params": {"mode": "reload", "bytes": 33554432, "stride": 8, "offset": 0, "batch": 2048, "seed": 5922026, "order": "random"}, "median": 104.0}
{"event": "point_passed", "family": "inclusion_policy", "params": {"mode": "reload", "bytes": 67108864, "stride": 8, "offset": 0, "batch": 32, "seed": 5922026, "order": "random"}, "median": 78.0}
{"event": "point_passed", "family": "inclusion_policy", "params": {"mode": "reload", "bytes": 67108864, "stride": 8, "offset": 0, "batch": 512, "seed": 5922026, "order": "random"}, "median": 104.0}
{"event": "point_passed", "family": "inclusion_policy", "params": {"mode": "reload", "bytes": 67108864, "stride": 8, "offset": 0, "batch": 2048, "seed": 5922026, "order": "random"}, "median": 104.0}
{"event": "point_passed", "family": "inclusion_policy", "params": {"mode": "reload", "bytes": 134217728, "stride": 8, "offset": 0, "batch": 32, "seed": 5922026, "order": "random"}, "median": 78.0}
{"event": "point_passed", "family": "inclusion_policy", "params": {"mode": "reload", "bytes": 134217728, "stride": 8, "offset": 0, "batch": 512, "seed": 5922026, "order": "random"}, "median": 104.0}
{"event": "point_passed", "family": "inclusion_policy", "params": {"mode": "reload", "bytes": 134217728, "stride": 8, "offset": 0, "batch": 2048, "seed": 5922026, "order": "random"}, "median": 104.0}
{"event": "point_passed", "family": "inclusion_policy", "params": {"mode": "reload", "bytes": 268435456, "stride": 8, "offset": 0, "batch": 32, "seed": 5922026, "order": "random"}, "median": 78.0}
{"event": "point_passed", "family": "inclusion_policy", "params": {"mode": "reload", "bytes": 268435456, "stride": 8, "offset": 0, "batch": 512, "seed": 5922026, "order": "random"}, "median": 104.0}
{"event": "point_passed", "family": "inclusion_policy", "params": {"mode": "reload", "bytes": 268435456, "stride": 8, "offset": 0, "batch": 2048, "seed": 5922026, "order": "random"}, "median": 104.0}
{"event": "point_passed", "family": "software_metric", "params": {"mode": "chase", "bytes": 1024, "stride": 8, "offset": 0, "batch": 1, "seed": 5922026, "order": "random"}, "median": 78.0}
{"event": "point_passed", "family": "software_metric", "params": {"mode": "chase", "bytes": 1048576, "stride": 8, "offset": 0, "batch": 1, "seed": 5922026, "order": "random"}, "median": 78.0}
{"event": "point_passed", "family": "software_metric", "params": {"mode": "chase", "bytes": 268435456, "stride": 8, "offset": 0, "batch": 1, "seed": 5922026, "order": "random"}, "median": 858.0}
Hazel segment: job=810649 constraint=turin stage=full status=0 end=2026-09-11T23:36:30-04:00

------------------------------------------------------------
Resource usage summary:

    Job ID            : 810649
    Job name          : hz-turin-full
    User / Account    : hlee58 / ece592f26_cpu
    Partition / QOS   : compute_partners / short
    Submitted         : 2026-09-11T22:07:37
    Started           : 2026-09-11T22:07:57
    Wait time         : 20 sec
    Elapsed (wall)    : 01:28:33
    Nodes             : 1 (n0405)
    CPUs allocated    : 2
    Tasks             : 1
    CPU time (total)  : 4580.08 sec  (user 4570.21, sys 9.87)
    CPU efficiency    : 43.1%
    Memory in use     : 624.19 MB  (sampled at job end; see seff for peak)
    Memory requested  : 2G
    Working directory : /gpfs_common/share03/rotenberg/hlee58/ECE592_proj1
    Exit code         : 0:0

    For final accounting (Slurm's MaxRSS, billing, etc.):  seff 810649
------------------------------------------------------------
