{"event": "point_passed", "family": "smoke", "params": {"mode": "chase", "bytes": 1024, "stride": 8, "offset": 0, "batch": 4096, "seed": 5924101, "order": "random", "streams": 1, "extra_args": [1]}, "median": 3.16748046875}
{"event": "point_passed", "family": "smoke", "params": {"mode": "chase", "bytes": 1024, "stride": 8, "offset": 0, "batch": 4096, "seed": 5924101, "order": "random", "streams": 4, "extra_args": [4]}, "median": 0.80615234375}
{"event": "point_passed", "family": "smoke", "params": {"mode": "overhead", "bytes": 1024, "stride": 8, "offset": 0, "batch": 4096, "seed": 5924101, "order": "random", "streams": 1, "extra_args": [1]}, "median": 104.0}
{"event": "point_passed", "family": "smoke", "params": {"mode": "loop", "bytes": 1024, "stride": 8, "offset": 0, "batch": 4096, "seed": 5924101, "order": "random", "streams": 1, "extra_args": [1]}, "median": 0.23486328125}
{"event": "point_passed", "family": "calibration", "params": {"mode": "overhead", "bytes": 1024, "stride": 8, "offset": 0, "batch": 4096, "seed": 5924101, "order": "random", "streams": 1, "extra_args": [1], "repetition": 0}, "median": 104.0}
{"event": "point_noisy", "family": "calibration", "flags": ["frequent involuntary context switches"], "attempt": "/gpfs_common/share04/ece592f26/hlee58/tmp/hazel-phase3-20260911/runs/turin/independent-load-v1/calibration/44b6019a19a40346/attempt-1789184326853479767"}
{"event": "point_passed", "family": "calibration", "params": {"mode": "chase", "bytes": 1024, "stride": 8, "offset": 0, "batch": 4096, "seed": 5924101, "order": "random", "streams": 1, "extra_args": [1], "repetition": 0}, "median": 3.16748046875}
{"event": "point_passed", "family": "calibration", "params": {"mode": "chase", "bytes": 1024, "stride": 8, "offset": 0, "batch": 4096, "seed": 5924101, "order": "random", "streams": 4, "extra_args": [4], "repetition": 0}, "median": 0.8125}
{"event": "point_passed", "family": "calibration", "params": {"mode": "overhead", "bytes": 1024, "stride": 8, "offset": 0, "batch": 4096, "seed": 5924101, "order": "random", "streams": 1, "extra_args": [1], "repetition": 1}, "median": 104.0}
{"event": "point_passed", "family": "calibration", "params": {"mode": "loop", "bytes": 1024, "stride": 8, "offset": 0, "batch": 4096, "seed": 5924101, "order": "random", "streams": 1, "extra_args": [1], "repetition": 1}, "median": 0.2412109375}
{"event": "point_passed", "family": "calibration", "params": {"mode": "chase", "bytes": 1024, "stride": 8, "offset": 0, "batch": 4096, "seed": 5924101, "order": "random", "streams": 1, "extra_args": [1], "repetition": 1}, "median": 3.16748046875}
{"event": "point_passed", "family": "calibration", "params": {"mode": "chase", "bytes": 1024, "stride": 8, "offset": 0, "batch": 4096, "seed": 5924101, "order": "random", "streams": 4, "extra_args": [4], "repetition": 1}, "median": 0.8125}
{"event": "point_passed", "family": "comparison", "params": {"mode": "chase", "bytes": 1024, "stride": 8, "offset": 0, "batch": 4096, "seed": 5924101, "order": "random", "streams": 1, "extra_args": [1], "order_index": 0, "repetition": 0}, "median": 3.16748046875}
{"event": "point_passed", "family": "comparison", "params": {"mode": "chase", "bytes": 1024, "stride": 8, "offset": 0, "batch": 4096, "seed": 5924101, "order": "random", "streams": 4, "extra_args": [4], "order_index": 0, "repetition": 0}, "median": 0.80615234375}
{"event": "point_passed", "family": "comparison", "params": {"mode": "chase", "bytes": 1024, "stride": 8, "offset": 0, "batch": 4096, "seed": 5924101, "order": "random", "streams": 4, "extra_args": [4], "order_index": 1, "repetition": 0}, "median": 0.80615234375}
{"event": "point_passed", "family": "comparison", "params": {"mode": "chase", "bytes": 1024, "stride": 8, "offset": 0, "batch": 4096, "seed": 5924101, "order": "random", "streams": 1, "extra_args": [1], "order_index": 1, "repetition": 0}, "median": 3.16748046875}
{"event": "point_passed", "family": "comparison", "params": {"mode": "chase", "bytes": 1024, "stride": 8, "offset": 0, "batch": 4096, "seed": 5924102, "order": "random", "streams": 1, "extra_args": [1], "order_index": 0, "repetition": 0}, "median": 3.16748046875}
{"event": "point_passed", "family": "comparison", "params": {"mode": "chase", "bytes": 1024, "stride": 8, "offset": 0, "batch": 4096, "seed": 5924102, "order": "random", "streams": 4, "extra_args": [4], "order_index": 0, "repetition": 0}, "median": 0.80615234375}
{"event": "point_passed", "family": "comparison", "params": {"mode": "chase", "bytes": 1024, "stride": 8, "offset": 0, "batch": 4096, "seed": 5924102, "order": "random", "streams": 4, "extra_args": [4], "order_index": 1, "repetition": 0}, "median": 0.80615234375}
{"event": "point_passed", "family": "comparison", "params": {"mode": "chase", "bytes": 1024, "stride": 8, "offset": 0, "batch": 4096, "seed": 5924102, "order": "random", "streams": 1, "extra_args": [1], "order_index": 1, "repetition": 0}, "median": 3.16748046875}
{"event": "point_passed", "family": "comparison", "params": {"mode": "chase", "bytes": 1024, "stride": 8, "offset": 0, "batch": 4096, "seed": 5924103, "order": "random", "streams": 1, "extra_args": [1], "order_index": 0, "repetition": 0}, "median": 3.16748046875}
{"event": "point_passed", "family": "comparison", "params": {"mode": "chase", "bytes": 1024, "stride": 8, "offset": 0, "batch": 4096, "seed": 5924103, "order": "random", "streams": 4, "extra_args": [4], "order_index": 0, "repetition": 0}, "median": 0.80615234375}
{"event": "point_passed", "family": "comparison", "params": {"mode": "chase", "bytes": 1024, "stride": 8, "offset": 0, "batch": 4096, "seed": 5924103, "order": "random", "streams": 4, "extra_args": [4], "order_index": 1, "repetition": 0}, "median": 0.80615234375}
{"event": "point_passed", "family": "comparison", "params": {"mode": "chase", "bytes": 1024, "stride": 8, "offset": 0, "batch": 4096, "seed": 5924103, "order": "random", "streams": 1, "extra_args": [1], "order_index": 1, "repetition": 0}, "median": 3.16748046875}
